<html>
<body>
<pre>
<h1>µVision Build Log</h1>
<h2>Tool Versions:</h2>
IDE-Version: ¦ÌVision V5.36.0.0
Copyright (C) 2021 ARM Ltd and ARM Germany GmbH. All rights reserved.
License Information: 2 2, 2, LIC=----
 
Tool Versions:
Toolchain:       MDK-ARM Plus  Version: 5.36.0.0
Toolchain Path:  C:\Keil_v5\ARM\ARMCC\Bin
C Compiler:      Armcc.exe V5.06 update 7 (build 960)
Assembler:       Armasm.exe V5.06 update 7 (build 960)
Linker/Locator:  ArmLink.exe V5.06 update 7 (build 960)
Library Manager: ArmAr.exe V5.06 update 7 (build 960)
Hex Converter:   FromElf.exe V5.06 update 7 (build 960)
CPU DLL:         SARMCM3.DLL V5.36.0.0
Dialog DLL:      DCM.DLL V1.17.3.0
Target DLL:      CMSIS_AGDI.dll V1.33.0.0
Dialog DLL:      TCM.DLL V1.53.0.0
 
<h2>Project:</h2>
E:\hardwareCode\GD32F470\keilPorject\test\Project\GD32f450.uvprojx
Project File Date:  07/14/2026

<h2>Output:</h2>
*** Using Compiler 'V5.06 update 7 (build 960)', folder: 'C:\Keil_v5\ARM\ARMCC\Bin'
Rebuild target 'Target 1'
assembling startup_gd32f450_470.s...
compiling net_dhcp.c...
compiling main.c...
compiling gd32f4xx_usart.c...
compiling usart.c...
compiling gd32f4xx_syscfg.c...
compiling gd32f4xx_gpio.c...
compiling gd32f4xx_dac.c...
compiling bsp_cs1237.c...
compiling bsp_dac.c...
compiling system_gd32f4xx.c...
compiling gd32f4xx_rcu.c...
compiling systick.c...
compiling gd32f4xx_it.c...
compiling gd32f4xx_misc.c...
compiling gd32f4xx_enet.c...
compiling list.c...
compiling bsp_enet.c...
compiling queue.c...
compiling timers.c...
compiling tasks.c...
compiling event_groups.c...
compiling heap_4.c...
compiling stream_buffer.c...
compiling init.c...
compiling dns.c...
compiling def.c...
compiling acd.c...
compiling port.c...
compiling inet_chksum.c...
compiling ip.c...
compiling app_cs1237.c...
compiling mem.c...
compiling memp.c...
compiling raw.c...
compiling stats.c...
compiling netif.c...
compiling pbuf.c...
compiling sys.c...
compiling timeouts.c...
compiling udp.c...
compiling autoip.c...
compiling tcp.c...
compiling tcp_in.c...
compiling etharp.c...
compiling igmp.c...
compiling tcp_out.c...
compiling icmp.c...
compiling dhcp.c...
compiling ip4.c...
compiling ip4_addr.c...
compiling ip4_frag.c...
compiling err.c...
compiling api_lib.c...
compiling if_api.c...
compiling netdb.c...
compiling netbuf.c...
compiling api_msg.c...
compiling netifapi.c...
compiling tcpip.c...
compiling ethernet.c...
compiling sys_arch.c...
compiling sockets.c...
compiling ethernetif.c...
..\lwip\port\GD32F4xx\FreeRTOS\ethernetif.c(95): warning:  #177-D: variable "i"  was declared but never referenced
      uint32_t i;
..\lwip\port\GD32F4xx\FreeRTOS\ethernetif.c: 1 warning, 0 errors
linking...
Program Size: Code=39880 RO-data=1020 RW-data=380 ZI-data=117780  
FromELF: creating hex file...
".\Objects\GD32f450.axf" - 0 Error(s), 1 Warning(s).

<h2>Software Packages used:</h2>

Package Vendor: GigaDevice
                https://gd32mcu.com/GigaDevice.GD32F4xx_DFP.3.5.0.pack
                GigaDevice.GD32F4xx_DFP.3.5.0
                GigaDevice GD32F4xx Series Device Support and Examples

<h2>Collection of Component include folders:</h2>
  C:\Users\10541\AppData\Local\Arm\Packs\GigaDevice\GD32F4xx_DFP\3.5.0\Device\F4XX\Include

<h2>Collection of Component Files used:</h2>
Build Time Elapsed:  00:00:04
</pre>
</body>
</html>
