Component: ARM Compiler 5.06 update 7 (build 960) Tool: armlink [4d3601]

==============================================================================

Section Cross References

    main.o(i.main) refers to systick.o(i.systick_config) for systick_config
    main.o(i.main) refers to usart.o(i.usart_debug_init) for usart_debug_init
    main.o(i.main) refers to gd32f4xx_rcu.o(i.rcu_periph_clock_enable) for rcu_periph_clock_enable
    main.o(i.main) refers to gd32f4xx_gpio.o(i.gpio_mode_set) for gpio_mode_set
    main.o(i.main) refers to gd32f4xx_gpio.o(i.gpio_output_options_set) for gpio_output_options_set
    main.o(i.main) refers to app_cs1237.o(i.app_cs1237_task_create) for app_cs1237_task_create
    main.o(i.main) refers to printfa.o(i.__0printf) for __2printf
    main.o(i.main) refers to tasks.o(i.vTaskStartScheduler) for vTaskStartScheduler
    systick.o(i.delay_1ms) refers to tasks.o(i.xTaskGetSchedulerState) for xTaskGetSchedulerState
    systick.o(i.delay_1ms) refers to uldiv.o(.text) for __aeabi_uldivmod
    systick.o(i.delay_1ms) refers to tasks.o(i.vTaskDelay) for vTaskDelay
    usart.o(i.fputc) refers to gd32f4xx_usart.o(i.usart_data_transmit) for usart_data_transmit
    usart.o(i.fputc) refers to gd32f4xx_usart.o(i.usart_flag_get) for usart_flag_get
    usart.o(i.usart_debug_init) refers to gd32f4xx_rcu.o(i.rcu_periph_clock_enable) for rcu_periph_clock_enable
    usart.o(i.usart_debug_init) refers to gd32f4xx_gpio.o(i.gpio_af_set) for gpio_af_set
    usart.o(i.usart_debug_init) refers to gd32f4xx_gpio.o(i.gpio_mode_set) for gpio_mode_set
    usart.o(i.usart_debug_init) refers to gd32f4xx_gpio.o(i.gpio_output_options_set) for gpio_output_options_set
    usart.o(i.usart_debug_init) refers to gd32f4xx_usart.o(i.usart_deinit) for usart_deinit
    usart.o(i.usart_debug_init) refers to gd32f4xx_usart.o(i.usart_baudrate_set) for usart_baudrate_set
    usart.o(i.usart_debug_init) refers to gd32f4xx_usart.o(i.usart_word_length_set) for usart_word_length_set
    usart.o(i.usart_debug_init) refers to gd32f4xx_usart.o(i.usart_stop_bit_set) for usart_stop_bit_set
    usart.o(i.usart_debug_init) refers to gd32f4xx_usart.o(i.usart_parity_config) for usart_parity_config
    usart.o(i.usart_debug_init) refers to gd32f4xx_usart.o(i.usart_hardware_flow_coherence_config) for usart_hardware_flow_coherence_config
    usart.o(i.usart_debug_init) refers to gd32f4xx_usart.o(i.usart_transmit_config) for usart_transmit_config
    usart.o(i.usart_debug_init) refers to gd32f4xx_usart.o(i.usart_receive_config) for usart_receive_config
    usart.o(i.usart_debug_init) refers to gd32f4xx_usart.o(i.usart_enable) for usart_enable
    gd32f4xx_gpio.o(i.gpio_deinit) refers to gd32f4xx_rcu.o(i.rcu_periph_reset_enable) for rcu_periph_reset_enable
    gd32f4xx_gpio.o(i.gpio_deinit) refers to gd32f4xx_rcu.o(i.rcu_periph_reset_disable) for rcu_periph_reset_disable
    gd32f4xx_rcu.o(i.rcu_deinit) refers to gd32f4xx_rcu.o(i.rcu_osci_stab_wait) for rcu_osci_stab_wait
    gd32f4xx_rcu.o(i.rcu_osci_stab_wait) refers to gd32f4xx_rcu.o(i.rcu_flag_get) for rcu_flag_get
    gd32f4xx_misc.o(i.nvic_irq_enable) refers to gd32f4xx_misc.o(i.nvic_priority_group_set) for nvic_priority_group_set
    gd32f4xx_usart.o(i.usart_baudrate_set) refers to gd32f4xx_rcu.o(i.rcu_clock_freq_get) for rcu_clock_freq_get
    gd32f4xx_usart.o(i.usart_deinit) refers to gd32f4xx_rcu.o(i.rcu_periph_reset_enable) for rcu_periph_reset_enable
    gd32f4xx_usart.o(i.usart_deinit) refers to gd32f4xx_rcu.o(i.rcu_periph_reset_disable) for rcu_periph_reset_disable
    gd32f4xx_dac.o(i.dac_deinit) refers to gd32f4xx_rcu.o(i.rcu_periph_reset_enable) for rcu_periph_reset_enable
    gd32f4xx_dac.o(i.dac_deinit) refers to gd32f4xx_rcu.o(i.rcu_periph_reset_disable) for rcu_periph_reset_disable
    startup_gd32f450_470.o(RESET) refers to startup_gd32f450_470.o(STACK) for __initial_sp
    startup_gd32f450_470.o(RESET) refers to startup_gd32f450_470.o(.text) for Reset_Handler
    startup_gd32f450_470.o(RESET) refers to gd32f4xx_it.o(i.NMI_Handler) for NMI_Handler
    startup_gd32f450_470.o(RESET) refers to gd32f4xx_it.o(i.HardFault_Handler) for HardFault_Handler
    startup_gd32f450_470.o(RESET) refers to gd32f4xx_it.o(i.MemManage_Handler) for MemManage_Handler
    startup_gd32f450_470.o(RESET) refers to gd32f4xx_it.o(i.BusFault_Handler) for BusFault_Handler
    startup_gd32f450_470.o(RESET) refers to gd32f4xx_it.o(i.UsageFault_Handler) for UsageFault_Handler
    startup_gd32f450_470.o(RESET) refers to port.o(.emb_text) for SVC_Handler
    startup_gd32f450_470.o(RESET) refers to gd32f4xx_it.o(i.DebugMon_Handler) for DebugMon_Handler
    startup_gd32f450_470.o(RESET) refers to port.o(i.SysTick_Handler) for SysTick_Handler
    startup_gd32f450_470.o(.text) refers to system_gd32f4xx.o(i.SystemInit) for SystemInit
    startup_gd32f450_470.o(.text) refers to entry.o(.ARM.Collect$$$$00000000) for __main
[...]
    Removing gd32f4xx_dac.o(i.dac_software_trigger_enable), (26 bytes).
    Removing gd32f4xx_dac.o(i.dac_triangle_noise_config), (40 bytes).
    Removing gd32f4xx_dac.o(i.dac_trigger_disable), (26 bytes).
    Removing gd32f4xx_dac.o(i.dac_trigger_enable), (26 bytes).
    Removing gd32f4xx_dac.o(i.dac_trigger_source_config), (40 bytes).
    Removing gd32f4xx_dac.o(i.dac_wave_mode_config), (40 bytes).
    Removing startup_gd32f450_470.o(HEAP), (1024 bytes).
    Removing system_gd32f4xx.o(.rev16_text), (4 bytes).
    Removing system_gd32f4xx.o(.revsh_text), (4 bytes).
    Removing system_gd32f4xx.o(i.SystemCoreClockUpdate), (272 bytes).
    Removing system_gd32f4xx.o(i.gd32f4xx_firmware_version_get), (8 bytes).
    Removing bsp_cs1237.o(.rev16_text), (4 bytes).
    Removing bsp_cs1237.o(.revsh_text), (4 bytes).
    Removing bsp_dac.o(.rev16_text), (4 bytes).
    Removing bsp_dac.o(.revsh_text), (4 bytes).
    Removing bsp_dac.o(i.bsp_dac_init), (116 bytes).
    Removing bsp_dac.o(i.bsp_dac_set_voltage), (228 bytes).
    Removing app_cs1237.o(.rev16_text), (4 bytes).
    Removing app_cs1237.o(.revsh_text), (4 bytes).
    Removing tasks.o(i.pcTaskGetName), (56 bytes).
    Removing tasks.o(i.prvTaskIsTaskSuspended), (120 bytes).
    Removing tasks.o(i.pvTaskIncrementMutexHeldCount), (20 bytes).
    Removing tasks.o(i.ulTaskGenericNotifyTake), (216 bytes).
    Removing tasks.o(i.ulTaskGenericNotifyValueClear), (128 bytes).
    Removing tasks.o(i.uxTaskBasePriorityGet), (68 bytes).
    Removing tasks.o(i.uxTaskBasePriorityGetFromISR), (100 bytes).
    Removing tasks.o(i.uxTaskGetNumberOfTasks), (12 bytes).
    Removing tasks.o(i.uxTaskPriorityGet), (68 bytes).
    Removing tasks.o(i.uxTaskPriorityGetFromISR), (100 bytes).
    Removing tasks.o(i.uxTaskResetEventItemValue), (28 bytes).
    Removing tasks.o(i.vTaskDelete), (308 bytes).
    Removing tasks.o(i.vTaskEndScheduler), (76 bytes).
    Removing tasks.o(i.vTaskGenericNotifyGiveFromISR), (408 bytes).
    Removing tasks.o(i.vTaskPlaceOnUnorderedEventList), (148 bytes).
    Removing tasks.o(i.vTaskPriorityDisinheritAfterTimeout), (284 bytes).
    Removing tasks.o(i.vTaskPrioritySet), (384 bytes).
    Removing tasks.o(i.vTaskRemoveFromUnorderedEventList), (288 bytes).
    Removing tasks.o(i.vTaskResetState), (116 bytes).
    Removing tasks.o(i.vTaskResume), (212 bytes).
    Removing tasks.o(i.vTaskSetTimeOutState), (60 bytes).
    Removing tasks.o(i.vTaskSuspend), (292 bytes).
    Removing tasks.o(i.xTaskCatchUpTicks), (80 bytes).
    Removing tasks.o(i.xTaskDelayUntil), (216 bytes).
    Removing tasks.o(i.xTaskGenericNotify), (480 bytes).
    Removing tasks.o(i.xTaskGenericNotifyFromISR), (560 bytes).
    Removing tasks.o(i.xTaskGenericNotifyStateClear), (128 bytes).
    Removing tasks.o(i.xTaskGenericNotifyWait), (252 bytes).
    Removing tasks.o(i.xTaskGetCurrentTaskHandle), (12 bytes).
    Removing tasks.o(i.xTaskGetCurrentTaskHandleForCore), (32 bytes).
    Removing tasks.o(i.xTaskGetTickCountFromISR), (20 bytes).
    Removing tasks.o(i.xTaskPriorityDisinherit), (248 bytes).
    Removing tasks.o(i.xTaskPriorityInherit), (244 bytes).
    Removing tasks.o(i.xTaskResumeFromISR), (248 bytes).
    Removing queue.o(i.pcQueueGetName), (68 bytes).
    Removing queue.o(i.prvCopyDataToQueue), (126 bytes).
    Removing queue.o(i.prvGetHighestPriorityOfWaitToReceiveList), (20 bytes).
    Removing queue.o(i.prvInitialiseMutex), (30 bytes).
    Removing queue.o(i.prvIsQueueFull), (30 bytes).
    Removing queue.o(i.uxQueueGetQueueItemSize), (6 bytes).
    Removing queue.o(i.uxQueueGetQueueLength), (6 bytes).
    Removing queue.o(i.uxQueueMessagesWaiting), (42 bytes).
    Removing queue.o(i.uxQueueMessagesWaitingFromISR), (34 bytes).
    Removing queue.o(i.uxQueueSpacesAvailable), (48 bytes).
    Removing queue.o(i.vQueueDelete), (44 bytes).
    Removing queue.o(i.vQueueUnregisterQueue), (72 bytes).
    Removing queue.o(i.xQueueCreateCountingSemaphore), (60 bytes).
    Removing queue.o(i.xQueueCreateMutex), (34 bytes).
    Removing queue.o(i.xQueueGenericSend), (424 bytes).
    Removing queue.o(i.xQueueGenericSendFromISR), (278 bytes).
    Removing queue.o(i.xQueueGiveFromISR), (254 bytes).
    Removing queue.o(i.xQueueGiveMutexRecursive), (72 bytes).
    Removing queue.o(i.xQueueIsQueueEmptyFromISR), (42 bytes).
    Removing queue.o(i.xQueueIsQueueFullFromISR), (46 bytes).
    Removing queue.o(i.xQueuePeek), (344 bytes).
    Removing queue.o(i.xQueuePeekFromISR), (156 bytes).
    Removing queue.o(i.xQueueReceiveFromISR), (254 bytes).
    Removing queue.o(i.xQueueSemaphoreTake), (404 bytes).
    Removing queue.o(i.xQueueTakeMutexRecursive), (130 bytes).
    Removing list.o(i.vListInsertEnd), (24 bytes).
    Removing timers.o(i.pcTimerGetName), (32 bytes).
    Removing timers.o(i.prvInitialiseNewTimer), (88 bytes).
    Removing timers.o(i.pvTimerGetTimerID), (44 bytes).
    Removing timers.o(i.uxTimerGetReloadMode), (16 bytes).
    Removing timers.o(i.vTimerResetState), (20 bytes).
    Removing timers.o(i.vTimerSetReloadMode), (70 bytes).
    Removing timers.o(i.vTimerSetTimerID), (44 bytes).
    Removing timers.o(i.xTimerCreate), (54 bytes).
    Removing timers.o(i.xTimerGenericCommandFromISR), (100 bytes).
    Removing timers.o(i.xTimerGenericCommandFromTask), (124 bytes).
    Removing timers.o(i.xTimerGetExpiryTime), (34 bytes).
    Removing timers.o(i.xTimerGetPeriod), (32 bytes).
    Removing timers.o(i.xTimerGetReloadMode), (58 bytes).
    Removing timers.o(i.xTimerGetTimerDaemonTaskHandle), (48 bytes).
    Removing timers.o(i.xTimerIsTimerActive), (58 bytes).
    Removing event_groups.o(i.prvTestWaitCondition), (30 bytes).
    Removing event_groups.o(i.vEventGroupClearBitsCallback), (16 bytes).
    Removing event_groups.o(i.vEventGroupDelete), (106 bytes).
    Removing event_groups.o(i.vEventGroupSetBitsCallback), (16 bytes).
    Removing event_groups.o(i.xEventGroupClearBits), (92 bytes).
    Removing event_groups.o(i.xEventGroupCreate), (26 bytes).
    Removing event_groups.o(i.xEventGroupGetBitsFromISR), (44 bytes).
    Removing event_groups.o(i.xEventGroupSetBits), (212 bytes).
    Removing event_groups.o(i.xEventGroupSync), (272 bytes).
    Removing event_groups.o(i.xEventGroupWaitBits), (344 bytes).
    Removing stream_buffer.o(i.prvBytesInBuffer), (24 bytes).
    Removing stream_buffer.o(i.prvInitialiseNewStreamBuffer), (90 bytes).
    Removing stream_buffer.o(i.prvReadBytesFromBuffer), (180 bytes).
    Removing stream_buffer.o(i.prvReadMessageFromBuffer), (90 bytes).
    Removing stream_buffer.o(i.prvWriteBytesToBuffer), (184 bytes).
    Removing stream_buffer.o(i.prvWriteMessageToBuffer), (124 bytes).
    Removing stream_buffer.o(i.uxStreamBufferGetStreamBufferNotificationIndex), (32 bytes).
    Removing stream_buffer.o(i.vStreamBufferDelete), (56 bytes).
    Removing stream_buffer.o(i.vStreamBufferSetStreamBufferNotificationIndex), (114 bytes).
    Removing stream_buffer.o(i.xStreamBufferBytesAvailable), (42 bytes).
    Removing stream_buffer.o(i.xStreamBufferGenericCreate), (222 bytes).
    Removing stream_buffer.o(i.xStreamBufferIsEmpty), (46 bytes).
    Removing stream_buffer.o(i.xStreamBufferIsFull), (64 bytes).
    Removing stream_buffer.o(i.xStreamBufferNextMessageLengthBytes), (108 bytes).
    Removing stream_buffer.o(i.xStreamBufferReceive), (278 bytes).
    Removing stream_buffer.o(i.xStreamBufferReceiveCompletedFromISR), (104 bytes).
    Removing stream_buffer.o(i.xStreamBufferReceiveFromISR), (186 bytes).
    Removing stream_buffer.o(i.xStreamBufferReset), (80 bytes).
    Removing stream_buffer.o(i.xStreamBufferResetFromISR), (104 bytes).
    Removing stream_buffer.o(i.xStreamBufferSend), (348 bytes).
    Removing stream_buffer.o(i.xStreamBufferSendCompletedFromISR), (104 bytes).
    Removing stream_buffer.o(i.xStreamBufferSendFromISR), (218 bytes).
    Removing stream_buffer.o(i.xStreamBufferSetTriggerLevel), (50 bytes).
    Removing stream_buffer.o(i.xStreamBufferSpacesAvailable), (64 bytes).
    Removing port.o(i.vPortEndScheduler), (48 bytes).
    Removing port.o(i.vPortValidateInterruptPriority), (120 bytes).
    Removing heap_4.o(i.pvPortCalloc), (54 bytes).
    Removing heap_4.o(i.vPortGetHeapStats), (128 bytes).
    Removing heap_4.o(i.vPortHeapResetState), (44 bytes).
    Removing heap_4.o(i.vPortInitialiseBlocks), (2 bytes).
    Removing heap_4.o(i.xPortGetFreeHeapSize), (12 bytes).
    Removing heap_4.o(i.xPortGetMinimumEverFreeHeapSize), (12 bytes).
    Removing heap_4.o(i.xPortResetHeapMinimumEverFreeHeapSize), (20 bytes).

279 unused section(s) (total 20418 bytes) removed from the image.

==============================================================================

Image Symbol Table

    Local Symbols

    Symbol Name                              Value     Ov Type        Size  Object(Section)

    ../clib/microlib/division.c              0x00000000   Number         0  uidiv.o ABSOLUTE
    ../clib/microlib/division.c              0x00000000   Number         0  uldiv.o ABSOLUTE
    ../clib/microlib/init/entry.s            0x00000000   Number         0  entry12a.o ABSOLUTE
    ../clib/microlib/init/entry.s            0x00000000   Number         0  entry7b.o ABSOLUTE
    ../clib/microlib/init/entry.s            0x00000000   Number         0  entry11b.o ABSOLUTE
    ../clib/microlib/init/entry.s            0x00000000   Number         0  entry9b.o ABSOLUTE
    ../clib/microlib/init/entry.s            0x00000000   Number         0  entry.o ABSOLUTE
    ../clib/microlib/init/entry.s            0x00000000   Number         0  entry2.o ABSOLUTE
    ../clib/microlib/init/entry.s            0x00000000   Number         0  entry12b.o ABSOLUTE
    ../clib/microlib/init/entry.s            0x00000000   Number         0  entry10a.o ABSOLUTE
    ../clib/microlib/init/entry.s            0x00000000   Number         0  entry8a.o ABSOLUTE
    ../clib/microlib/init/entry.s            0x00000000   Number         0  entry11a.o ABSOLUTE
    ../clib/microlib/init/entry.s            0x00000000   Number         0  entry8b.o ABSOLUTE
    ../clib/microlib/init/entry.s            0x00000000   Number         0  entry9a.o ABSOLUTE
    ../clib/microlib/init/entry.s            0x00000000   Number         0  entry5.o ABSOLUTE
    ../clib/microlib/init/entry.s            0x00000000   Number         0  entry10b.o ABSOLUTE
    ../clib/microlib/init/entry.s            0x00000000   Number         0  entry7a.o ABSOLUTE
    ../clib/microlib/longlong.c              0x00000000   Number         0  llshl.o ABSOLUTE
    ../clib/microlib/longlong.c              0x00000000   Number         0  llsshr.o ABSOLUTE
    ../clib/microlib/longlong.c              0x00000000   Number         0  llushr.o ABSOLUTE
    ../clib/microlib/printf/printf.c         0x00000000   Number         0  printfa.o ABSOLUTE
    ../clib/microlib/printf/printf.c         0x00000000   Number         0  printf8.o ABSOLUTE
    ../clib/microlib/printf/printf.c         0x00000000   Number         0  printf1.o ABSOLUTE
    ../clib/microlib/printf/printf.c         0x00000000   Number         0  printf7.o ABSOLUTE
    ../clib/microlib/printf/printf.c         0x00000000   Number         0  printf6.o ABSOLUTE
    ../clib/microlib/printf/printf.c         0x00000000   Number         0  printf5.o ABSOLUTE
    ../clib/microlib/printf/printf.c         0x00000000   Number         0  printf4.o ABSOLUTE
    ../clib/microlib/printf/printf.c         0x00000000   Number         0  printf3.o ABSOLUTE
    ../clib/microlib/printf/printf.c         0x00000000   Number         0  printf2.o ABSOLUTE
    ../clib/microlib/printf/printf.c         0x00000000   Number         0  printfb.o ABSOLUTE
    ../clib/microlib/printf/printf.c         0x00000000   Number         0  printf0.o ABSOLUTE
    ../clib/microlib/printf/stubs.s          0x00000000   Number         0  stubs.o ABSOLUTE
    ../clib/microlib/stdio/streams.c         0x00000000   Number         0  stdout.o ABSOLUTE
    ../clib/microlib/string/memcpy.c         0x00000000   Number         0  memcpyb.o ABSOLUTE
    ../clib/microlib/string/memcpy.c         0x00000000   Number         0  memcpya.o ABSOLUTE
    ../clib/microlib/string/memset.c         0x00000000   Number         0  memseta.o ABSOLUTE
    ../clib/microlib/string/memset.c         0x00000000   Number         0  memset.o ABSOLUTE
    ../clib/microlib/stubs.s                 0x00000000   Number         0  iusefp.o ABSOLUTE
    ../fplib/microlib/f2d.c                  0x00000000   Number         0  f2d.o ABSOLUTE
    ../fplib/microlib/fpadd.c                0x00000000   Number         0  dadd.o ABSOLUTE
    ../fplib/microlib/fpdiv.c                0x00000000   Number         0  ddiv.o ABSOLUTE
    ../fplib/microlib/fpepilogue.c           0x00000000   Number         0  depilogue.o ABSOLUTE
    ../fplib/microlib/fpfix.c                0x00000000   Number         0  dfixul.o ABSOLUTE
    ../fplib/microlib/fpmul.c                0x00000000   Number         0  dmul.o ABSOLUTE
    ..\App\app_cs1237.c                      0x00000000   Number         0  app_cs1237.o ABSOLUTE
    ..\Firmware\CMSIS\GD\GD32F4xx\Source\ARM\startup_gd32f450_470.s 0x00000000   Number         0  startup_gd32f450_470.o ABSOLUTE
    ..\Firmware\CMSIS\GD\GD32F4xx\Source\system_gd32f4xx.c 0x00000000   Number         0  system_gd32f4xx.o ABSOLUTE
    ..\Firmware\GD32F4xx_standard_peripheral\Source\gd32f4xx_dac.c 0x00000000   Number         0  gd32f4xx_dac.o ABSOLUTE
    ..\Firmware\GD32F4xx_standard_peripheral\Source\gd32f4xx_gpio.c 0x00000000   Number         0  gd32f4xx_gpio.o ABSOLUTE
    ..\Firmware\GD32F4xx_standard_peripheral\Source\gd32f4xx_misc.c 0x00000000   Number         0  gd32f4xx_misc.o ABSOLUTE
    ..\Firmware\GD32F4xx_standard_peripheral\Source\gd32f4xx_rcu.c 0x00000000   Number         0  gd32f4xx_rcu.o ABSOLUTE
    ..\Firmware\GD32F4xx_standard_peripheral\Source\gd32f4xx_usart.c 0x00000000   Number         0  gd32f4xx_usart.o ABSOLUTE
    ..\FreeRTOS\event_groups.c               0x00000000   Number         0  event_groups.o ABSOLUTE
    ..\FreeRTOS\list.c                       0x00000000   Number         0  list.o ABSOLUTE
    ..\FreeRTOS\portable\MemMang\heap_4.c    0x00000000   Number         0  heap_4.o ABSOLUTE
    ..\FreeRTOS\portable\RVDS\ARM_CM4F\port.c 0x00000000   Number         0  port.o ABSOLUTE
    ..\FreeRTOS\queue.c                      0x00000000   Number         0  queue.o ABSOLUTE
    ..\FreeRTOS\stream_buffer.c              0x00000000   Number         0  stream_buffer.o ABSOLUTE
    ..\FreeRTOS\tasks.c                      0x00000000   Number         0  tasks.o ABSOLUTE
    ..\FreeRTOS\timers.c                     0x00000000   Number         0  timers.o ABSOLUTE
    ..\Hardware\cs1237\bsp_cs1237.c          0x00000000   Number         0  bsp_cs1237.o ABSOLUTE
    ..\Hardware\dac\bsp_dac.c                0x00000000   Number         0  bsp_dac.o ABSOLUTE
    ..\User\gd32f4xx_it.c                    0x00000000   Number         0  gd32f4xx_it.o ABSOLUTE
    ..\User\main.c                           0x00000000   Number         0  main.o ABSOLUTE
    ..\User\systick.c                        0x00000000   Number         0  systick.o ABSOLUTE
    ..\User\usart.c                          0x00000000   Number         0  usart.o ABSOLUTE
    ..\\App\\app_cs1237.c                    0x00000000   Number         0  app_cs1237.o ABSOLUTE
    ..\\Firmware\\CMSIS\\GD\\GD32F4xx\\Source\\system_gd32f4xx.c 0x00000000   Number         0  system_gd32f4xx.o ABSOLUTE
    ..\\Firmware\\GD32F4xx_standard_peripheral\\Source\\gd32f4xx_dac.c 0x00000000   Number         0  gd32f4xx_dac.o ABSOLUTE
    ..\\Firmware\\GD32F4xx_standard_peripheral\\Source\\gd32f4xx_gpio.c 0x00000000   Number         0  gd32f4xx_gpio.o ABSOLUTE
    ..\\Firmware\\GD32F4xx_standard_peripheral\\Source\\gd32f4xx_misc.c 0x00000000   Number         0  gd32f4xx_misc.o ABSOLUTE
    ..\\Firmware\\GD32F4xx_standard_peripheral\\Source\\gd32f4xx_rcu.c 0x00000000   Number         0  gd32f4xx_rcu.o ABSOLUTE
    ..\\Firmware\\GD32F4xx_standard_peripheral\\Source\\gd32f4xx_usart.c 0x00000000   Number         0  gd32f4xx_usart.o ABSOLUTE
    ..\\FreeRTOS\\portable\\RVDS\\ARM_CM4F\\port.c 0x00000000   Number         0  port.o ABSOLUTE
    ..\\Hardware\\cs1237\\bsp_cs1237.c       0x00000000   Number         0  bsp_cs1237.o ABSOLUTE
    ..\\Hardware\\dac\\bsp_dac.c             0x00000000   Number         0  bsp_dac.o ABSOLUTE
    ..\\User\\gd32f4xx_it.c                  0x00000000   Number         0  gd32f4xx_it.o ABSOLUTE
    ..\\User\\main.c                         0x00000000   Number         0  main.o ABSOLUTE
    ..\\User\\systick.c                      0x00000000   Number         0  systick.o ABSOLUTE
    ..\\User\\usart.c                        0x00000000   Number         0  usart.o ABSOLUTE
    cdrcmple.s                               0x00000000   Number         0  cdrcmple.o ABSOLUTE
    dc.s                                     0x00000000   Number         0  dc.o ABSOLUTE
    handlers.s                               0x00000000   Number         0  handlers.o ABSOLUTE
    init.s                                   0x00000000   Number         0  init.o ABSOLUTE
    RESET                                    0x08000000   Section      428  startup_gd32f450_470.o(RESET)
    .ARM.Collect$$$$00000000                 0x080001ac   Section        0  entry.o(.ARM.Collect$$$$00000000)
    .ARM.Collect$$$$00000001                 0x080001ac   Section        4  entry2.o(.ARM.Collect$$$$00000001)
    .ARM.Collect$$$$00000004                 0x080001b0   Section        4  entry5.o(.ARM.Collect$$$$00000004)
    .ARM.Collect$$$$00000008                 0x080001b4   Section        0  entry7b.o(.ARM.Collect$$$$00000008)
    .ARM.Collect$$$$0000000A                 0x080001b4   Section        0  entry8b.o(.ARM.Collect$$$$0000000A)
    .ARM.Collect$$$$0000000B                 0x080001b4   Section        8  entry9a.o(.ARM.Collect$$$$0000000B)
    .ARM.Collect$$$$0000000E                 0x080001bc   Section        4  entry12b.o(.ARM.Collect$$$$0000000E)
    .ARM.Collect$$$$0000000F                 0x080001c0   Section        0  entry10a.o(.ARM.Collect$$$$0000000F)
    .ARM.Collect$$$$00000011                 0x080001c0   Section        0  entry11a.o(.ARM.Collect$$$$00000011)
    .ARM.Collect$$$$00002712                 0x080001c0   Section        4  entry2.o(.ARM.Collect$$$$00002712)
    __lit__00000000                          0x080001c0   Data           4  entry2.o(.ARM.Collect$$$$00002712)
    .emb_text                                0x080001c4   Section      190  port.o(.emb_text)
    $v0                                      0x080001c4   Number         0  port.o(.emb_text)
    .text                                    0x08000284   Section       36  startup_gd32f450_470.o(.text)
    $v0                                      0x08000284   Number         0  startup_gd32f450_470.o(.text)
    .text                                    0x080002a8   Section        0  uldiv.o(.text)
    .text                                    0x0800030a   Section        0  memcpya.o(.text)
    .text                                    0x0800032e   Section        0  memseta.o(.text)
    .text                                    0x08000352   Section        0  f2d.o(.text)
    .text                                    0x08000378   Section        0  uidiv.o(.text)
    .text                                    0x080003a4   Section        0  llshl.o(.text)
    .text                                    0x080003c2   Section        0  llushr.o(.text)
    .text                                    0x080003e2   Section        0  dadd.o(.text)
    .text                                    0x080003e2   Section        0  iusefp.o(.text)
    .text                                    0x08000530   Section        0  dmul.o(.text)
    .text                                    0x08000614   Section        0  ddiv.o(.text)
    .text                                    0x080006f2   Section        0  dfixul.o(.text)
    .text                                    0x08000724   Section       48  cdrcmple.o(.text)
    .text                                    0x08000754   Section       36  init.o(.text)
    .text                                    0x08000778   Section        0  llsshr.o(.text)
    .text                                    0x0800079c   Section        0  depilogue.o(.text)
    i.BusFault_Handler                       0x08000856   Section        0  gd32f4xx_it.o(i.BusFault_Handler)
    i.DebugMon_Handler                       0x0800085a   Section        0  gd32f4xx_it.o(i.DebugMon_Handler)
    i.HardFault_Handler                      0x0800085e   Section        0  gd32f4xx_it.o(i.HardFault_Handler)
    i.MemManage_Handler                      0x08000862   Section        0  gd32f4xx_it.o(i.MemManage_Handler)
    i.NMI_Handler                            0x08000866   Section        0  gd32f4xx_it.o(i.NMI_Handler)
    i.SysTick_Handler                        0x0800086c   Section        0  port.o(i.SysTick_Handler)
    i.SystemInit                             0x080008a0   Section        0  system_gd32f4xx.o(i.SystemInit)
    i.UsageFault_Handler                     0x08000a28   Section        0  gd32f4xx_it.o(i.UsageFault_Handler)
    i.__0printf                              0x08000a2c   Section        0  printfa.o(i.__0printf)
    i.__scatterload_copy                     0x08000a4c   Section       14  handlers.o(i.__scatterload_copy)
    i.__scatterload_null                     0x08000a5a   Section        2  handlers.o(i.__scatterload_null)
    i.__scatterload_zeroinit                 0x08000a5c   Section       14  handlers.o(i.__scatterload_zeroinit)
    i._fp_digits                             0x08000a6c   Section        0  printfa.o(i._fp_digits)
    _fp_digits                               0x08000a6d   Thumb Code   366  printfa.o(i._fp_digits)
    i._printf_core                           0x08000bf0   Section        0  printfa.o(i._printf_core)
    _printf_core                             0x08000bf1   Thumb Code  1704  printfa.o(i._printf_core)
    i._printf_post_padding                   0x080012a4   Section        0  printfa.o(i._printf_post_padding)
    _printf_post_padding                     0x080012a5   Thumb Code    36  printfa.o(i._printf_post_padding)
    i._printf_pre_padding                    0x080012c8   Section        0  printfa.o(i._printf_pre_padding)
    _printf_pre_padding                      0x080012c9   Thumb Code    46  printfa.o(i._printf_pre_padding)
    i._soft_delay_                           0x080012f6   Section        0  system_gd32f4xx.o(i._soft_delay_)
    _soft_delay_                             0x080012f7   Thumb Code    28  system_gd32f4xx.o(i._soft_delay_)
    i.app_cs1237_task_create                 0x08001314   Section        0  app_cs1237.o(i.app_cs1237_task_create)
    i.cs1237_configure                       0x0800133c   Section        0  bsp_cs1237.o(i.cs1237_configure)
    i.cs1237_delay_us                        0x08001372   Section        0  bsp_cs1237.o(i.cs1237_delay_us)
    cs1237_delay_us                          0x08001373   Thumb Code    26  bsp_cs1237.o(i.cs1237_delay_us)
    i.cs1237_dout_as_input                   0x0800138c   Section        0  bsp_cs1237.o(i.cs1237_dout_as_input)
    cs1237_dout_as_input                     0x0800138d   Thumb Code    16  bsp_cs1237.o(i.cs1237_dout_as_input)
    i.cs1237_dout_as_output                  0x080013a0   Section        0  bsp_cs1237.o(i.cs1237_dout_as_output)
    cs1237_dout_as_output                    0x080013a1   Thumb Code    28  bsp_cs1237.o(i.cs1237_dout_as_output)
    i.cs1237_init                            0x080013c0   Section        0  bsp_cs1237.o(i.cs1237_init)
    i.cs1237_read_adc_raw                    0x0800141c   Section        0  bsp_cs1237.o(i.cs1237_read_adc_raw)
    i.cs1237_read_adc_signed                 0x080014b4   Section        0  bsp_cs1237.o(i.cs1237_read_adc_signed)
    i.cs1237_read_reg                        0x080014d0   Section        0  bsp_cs1237.o(i.cs1237_read_reg)
    i.cs1237_task                            0x08001638   Section        0  app_cs1237.o(i.cs1237_task)
    cs1237_task                              0x08001639   Thumb Code   460  app_cs1237.o(i.cs1237_task)
    i.cs1237_write_reg                       0x080018ec   Section        0  bsp_cs1237.o(i.cs1237_write_reg)
    i.delay_1ms                              0x08001a60   Section        0  systick.o(i.delay_1ms)
    i.fputc                                  0x08001ab0   Section        0  usart.o(i.fputc)
    i.get_gain_multiplier                    0x08001ad4   Section        0  app_cs1237.o(i.get_gain_multiplier)
    get_gain_multiplier                      0x08001ad5   Thumb Code    46  app_cs1237.o(i.get_gain_multiplier)
    i.gpio_af_set                            0x08001b0c   Section        0  gd32f4xx_gpio.o(i.gpio_af_set)
    i.gpio_bit_reset                         0x08001b6a   Section        0  gd32f4xx_gpio.o(i.gpio_bit_reset)
    i.gpio_bit_set                           0x08001b6e   Section        0  gd32f4xx_gpio.o(i.gpio_bit_set)
    i.gpio_input_bit_get                     0x08001b72   Section        0  gd32f4xx_gpio.o(i.gpio_input_bit_get)
    i.gpio_mode_set                          0x08001b84   Section        0  gd32f4xx_gpio.o(i.gpio_mode_set)
    i.gpio_output_options_set                0x08001bd2   Section        0  gd32f4xx_gpio.o(i.gpio_output_options_set)
    i.kalman_init                            0x08001c14   Section        0  app_cs1237.o(i.kalman_init)
    kalman_init                              0x08001c15   Thumb Code    18  app_cs1237.o(i.kalman_init)
    i.kalman_update                          0x08001c26   Section        0  app_cs1237.o(i.kalman_update)
    kalman_update                            0x08001c27   Thumb Code    90  app_cs1237.o(i.kalman_update)
    i.main                                   0x08001c80   Section        0  main.o(i.main)
    i.nvic_vector_table_set                  0x08001ce8   Section        0  gd32f4xx_misc.o(i.nvic_vector_table_set)
    i.prvAddCurrentTaskToDelayedList         0x08001d00   Section        0  tasks.o(i.prvAddCurrentTaskToDelayedList)
    prvAddCurrentTaskToDelayedList           0x08001d01   Thumb Code   174  tasks.o(i.prvAddCurrentTaskToDelayedList)
    i.prvAddNewTaskToReadyList               0x08001dcc   Section        0  tasks.o(i.prvAddNewTaskToReadyList)
    prvAddNewTaskToReadyList                 0x08001dcd   Thumb Code   212  tasks.o(i.prvAddNewTaskToReadyList)
    i.prvCheckForValidListAndQueue           0x08001ebc   Section        0  timers.o(i.prvCheckForValidListAndQueue)
    prvCheckForValidListAndQueue             0x08001ebd   Thumb Code    72  timers.o(i.prvCheckForValidListAndQueue)
    i.prvCheckTasksWaitingTermination        0x08001f20   Section        0  tasks.o(i.prvCheckTasksWaitingTermination)
    prvCheckTasksWaitingTermination          0x08001f21   Thumb Code    60  tasks.o(i.prvCheckTasksWaitingTermination)
    i.prvCopyDataFromQueue                   0x08001f68   Section        0  queue.o(i.prvCopyDataFromQueue)
    prvCopyDataFromQueue                     0x08001f69   Thumb Code    42  queue.o(i.prvCopyDataFromQueue)
    i.prvCreateIdleTasks                     0x08001f94   Section        0  tasks.o(i.prvCreateIdleTasks)
    prvCreateIdleTasks                       0x08001f95   Thumb Code   104  tasks.o(i.prvCreateIdleTasks)
    i.prvCreateTask                          0x0800200c   Section        0  tasks.o(i.prvCreateTask)
    prvCreateTask                            0x0800200d   Thumb Code    90  tasks.o(i.prvCreateTask)
    i.prvDeleteTCB                           0x08002066   Section        0  tasks.o(i.prvDeleteTCB)
    prvDeleteTCB                             0x08002067   Thumb Code    18  tasks.o(i.prvDeleteTCB)
    i.prvGetNextExpireTime                   0x08002078   Section        0  timers.o(i.prvGetNextExpireTime)
    prvGetNextExpireTime                     0x08002079   Thumb Code    36  timers.o(i.prvGetNextExpireTime)
    i.prvHeapInit                            0x080020a0   Section        0  heap_4.o(i.prvHeapInit)
    prvHeapInit                              0x080020a1   Thumb Code    88  heap_4.o(i.prvHeapInit)
    i.prvIdleTask                            0x0800210c   Section        0  tasks.o(i.prvIdleTask)
    prvIdleTask                              0x0800210d   Thumb Code    32  tasks.o(i.prvIdleTask)
    i.prvInitialiseNewQueue                  0x08002134   Section        0  queue.o(i.prvInitialiseNewQueue)
    prvInitialiseNewQueue                    0x08002135   Thumb Code    38  queue.o(i.prvInitialiseNewQueue)
    i.prvInitialiseNewTask                   0x0800215a   Section        0  tasks.o(i.prvInitialiseNewTask)
    prvInitialiseNewTask                     0x0800215b   Thumb Code   234  tasks.o(i.prvInitialiseNewTask)
    i.prvInitialiseTaskLists                 0x08002244   Section        0  tasks.o(i.prvInitialiseTaskLists)
    prvInitialiseTaskLists                   0x08002245   Thumb Code    70  tasks.o(i.prvInitialiseTaskLists)
    i.prvInsertBlockIntoFreeList             0x080022ac   Section        0  heap_4.o(i.prvInsertBlockIntoFreeList)
    prvInsertBlockIntoFreeList               0x080022ad   Thumb Code   144  heap_4.o(i.prvInsertBlockIntoFreeList)
    i.prvInsertTimerInActiveList             0x0800234c   Section        0  timers.o(i.prvInsertTimerInActiveList)
    prvInsertTimerInActiveList               0x0800234d   Thumb Code    80  timers.o(i.prvInsertTimerInActiveList)
    i.prvIsQueueEmpty                        0x080023a4   Section        0  queue.o(i.prvIsQueueEmpty)
    prvIsQueueEmpty                          0x080023a5   Thumb Code    26  queue.o(i.prvIsQueueEmpty)
    i.prvProcessExpiredTimer                 0x080023c0   Section        0  timers.o(i.prvProcessExpiredTimer)
    prvProcessExpiredTimer                   0x080023c1   Thumb Code    62  timers.o(i.prvProcessExpiredTimer)
    i.prvProcessReceivedCommands             0x08002404   Section        0  timers.o(i.prvProcessReceivedCommands)
    prvProcessReceivedCommands               0x08002405   Thumb Code   292  timers.o(i.prvProcessReceivedCommands)
    i.prvProcessTimerOrBlockTask             0x0800252c   Section        0  timers.o(i.prvProcessTimerOrBlockTask)
    prvProcessTimerOrBlockTask               0x0800252d   Thumb Code   102  timers.o(i.prvProcessTimerOrBlockTask)
    i.prvReloadTimer                         0x080025a0   Section        0  timers.o(i.prvReloadTimer)
    prvReloadTimer                           0x080025a1   Thumb Code    40  timers.o(i.prvReloadTimer)
    i.prvResetNextTaskUnblockTime            0x080025c8   Section        0  tasks.o(i.prvResetNextTaskUnblockTime)
    prvResetNextTaskUnblockTime              0x080025c9   Thumb Code    40  tasks.o(i.prvResetNextTaskUnblockTime)
    i.prvSampleTimeNow                       0x080025f8   Section        0  timers.o(i.prvSampleTimeNow)
    prvSampleTimeNow                         0x080025f9   Thumb Code    40  timers.o(i.prvSampleTimeNow)
    i.prvSwitchTimerLists                    0x08002624   Section        0  timers.o(i.prvSwitchTimerLists)
    prvSwitchTimerLists                      0x08002625   Thumb Code    58  timers.o(i.prvSwitchTimerLists)
    i.prvTaskExitError                       0x08002668   Section        0  port.o(i.prvTaskExitError)
    prvTaskExitError                         0x08002669   Thumb Code    60  port.o(i.prvTaskExitError)
    i.prvTimerTask                           0x080026a8   Section        0  timers.o(i.prvTimerTask)
    prvTimerTask                             0x080026a9   Thumb Code    26  timers.o(i.prvTimerTask)
    i.prvUnlockQueue                         0x080026c2   Section        0  queue.o(i.prvUnlockQueue)
    prvUnlockQueue                           0x080026c3   Thumb Code   126  queue.o(i.prvUnlockQueue)
    i.pvPortMalloc                           0x08002740   Section        0  heap_4.o(i.pvPortMalloc)
    i.pxPortInitialiseStack                  0x0800293c   Section        0  port.o(i.pxPortInitialiseStack)
    i.rcu_clock_freq_get                     0x08002968   Section        0  gd32f4xx_rcu.o(i.rcu_clock_freq_get)
    i.rcu_periph_clock_enable                0x08002a8c   Section        0  gd32f4xx_rcu.o(i.rcu_periph_clock_enable)
    i.rcu_periph_reset_disable               0x08002ab0   Section        0  gd32f4xx_rcu.o(i.rcu_periph_reset_disable)
    i.rcu_periph_reset_enable                0x08002ad4   Section        0  gd32f4xx_rcu.o(i.rcu_periph_reset_enable)
    i.system_clock_200m_25m_hxtal            0x08002af8   Section        0  system_gd32f4xx.o(i.system_clock_200m_25m_hxtal)
    system_clock_200m_25m_hxtal              0x08002af9   Thumb Code   258  system_gd32f4xx.o(i.system_clock_200m_25m_hxtal)
    i.system_clock_config                    0x08002c08   Section        0  system_gd32f4xx.o(i.system_clock_config)
    system_clock_config                      0x08002c09   Thumb Code     8  system_gd32f4xx.o(i.system_clock_config)
    i.systick_config                         0x08002c10   Section        0  systick.o(i.systick_config)
    i.usart_baudrate_set                     0x08002c14   Section        0  gd32f4xx_usart.o(i.usart_baudrate_set)
    i.usart_data_transmit                    0x08002cfc   Section        0  gd32f4xx_usart.o(i.usart_data_transmit)
    i.usart_debug_init                       0x08002d04   Section        0  usart.o(i.usart_debug_init)
    i.usart_deinit                           0x08002d90   Section        0  gd32f4xx_usart.o(i.usart_deinit)
    i.usart_enable                           0x08002e6c   Section        0  gd32f4xx_usart.o(i.usart_enable)
    i.usart_flag_get                         0x08002e76   Section        0  gd32f4xx_usart.o(i.usart_flag_get)
    i.usart_hardware_flow_coherence_config   0x08002e96   Section        0  gd32f4xx_usart.o(i.usart_hardware_flow_coherence_config)
    i.usart_parity_config                    0x08002eae   Section        0  gd32f4xx_usart.o(i.usart_parity_config)
    i.usart_receive_config                   0x08002ebe   Section        0  gd32f4xx_usart.o(i.usart_receive_config)
    i.usart_stop_bit_set                     0x08002ece   Section        0  gd32f4xx_usart.o(i.usart_stop_bit_set)
    i.usart_transmit_config                  0x08002ede   Section        0  gd32f4xx_usart.o(i.usart_transmit_config)
    i.usart_word_length_set                  0x08002eee   Section        0  gd32f4xx_usart.o(i.usart_word_length_set)
    i.uxListRemove                           0x08002efe   Section        0  list.o(i.uxListRemove)
    i.vListInitialise                        0x08002f26   Section        0  list.o(i.vListInitialise)
    i.vListInitialiseItem                    0x08002f40   Section        0  list.o(i.vListInitialiseItem)
    i.vListInsert                            0x08002f46   Section        0  list.o(i.vListInsert)
    i.vPortEnterCritical                     0x08002f7c   Section        0  port.o(i.vPortEnterCritical)
    i.vPortExitCritical                      0x08002fd0   Section        0  port.o(i.vPortExitCritical)
    i.vPortFree                              0x0800300c   Section        0  heap_4.o(i.vPortFree)
    i.vPortSetupTimerInterrupt               0x080030cc   Section        0  port.o(i.vPortSetupTimerInterrupt)
    i.vQueueAddToRegistry                    0x080030f4   Section        0  queue.o(i.vQueueAddToRegistry)
    i.vQueueWaitForMessageRestricted         0x08003154   Section        0  queue.o(i.vQueueWaitForMessageRestricted)
    i.vTaskDelay                             0x080031a0   Section        0  tasks.o(i.vTaskDelay)
    i.vTaskInternalSetTimeOutState           0x080031fc   Section        0  tasks.o(i.vTaskInternalSetTimeOutState)
    i.vTaskMissedYield                       0x08003214   Section        0  tasks.o(i.vTaskMissedYield)
    i.vTaskPlaceOnEventList                  0x08003220   Section        0  tasks.o(i.vTaskPlaceOnEventList)
    i.vTaskPlaceOnEventListRestricted        0x08003258   Section        0  tasks.o(i.vTaskPlaceOnEventListRestricted)
    i.vTaskStartScheduler                    0x080032c0   Section        0  tasks.o(i.vTaskStartScheduler)
    i.vTaskSuspendAll                        0x0800333c   Section        0  tasks.o(i.vTaskSuspendAll)
    i.vTaskSwitchContext                     0x0800334c   Section        0  tasks.o(i.vTaskSwitchContext)
    i.xPortStartScheduler                    0x080033e0   Section        0  port.o(i.xPortStartScheduler)
    i.xQueueGenericCreate                    0x08003548   Section        0  queue.o(i.xQueueGenericCreate)
    i.xQueueGenericReset                     0x080035b0   Section        0  queue.o(i.xQueueGenericReset)
    i.xQueueReceive                          0x0800368c   Section        0  queue.o(i.xQueueReceive)
    i.xTaskCheckForTimeOut                   0x080037f4   Section        0  tasks.o(i.xTaskCheckForTimeOut)
    i.xTaskCreate                            0x08003884   Section        0  tasks.o(i.xTaskCreate)
    i.xTaskGetSchedulerState                 0x080038bc   Section        0  tasks.o(i.xTaskGetSchedulerState)
    i.xTaskGetTickCount                      0x080038dc   Section        0  tasks.o(i.xTaskGetTickCount)
    i.xTaskIncrementTick                     0x080038e8   Section        0  tasks.o(i.xTaskIncrementTick)
    i.xTaskRemoveFromEventList               0x08003ab4   Section        0  tasks.o(i.xTaskRemoveFromEventList)
    i.xTaskResumeAll                         0x08003be4   Section        0  tasks.o(i.xTaskResumeAll)
    i.xTimerCreateTimerTask                  0x08003d80   Section        0  timers.o(i.xTimerCreateTimerTask)
    .data                                    0x20000000   Section        4  system_gd32f4xx.o(.data)
    .data                                    0x20000004   Section       64  tasks.o(.data)
    pxDelayedTaskList                        0x20000008   Data           4  tasks.o(.data)
    pxOverflowDelayedTaskList                0x2000000c   Data           4  tasks.o(.data)
    uxDeletedTasksWaitingCleanUp             0x20000010   Data           4  tasks.o(.data)
    uxCurrentNumberOfTasks                   0x20000014   Data           4  tasks.o(.data)
    xTickCount                               0x20000018   Data           4  tasks.o(.data)
    uxTopReadyPriority                       0x2000001c   Data           4  tasks.o(.data)
    xSchedulerRunning                        0x20000020   Data           4  tasks.o(.data)
    xPendedTicks                             0x20000024   Data           4  tasks.o(.data)
    xYieldPendings                           0x20000028   Data           4  tasks.o(.data)
    xNumOfOverflows                          0x2000002c   Data           4  tasks.o(.data)
    uxTaskNumber                             0x20000030   Data           4  tasks.o(.data)
    xNextTaskUnblockTime                     0x20000034   Data           4  tasks.o(.data)
    xIdleTaskHandles                         0x20000038   Data           4  tasks.o(.data)
    uxTopUsedPriority                        0x2000003c   Data           4  tasks.o(.data)
    uxSchedulerSuspended                     0x20000040   Data           4  tasks.o(.data)
    .data                                    0x20000044   Section       20  timers.o(.data)
    pxCurrentTimerList                       0x20000044   Data           4  timers.o(.data)
    pxOverflowTimerList                      0x20000048   Data           4  timers.o(.data)
    xTimerQueue                              0x2000004c   Data           4  timers.o(.data)
    xTimerTaskHandle                         0x20000050   Data           4  timers.o(.data)
    xLastTime                                0x20000054   Data           4  timers.o(.data)
    .data                                    0x20000058   Section       12  port.o(.data)
    uxCriticalNesting                        0x20000058   Data           4  port.o(.data)
    ucMaxSysCallPriority                     0x2000005c   Data           1  port.o(.data)
    ulMaxPRIGROUPValue                       0x20000060   Data           4  port.o(.data)
    .data                                    0x20000064   Section       28  heap_4.o(.data)
    xStart                                   0x20000064   Data           8  heap_4.o(.data)
    pxEnd                                    0x2000006c   Data           4  heap_4.o(.data)
    xFreeBytesRemaining                      0x20000070   Data           4  heap_4.o(.data)
    xMinimumEverFreeBytesRemaining           0x20000074   Data           4  heap_4.o(.data)
    xNumberOfSuccessfulAllocations           0x20000078   Data           4  heap_4.o(.data)
    xNumberOfSuccessfulFrees                 0x2000007c   Data           4  heap_4.o(.data)
    .data                                    0x20000080   Section        4  stdout.o(.data)
    .bss                                     0x20000084   Section      200  tasks.o(.bss)
    pxReadyTasksLists                        0x20000084   Data         100  tasks.o(.bss)
    xDelayedTaskList1                        0x200000e8   Data          20  tasks.o(.bss)
    xDelayedTaskList2                        0x200000fc   Data          20  tasks.o(.bss)
    xPendingReadyList                        0x20000110   Data          20  tasks.o(.bss)
    xTasksWaitingTermination                 0x20000124   Data          20  tasks.o(.bss)
    xSuspendedTaskList                       0x20000138   Data          20  tasks.o(.bss)
    .bss                                     0x2000014c   Section       64  queue.o(.bss)
    .bss                                     0x2000018c   Section       40  timers.o(.bss)
    xActiveTimerList1                        0x2000018c   Data          20  timers.o(.bss)
    xActiveTimerList2                        0x200001a0   Data          20  timers.o(.bss)
    .bss                                     0x200001b4   Section    65536  heap_4.o(.bss)
    ucHeap                                   0x200001b4   Data       65536  heap_4.o(.bss)
    STACK                                    0x200101b8   Section     1024  startup_gd32f450_470.o(STACK)

    Global Symbols

    Symbol Name                              Value     Ov Type        Size  Object(Section)

    BuildAttributes$$THM_ISAv4$E$P$D$K$B$S$7EM$VFPi3$EXTD16$VFPS$VFMA$PE$A:L22UL41UL21$X:L11$S22US41US21$IEEE1$IW$USESV6$~STKCKD$USESV7$~SHL$OSPACE$ROPI$EBA8$MICROLIB$REQ8$PRES8$EABIv2 0x00000000   Number         0  anon$$obj.o ABSOLUTE
    __ARM_use_no_argv                        0x00000000   Number         0  main.o ABSOLUTE
    _printf_a                                0x00000000   Number         0  stubs.o ABSOLUTE
    _printf_c                                0x00000000   Number         0  stubs.o ABSOLUTE
    _printf_charcount                        0x00000000   Number         0  stubs.o ABSOLUTE
    _printf_d                                0x00000000   Number         0  stubs.o ABSOLUTE
    _printf_e                                0x00000000   Number         0  stubs.o ABSOLUTE
    _printf_f                                0x00000000   Number         0  stubs.o ABSOLUTE
    _printf_flags                            0x00000000   Number         0  stubs.o ABSOLUTE
    _printf_fp_dec                           0x00000000   Number         0  stubs.o ABSOLUTE
    _printf_fp_hex                           0x00000000   Number         0  stubs.o ABSOLUTE
    _printf_g                                0x00000000   Number         0  stubs.o ABSOLUTE
    _printf_i                                0x00000000   Number         0  stubs.o ABSOLUTE
    _printf_int_dec                          0x00000000   Number         0  stubs.o ABSOLUTE
    _printf_l                                0x00000000   Number         0  stubs.o ABSOLUTE
    _printf_lc                               0x00000000   Number         0  stubs.o ABSOLUTE
    _printf_ll                               0x00000000   Number         0  stubs.o ABSOLUTE
    _printf_lld                              0x00000000   Number         0  stubs.o ABSOLUTE
    _printf_lli                              0x00000000   Number         0  stubs.o ABSOLUTE
    _printf_llo                              0x00000000   Number         0  stubs.o ABSOLUTE
    _printf_llu                              0x00000000   Number         0  stubs.o ABSOLUTE
    _printf_llx                              0x00000000   Number         0  stubs.o ABSOLUTE
    _printf_longlong_dec                     0x00000000   Number         0  stubs.o ABSOLUTE
    _printf_longlong_hex                     0x00000000   Number         0  stubs.o ABSOLUTE
    _printf_longlong_oct                     0x00000000   Number         0  stubs.o ABSOLUTE
    _printf_ls                               0x00000000   Number         0  stubs.o ABSOLUTE
    _printf_mbtowc                           0x00000000   Number         0  stubs.o ABSOLUTE
    _printf_n                                0x00000000   Number         0  stubs.o ABSOLUTE
    _printf_o                                0x00000000   Number         0  stubs.o ABSOLUTE
    _printf_p                                0x00000000   Number         0  stubs.o ABSOLUTE
    _printf_percent                          0x00000000   Number         0  stubs.o ABSOLUTE
    _printf_pre_padding                      0x00000000   Number         0  stubs.o ABSOLUTE
    _printf_return_value                     0x00000000   Number         0  stubs.o ABSOLUTE
    _printf_s                                0x00000000   Number         0  stubs.o ABSOLUTE
    _printf_sizespec                         0x00000000   Number         0  stubs.o ABSOLUTE
    _printf_str                              0x00000000   Number         0  stubs.o ABSOLUTE
    _printf_truncate_signed                  0x00000000   Number         0  stubs.o ABSOLUTE
    _printf_truncate_unsigned                0x00000000   Number         0  stubs.o ABSOLUTE
    _printf_u                                0x00000000   Number         0  stubs.o ABSOLUTE
    _printf_wc                               0x00000000   Number         0  stubs.o ABSOLUTE
    _printf_wctomb                           0x00000000   Number         0  stubs.o ABSOLUTE
    _printf_widthprec                        0x00000000   Number         0  stubs.o ABSOLUTE
    _printf_x                                0x00000000   Number         0  stubs.o ABSOLUTE
    __arm_fini_                               - Undefined Weak Reference
    __cpp_initialize__aeabi_                  - Undefined Weak Reference
    __cxa_finalize                            - Undefined Weak Reference
    __decompress                              - Undefined Weak Reference
    _clock_init                               - Undefined Weak Reference
    _microlib_exit                            - Undefined Weak Reference
    __Vectors_Size                           0x000001ac   Number         0  startup_gd32f450_470.o ABSOLUTE
    __Vectors                                0x08000000   Data           4  startup_gd32f450_470.o(RESET)
    __Vectors_End                            0x080001ac   Data           0  startup_gd32f450_470.o(RESET)
    __main                                   0x080001ad   Thumb Code     0  entry.o(.ARM.Collect$$$$00000000)
    _main_stk                                0x080001ad   Thumb Code     0  entry2.o(.ARM.Collect$$$$00000001)
    _main_scatterload                        0x080001b1   Thumb Code     0  entry5.o(.ARM.Collect$$$$00000004)
    __main_after_scatterload                 0x080001b5   Thumb Code     0  entry5.o(.ARM.Collect$$$$00000004)
    _main_clock                              0x080001b5   Thumb Code     0  entry7b.o(.ARM.Collect$$$$00000008)
    _main_cpp_init                           0x080001b5   Thumb Code     0  entry8b.o(.ARM.Collect$$$$0000000A)
    _main_init                               0x080001b5   Thumb Code     0  entry9a.o(.ARM.Collect$$$$0000000B)
    __rt_lib_shutdown_fini                   0x080001bd   Thumb Code     0  entry12b.o(.ARM.Collect$$$$0000000E)
    __rt_final_cpp                           0x080001c1   Thumb Code     0  entry10a.o(.ARM.Collect$$$$0000000F)
    __rt_final_exit                          0x080001c1   Thumb Code     0  entry11a.o(.ARM.Collect$$$$00000011)
    SVC_Handler                              0x080001c5   Thumb Code    28  port.o(.emb_text)
    __asm___6_port_c_39a90d8d__prvStartFirstTask 0x080001e5   Thumb Code    36  port.o(.emb_text)
    __asm___6_port_c_39a90d8d__prvEnableVFP  0x0800020d   Thumb Code    16  port.o(.emb_text)
    PendSV_Handler                           0x08000221   Thumb Code    88  port.o(.emb_text)
    vPortGetIPSR                             0x0800027d   Thumb Code     6  port.o(.emb_text)
    Reset_Handler                            0x08000285   Thumb Code     8  startup_gd32f450_470.o(.text)
    ADC_IRQHandler                           0x0800029f   Thumb Code     0  startup_gd32f450_470.o(.text)
    CAN0_EWMC_IRQHandler                     0x0800029f   Thumb Code     0  startup_gd32f450_470.o(.text)
    CAN0_RX0_IRQHandler                      0x0800029f   Thumb Code     0  startup_gd32f450_470.o(.text)
    CAN0_RX1_IRQHandler                      0x0800029f   Thumb Code     0  startup_gd32f450_470.o(.text)
    CAN0_TX_IRQHandler                       0x0800029f   Thumb Code     0  startup_gd32f450_470.o(.text)
    CAN1_EWMC_IRQHandler                     0x0800029f   Thumb Code     0  startup_gd32f450_470.o(.text)
    CAN1_RX0_IRQHandler                      0x0800029f   Thumb Code     0  startup_gd32f450_470.o(.text)
    CAN1_RX1_IRQHandler                      0x0800029f   Thumb Code     0  startup_gd32f450_470.o(.text)
    CAN1_TX_IRQHandler                       0x0800029f   Thumb Code     0  startup_gd32f450_470.o(.text)
    DCI_IRQHandler                           0x0800029f   Thumb Code     0  startup_gd32f450_470.o(.text)
    DMA0_Channel0_IRQHandler                 0x0800029f   Thumb Code     0  startup_gd32f450_470.o(.text)
    DMA0_Channel1_IRQHandler                 0x0800029f   Thumb Code     0  startup_gd32f450_470.o(.text)
    DMA0_Channel2_IRQHandler                 0x0800029f   Thumb Code     0  startup_gd32f450_470.o(.text)
    DMA0_Channel3_IRQHandler                 0x0800029f   Thumb Code     0  startup_gd32f450_470.o(.text)
    DMA0_Channel4_IRQHandler                 0x0800029f   Thumb Code     0  startup_gd32f450_470.o(.text)
    DMA0_Channel5_IRQHandler                 0x0800029f   Thumb Code     0  startup_gd32f450_470.o(.text)
    DMA0_Channel6_IRQHandler                 0x0800029f   Thumb Code     0  startup_gd32f450_470.o(.text)
    DMA0_Channel7_IRQHandler                 0x0800029f   Thumb Code     0  startup_gd32f450_470.o(.text)
    DMA1_Channel0_IRQHandler                 0x0800029f   Thumb Code     0  startup_gd32f450_470.o(.text)
    DMA1_Channel1_IRQHandler                 0x0800029f   Thumb Code     0  startup_gd32f450_470.o(.text)
    DMA1_Channel2_IRQHandler                 0x0800029f   Thumb Code     0  startup_gd32f450_470.o(.text)
    DMA1_Channel3_IRQHandler                 0x0800029f   Thumb Code     0  startup_gd32f450_470.o(.text)
    DMA1_Channel4_IRQHandler                 0x0800029f   Thumb Code     0  startup_gd32f450_470.o(.text)
    DMA1_Channel5_IRQHandler                 0x0800029f   Thumb Code     0  startup_gd32f450_470.o(.text)
    DMA1_Channel6_IRQHandler                 0x0800029f   Thumb Code     0  startup_gd32f450_470.o(.text)
    DMA1_Channel7_IRQHandler                 0x0800029f   Thumb Code     0  startup_gd32f450_470.o(.text)
    ENET_IRQHandler                          0x0800029f   Thumb Code     0  startup_gd32f450_470.o(.text)
    ENET_WKUP_IRQHandler                     0x0800029f   Thumb Code     0  startup_gd32f450_470.o(.text)
    EXMC_IRQHandler                          0x0800029f   Thumb Code     0  startup_gd32f450_470.o(.text)
    EXTI0_IRQHandler                         0x0800029f   Thumb Code     0  startup_gd32f450_470.o(.text)
    EXTI10_15_IRQHandler                     0x0800029f   Thumb Code     0  startup_gd32f450_470.o(.text)
    EXTI1_IRQHandler                         0x0800029f   Thumb Code     0  startup_gd32f450_470.o(.text)
    EXTI2_IRQHandler                         0x0800029f   Thumb Code     0  startup_gd32f450_470.o(.text)
    EXTI3_IRQHandler                         0x0800029f   Thumb Code     0  startup_gd32f450_470.o(.text)
    EXTI4_IRQHandler                         0x0800029f   Thumb Code     0  startup_gd32f450_470.o(.text)
    EXTI5_9_IRQHandler                       0x0800029f   Thumb Code     0  startup_gd32f450_470.o(.text)
    FMC_IRQHandler                           0x0800029f   Thumb Code     0  startup_gd32f450_470.o(.text)
    FPU_IRQHandler                           0x0800029f   Thumb Code     0  startup_gd32f450_470.o(.text)
    I2C0_ER_IRQHandler                       0x0800029f   Thumb Code     0  startup_gd32f450_470.o(.text)
    I2C0_EV_IRQHandler                       0x0800029f   Thumb Code     0  startup_gd32f450_470.o(.text)
    I2C1_ER_IRQHandler                       0x0800029f   Thumb Code     0  startup_gd32f450_470.o(.text)
    I2C1_EV_IRQHandler                       0x0800029f   Thumb Code     0  startup_gd32f450_470.o(.text)
    I2C2_ER_IRQHandler                       0x0800029f   Thumb Code     0  startup_gd32f450_470.o(.text)
    I2C2_EV_IRQHandler                       0x0800029f   Thumb Code     0  startup_gd32f450_470.o(.text)
    IPA_IRQHandler                           0x0800029f   Thumb Code     0  startup_gd32f450_470.o(.text)
    LVD_IRQHandler                           0x0800029f   Thumb Code     0  startup_gd32f450_470.o(.text)
    RCU_CTC_IRQHandler                       0x0800029f   Thumb Code     0  startup_gd32f450_470.o(.text)
    RTC_Alarm_IRQHandler                     0x0800029f   Thumb Code     0  startup_gd32f450_470.o(.text)
    RTC_WKUP_IRQHandler                      0x0800029f   Thumb Code     0  startup_gd32f450_470.o(.text)
    SDIO_IRQHandler                          0x0800029f   Thumb Code     0  startup_gd32f450_470.o(.text)
    SPI0_IRQHandler                          0x0800029f   Thumb Code     0  startup_gd32f450_470.o(.text)
    SPI1_IRQHandler                          0x0800029f   Thumb Code     0  startup_gd32f450_470.o(.text)
    SPI2_IRQHandler                          0x0800029f   Thumb Code     0  startup_gd32f450_470.o(.text)
    SPI3_IRQHandler                          0x0800029f   Thumb Code     0  startup_gd32f450_470.o(.text)
    SPI4_IRQHandler                          0x0800029f   Thumb Code     0  startup_gd32f450_470.o(.text)
    SPI5_IRQHandler                          0x0800029f   Thumb Code     0  startup_gd32f450_470.o(.text)
    TAMPER_STAMP_IRQHandler                  0x0800029f   Thumb Code     0  startup_gd32f450_470.o(.text)
    TIMER0_BRK_TIMER8_IRQHandler             0x0800029f   Thumb Code     0  startup_gd32f450_470.o(.text)
    TIMER0_Channel_IRQHandler                0x0800029f   Thumb Code     0  startup_gd32f450_470.o(.text)
    TIMER0_TRG_CMT_TIMER10_IRQHandler        0x0800029f   Thumb Code     0  startup_gd32f450_470.o(.text)
    TIMER0_UP_TIMER9_IRQHandler              0x0800029f   Thumb Code     0  startup_gd32f450_470.o(.text)
    TIMER1_IRQHandler                        0x0800029f   Thumb Code     0  startup_gd32f450_470.o(.text)
    TIMER2_IRQHandler                        0x0800029f   Thumb Code     0  startup_gd32f450_470.o(.text)
    TIMER3_IRQHandler                        0x0800029f   Thumb Code     0  startup_gd32f450_470.o(.text)
    TIMER4_IRQHandler                        0x0800029f   Thumb Code     0  startup_gd32f450_470.o(.text)
    TIMER5_DAC_IRQHandler                    0x0800029f   Thumb Code     0  startup_gd32f450_470.o(.text)
    TIMER6_IRQHandler                        0x0800029f   Thumb Code     0  startup_gd32f450_470.o(.text)
    TIMER7_BRK_TIMER11_IRQHandler            0x0800029f   Thumb Code     0  startup_gd32f450_470.o(.text)
    TIMER7_Channel_IRQHandler                0x0800029f   Thumb Code     0  startup_gd32f450_470.o(.text)
    TIMER7_TRG_CMT_TIMER13_IRQHandler        0x0800029f   Thumb Code     0  startup_gd32f450_470.o(.text)
    TIMER7_UP_TIMER12_IRQHandler             0x0800029f   Thumb Code     0  startup_gd32f450_470.o(.text)
    TLI_ER_IRQHandler                        0x0800029f   Thumb Code     0  startup_gd32f450_470.o(.text)
    TLI_IRQHandler                           0x0800029f   Thumb Code     0  startup_gd32f450_470.o(.text)
    TRNG_IRQHandler                          0x0800029f   Thumb Code     0  startup_gd32f450_470.o(.text)
    UART3_IRQHandler                         0x0800029f   Thumb Code     0  startup_gd32f450_470.o(.text)
    UART4_IRQHandler                         0x0800029f   Thumb Code     0  startup_gd32f450_470.o(.text)
    UART6_IRQHandler                         0x0800029f   Thumb Code     0  startup_gd32f450_470.o(.text)
    UART7_IRQHandler                         0x0800029f   Thumb Code     0  startup_gd32f450_470.o(.text)
    USART0_IRQHandler                        0x0800029f   Thumb Code     0  startup_gd32f450_470.o(.text)
    USART1_IRQHandler                        0x0800029f   Thumb Code     0  startup_gd32f450_470.o(.text)
    USART2_IRQHandler                        0x0800029f   Thumb Code     0  startup_gd32f450_470.o(.text)
    USART5_IRQHandler                        0x0800029f   Thumb Code     0  startup_gd32f450_470.o(.text)
    USBFS_IRQHandler                         0x0800029f   Thumb Code     0  startup_gd32f450_470.o(.text)
    USBFS_WKUP_IRQHandler                    0x0800029f   Thumb Code     0  startup_gd32f450_470.o(.text)
    USBHS_EP1_In_IRQHandler                  0x0800029f   Thumb Code     0  startup_gd32f450_470.o(.text)
    USBHS_EP1_Out_IRQHandler                 0x0800029f   Thumb Code     0  startup_gd32f450_470.o(.text)
    USBHS_IRQHandler                         0x0800029f   Thumb Code     0  startup_gd32f450_470.o(.text)
    USBHS_WKUP_IRQHandler                    0x0800029f   Thumb Code     0  startup_gd32f450_470.o(.text)
    WWDGT_IRQHandler                         0x0800029f   Thumb Code     0  startup_gd32f450_470.o(.text)
    __aeabi_uldivmod                         0x080002a9   Thumb Code    98  uldiv.o(.text)
    __aeabi_memcpy                           0x0800030b   Thumb Code    36  memcpya.o(.text)
    __aeabi_memcpy4                          0x0800030b   Thumb Code     0  memcpya.o(.text)
    __aeabi_memcpy8                          0x0800030b   Thumb Code     0  memcpya.o(.text)
    __aeabi_memset                           0x0800032f   Thumb Code    14  memseta.o(.text)
    __aeabi_memset4                          0x0800032f   Thumb Code     0  memseta.o(.text)
    __aeabi_memset8                          0x0800032f   Thumb Code     0  memseta.o(.text)
    __aeabi_memclr                           0x0800033d   Thumb Code     4  memseta.o(.text)
    __aeabi_memclr4                          0x0800033d   Thumb Code     0  memseta.o(.text)
    __aeabi_memclr8                          0x0800033d   Thumb Code     0  memseta.o(.text)
    memset                                   0x08000341   Thumb Code    18  memseta.o(.text)
    __aeabi_f2d                              0x08000353   Thumb Code    38  f2d.o(.text)
    __aeabi_uidiv                            0x08000379   Thumb Code     0  uidiv.o(.text)
    __aeabi_uidivmod                         0x08000379   Thumb Code    44  uidiv.o(.text)
    __aeabi_llsl                             0x080003a5   Thumb Code    30  llshl.o(.text)
    _ll_shift_l                              0x080003a5   Thumb Code     0  llshl.o(.text)
    __aeabi_llsr                             0x080003c3   Thumb Code    32  llushr.o(.text)
    _ll_ushift_r                             0x080003c3   Thumb Code     0  llushr.o(.text)
    __I$use$fp                               0x080003e3   Thumb Code     0  iusefp.o(.text)
    __aeabi_dadd                             0x080003e3   Thumb Code   322  dadd.o(.text)
    __aeabi_dsub                             0x08000525   Thumb Code     6  dadd.o(.text)
    __aeabi_drsub                            0x0800052b   Thumb Code     6  dadd.o(.text)
    __aeabi_dmul                             0x08000531   Thumb Code   228  dmul.o(.text)
    __aeabi_ddiv                             0x08000615   Thumb Code   222  ddiv.o(.text)
    __aeabi_d2ulz                            0x080006f3   Thumb Code    48  dfixul.o(.text)
    __aeabi_cdrcmple                         0x08000725   Thumb Code    48  cdrcmple.o(.text)
    __scatterload                            0x08000755   Thumb Code    28  init.o(.text)
    __scatterload_rt2                        0x08000755   Thumb Code     0  init.o(.text)
    __aeabi_lasr                             0x08000779   Thumb Code    36  llsshr.o(.text)
    _ll_sshift_r                             0x08000779   Thumb Code     0  llsshr.o(.text)
    _double_round                            0x0800079d   Thumb Code    30  depilogue.o(.text)
    _double_epilogue                         0x080007bb   Thumb Code   156  depilogue.o(.text)
    BusFault_Handler                         0x08000857   Thumb Code     4  gd32f4xx_it.o(i.BusFault_Handler)
    DebugMon_Handler                         0x0800085b   Thumb Code     4  gd32f4xx_it.o(i.DebugMon_Handler)
    HardFault_Handler                        0x0800085f   Thumb Code     4  gd32f4xx_it.o(i.HardFault_Handler)
    MemManage_Handler                        0x08000863   Thumb Code     4  gd32f4xx_it.o(i.MemManage_Handler)
    NMI_Handler                              0x08000867   Thumb Code     4  gd32f4xx_it.o(i.NMI_Handler)
    SysTick_Handler                          0x0800086d   Thumb Code    46  port.o(i.SysTick_Handler)
    SystemInit                               0x080008a1   Thumb Code   374  system_gd32f4xx.o(i.SystemInit)
    UsageFault_Handler                       0x08000a29   Thumb Code     4  gd32f4xx_it.o(i.UsageFault_Handler)
    __0printf                                0x08000a2d   Thumb Code    22  printfa.o(i.__0printf)
    __1printf                                0x08000a2d   Thumb Code     0  printfa.o(i.__0printf)
    __2printf                                0x08000a2d   Thumb Code     0  printfa.o(i.__0printf)
    __c89printf                              0x08000a2d   Thumb Code     0  printfa.o(i.__0printf)
    printf                                   0x08000a2d   Thumb Code     0  printfa.o(i.__0printf)
    __scatterload_copy                       0x08000a4d   Thumb Code    14  handlers.o(i.__scatterload_copy)
    __scatterload_null                       0x08000a5b   Thumb Code     2  handlers.o(i.__scatterload_null)
    __scatterload_zeroinit                   0x08000a5d   Thumb Code    14  handlers.o(i.__scatterload_zeroinit)
    app_cs1237_task_create                   0x08001315   Thumb Code    24  app_cs1237.o(i.app_cs1237_task_create)
    cs1237_configure                         0x0800133d   Thumb Code    54  bsp_cs1237.o(i.cs1237_configure)
    cs1237_init                              0x080013c1   Thumb Code    86  bsp_cs1237.o(i.cs1237_init)
    cs1237_read_adc_raw                      0x0800141d   Thumb Code   144  bsp_cs1237.o(i.cs1237_read_adc_raw)
    cs1237_read_adc_signed                   0x080014b5   Thumb Code    26  bsp_cs1237.o(i.cs1237_read_adc_signed)
    cs1237_read_reg                          0x080014d1   Thumb Code   352  bsp_cs1237.o(i.cs1237_read_reg)
    cs1237_write_reg                         0x080018ed   Thumb Code   362  bsp_cs1237.o(i.cs1237_write_reg)
    delay_1ms                                0x08001a61   Thumb Code    80  systick.o(i.delay_1ms)
    fputc                                    0x08001ab1   Thumb Code    32  usart.o(i.fputc)
    gpio_af_set                              0x08001b0d   Thumb Code    94  gd32f4xx_gpio.o(i.gpio_af_set)
    gpio_bit_reset                           0x08001b6b   Thumb Code     4  gd32f4xx_gpio.o(i.gpio_bit_reset)
    gpio_bit_set                             0x08001b6f   Thumb Code     4  gd32f4xx_gpio.o(i.gpio_bit_set)
    gpio_input_bit_get                       0x08001b73   Thumb Code    18  gd32f4xx_gpio.o(i.gpio_input_bit_get)
    gpio_mode_set                            0x08001b85   Thumb Code    78  gd32f4xx_gpio.o(i.gpio_mode_set)
    gpio_output_options_set                  0x08001bd3   Thumb Code    66  gd32f4xx_gpio.o(i.gpio_output_options_set)
    main                                     0x08001c81   Thumb Code    62  main.o(i.main)
    nvic_vector_table_set                    0x08001ce9   Thumb Code    16  gd32f4xx_misc.o(i.nvic_vector_table_set)
    pvPortMalloc                             0x08002741   Thumb Code   480  heap_4.o(i.pvPortMalloc)
    pxPortInitialiseStack                    0x0800293d   Thumb Code    38  port.o(i.pxPortInitialiseStack)
    rcu_clock_freq_get                       0x08002969   Thumb Code   264  gd32f4xx_rcu.o(i.rcu_clock_freq_get)
    rcu_periph_clock_enable                  0x08002a8d   Thumb Code    32  gd32f4xx_rcu.o(i.rcu_periph_clock_enable)
    rcu_periph_reset_disable                 0x08002ab1   Thumb Code    32  gd32f4xx_rcu.o(i.rcu_periph_reset_disable)
    rcu_periph_reset_enable                  0x08002ad5   Thumb Code    32  gd32f4xx_rcu.o(i.rcu_periph_reset_enable)
    systick_config                           0x08002c11   Thumb Code     2  systick.o(i.systick_config)
    usart_baudrate_set                       0x08002c15   Thumb Code   224  gd32f4xx_usart.o(i.usart_baudrate_set)
    usart_data_transmit                      0x08002cfd   Thumb Code     8  gd32f4xx_usart.o(i.usart_data_transmit)
    usart_debug_init                         0x08002d05   Thumb Code   130  usart.o(i.usart_debug_init)
    usart_deinit                             0x08002d91   Thumb Code   210  gd32f4xx_usart.o(i.usart_deinit)
    usart_enable                             0x08002e6d   Thumb Code    10  gd32f4xx_usart.o(i.usart_enable)
    usart_flag_get                           0x08002e77   Thumb Code    32  gd32f4xx_usart.o(i.usart_flag_get)
    usart_hardware_flow_coherence_config     0x08002e97   Thumb Code    24  gd32f4xx_usart.o(i.usart_hardware_flow_coherence_config)
    usart_parity_config                      0x08002eaf   Thumb Code    16  gd32f4xx_usart.o(i.usart_parity_config)
    usart_receive_config                     0x08002ebf   Thumb Code    16  gd32f4xx_usart.o(i.usart_receive_config)
    usart_stop_bit_set                       0x08002ecf   Thumb Code    16  gd32f4xx_usart.o(i.usart_stop_bit_set)
    usart_transmit_config                    0x08002edf   Thumb Code    16  gd32f4xx_usart.o(i.usart_transmit_config)
    usart_word_length_set                    0x08002eef   Thumb Code    16  gd32f4xx_usart.o(i.usart_word_length_set)
    uxListRemove                             0x08002eff   Thumb Code    40  list.o(i.uxListRemove)
    vListInitialise                          0x08002f27   Thumb Code    26  list.o(i.vListInitialise)
    vListInitialiseItem                      0x08002f41   Thumb Code     6  list.o(i.vListInitialiseItem)
    vListInsert                              0x08002f47   Thumb Code    52  list.o(i.vListInsert)
    vPortEnterCritical                       0x08002f7d   Thumb Code    76  port.o(i.vPortEnterCritical)
    vPortExitCritical                        0x08002fd1   Thumb Code    56  port.o(i.vPortExitCritical)
    vPortFree                                0x0800300d   Thumb Code   174  heap_4.o(i.vPortFree)
    vPortSetupTimerInterrupt                 0x080030cd   Thumb Code    36  port.o(i.vPortSetupTimerInterrupt)
    vQueueAddToRegistry                      0x080030f5   Thumb Code    90  queue.o(i.vQueueAddToRegistry)
    vQueueWaitForMessageRestricted           0x08003155   Thumb Code    74  queue.o(i.vQueueWaitForMessageRestricted)
    vTaskDelay                               0x080031a1   Thumb Code    82  tasks.o(i.vTaskDelay)
    vTaskInternalSetTimeOutState             0x080031fd   Thumb Code    14  tasks.o(i.vTaskInternalSetTimeOutState)
    vTaskMissedYield                         0x08003215   Thumb Code     8  tasks.o(i.vTaskMissedYield)
    vTaskPlaceOnEventList                    0x08003221   Thumb Code    52  tasks.o(i.vTaskPlaceOnEventList)
    vTaskPlaceOnEventListRestricted          0x08003259   Thumb Code    98  tasks.o(i.vTaskPlaceOnEventListRestricted)
    vTaskStartScheduler                      0x080032c1   Thumb Code   106  tasks.o(i.vTaskStartScheduler)
    vTaskSuspendAll                          0x0800333d   Thumb Code    12  tasks.o(i.vTaskSuspendAll)
    vTaskSwitchContext                       0x0800334d   Thumb Code   126  tasks.o(i.vTaskSwitchContext)
    xPortStartScheduler                      0x080033e1   Thumb Code   330  port.o(i.xPortStartScheduler)
    xQueueGenericCreate                      0x08003549   Thumb Code   102  queue.o(i.xQueueGenericCreate)
    xQueueGenericReset                       0x080035b1   Thumb Code   214  queue.o(i.xQueueGenericReset)
    xQueueReceive                            0x0800368d   Thumb Code   356  queue.o(i.xQueueReceive)
    xTaskCheckForTimeOut                     0x080037f5   Thumb Code   136  tasks.o(i.xTaskCheckForTimeOut)
    xTaskCreate                              0x08003885   Thumb Code    56  tasks.o(i.xTaskCreate)
    xTaskGetSchedulerState                   0x080038bd   Thumb Code    24  tasks.o(i.xTaskGetSchedulerState)
    xTaskGetTickCount                        0x080038dd   Thumb Code     6  tasks.o(i.xTaskGetTickCount)
    xTaskIncrementTick                       0x080038e9   Thumb Code   414  tasks.o(i.xTaskIncrementTick)
    xTaskRemoveFromEventList                 0x08003ab5   Thumb Code   280  tasks.o(i.xTaskRemoveFromEventList)
    xTaskResumeAll                           0x08003be5   Thumb Code   376  tasks.o(i.xTaskResumeAll)
    xTimerCreateTimerTask                    0x08003d81   Thumb Code    64  timers.o(i.xTimerCreateTimerTask)
    Region$$Table$$Base                      0x08003dd4   Number         0  anon$$obj.o(Region$$Table)
    Region$$Table$$Limit                     0x08003df4   Number         0  anon$$obj.o(Region$$Table)
    SystemCoreClock                          0x20000000   Data           4  system_gd32f4xx.o(.data)
    pxCurrentTCB                             0x20000004   Data           4  tasks.o(.data)
    __stdout                                 0x20000080   Data           4  stdout.o(.data)
    xQueueRegistry                           0x2000014c   Data          64  queue.o(.bss)
    __initial_sp                             0x200105b8   Data           0  startup_gd32f450_470.o(STACK)



==============================================================================

Memory Map of the image

  Image Entry point : 0x08000285

  Load Region LR_1 (Base: 0x08000000, Size: 0x00003e78, Max: 0xffffffff, ABSOLUTE)

    Execution Region ER_RO (Exec base: 0x08000000, Load base: 0x08000000, Size: 0x00003df4, Max: 0xffffffff, ABSOLUTE)

    Exec Addr    Load Addr    Size         Type   Attr      Idx    E Section Name        Object

    0x08000000   0x08000000   0x000001ac   Data   RO         1279    RESET               startup_gd32f450_470.o
    0x080001ac   0x080001ac   0x00000000   Code   RO         2654  * .ARM.Collect$$$$00000000  mc_w.l(entry.o)
    0x080001ac   0x080001ac   0x00000004   Code   RO         2930    .ARM.Collect$$$$00000001  mc_w.l(entry2.o)
    0x080001b0   0x080001b0   0x00000004   Code   RO         2933    .ARM.Collect$$$$00000004  mc_w.l(entry5.o)
    0x080001b4   0x080001b4   0x00000000   Code   RO         2935    .ARM.Collect$$$$00000008  mc_w.l(entry7b.o)
    0x080001b4   0x080001b4   0x00000000   Code   RO         2937    .ARM.Collect$$$$0000000A  mc_w.l(entry8b.o)
    0x080001b4   0x080001b4   0x00000008   Code   RO         2938    .ARM.Collect$$$$0000000B  mc_w.l(entry9a.o)
    0x080001bc   0x080001bc   0x00000004   Code   RO         2945    .ARM.Collect$$$$0000000E  mc_w.l(entry12b.o)
    0x080001c0   0x080001c0   0x00000000   Code   RO         2940    .ARM.Collect$$$$0000000F  mc_w.l(entry10a.o)
    0x080001c0   0x080001c0   0x00000000   Code   RO         2942    .ARM.Collect$$$$00000011  mc_w.l(entry11a.o)
    0x080001c0   0x080001c0   0x00000004   Code   RO         2931    .ARM.Collect$$$$00002712  mc_w.l(entry2.o)
    0x080001c4   0x080001c4   0x000000be   Code   RO         2498    .emb_text           port.o
    0x08000282   0x08000282   0x00000002   PAD
    0x08000284   0x08000284   0x00000024   Code   RO         1280  * .text               startup_gd32f450_470.o
    0x080002a8   0x080002a8   0x00000062   Code   RO         2657    .text               mc_w.l(uldiv.o)
    0x0800030a   0x0800030a   0x00000024   Code   RO         2659    .text               mc_w.l(memcpya.o)
    0x0800032e   0x0800032e   0x00000024   Code   RO         2663    .text               mc_w.l(memseta.o)
    0x08000352   0x08000352   0x00000026   Code   RO         2928    .text               mf_w.l(f2d.o)
    0x08000378   0x08000378   0x0000002c   Code   RO         2947    .text               mc_w.l(uidiv.o)
    0x080003a4   0x080003a4   0x0000001e   Code   RO         2949    .text               mc_w.l(llshl.o)
    0x080003c2   0x080003c2   0x00000020   Code   RO         2951    .text               mc_w.l(llushr.o)
    0x080003e2   0x080003e2   0x00000000   Code   RO         2953    .text               mc_w.l(iusefp.o)
    0x080003e2   0x080003e2   0x0000014e   Code   RO         2954    .text               mf_w.l(dadd.o)
    0x08000530   0x08000530   0x000000e4   Code   RO         2956    .text               mf_w.l(dmul.o)
    0x08000614   0x08000614   0x000000de   Code   RO         2958    .text               mf_w.l(ddiv.o)
    0x080006f2   0x080006f2   0x00000030   Code   RO         2960    .text               mf_w.l(dfixul.o)
    0x08000722   0x08000722   0x00000002   PAD
    0x08000724   0x08000724   0x00000030   Code   RO         2962    .text               mf_w.l(cdrcmple.o)
    0x08000754   0x08000754   0x00000024   Code   RO         2964    .text               mc_w.l(init.o)
    0x08000778   0x08000778   0x00000024   Code   RO         2966    .text               mc_w.l(llsshr.o)
    0x0800079c   0x0800079c   0x000000ba   Code   RO         2968    .text               mf_w.l(depilogue.o)
    0x08000856   0x08000856   0x00000004   Code   RO            3    i.BusFault_Handler  gd32f4xx_it.o
    0x0800085a   0x0800085a   0x00000004   Code   RO            4    i.DebugMon_Handler  gd32f4xx_it.o
    0x0800085e   0x0800085e   0x00000004   Code   RO            5    i.HardFault_Handler  gd32f4xx_it.o
    0x08000862   0x08000862   0x00000004   Code   RO            6    i.MemManage_Handler  gd32f4xx_it.o
    0x08000866   0x08000866   0x00000004   Code   RO            7    i.NMI_Handler       gd32f4xx_it.o
    0x0800086a   0x0800086a   0x00000002   PAD
    0x0800086c   0x0800086c   0x00000034   Code   RO         2499    i.SysTick_Handler   port.o
    0x080008a0   0x080008a0   0x00000188   Code   RO         1287    i.SystemInit        system_gd32f4xx.o
    0x08000a28   0x08000a28   0x00000004   Code   RO            8    i.UsageFault_Handler  gd32f4xx_it.o
    0x08000a2c   0x08000a2c   0x00000020   Code   RO         2900    i.__0printf         mc_w.l(printfa.o)
    0x08000a4c   0x08000a4c   0x0000000e   Code   RO         2972    i.__scatterload_copy  mc_w.l(handlers.o)
    0x08000a5a   0x08000a5a   0x00000002   Code   RO         2973    i.__scatterload_null  mc_w.l(handlers.o)
    0x08000a5c   0x08000a5c   0x0000000e   Code   RO         2974    i.__scatterload_zeroinit  mc_w.l(handlers.o)
    0x08000a6a   0x08000a6a   0x00000002   PAD
    0x08000a6c   0x08000a6c   0x00000184   Code   RO         2907    i._fp_digits        mc_w.l(printfa.o)
    0x08000bf0   0x08000bf0   0x000006b4   Code   RO         2908    i._printf_core      mc_w.l(printfa.o)
    0x080012a4   0x080012a4   0x00000024   Code   RO         2909    i._printf_post_padding  mc_w.l(printfa.o)
    0x080012c8   0x080012c8   0x0000002e   Code   RO         2910    i._printf_pre_padding  mc_w.l(printfa.o)
    0x080012f6   0x080012f6   0x0000001c   Code   RO         1288    i._soft_delay_      system_gd32f4xx.o
    0x08001312   0x08001312   0x00000002   PAD
    0x08001314   0x08001314   0x00000028   Code   RO         1436    i.app_cs1237_task_create  app_cs1237.o
    0x0800133c   0x0800133c   0x00000036   Code   RO         1339    i.cs1237_configure  bsp_cs1237.o
    0x08001372   0x08001372   0x0000001a   Code   RO         1340    i.cs1237_delay_us   bsp_cs1237.o
    0x0800138c   0x0800138c   0x00000014   Code   RO         1341    i.cs1237_dout_as_input  bsp_cs1237.o
    0x080013a0   0x080013a0   0x00000020   Code   RO         1342    i.cs1237_dout_as_output  bsp_cs1237.o
    0x080013c0   0x080013c0   0x0000005c   Code   RO         1343    i.cs1237_init       bsp_cs1237.o
    0x0800141c   0x0800141c   0x00000098   Code   RO         1344    i.cs1237_read_adc_raw  bsp_cs1237.o
    0x080014b4   0x080014b4   0x0000001a   Code   RO         1345    i.cs1237_read_adc_signed  bsp_cs1237.o
    0x080014ce   0x080014ce   0x00000002   PAD
    0x080014d0   0x080014d0   0x00000168   Code   RO         1346    i.cs1237_read_reg   bsp_cs1237.o
    0x08001638   0x08001638   0x000002b4   Code   RO         1437    i.cs1237_task       app_cs1237.o
    0x080018ec   0x080018ec   0x00000174   Code   RO         1347    i.cs1237_write_reg  bsp_cs1237.o
    0x08001a60   0x08001a60   0x00000050   Code   RO          241    i.delay_1ms         systick.o
    0x08001ab0   0x08001ab0   0x00000024   Code   RO          267    i.fputc             usart.o
    0x08001ad4   0x08001ad4   0x00000038   Code   RO         1438    i.get_gain_multiplier  app_cs1237.o
    0x08001b0c   0x08001b0c   0x0000005e   Code   RO          293    i.gpio_af_set       gd32f4xx_gpio.o
    0x08001b6a   0x08001b6a   0x00000004   Code   RO          294    i.gpio_bit_reset    gd32f4xx_gpio.o
    0x08001b6e   0x08001b6e   0x00000004   Code   RO          295    i.gpio_bit_set      gd32f4xx_gpio.o
    0x08001b72   0x08001b72   0x00000012   Code   RO          299    i.gpio_input_bit_get  gd32f4xx_gpio.o
    0x08001b84   0x08001b84   0x0000004e   Code   RO          301    i.gpio_mode_set     gd32f4xx_gpio.o
    0x08001bd2   0x08001bd2   0x00000042   Code   RO          303    i.gpio_output_options_set  gd32f4xx_gpio.o
    0x08001c14   0x08001c14   0x00000012   Code   RO         1439    i.kalman_init       app_cs1237.o
    0x08001c26   0x08001c26   0x0000005a   Code   RO         1440    i.kalman_update     app_cs1237.o
    0x08001c80   0x08001c80   0x00000068   Code   RO          181    i.main              main.o
    0x08001ce8   0x08001ce8   0x00000018   Code   RO          696    i.nvic_vector_table_set  gd32f4xx_misc.o
    0x08001d00   0x08001d00   0x000000cc   Code   RO         1475    i.prvAddCurrentTaskToDelayedList  tasks.o
    0x08001dcc   0x08001dcc   0x000000f0   Code   RO         1476    i.prvAddNewTaskToReadyList  tasks.o
    0x08001ebc   0x08001ebc   0x00000064   Code   RO         2100    i.prvCheckForValidListAndQueue  timers.o
    0x08001f20   0x08001f20   0x00000048   Code   RO         1477    i.prvCheckTasksWaitingTermination  tasks.o
    0x08001f68   0x08001f68   0x0000002a   Code   RO         1853    i.prvCopyDataFromQueue  queue.o
    0x08001f92   0x08001f92   0x00000002   PAD
    0x08001f94   0x08001f94   0x00000078   Code   RO         1478    i.prvCreateIdleTasks  tasks.o
    0x0800200c   0x0800200c   0x0000005a   Code   RO         1479    i.prvCreateTask     tasks.o
    0x08002066   0x08002066   0x00000012   Code   RO         1480    i.prvDeleteTCB      tasks.o
    0x08002078   0x08002078   0x00000028   Code   RO         2101    i.prvGetNextExpireTime  timers.o
    0x080020a0   0x080020a0   0x0000006c   Code   RO         2581    i.prvHeapInit       heap_4.o
    0x0800210c   0x0800210c   0x00000028   Code   RO         1481    i.prvIdleTask       tasks.o
    0x08002134   0x08002134   0x00000026   Code   RO         1857    i.prvInitialiseNewQueue  queue.o
    0x0800215a   0x0800215a   0x000000ea   Code   RO         1482    i.prvInitialiseNewTask  tasks.o
    0x08002244   0x08002244   0x00000068   Code   RO         1483    i.prvInitialiseTaskLists  tasks.o
    0x080022ac   0x080022ac   0x000000a0   Code   RO         2582    i.prvInsertBlockIntoFreeList  heap_4.o
    0x0800234c   0x0800234c   0x00000058   Code   RO         2103    i.prvInsertTimerInActiveList  timers.o
    0x080023a4   0x080023a4   0x0000001a   Code   RO         1858    i.prvIsQueueEmpty   queue.o
    0x080023be   0x080023be   0x00000002   PAD
    0x080023c0   0x080023c0   0x00000044   Code   RO         2104    i.prvProcessExpiredTimer  timers.o
    0x08002404   0x08002404   0x00000128   Code   RO         2105    i.prvProcessReceivedCommands  timers.o
    0x0800252c   0x0800252c   0x00000074   Code   RO         2106    i.prvProcessTimerOrBlockTask  timers.o
    0x080025a0   0x080025a0   0x00000028   Code   RO         2107    i.prvReloadTimer    timers.o
    0x080025c8   0x080025c8   0x00000030   Code   RO         1484    i.prvResetNextTaskUnblockTime  tasks.o
    0x080025f8   0x080025f8   0x0000002c   Code   RO         2108    i.prvSampleTimeNow  timers.o
    0x08002624   0x08002624   0x00000044   Code   RO         2109    i.prvSwitchTimerLists  timers.o
    0x08002668   0x08002668   0x00000040   Code   RO         2500    i.prvTaskExitError  port.o
    0x080026a8   0x080026a8   0x0000001a   Code   RO         2110    i.prvTimerTask      timers.o
    0x080026c2   0x080026c2   0x0000007e   Code   RO         1860    i.prvUnlockQueue    queue.o
    0x08002740   0x08002740   0x000001fc   Code   RO         2584    i.pvPortMalloc      heap_4.o
    0x0800293c   0x0800293c   0x0000002c   Code   RO         2501    i.pxPortInitialiseStack  port.o
    0x08002968   0x08002968   0x00000124   Code   RO          406    i.rcu_clock_freq_get  gd32f4xx_rcu.o
    0x08002a8c   0x08002a8c   0x00000024   Code   RO          425    i.rcu_periph_clock_enable  gd32f4xx_rcu.o
    0x08002ab0   0x08002ab0   0x00000024   Code   RO          428    i.rcu_periph_reset_disable  gd32f4xx_rcu.o
    0x08002ad4   0x08002ad4   0x00000024   Code   RO          429    i.rcu_periph_reset_enable  gd32f4xx_rcu.o
    0x08002af8   0x08002af8   0x00000110   Code   RO         1290    i.system_clock_200m_25m_hxtal  system_gd32f4xx.o
    0x08002c08   0x08002c08   0x00000008   Code   RO         1291    i.system_clock_config  system_gd32f4xx.o
    0x08002c10   0x08002c10   0x00000002   Code   RO          242    i.systick_config    systick.o
    0x08002c12   0x08002c12   0x00000002   PAD
    0x08002c14   0x08002c14   0x000000e8   Code   RO          754    i.usart_baudrate_set  gd32f4xx_usart.o
    0x08002cfc   0x08002cfc   0x00000008   Code   RO          759    i.usart_data_transmit  gd32f4xx_usart.o
    0x08002d04   0x08002d04   0x0000008c   Code   RO          268    i.usart_debug_init  usart.o
    0x08002d90   0x08002d90   0x000000dc   Code   RO          760    i.usart_deinit      gd32f4xx_usart.o
    0x08002e6c   0x08002e6c   0x0000000a   Code   RO          764    i.usart_enable      gd32f4xx_usart.o
    0x08002e76   0x08002e76   0x00000020   Code   RO          766    i.usart_flag_get    gd32f4xx_usart.o
    0x08002e96   0x08002e96   0x00000018   Code   RO          770    i.usart_hardware_flow_coherence_config  gd32f4xx_usart.o
    0x08002eae   0x08002eae   0x00000010   Code   RO          789    i.usart_parity_config  gd32f4xx_usart.o
    0x08002ebe   0x08002ebe   0x00000010   Code   RO          791    i.usart_receive_config  gd32f4xx_usart.o
    0x08002ece   0x08002ece   0x00000010   Code   RO          802    i.usart_stop_bit_set  gd32f4xx_usart.o
    0x08002ede   0x08002ede   0x00000010   Code   RO          806    i.usart_transmit_config  gd32f4xx_usart.o
    0x08002eee   0x08002eee   0x00000010   Code   RO          807    i.usart_word_length_set  gd32f4xx_usart.o
    0x08002efe   0x08002efe   0x00000028   Code   RO         2063    i.uxListRemove      list.o
    0x08002f26   0x08002f26   0x0000001a   Code   RO         2064    i.vListInitialise   list.o
    0x08002f40   0x08002f40   0x00000006   Code   RO         2065    i.vListInitialiseItem  list.o
    0x08002f46   0x08002f46   0x00000034   Code   RO         2066    i.vListInsert       list.o
    0x08002f7a   0x08002f7a   0x00000002   PAD
    0x08002f7c   0x08002f7c   0x00000054   Code   RO         2503    i.vPortEnterCritical  port.o
    0x08002fd0   0x08002fd0   0x0000003c   Code   RO         2504    i.vPortExitCritical  port.o
    0x0800300c   0x0800300c   0x000000c0   Code   RO         2585    i.vPortFree         heap_4.o
    0x080030cc   0x080030cc   0x00000028   Code   RO         2505    i.vPortSetupTimerInterrupt  port.o
    0x080030f4   0x080030f4   0x00000060   Code   RO         1866    i.vQueueAddToRegistry  queue.o
    0x08003154   0x08003154   0x0000004a   Code   RO         1869    i.vQueueWaitForMessageRestricted  queue.o
    0x0800319e   0x0800319e   0x00000002   PAD
    0x080031a0   0x080031a0   0x0000005c   Code   RO         1495    i.vTaskDelay        tasks.o
    0x080031fc   0x080031fc   0x00000018   Code   RO         1499    i.vTaskInternalSetTimeOutState  tasks.o
    0x08003214   0x08003214   0x0000000c   Code   RO         1500    i.vTaskMissedYield  tasks.o
    0x08003220   0x08003220   0x00000038   Code   RO         1501    i.vTaskPlaceOnEventList  tasks.o
    0x08003258   0x08003258   0x00000068   Code   RO         1502    i.vTaskPlaceOnEventListRestricted  tasks.o
    0x080032c0   0x080032c0   0x0000007c   Code   RO         1510    i.vTaskStartScheduler  tasks.o
    0x0800333c   0x0800333c   0x00000010   Code   RO         1512    i.vTaskSuspendAll   tasks.o
    0x0800334c   0x0800334c   0x00000094   Code   RO         1513    i.vTaskSwitchContext  tasks.o
    0x080033e0   0x080033e0   0x00000168   Code   RO         2507    i.xPortStartScheduler  port.o
    0x08003548   0x08003548   0x00000066   Code   RO         1872    i.xQueueGenericCreate  queue.o
    0x080035ae   0x080035ae   0x00000002   PAD
    0x080035b0   0x080035b0   0x000000dc   Code   RO         1873    i.xQueueGenericReset  queue.o
    0x0800368c   0x0800368c   0x00000168   Code   RO         1882    i.xQueueReceive     queue.o
    0x080037f4   0x080037f4   0x00000090   Code   RO         1515    i.xTaskCheckForTimeOut  tasks.o
    0x08003884   0x08003884   0x00000038   Code   RO         1516    i.xTaskCreate       tasks.o
    0x080038bc   0x080038bc   0x00000020   Code   RO         1524    i.xTaskGetSchedulerState  tasks.o
    0x080038dc   0x080038dc   0x0000000c   Code   RO         1525    i.xTaskGetTickCount  tasks.o
    0x080038e8   0x080038e8   0x000001cc   Code   RO         1527    i.xTaskIncrementTick  tasks.o
    0x08003ab4   0x08003ab4   0x00000130   Code   RO         1530    i.xTaskRemoveFromEventList  tasks.o
    0x08003be4   0x08003be4   0x0000019c   Code   RO         1531    i.xTaskResumeAll    tasks.o
    0x08003d80   0x08003d80   0x00000054   Code   RO         2117    i.xTimerCreateTimerTask  timers.o
    0x08003dd4   0x08003dd4   0x00000020   Data   RO         2970    Region$$Table       anon$$obj.o


    Execution Region ER_RW (Exec base: 0x20000000, Load base: 0x08003df4, Size: 0x00000084, Max: 0xffffffff, ABSOLUTE)

    Exec Addr    Load Addr    Size         Type   Attr      Idx    E Section Name        Object

    0x20000000   0x08003df4   0x00000004   Data   RW         1292    .data               system_gd32f4xx.o
    0x20000004   0x08003df8   0x00000040   Data   RW         1534    .data               tasks.o
    0x20000044   0x08003e38   0x00000014   Data   RW         2126    .data               timers.o
    0x20000058   0x08003e4c   0x0000000c   Data   RW         2508    .data               port.o
    0x20000064   0x08003e58   0x0000001c   Data   RW         2593    .data               heap_4.o
    0x20000080   0x08003e74   0x00000004   Data   RW         2946    .data               mc_w.l(stdout.o)


    Execution Region ER_ZI (Exec base: 0x20000084, Load base: 0x08003e78, Size: 0x00010534, Max: 0xffffffff, ABSOLUTE)

    Exec Addr    Load Addr    Size         Type   Attr      Idx    E Section Name        Object

    0x20000084        -       0x000000c8   Zero   RW         1533    .bss                tasks.o
    0x2000014c        -       0x00000040   Zero   RW         1886    .bss                queue.o
    0x2000018c        -       0x00000028   Zero   RW         2125    .bss                timers.o
    0x200001b4        -       0x00010000   Zero   RW         2592    .bss                heap_4.o
    0x200101b4   0x08003e78   0x00000004   PAD
    0x200101b8        -       0x00000400   Zero   RW         1277    STACK               startup_gd32f450_470.o


==============================================================================

Image component sizes


      Code (inc. data)   RO Data    RW Data    ZI Data      Debug   Object Name

       896        258          0          0          0       3997   app_cs1237.o
      1134         40          0          0          0       7749   bsp_cs1237.o
       264          0          0          0          0       4453   gd32f4xx_gpio.o
        24          0          0          0          0      45473   gd32f4xx_it.o
        24          8          0          0          0        644   gd32f4xx_misc.o
       400         40          0          0          0       3628   gd32f4xx_rcu.o
       606         18          0          0          0       7535   gd32f4xx_usart.o
       968         82          0         28      65536       5947   heap_4.o
       124          0          0          0          0       2701   list.o
       104         42          0          0          0      11539   main.o
       894         78          0         12          0      10784   port.o
      1084         16          0          0         64      19051   queue.o
        36          8        428          0       1024        896   startup_gd32f450_470.o
       700         32          0          4          0       4051   system_gd32f4xx.o
        82          0          0          0          0       1413   systick.o
      3166        342          0         64        200      36356   tasks.o
       970        108          0         20         40      26648   timers.o
       176         14          0          0          0       1167   usart.o

    ----------------------------------------------------------------------
     11672       1086        460        128      66868     194032   Object Totals
         0          0         32          0          0          0   (incl. Generated)
        20          0          0          0          4          0   (incl. Padding)

    ----------------------------------------------------------------------

      Code (inc. data)   RO Data    RW Data    ZI Data      Debug   Library Member Name

         0          0          0          0          0          0   entry.o
         0          0          0          0          0          0   entry10a.o
         0          0          0          0          0          0   entry11a.o
         4          0          0          0          0          0   entry12b.o
         8          4          0          0          0          0   entry2.o
         4          0          0          0          0          0   entry5.o
         0          0          0          0          0          0   entry7b.o
         0          0          0          0          0          0   entry8b.o
         8          4          0          0          0          0   entry9a.o
        30          0          0          0          0          0   handlers.o
        36          8          0          0          0         68   init.o
         0          0          0          0          0          0   iusefp.o
        30          0          0          0          0         68   llshl.o
        36          0          0          0          0         68   llsshr.o
        32          0          0          0          0         68   llushr.o
        36          0          0          0          0         68   memcpya.o
        36          0          0          0          0        108   memseta.o
      2218         90          0          0          0        464   printfa.o
         0          0          0          4          0          0   stdout.o
        44          0          0          0          0         80   uidiv.o
        98          0          0          0          0         92   uldiv.o
        48          0          0          0          0         68   cdrcmple.o
       334          0          0          0          0        148   dadd.o
       222          0          0          0          0        100   ddiv.o
       186          0          0          0          0        176   depilogue.o
        48          0          0          0          0         68   dfixul.o
       228          0          0          0          0         96   dmul.o
        38          0          0          0          0         68   f2d.o

    ----------------------------------------------------------------------
      3728        106          0          4          0       1808   Library Totals
         4          0          0          0          0          0   (incl. Padding)

    ----------------------------------------------------------------------

      Code (inc. data)   RO Data    RW Data    ZI Data      Debug   Library Name

      2620        106          0          4          0       1084   mc_w.l
      1104          0          0          0          0        724   mf_w.l

    ----------------------------------------------------------------------
      3728        106          0          4          0       1808   Library Totals

    ----------------------------------------------------------------------

==============================================================================


      Code (inc. data)   RO Data    RW Data    ZI Data      Debug   

     15400       1192        460        132      66868     184460   Grand Totals
     15400       1192        460        132      66868     184460   ELF Image Totals
     15400       1192        460        132          0          0   ROM Totals

==============================================================================

    Total RO  Size (Code + RO Data)                15860 (  15.49kB)
    Total RW  Size (RW Data + ZI Data)             67000 (  65.43kB)
    Total ROM Size (Code + RO Data + RW Data)      15992 (  15.62kB)

==============================================================================

