<!doctype html public "-//w3c//dtd html 4.0 transitional//en">
<html><head>
<title>Static Call Graph - [.\Objects\GD32f450.axf]</title></head>
<body><HR>
<H1>Static Call Graph for image .\Objects\GD32f450.axf</H1><HR>
<BR><P>#&#060CALLGRAPH&#062# ARM Linker, 5060960: Last Updated: Fri Jul 31 16:49:00 2026
<BR><P>
<H3>Maximum Stack Usage =        580 bytes + Unknown(Cycles, Untraceable Function Pointers)</H3><H3>
Call chain for Maximum Stack Depth:</H3>
ethernet_input &rArr; ip_input &rArr; tcp_input &rArr; tcp_listen_input &rArr; tcp_alloc &rArr; tcp_kill_prio &rArr; tcp_abandon &rArr; tcp_pcb_remove &rArr; tcp_output &rArr; tcp_output_segment &rArr; ip_output &rArr; ip_output_if &rArr; ip_frag &rArr; pbuf_alloc &rArr; pbuf_free &rArr; mem_free &rArr; plug_holes
<P>
<H3>
Mutually Recursive functions
</H3> <LI><a href="#[1c]">ADC_IRQHandler</a>&nbsp;&nbsp;&nbsp;&rArr;&nbsp;&nbsp;&nbsp;<a href="#[1c]">ADC_IRQHandler</a><BR>
</UL>
<P>
<H3>
Function Pointers
</H3><UL>
 <LI><a href="#[1c]">ADC_IRQHandler</a> from startup_gd32f450_470.o(.text) referenced from startup_gd32f450_470.o(RESET)
 <LI><a href="#[4]">BusFault_Handler</a> from gd32f4xx_it.o(i.BusFault_Handler) referenced from startup_gd32f450_470.o(RESET)
 <LI><a href="#[20]">CAN0_EWMC_IRQHandler</a> from startup_gd32f450_470.o(.text) referenced from startup_gd32f450_470.o(RESET)
 <LI><a href="#[1e]">CAN0_RX0_IRQHandler</a> from startup_gd32f450_470.o(.text) referenced from startup_gd32f450_470.o(RESET)
 <LI><a href="#[1f]">CAN0_RX1_IRQHandler</a> from startup_gd32f450_470.o(.text) referenced from startup_gd32f450_470.o(RESET)
 <LI><a href="#[1d]">CAN0_TX_IRQHandler</a> from startup_gd32f450_470.o(.text) referenced from startup_gd32f450_470.o(RESET)
 <LI><a href="#[4c]">CAN1_EWMC_IRQHandler</a> from startup_gd32f450_470.o(.text) referenced from startup_gd32f450_470.o(RESET)
 <LI><a href="#[4a]">CAN1_RX0_IRQHandler</a> from startup_gd32f450_470.o(.text) referenced from startup_gd32f450_470.o(RESET)
 <LI><a href="#[4b]">CAN1_RX1_IRQHandler</a> from startup_gd32f450_470.o(.text) referenced from startup_gd32f450_470.o(RESET)
 <LI><a href="#[49]">CAN1_TX_IRQHandler</a> from startup_gd32f450_470.o(.text) referenced from startup_gd32f450_470.o(RESET)
 <LI><a href="#[58]">DCI_IRQHandler</a> from startup_gd32f450_470.o(.text) referenced from startup_gd32f450_470.o(RESET)
 <LI><a href="#[15]">DMA0_Channel0_IRQHandler</a> from startup_gd32f450_470.o(.text) referenced from startup_gd32f450_470.o(RESET)
 <LI><a href="#[16]">DMA0_Channel1_IRQHandler</a> from startup_gd32f450_470.o(.text) referenced from startup_gd32f450_470.o(RESET)
 <LI><a href="#[17]">DMA0_Channel2_IRQHandler</a> from startup_gd32f450_470.o(.text) referenced from startup_gd32f450_470.o(RESET)
 <LI><a href="#[18]">DMA0_Channel3_IRQHandler</a> from startup_gd32f450_470.o(.text) referenced from startup_gd32f450_470.o(RESET)
 <LI><a href="#[19]">DMA0_Channel4_IRQHandler</a> from startup_gd32f450_470.o(.text) referenced from startup_gd32f450_470.o(RESET)
 <LI><a href="#[1a]">DMA0_Channel5_IRQHandler</a> from startup_gd32f450_470.o(.text) referenced from startup_gd32f450_470.o(RESET)
 <LI><a href="#[1b]">DMA0_Channel6_IRQHandler</a> from startup_gd32f450_470.o(.text) referenced from startup_gd32f450_470.o(RESET)
 <LI><a href="#[39]">DMA0_Channel7_IRQHandler</a> from startup_gd32f450_470.o(.text) referenced from startup_gd32f450_470.o(RESET)
 <LI><a href="#[42]">DMA1_Channel0_IRQHandler</a> from startup_gd32f450_470.o(.text) referenced from startup_gd32f450_470.o(RESET)
 <LI><a href="#[43]">DMA1_Channel1_IRQHandler</a> from startup_gd32f450_470.o(.text) referenced from startup_gd32f450_470.o(RESET)
 <LI><a href="#[44]">DMA1_Channel2_IRQHandler</a> from startup_gd32f450_470.o(.text) referenced from startup_gd32f450_470.o(RESET)
 <LI><a href="#[45]">DMA1_Channel3_IRQHandler</a> from startup_gd32f450_470.o(.text) referenced from startup_gd32f450_470.o(RESET)
 <LI><a href="#[46]">DMA1_Channel4_IRQHandler</a> from startup_gd32f450_470.o(.text) referenced from startup_gd32f450_470.o(RESET)
 <LI><a href="#[4e]">DMA1_Channel5_IRQHandler</a> from startup_gd32f450_470.o(.text) referenced from startup_gd32f450_470.o(RESET)
 <LI><a href="#[4f]">DMA1_Channel6_IRQHandler</a> from startup_gd32f450_470.o(.text) referenced from startup_gd32f450_470.o(RESET)
 <LI><a href="#[50]">DMA1_Channel7_IRQHandler</a> from startup_gd32f450_470.o(.text) referenced from startup_gd32f450_470.o(RESET)
 <LI><a href="#[7]">DebugMon_Handler</a> from gd32f4xx_it.o(i.DebugMon_Handler) referenced from startup_gd32f450_470.o(RESET)
 <LI><a href="#[47]">ENET_IRQHandler</a> from startup_gd32f450_470.o(.text) referenced from startup_gd32f450_470.o(RESET)
 <LI><a href="#[48]">ENET_WKUP_IRQHandler</a> from startup_gd32f450_470.o(.text) referenced from startup_gd32f450_470.o(RESET)
 <LI><a href="#[3a]">EXMC_IRQHandler</a> from startup_gd32f450_470.o(.text) referenced from startup_gd32f450_470.o(RESET)
 <LI><a href="#[10]">EXTI0_IRQHandler</a> from startup_gd32f450_470.o(.text) referenced from startup_gd32f450_470.o(RESET)
 <LI><a href="#[32]">EXTI10_15_IRQHandler</a> from startup_gd32f450_470.o(.text) referenced from startup_gd32f450_470.o(RESET)
 <LI><a href="#[11]">EXTI1_IRQHandler</a> from startup_gd32f450_470.o(.text) referenced from startup_gd32f450_470.o(RESET)
 <LI><a href="#[12]">EXTI2_IRQHandler</a> from startup_gd32f450_470.o(.text) referenced from startup_gd32f450_470.o(RESET)
 <LI><a href="#[13]">EXTI3_IRQHandler</a> from startup_gd32f450_470.o(.text) referenced from startup_gd32f450_470.o(RESET)
 <LI><a href="#[14]">EXTI4_IRQHandler</a> from startup_gd32f450_470.o(.text) referenced from startup_gd32f450_470.o(RESET)
 <LI><a href="#[21]">EXTI5_9_IRQHandler</a> from startup_gd32f450_470.o(.text) referenced from startup_gd32f450_470.o(RESET)
 <LI><a href="#[e]">FMC_IRQHandler</a> from startup_gd32f450_470.o(.text) referenced from startup_gd32f450_470.o(RESET)
 <LI><a href="#[5a]">FPU_IRQHandler</a> from startup_gd32f450_470.o(.text) referenced from startup_gd32f450_470.o(RESET)
 <LI><a href="#[2]">HardFault_Handler</a> from gd32f4xx_it.o(i.HardFault_Handler) referenced from startup_gd32f450_470.o(RESET)
 <LI><a href="#[2a]">I2C0_ER_IRQHandler</a> from startup_gd32f450_470.o(.text) referenced from startup_gd32f450_470.o(RESET)
 <LI><a href="#[29]">I2C0_EV_IRQHandler</a> from startup_gd32f450_470.o(.text) referenced from startup_gd32f450_470.o(RESET)
 <LI><a href="#[2c]">I2C1_ER_IRQHandler</a> from startup_gd32f450_470.o(.text) referenced from startup_gd32f450_470.o(RESET)
 <LI><a href="#[2b]">I2C1_EV_IRQHandler</a> from startup_gd32f450_470.o(.text) referenced from startup_gd32f450_470.o(RESET)
 <LI><a href="#[53]">I2C2_ER_IRQHandler</a> from startup_gd32f450_470.o(.text) referenced from startup_gd32f450_470.o(RESET)
 <LI><a href="#[52]">I2C2_EV_IRQHandler</a> from startup_gd32f450_470.o(.text) referenced from startup_gd32f450_470.o(RESET)
 <LI><a href="#[62]">IPA_IRQHandler</a> from startup_gd32f450_470.o(.text) referenced from startup_gd32f450_470.o(RESET)
 <LI><a href="#[b]">LVD_IRQHandler</a> from startup_gd32f450_470.o(.text) referenced from startup_gd32f450_470.o(RESET)
 <LI><a href="#[3]">MemManage_Handler</a> from gd32f4xx_it.o(i.MemManage_Handler) referenced from startup_gd32f450_470.o(RESET)
 <LI><a href="#[1]">NMI_Handler</a> from gd32f4xx_it.o(i.NMI_Handler) referenced from startup_gd32f450_470.o(RESET)
 <LI><a href="#[8]">PendSV_Handler</a> from port.o(.emb_text) referenced from startup_gd32f450_470.o(RESET)
 <LI><a href="#[f]">RCU_CTC_IRQHandler</a> from startup_gd32f450_470.o(.text) referenced from startup_gd32f450_470.o(RESET)
 <LI><a href="#[33]">RTC_Alarm_IRQHandler</a> from startup_gd32f450_470.o(.text) referenced from startup_gd32f450_470.o(RESET)
 <LI><a href="#[d]">RTC_WKUP_IRQHandler</a> from startup_gd32f450_470.o(.text) referenced from startup_gd32f450_470.o(RESET)
 <LI><a href="#[75]">Reset_Handler</a> from startup_gd32f450_470.o(.text) referenced from startup_gd32f450_470.o(RESET)
 <LI><a href="#[3b]">SDIO_IRQHandler</a> from startup_gd32f450_470.o(.text) referenced from startup_gd32f450_470.o(RESET)
 <LI><a href="#[2d]">SPI0_IRQHandler</a> from startup_gd32f450_470.o(.text) referenced from startup_gd32f450_470.o(RESET)
 <LI><a href="#[2e]">SPI1_IRQHandler</a> from startup_gd32f450_470.o(.text) referenced from startup_gd32f450_470.o(RESET)
 <LI><a href="#[3d]">SPI2_IRQHandler</a> from startup_gd32f450_470.o(.text) referenced from startup_gd32f450_470.o(RESET)
 <LI><a href="#[5d]">SPI3_IRQHandler</a> from startup_gd32f450_470.o(.text) referenced from startup_gd32f450_470.o(RESET)
 <LI><a href="#[5e]">SPI4_IRQHandler</a> from startup_gd32f450_470.o(.text) referenced from startup_gd32f450_470.o(RESET)
 <LI><a href="#[5f]">SPI5_IRQHandler</a> from startup_gd32f450_470.o(.text) referenced from startup_gd32f450_470.o(RESET)
 <LI><a href="#[6]">SVC_Handler</a> from port.o(.emb_text) referenced from startup_gd32f450_470.o(RESET)
 <LI><a href="#[9]">SysTick_Handler</a> from gd32f4xx_it.o(i.SysTick_Handler) referenced from startup_gd32f450_470.o(RESET)
 <LI><a href="#[64]">SystemInit</a> from system_gd32f4xx.o(i.SystemInit) referenced from startup_gd32f450_470.o(.text)
 <LI><a href="#[c]">TAMPER_STAMP_IRQHandler</a> from startup_gd32f450_470.o(.text) referenced from startup_gd32f450_470.o(RESET)
 <LI><a href="#[22]">TIMER0_BRK_TIMER8_IRQHandler</a> from startup_gd32f450_470.o(.text) referenced from startup_gd32f450_470.o(RESET)
 <LI><a href="#[25]">TIMER0_Channel_IRQHandler</a> from startup_gd32f450_470.o(.text) referenced from startup_gd32f450_470.o(RESET)
 <LI><a href="#[24]">TIMER0_TRG_CMT_TIMER10_IRQHandler</a> from startup_gd32f450_470.o(.text) referenced from startup_gd32f450_470.o(RESET)
 <LI><a href="#[23]">TIMER0_UP_TIMER9_IRQHandler</a> from startup_gd32f450_470.o(.text) referenced from startup_gd32f450_470.o(RESET)
 <LI><a href="#[26]">TIMER1_IRQHandler</a> from startup_gd32f450_470.o(.text) referenced from startup_gd32f450_470.o(RESET)
 <LI><a href="#[27]">TIMER2_IRQHandler</a> from startup_gd32f450_470.o(.text) referenced from startup_gd32f450_470.o(RESET)
 <LI><a href="#[28]">TIMER3_IRQHandler</a> from startup_gd32f450_470.o(.text) referenced from startup_gd32f450_470.o(RESET)
 <LI><a href="#[3c]">TIMER4_IRQHandler</a> from startup_gd32f450_470.o(.text) referenced from startup_gd32f450_470.o(RESET)
 <LI><a href="#[40]">TIMER5_DAC_IRQHandler</a> from startup_gd32f450_470.o(.text) referenced from startup_gd32f450_470.o(RESET)
 <LI><a href="#[41]">TIMER6_IRQHandler</a> from startup_gd32f450_470.o(.text) referenced from startup_gd32f450_470.o(RESET)
 <LI><a href="#[35]">TIMER7_BRK_TIMER11_IRQHandler</a> from startup_gd32f450_470.o(.text) referenced from startup_gd32f450_470.o(RESET)
 <LI><a href="#[38]">TIMER7_Channel_IRQHandler</a> from startup_gd32f450_470.o(.text) referenced from startup_gd32f450_470.o(RESET)
 <LI><a href="#[37]">TIMER7_TRG_CMT_TIMER13_IRQHandler</a> from startup_gd32f450_470.o(.text) referenced from startup_gd32f450_470.o(RESET)
 <LI><a href="#[36]">TIMER7_UP_TIMER12_IRQHandler</a> from startup_gd32f450_470.o(.text) referenced from startup_gd32f450_470.o(RESET)
 <LI><a href="#[61]">TLI_ER_IRQHandler</a> from startup_gd32f450_470.o(.text) referenced from startup_gd32f450_470.o(RESET)
 <LI><a href="#[60]">TLI_IRQHandler</a> from startup_gd32f450_470.o(.text) referenced from startup_gd32f450_470.o(RESET)
 <LI><a href="#[59]">TRNG_IRQHandler</a> from startup_gd32f450_470.o(.text) referenced from startup_gd32f450_470.o(RESET)
 <LI><a href="#[3e]">UART3_IRQHandler</a> from startup_gd32f450_470.o(.text) referenced from startup_gd32f450_470.o(RESET)
 <LI><a href="#[3f]">UART4_IRQHandler</a> from startup_gd32f450_470.o(.text) referenced from startup_gd32f450_470.o(RESET)
 <LI><a href="#[5b]">UART6_IRQHandler</a> from startup_gd32f450_470.o(.text) referenced from startup_gd32f450_470.o(RESET)
 <LI><a href="#[5c]">UART7_IRQHandler</a> from startup_gd32f450_470.o(.text) referenced from startup_gd32f450_470.o(RESET)
 <LI><a href="#[2f]">USART0_IRQHandler</a> from startup_gd32f450_470.o(.text) referenced from startup_gd32f450_470.o(RESET)
 <LI><a href="#[30]">USART1_IRQHandler</a> from startup_gd32f450_470.o(.text) referenced from startup_gd32f450_470.o(RESET)
 <LI><a href="#[31]">USART2_IRQHandler</a> from startup_gd32f450_470.o(.text) referenced from startup_gd32f450_470.o(RESET)
 <LI><a href="#[51]">USART5_IRQHandler</a> from startup_gd32f450_470.o(.text) referenced from startup_gd32f450_470.o(RESET)
 <LI><a href="#[4d]">USBFS_IRQHandler</a> from startup_gd32f450_470.o(.text) referenced from startup_gd32f450_470.o(RESET)
 <LI><a href="#[34]">USBFS_WKUP_IRQHandler</a> from startup_gd32f450_470.o(.text) referenced from startup_gd32f450_470.o(RESET)
 <LI><a href="#[55]">USBHS_EP1_In_IRQHandler</a> from startup_gd32f450_470.o(.text) referenced from startup_gd32f450_470.o(RESET)
 <LI><a href="#[54]">USBHS_EP1_Out_IRQHandler</a> from startup_gd32f450_470.o(.text) referenced from startup_gd32f450_470.o(RESET)
 <LI><a href="#[57]">USBHS_IRQHandler</a> from startup_gd32f450_470.o(.text) referenced from startup_gd32f450_470.o(RESET)
 <LI><a href="#[56]">USBHS_WKUP_IRQHandler</a> from startup_gd32f450_470.o(.text) referenced from startup_gd32f450_470.o(RESET)
 <LI><a href="#[5]">UsageFault_Handler</a> from gd32f4xx_it.o(i.UsageFault_Handler) referenced from startup_gd32f450_470.o(RESET)
 <LI><a href="#[a]">WWDGT_IRQHandler</a> from startup_gd32f450_470.o(.text) referenced from startup_gd32f450_470.o(RESET)
 <LI><a href="#[65]">__main</a> from entry.o(.ARM.Collect$$$$00000000) referenced from startup_gd32f450_470.o(.text)
 <LI><a href="#[6e]">app_task_cs1237</a> from main.o(i.app_task_cs1237) referenced from main.o(i.main)
 <LI><a href="#[6f]">app_task_hlw8112</a> from main.o(i.app_task_hlw8112) referenced from main.o(i.main)
 <LI><a href="#[6d]">app_task_led</a> from main.o(i.app_task_led) referenced from main.o(i.main)
 <LI><a href="#[6c]">app_task_network</a> from main.o(i.app_task_network) referenced from main.o(i.main)
 <LI><a href="#[67]">dhcp_recv</a> from dhcp.o(i.dhcp_recv) referenced from dhcp.o(i.dhcp_start)
 <LI><a href="#[68]">etharp_output</a> from etharp.o(i.etharp_output) referenced from ethernetif.o(i.ethernetif_init)
 <LI><a href="#[6a]">ethernet_input</a> from etharp.o(i.ethernet_input) referenced from lwip_demo.o(i.lwip_demo_init)
 <LI><a href="#[6b]">ethernetif_init</a> from ethernetif.o(i.ethernetif_init) referenced from lwip_demo.o(i.lwip_demo_init)
 <LI><a href="#[66]">fputc</a> from usart.o(i.fputc) referenced from printfa.o(i.__0printf)
 <LI><a href="#[69]">low_level_output</a> from ethernetif.o(i.low_level_output) referenced from ethernetif.o(i.ethernetif_init)
 <LI><a href="#[63]">main</a> from main.o(i.main) referenced from entry9a.o(.ARM.Collect$$$$0000000B)
 <LI><a href="#[74]">prvIdleTask</a> from tasks.o(i.prvIdleTask) referenced from tasks.o(i.vTaskStartScheduler)
 <LI><a href="#[71]">tcp_accept_null</a> from tcp.o(i.tcp_accept_null) referenced from tcp.o(i.tcp_listen_with_backlog)
 <LI><a href="#[70]">tcp_recv_null</a> from tcp.o(i.tcp_recv_null) referenced from tcp.o(i.tcp_alloc)
 <LI><a href="#[73]">tcp_server_accept</a> from tcp_server_demo.o(i.tcp_server_accept) referenced from tcp_server_demo.o(i.tcp_server_demo_init)
 <LI><a href="#[72]">tcp_server_recv</a> from tcp_server_demo.o(i.tcp_server_recv) referenced from tcp_server_demo.o(i.tcp_server_accept)
</UL>
<P>
<H3>
Global Symbols
</H3>
<P><STRONG><a name="[65]"></a>__main</STRONG> (Thumb, 0 bytes, Stack size unknown bytes, entry.o(.ARM.Collect$$$$00000000))
<BR>[Address Reference Count : 1]<UL><LI> startup_gd32f450_470.o(.text)
</UL>
<P><STRONG><a name="[193]"></a>_main_stk</STRONG> (Thumb, 0 bytes, Stack size unknown bytes, entry2.o(.ARM.Collect$$$$00000001))

<P><STRONG><a name="[76]"></a>_main_scatterload</STRONG> (Thumb, 0 bytes, Stack size unknown bytes, entry5.o(.ARM.Collect$$$$00000004))
<BR><BR>[Calls]<UL><LI><a href="#[77]">&gt;&gt;</a>&nbsp;&nbsp;&nbsp;__scatterload
</UL>

<P><STRONG><a name="[88]"></a>__main_after_scatterload</STRONG> (Thumb, 0 bytes, Stack size unknown bytes, entry5.o(.ARM.Collect$$$$00000004))
<BR><BR>[Called By]<UL><LI><a href="#[77]">&gt;&gt;</a>&nbsp;&nbsp;&nbsp;__scatterload
</UL>

<P><STRONG><a name="[194]"></a>_main_clock</STRONG> (Thumb, 0 bytes, Stack size unknown bytes, entry7b.o(.ARM.Collect$$$$00000008))

<P><STRONG><a name="[195]"></a>_main_cpp_init</STRONG> (Thumb, 0 bytes, Stack size unknown bytes, entry8b.o(.ARM.Collect$$$$0000000A))

<P><STRONG><a name="[196]"></a>_main_init</STRONG> (Thumb, 0 bytes, Stack size unknown bytes, entry9a.o(.ARM.Collect$$$$0000000B))

<P><STRONG><a name="[197]"></a>__rt_lib_shutdown_fini</STRONG> (Thumb, 0 bytes, Stack size unknown bytes, entry12b.o(.ARM.Collect$$$$0000000E))

<P><STRONG><a name="[198]"></a>__rt_final_cpp</STRONG> (Thumb, 0 bytes, Stack size unknown bytes, entry10a.o(.ARM.Collect$$$$0000000F))

<P><STRONG><a name="[199]"></a>__rt_final_exit</STRONG> (Thumb, 0 bytes, Stack size unknown bytes, entry11a.o(.ARM.Collect$$$$00000011))

<P><STRONG><a name="[18d]"></a>vPortEnableVFP</STRONG> (Thumb, 12 bytes, Stack size 0 bytes, port.o(.emb_text))
<BR><BR>[Called By]<UL><LI><a href="#[18c]">&gt;&gt;</a>&nbsp;&nbsp;&nbsp;xPortStartScheduler
</UL>

<P><STRONG><a name="[18f]"></a>vPortStartFirstTask</STRONG> (Thumb, 28 bytes, Stack size 0 bytes, port.o(.emb_text))
<BR><BR>[Called By]<UL><LI><a href="#[18c]">&gt;&gt;</a>&nbsp;&nbsp;&nbsp;xPortStartScheduler
</UL>

<P><STRONG><a name="[6]"></a>SVC_Handler</STRONG> (Thumb, 28 bytes, Stack size 0 bytes, port.o(.emb_text))
<BR>[Address Reference Count : 1]<UL><LI> startup_gd32f450_470.o(RESET)
</UL>
<P><STRONG><a name="[8]"></a>PendSV_Handler</STRONG> (Thumb, 88 bytes, Stack size 0 bytes, port.o(.emb_text))
<BR><BR>[Calls]<UL><LI><a href="#[78]">&gt;&gt;</a>&nbsp;&nbsp;&nbsp;vTaskSwitchContext
</UL>
<BR>[Address Reference Count : 1]<UL><LI> startup_gd32f450_470.o(RESET)
</UL>
<P><STRONG><a name="[75]"></a>Reset_Handler</STRONG> (Thumb, 8 bytes, Stack size 0 bytes, startup_gd32f450_470.o(.text))

<P><STRONG><a name="[1c]"></a>ADC_IRQHandler</STRONG> (Thumb, 0 bytes, Stack size 0 bytes, startup_gd32f450_470.o(.text))
<BR><BR>[Calls]<UL><LI><a href="#[1c]">&gt;&gt;</a>&nbsp;&nbsp;&nbsp;ADC_IRQHandler
</UL>
<BR>[Called By]<UL><LI><a href="#[1c]">&gt;&gt;</a>&nbsp;&nbsp;&nbsp;ADC_IRQHandler
</UL>
<BR>[Address Reference Count : 1]<UL><LI> startup_gd32f450_470.o(RESET)
</UL>
<P><STRONG><a name="[20]"></a>CAN0_EWMC_IRQHandler</STRONG> (Thumb, 0 bytes, Stack size 0 bytes, startup_gd32f450_470.o(.text))
<BR>[Address Reference Count : 1]<UL><LI> startup_gd32f450_470.o(RESET)
</UL>
<P><STRONG><a name="[1e]"></a>CAN0_RX0_IRQHandler</STRONG> (Thumb, 0 bytes, Stack size 0 bytes, startup_gd32f450_470.o(.text))
<BR>[Address Reference Count : 1]<UL><LI> startup_gd32f450_470.o(RESET)
</UL>
<P><STRONG><a name="[1f]"></a>CAN0_RX1_IRQHandler</STRONG> (Thumb, 0 bytes, Stack size 0 bytes, startup_gd32f450_470.o(.text))
<BR>[Address Reference Count : 1]<UL><LI> startup_gd32f450_470.o(RESET)
</UL>
<P><STRONG><a name="[1d]"></a>CAN0_TX_IRQHandler</STRONG> (Thumb, 0 bytes, Stack size 0 bytes, startup_gd32f450_470.o(.text))
<BR>[Address Reference Count : 1]<UL><LI> startup_gd32f450_470.o(RESET)
</UL>
<P><STRONG><a name="[4c]"></a>CAN1_EWMC_IRQHandler</STRONG> (Thumb, 0 bytes, Stack size 0 bytes, startup_gd32f450_470.o(.text))
<BR>[Address Reference Count : 1]<UL><LI> startup_gd32f450_470.o(RESET)
</UL>
<P><STRONG><a name="[4a]"></a>CAN1_RX0_IRQHandler</STRONG> (Thumb, 0 bytes, Stack size 0 bytes, startup_gd32f450_470.o(.text))
<BR>[Address Reference Count : 1]<UL><LI> startup_gd32f450_470.o(RESET)
</UL>
<P><STRONG><a name="[4b]"></a>CAN1_RX1_IRQHandler</STRONG> (Thumb, 0 bytes, Stack size 0 bytes, startup_gd32f450_470.o(.text))
<BR>[Address Reference Count : 1]<UL><LI> startup_gd32f450_470.o(RESET)
</UL>
<P><STRONG><a name="[49]"></a>CAN1_TX_IRQHandler</STRONG> (Thumb, 0 bytes, Stack size 0 bytes, startup_gd32f450_470.o(.text))
<BR>[Address Reference Count : 1]<UL><LI> startup_gd32f450_470.o(RESET)
</UL>
<P><STRONG><a name="[58]"></a>DCI_IRQHandler</STRONG> (Thumb, 0 bytes, Stack size 0 bytes, startup_gd32f450_470.o(.text))
<BR>[Address Reference Count : 1]<UL><LI> startup_gd32f450_470.o(RESET)
</UL>
<P><STRONG><a name="[15]"></a>DMA0_Channel0_IRQHandler</STRONG> (Thumb, 0 bytes, Stack size 0 bytes, startup_gd32f450_470.o(.text))
<BR>[Address Reference Count : 1]<UL><LI> startup_gd32f450_470.o(RESET)
</UL>
<P><STRONG><a name="[16]"></a>DMA0_Channel1_IRQHandler</STRONG> (Thumb, 0 bytes, Stack size 0 bytes, startup_gd32f450_470.o(.text))
<BR>[Address Reference Count : 1]<UL><LI> startup_gd32f450_470.o(RESET)
</UL>
<P><STRONG><a name="[17]"></a>DMA0_Channel2_IRQHandler</STRONG> (Thumb, 0 bytes, Stack size 0 bytes, startup_gd32f450_470.o(.text))
<BR>[Address Reference Count : 1]<UL><LI> startup_gd32f450_470.o(RESET)
</UL>
<P><STRONG><a name="[18]"></a>DMA0_Channel3_IRQHandler</STRONG> (Thumb, 0 bytes, Stack size 0 bytes, startup_gd32f450_470.o(.text))
<BR>[Address Reference Count : 1]<UL><LI> startup_gd32f450_470.o(RESET)
</UL>
<P><STRONG><a name="[19]"></a>DMA0_Channel4_IRQHandler</STRONG> (Thumb, 0 bytes, Stack size 0 bytes, startup_gd32f450_470.o(.text))
<BR>[Address Reference Count : 1]<UL><LI> startup_gd32f450_470.o(RESET)
</UL>
<P><STRONG><a name="[1a]"></a>DMA0_Channel5_IRQHandler</STRONG> (Thumb, 0 bytes, Stack size 0 bytes, startup_gd32f450_470.o(.text))
<BR>[Address Reference Count : 1]<UL><LI> startup_gd32f450_470.o(RESET)
</UL>
<P><STRONG><a name="[1b]"></a>DMA0_Channel6_IRQHandler</STRONG> (Thumb, 0 bytes, Stack size 0 bytes, startup_gd32f450_470.o(.text))
<BR>[Address Reference Count : 1]<UL><LI> startup_gd32f450_470.o(RESET)
</UL>
<P><STRONG><a name="[39]"></a>DMA0_Channel7_IRQHandler</STRONG> (Thumb, 0 bytes, Stack size 0 bytes, startup_gd32f450_470.o(.text))
<BR>[Address Reference Count : 1]<UL><LI> startup_gd32f450_470.o(RESET)
</UL>
<P><STRONG><a name="[42]"></a>DMA1_Channel0_IRQHandler</STRONG> (Thumb, 0 bytes, Stack size 0 bytes, startup_gd32f450_470.o(.text))
<BR>[Address Reference Count : 1]<UL><LI> startup_gd32f450_470.o(RESET)
</UL>
<P><STRONG><a name="[43]"></a>DMA1_Channel1_IRQHandler</STRONG> (Thumb, 0 bytes, Stack size 0 bytes, startup_gd32f450_470.o(.text))
<BR>[Address Reference Count : 1]<UL><LI> startup_gd32f450_470.o(RESET)
</UL>
<P><STRONG><a name="[44]"></a>DMA1_Channel2_IRQHandler</STRONG> (Thumb, 0 bytes, Stack size 0 bytes, startup_gd32f450_470.o(.text))
<BR>[Address Reference Count : 1]<UL><LI> startup_gd32f450_470.o(RESET)
</UL>
<P><STRONG><a name="[45]"></a>DMA1_Channel3_IRQHandler</STRONG> (Thumb, 0 bytes, Stack size 0 bytes, startup_gd32f450_470.o(.text))
<BR>[Address Reference Count : 1]<UL><LI> startup_gd32f450_470.o(RESET)
</UL>
<P><STRONG><a name="[46]"></a>DMA1_Channel4_IRQHandler</STRONG> (Thumb, 0 bytes, Stack size 0 bytes, startup_gd32f450_470.o(.text))
<BR>[Address Reference Count : 1]<UL><LI> startup_gd32f450_470.o(RESET)
</UL>
<P><STRONG><a name="[4e]"></a>DMA1_Channel5_IRQHandler</STRONG> (Thumb, 0 bytes, Stack size 0 bytes, startup_gd32f450_470.o(.text))
<BR>[Address Reference Count : 1]<UL><LI> startup_gd32f450_470.o(RESET)
</UL>
<P><STRONG><a name="[4f]"></a>DMA1_Channel6_IRQHandler</STRONG> (Thumb, 0 bytes, Stack size 0 bytes, startup_gd32f450_470.o(.text))
<BR>[Address Reference Count : 1]<UL><LI> startup_gd32f450_470.o(RESET)
</UL>
<P><STRONG><a name="[50]"></a>DMA1_Channel7_IRQHandler</STRONG> (Thumb, 0 bytes, Stack size 0 bytes, startup_gd32f450_470.o(.text))
<BR>[Address Reference Count : 1]<UL><LI> startup_gd32f450_470.o(RESET)
</UL>
<P><STRONG><a name="[47]"></a>ENET_IRQHandler</STRONG> (Thumb, 0 bytes, Stack size 0 bytes, startup_gd32f450_470.o(.text))
<BR>[Address Reference Count : 1]<UL><LI> startup_gd32f450_470.o(RESET)
</UL>
<P><STRONG><a name="[48]"></a>ENET_WKUP_IRQHandler</STRONG> (Thumb, 0 bytes, Stack size 0 bytes, startup_gd32f450_470.o(.text))
<BR>[Address Reference Count : 1]<UL><LI> startup_gd32f450_470.o(RESET)
</UL>
<P><STRONG><a name="[3a]"></a>EXMC_IRQHandler</STRONG> (Thumb, 0 bytes, Stack size 0 bytes, startup_gd32f450_470.o(.text))
<BR>[Address Reference Count : 1]<UL><LI> startup_gd32f450_470.o(RESET)
</UL>
<P><STRONG><a name="[10]"></a>EXTI0_IRQHandler</STRONG> (Thumb, 0 bytes, Stack size 0 bytes, startup_gd32f450_470.o(.text))
<BR>[Address Reference Count : 1]<UL><LI> startup_gd32f450_470.o(RESET)
</UL>
<P><STRONG><a name="[32]"></a>EXTI10_15_IRQHandler</STRONG> (Thumb, 0 bytes, Stack size 0 bytes, startup_gd32f450_470.o(.text))
<BR>[Address Reference Count : 1]<UL><LI> startup_gd32f450_470.o(RESET)
</UL>
<P><STRONG><a name="[11]"></a>EXTI1_IRQHandler</STRONG> (Thumb, 0 bytes, Stack size 0 bytes, startup_gd32f450_470.o(.text))
<BR>[Address Reference Count : 1]<UL><LI> startup_gd32f450_470.o(RESET)
</UL>
<P><STRONG><a name="[12]"></a>EXTI2_IRQHandler</STRONG> (Thumb, 0 bytes, Stack size 0 bytes, startup_gd32f450_470.o(.text))
<BR>[Address Reference Count : 1]<UL><LI> startup_gd32f450_470.o(RESET)
</UL>
<P><STRONG><a name="[13]"></a>EXTI3_IRQHandler</STRONG> (Thumb, 0 bytes, Stack size 0 bytes, startup_gd32f450_470.o(.text))
<BR>[Address Reference Count : 1]<UL><LI> startup_gd32f450_470.o(RESET)
</UL>
<P><STRONG><a name="[14]"></a>EXTI4_IRQHandler</STRONG> (Thumb, 0 bytes, Stack size 0 bytes, startup_gd32f450_470.o(.text))
<BR>[Address Reference Count : 1]<UL><LI> startup_gd32f450_470.o(RESET)
</UL>
<P><STRONG><a name="[21]"></a>EXTI5_9_IRQHandler</STRONG> (Thumb, 0 bytes, Stack size 0 bytes, startup_gd32f450_470.o(.text))
<BR>[Address Reference Count : 1]<UL><LI> startup_gd32f450_470.o(RESET)
</UL>
<P><STRONG><a name="[e]"></a>FMC_IRQHandler</STRONG> (Thumb, 0 bytes, Stack size 0 bytes, startup_gd32f450_470.o(.text))
<BR>[Address Reference Count : 1]<UL><LI> startup_gd32f450_470.o(RESET)
</UL>
<P><STRONG><a name="[5a]"></a>FPU_IRQHandler</STRONG> (Thumb, 0 bytes, Stack size 0 bytes, startup_gd32f450_470.o(.text))
<BR>[Address Reference Count : 1]<UL><LI> startup_gd32f450_470.o(RESET)
</UL>
<P><STRONG><a name="[2a]"></a>I2C0_ER_IRQHandler</STRONG> (Thumb, 0 bytes, Stack size 0 bytes, startup_gd32f450_470.o(.text))
<BR>[Address Reference Count : 1]<UL><LI> startup_gd32f450_470.o(RESET)
</UL>
<P><STRONG><a name="[29]"></a>I2C0_EV_IRQHandler</STRONG> (Thumb, 0 bytes, Stack size 0 bytes, startup_gd32f450_470.o(.text))
<BR>[Address Reference Count : 1]<UL><LI> startup_gd32f450_470.o(RESET)
</UL>
<P><STRONG><a name="[2c]"></a>I2C1_ER_IRQHandler</STRONG> (Thumb, 0 bytes, Stack size 0 bytes, startup_gd32f450_470.o(.text))
<BR>[Address Reference Count : 1]<UL><LI> startup_gd32f450_470.o(RESET)
</UL>
<P><STRONG><a name="[2b]"></a>I2C1_EV_IRQHandler</STRONG> (Thumb, 0 bytes, Stack size 0 bytes, startup_gd32f450_470.o(.text))
<BR>[Address Reference Count : 1]<UL><LI> startup_gd32f450_470.o(RESET)
</UL>
<P><STRONG><a name="[53]"></a>I2C2_ER_IRQHandler</STRONG> (Thumb, 0 bytes, Stack size 0 bytes, startup_gd32f450_470.o(.text))
<BR>[Address Reference Count : 1]<UL><LI> startup_gd32f450_470.o(RESET)
</UL>
<P><STRONG><a name="[52]"></a>I2C2_EV_IRQHandler</STRONG> (Thumb, 0 bytes, Stack size 0 bytes, startup_gd32f450_470.o(.text))
<BR>[Address Reference Count : 1]<UL><LI> startup_gd32f450_470.o(RESET)
</UL>
<P><STRONG><a name="[62]"></a>IPA_IRQHandler</STRONG> (Thumb, 0 bytes, Stack size 0 bytes, startup_gd32f450_470.o(.text))
<BR>[Address Reference Count : 1]<UL><LI> startup_gd32f450_470.o(RESET)
</UL>
<P><STRONG><a name="[b]"></a>LVD_IRQHandler</STRONG> (Thumb, 0 bytes, Stack size 0 bytes, startup_gd32f450_470.o(.text))
<BR>[Address Reference Count : 1]<UL><LI> startup_gd32f450_470.o(RESET)
</UL>
<P><STRONG><a name="[f]"></a>RCU_CTC_IRQHandler</STRONG> (Thumb, 0 bytes, Stack size 0 bytes, startup_gd32f450_470.o(.text))
<BR>[Address Reference Count : 1]<UL><LI> startup_gd32f450_470.o(RESET)
</UL>
<P><STRONG><a name="[33]"></a>RTC_Alarm_IRQHandler</STRONG> (Thumb, 0 bytes, Stack size 0 bytes, startup_gd32f450_470.o(.text))
<BR>[Address Reference Count : 1]<UL><LI> startup_gd32f450_470.o(RESET)
</UL>
<P><STRONG><a name="[d]"></a>RTC_WKUP_IRQHandler</STRONG> (Thumb, 0 bytes, Stack size 0 bytes, startup_gd32f450_470.o(.text))
<BR>[Address Reference Count : 1]<UL><LI> startup_gd32f450_470.o(RESET)
</UL>
<P><STRONG><a name="[3b]"></a>SDIO_IRQHandler</STRONG> (Thumb, 0 bytes, Stack size 0 bytes, startup_gd32f450_470.o(.text))
<BR>[Address Reference Count : 1]<UL><LI> startup_gd32f450_470.o(RESET)
</UL>
<P><STRONG><a name="[2d]"></a>SPI0_IRQHandler</STRONG> (Thumb, 0 bytes, Stack size 0 bytes, startup_gd32f450_470.o(.text))
<BR>[Address Reference Count : 1]<UL><LI> startup_gd32f450_470.o(RESET)
</UL>
<P><STRONG><a name="[2e]"></a>SPI1_IRQHandler</STRONG> (Thumb, 0 bytes, Stack size 0 bytes, startup_gd32f450_470.o(.text))
<BR>[Address Reference Count : 1]<UL><LI> startup_gd32f450_470.o(RESET)
</UL>
<P><STRONG><a name="[3d]"></a>SPI2_IRQHandler</STRONG> (Thumb, 0 bytes, Stack size 0 bytes, startup_gd32f450_470.o(.text))
<BR>[Address Reference Count : 1]<UL><LI> startup_gd32f450_470.o(RESET)
</UL>
<P><STRONG><a name="[5d]"></a>SPI3_IRQHandler</STRONG> (Thumb, 0 bytes, Stack size 0 bytes, startup_gd32f450_470.o(.text))
<BR>[Address Reference Count : 1]<UL><LI> startup_gd32f450_470.o(RESET)
</UL>
<P><STRONG><a name="[5e]"></a>SPI4_IRQHandler</STRONG> (Thumb, 0 bytes, Stack size 0 bytes, startup_gd32f450_470.o(.text))
<BR>[Address Reference Count : 1]<UL><LI> startup_gd32f450_470.o(RESET)
</UL>
<P><STRONG><a name="[5f]"></a>SPI5_IRQHandler</STRONG> (Thumb, 0 bytes, Stack size 0 bytes, startup_gd32f450_470.o(.text))
<BR>[Address Reference Count : 1]<UL><LI> startup_gd32f450_470.o(RESET)
</UL>
<P><STRONG><a name="[c]"></a>TAMPER_STAMP_IRQHandler</STRONG> (Thumb, 0 bytes, Stack size 0 bytes, startup_gd32f450_470.o(.text))
<BR>[Address Reference Count : 1]<UL><LI> startup_gd32f450_470.o(RESET)
</UL>
<P><STRONG><a name="[22]"></a>TIMER0_BRK_TIMER8_IRQHandler</STRONG> (Thumb, 0 bytes, Stack size 0 bytes, startup_gd32f450_470.o(.text))
<BR>[Address Reference Count : 1]<UL><LI> startup_gd32f450_470.o(RESET)
</UL>
<P><STRONG><a name="[25]"></a>TIMER0_Channel_IRQHandler</STRONG> (Thumb, 0 bytes, Stack size 0 bytes, startup_gd32f450_470.o(.text))
<BR>[Address Reference Count : 1]<UL><LI> startup_gd32f450_470.o(RESET)
</UL>
<P><STRONG><a name="[24]"></a>TIMER0_TRG_CMT_TIMER10_IRQHandler</STRONG> (Thumb, 0 bytes, Stack size 0 bytes, startup_gd32f450_470.o(.text))
<BR>[Address Reference Count : 1]<UL><LI> startup_gd32f450_470.o(RESET)
</UL>
<P><STRONG><a name="[23]"></a>TIMER0_UP_TIMER9_IRQHandler</STRONG> (Thumb, 0 bytes, Stack size 0 bytes, startup_gd32f450_470.o(.text))
<BR>[Address Reference Count : 1]<UL><LI> startup_gd32f450_470.o(RESET)
</UL>
<P><STRONG><a name="[26]"></a>TIMER1_IRQHandler</STRONG> (Thumb, 0 bytes, Stack size 0 bytes, startup_gd32f450_470.o(.text))
<BR>[Address Reference Count : 1]<UL><LI> startup_gd32f450_470.o(RESET)
</UL>
<P><STRONG><a name="[27]"></a>TIMER2_IRQHandler</STRONG> (Thumb, 0 bytes, Stack size 0 bytes, startup_gd32f450_470.o(.text))
<BR>[Address Reference Count : 1]<UL><LI> startup_gd32f450_470.o(RESET)
</UL>
<P><STRONG><a name="[28]"></a>TIMER3_IRQHandler</STRONG> (Thumb, 0 bytes, Stack size 0 bytes, startup_gd32f450_470.o(.text))
<BR>[Address Reference Count : 1]<UL><LI> startup_gd32f450_470.o(RESET)
</UL>
<P><STRONG><a name="[3c]"></a>TIMER4_IRQHandler</STRONG> (Thumb, 0 bytes, Stack size 0 bytes, startup_gd32f450_470.o(.text))
<BR>[Address Reference Count : 1]<UL><LI> startup_gd32f450_470.o(RESET)
</UL>
<P><STRONG><a name="[40]"></a>TIMER5_DAC_IRQHandler</STRONG> (Thumb, 0 bytes, Stack size 0 bytes, startup_gd32f450_470.o(.text))
<BR>[Address Reference Count : 1]<UL><LI> startup_gd32f450_470.o(RESET)
</UL>
<P><STRONG><a name="[41]"></a>TIMER6_IRQHandler</STRONG> (Thumb, 0 bytes, Stack size 0 bytes, startup_gd32f450_470.o(.text))
<BR>[Address Reference Count : 1]<UL><LI> startup_gd32f450_470.o(RESET)
</UL>
<P><STRONG><a name="[35]"></a>TIMER7_BRK_TIMER11_IRQHandler</STRONG> (Thumb, 0 bytes, Stack size 0 bytes, startup_gd32f450_470.o(.text))
<BR>[Address Reference Count : 1]<UL><LI> startup_gd32f450_470.o(RESET)
</UL>
<P><STRONG><a name="[38]"></a>TIMER7_Channel_IRQHandler</STRONG> (Thumb, 0 bytes, Stack size 0 bytes, startup_gd32f450_470.o(.text))
<BR>[Address Reference Count : 1]<UL><LI> startup_gd32f450_470.o(RESET)
</UL>
<P><STRONG><a name="[37]"></a>TIMER7_TRG_CMT_TIMER13_IRQHandler</STRONG> (Thumb, 0 bytes, Stack size 0 bytes, startup_gd32f450_470.o(.text))
<BR>[Address Reference Count : 1]<UL><LI> startup_gd32f450_470.o(RESET)
</UL>
<P><STRONG><a name="[36]"></a>TIMER7_UP_TIMER12_IRQHandler</STRONG> (Thumb, 0 bytes, Stack size 0 bytes, startup_gd32f450_470.o(.text))
<BR>[Address Reference Count : 1]<UL><LI> startup_gd32f450_470.o(RESET)
</UL>
<P><STRONG><a name="[61]"></a>TLI_ER_IRQHandler</STRONG> (Thumb, 0 bytes, Stack size 0 bytes, startup_gd32f450_470.o(.text))
<BR>[Address Reference Count : 1]<UL><LI> startup_gd32f450_470.o(RESET)
</UL>
<P><STRONG><a name="[60]"></a>TLI_IRQHandler</STRONG> (Thumb, 0 bytes, Stack size 0 bytes, startup_gd32f450_470.o(.text))
<BR>[Address Reference Count : 1]<UL><LI> startup_gd32f450_470.o(RESET)
</UL>
<P><STRONG><a name="[59]"></a>TRNG_IRQHandler</STRONG> (Thumb, 0 bytes, Stack size 0 bytes, startup_gd32f450_470.o(.text))
<BR>[Address Reference Count : 1]<UL><LI> startup_gd32f450_470.o(RESET)
</UL>
<P><STRONG><a name="[3e]"></a>UART3_IRQHandler</STRONG> (Thumb, 0 bytes, Stack size 0 bytes, startup_gd32f450_470.o(.text))
<BR>[Address Reference Count : 1]<UL><LI> startup_gd32f450_470.o(RESET)
</UL>
<P><STRONG><a name="[3f]"></a>UART4_IRQHandler</STRONG> (Thumb, 0 bytes, Stack size 0 bytes, startup_gd32f450_470.o(.text))
<BR>[Address Reference Count : 1]<UL><LI> startup_gd32f450_470.o(RESET)
</UL>
<P><STRONG><a name="[5b]"></a>UART6_IRQHandler</STRONG> (Thumb, 0 bytes, Stack size 0 bytes, startup_gd32f450_470.o(.text))
<BR>[Address Reference Count : 1]<UL><LI> startup_gd32f450_470.o(RESET)
</UL>
<P><STRONG><a name="[5c]"></a>UART7_IRQHandler</STRONG> (Thumb, 0 bytes, Stack size 0 bytes, startup_gd32f450_470.o(.text))
<BR>[Address Reference Count : 1]<UL><LI> startup_gd32f450_470.o(RESET)
</UL>
<P><STRONG><a name="[2f]"></a>USART0_IRQHandler</STRONG> (Thumb, 0 bytes, Stack size 0 bytes, startup_gd32f450_470.o(.text))
<BR>[Address Reference Count : 1]<UL><LI> startup_gd32f450_470.o(RESET)
</UL>
<P><STRONG><a name="[30]"></a>USART1_IRQHandler</STRONG> (Thumb, 0 bytes, Stack size 0 bytes, startup_gd32f450_470.o(.text))
<BR>[Address Reference Count : 1]<UL><LI> startup_gd32f450_470.o(RESET)
</UL>
<P><STRONG><a name="[31]"></a>USART2_IRQHandler</STRONG> (Thumb, 0 bytes, Stack size 0 bytes, startup_gd32f450_470.o(.text))
<BR>[Address Reference Count : 1]<UL><LI> startup_gd32f450_470.o(RESET)
</UL>
<P><STRONG><a name="[51]"></a>USART5_IRQHandler</STRONG> (Thumb, 0 bytes, Stack size 0 bytes, startup_gd32f450_470.o(.text))
<BR>[Address Reference Count : 1]<UL><LI> startup_gd32f450_470.o(RESET)
</UL>
<P><STRONG><a name="[4d]"></a>USBFS_IRQHandler</STRONG> (Thumb, 0 bytes, Stack size 0 bytes, startup_gd32f450_470.o(.text))
<BR>[Address Reference Count : 1]<UL><LI> startup_gd32f450_470.o(RESET)
</UL>
<P><STRONG><a name="[34]"></a>USBFS_WKUP_IRQHandler</STRONG> (Thumb, 0 bytes, Stack size 0 bytes, startup_gd32f450_470.o(.text))
<BR>[Address Reference Count : 1]<UL><LI> startup_gd32f450_470.o(RESET)
</UL>
<P><STRONG><a name="[55]"></a>USBHS_EP1_In_IRQHandler</STRONG> (Thumb, 0 bytes, Stack size 0 bytes, startup_gd32f450_470.o(.text))
<BR>[Address Reference Count : 1]<UL><LI> startup_gd32f450_470.o(RESET)
</UL>
<P><STRONG><a name="[54]"></a>USBHS_EP1_Out_IRQHandler</STRONG> (Thumb, 0 bytes, Stack size 0 bytes, startup_gd32f450_470.o(.text))
<BR>[Address Reference Count : 1]<UL><LI> startup_gd32f450_470.o(RESET)
</UL>
<P><STRONG><a name="[57]"></a>USBHS_IRQHandler</STRONG> (Thumb, 0 bytes, Stack size 0 bytes, startup_gd32f450_470.o(.text))
<BR>[Address Reference Count : 1]<UL><LI> startup_gd32f450_470.o(RESET)
</UL>
<P><STRONG><a name="[56]"></a>USBHS_WKUP_IRQHandler</STRONG> (Thumb, 0 bytes, Stack size 0 bytes, startup_gd32f450_470.o(.text))
<BR>[Address Reference Count : 1]<UL><LI> startup_gd32f450_470.o(RESET)
</UL>
<P><STRONG><a name="[a]"></a>WWDGT_IRQHandler</STRONG> (Thumb, 0 bytes, Stack size 0 bytes, startup_gd32f450_470.o(.text))
<BR>[Address Reference Count : 1]<UL><LI> startup_gd32f450_470.o(RESET)
</UL>
<P><STRONG><a name="[128]"></a>__aeabi_memcpy</STRONG> (Thumb, 36 bytes, Stack size 0 bytes, memcpya.o(.text))
<BR><BR>[Called By]<UL><LI><a href="#[169]">&gt;&gt;</a>&nbsp;&nbsp;&nbsp;tcp_enqueue
<LI><a href="#[10b]">&gt;&gt;</a>&nbsp;&nbsp;&nbsp;pbuf_copy
<LI><a href="#[f8]">&gt;&gt;</a>&nbsp;&nbsp;&nbsp;pbuf_copy_partial
<LI><a href="#[69]">&gt;&gt;</a>&nbsp;&nbsp;&nbsp;low_level_output
<LI><a href="#[114]">&gt;&gt;</a>&nbsp;&nbsp;&nbsp;low_level_input
<LI><a href="#[13b]">&gt;&gt;</a>&nbsp;&nbsp;&nbsp;ip_reass_free_complete_datagram
<LI><a href="#[137]">&gt;&gt;</a>&nbsp;&nbsp;&nbsp;ip_reass_enqueue_new_datagram
<LI><a href="#[130]">&gt;&gt;</a>&nbsp;&nbsp;&nbsp;ip_reass
<LI><a href="#[12d]">&gt;&gt;</a>&nbsp;&nbsp;&nbsp;ip_frag
<LI><a href="#[122]">&gt;&gt;</a>&nbsp;&nbsp;&nbsp;icmp_send_response
</UL>

<P><STRONG><a name="[19a]"></a>__aeabi_memcpy4</STRONG> (Thumb, 0 bytes, Stack size 0 bytes, memcpya.o(.text), UNUSED)

<P><STRONG><a name="[19b]"></a>__aeabi_memcpy8</STRONG> (Thumb, 0 bytes, Stack size 0 bytes, memcpya.o(.text), UNUSED)

<P><STRONG><a name="[7a]"></a>__aeabi_memset</STRONG> (Thumb, 14 bytes, Stack size 0 bytes, memseta.o(.text), UNUSED)
<BR><BR>[Called By]<UL><LI><a href="#[7b]">&gt;&gt;</a>&nbsp;&nbsp;&nbsp;_memset$wrapper
<LI><a href="#[79]">&gt;&gt;</a>&nbsp;&nbsp;&nbsp;__aeabi_memclr
</UL>

<P><STRONG><a name="[19c]"></a>__aeabi_memset4</STRONG> (Thumb, 0 bytes, Stack size 0 bytes, memseta.o(.text), UNUSED)

<P><STRONG><a name="[19d]"></a>__aeabi_memset8</STRONG> (Thumb, 0 bytes, Stack size 0 bytes, memseta.o(.text), UNUSED)

<P><STRONG><a name="[79]"></a>__aeabi_memclr</STRONG> (Thumb, 4 bytes, Stack size 0 bytes, memseta.o(.text), UNUSED)
<BR><BR>[Calls]<UL><LI><a href="#[7a]">&gt;&gt;</a>&nbsp;&nbsp;&nbsp;__aeabi_memset
</UL>

<P><STRONG><a name="[f3]"></a>__aeabi_memclr4</STRONG> (Thumb, 0 bytes, Stack size 0 bytes, memseta.o(.text))
<BR><BR>[Called By]<UL><LI><a href="#[149]">&gt;&gt;</a>&nbsp;&nbsp;&nbsp;xTaskCreate
<LI><a href="#[15f]">&gt;&gt;</a>&nbsp;&nbsp;&nbsp;tcp_alloc
<LI><a href="#[f4]">&gt;&gt;</a>&nbsp;&nbsp;&nbsp;udp_new
<LI><a href="#[f0]">&gt;&gt;</a>&nbsp;&nbsp;&nbsp;dhcp_start
<LI><a href="#[137]">&gt;&gt;</a>&nbsp;&nbsp;&nbsp;ip_reass_enqueue_new_datagram
</UL>

<P><STRONG><a name="[19e]"></a>__aeabi_memclr8</STRONG> (Thumb, 0 bytes, Stack size 0 bytes, memseta.o(.text), UNUSED)

<P><STRONG><a name="[7b]"></a>_memset$wrapper</STRONG> (Thumb, 18 bytes, Stack size 8 bytes, memseta.o(.text), UNUSED)
<BR><BR>[Calls]<UL><LI><a href="#[7a]">&gt;&gt;</a>&nbsp;&nbsp;&nbsp;__aeabi_memset
</UL>

<P><STRONG><a name="[190]"></a>strncpy</STRONG> (Thumb, 24 bytes, Stack size 8 bytes, strncpy.o(.text))
<BR><BR>[Stack]<UL><LI>Max Depth = 8<LI>Call Chain = strncpy
</UL>
<BR>[Called By]<UL><LI><a href="#[149]">&gt;&gt;</a>&nbsp;&nbsp;&nbsp;xTaskCreate
</UL>

<P><STRONG><a name="[9a]"></a>__aeabi_f2d</STRONG> (Thumb, 38 bytes, Stack size 0 bytes, f2d.o(.text))
<BR><BR>[Called By]<UL><LI><a href="#[6f]">&gt;&gt;</a>&nbsp;&nbsp;&nbsp;app_task_hlw8112
<LI><a href="#[6e]">&gt;&gt;</a>&nbsp;&nbsp;&nbsp;app_task_cs1237
</UL>

<P><STRONG><a name="[19f]"></a>__aeabi_uidiv</STRONG> (Thumb, 0 bytes, Stack size 12 bytes, uidiv.o(.text), UNUSED)

<P><STRONG><a name="[95]"></a>__aeabi_uidivmod</STRONG> (Thumb, 44 bytes, Stack size 12 bytes, uidiv.o(.text), UNUSED)
<BR><BR>[Called By]<UL><LI><a href="#[90]">&gt;&gt;</a>&nbsp;&nbsp;&nbsp;_printf_core
</UL>

<P><STRONG><a name="[7c]"></a>__aeabi_uldivmod</STRONG> (Thumb, 98 bytes, Stack size 40 bytes, uldiv.o(.text), UNUSED)
<BR><BR>[Calls]<UL><LI><a href="#[7d]">&gt;&gt;</a>&nbsp;&nbsp;&nbsp;__aeabi_llsr
<LI><a href="#[7e]">&gt;&gt;</a>&nbsp;&nbsp;&nbsp;__aeabi_llsl
</UL>
<BR>[Called By]<UL><LI><a href="#[90]">&gt;&gt;</a>&nbsp;&nbsp;&nbsp;_printf_core
<LI><a href="#[91]">&gt;&gt;</a>&nbsp;&nbsp;&nbsp;_fp_digits
</UL>

<P><STRONG><a name="[1a0]"></a>__I$use$fp</STRONG> (Thumb, 0 bytes, Stack size 48 bytes, iusefp.o(.text), UNUSED)

<P><STRONG><a name="[7f]"></a>__aeabi_dadd</STRONG> (Thumb, 322 bytes, Stack size 48 bytes, dadd.o(.text), UNUSED)
<BR><BR>[Calls]<UL><LI><a href="#[80]">&gt;&gt;</a>&nbsp;&nbsp;&nbsp;__aeabi_lasr
<LI><a href="#[7e]">&gt;&gt;</a>&nbsp;&nbsp;&nbsp;__aeabi_llsl
<LI><a href="#[82]">&gt;&gt;</a>&nbsp;&nbsp;&nbsp;_double_round
<LI><a href="#[81]">&gt;&gt;</a>&nbsp;&nbsp;&nbsp;_double_epilogue
</UL>
<BR>[Called By]<UL><LI><a href="#[91]">&gt;&gt;</a>&nbsp;&nbsp;&nbsp;_fp_digits
<LI><a href="#[84]">&gt;&gt;</a>&nbsp;&nbsp;&nbsp;__aeabi_drsub
<LI><a href="#[83]">&gt;&gt;</a>&nbsp;&nbsp;&nbsp;__aeabi_dsub
</UL>

<P><STRONG><a name="[83]"></a>__aeabi_dsub</STRONG> (Thumb, 6 bytes, Stack size 0 bytes, dadd.o(.text), UNUSED)
<BR><BR>[Calls]<UL><LI><a href="#[7f]">&gt;&gt;</a>&nbsp;&nbsp;&nbsp;__aeabi_dadd
</UL>

<P><STRONG><a name="[84]"></a>__aeabi_drsub</STRONG> (Thumb, 6 bytes, Stack size 0 bytes, dadd.o(.text), UNUSED)
<BR><BR>[Calls]<UL><LI><a href="#[7f]">&gt;&gt;</a>&nbsp;&nbsp;&nbsp;__aeabi_dadd
</UL>

<P><STRONG><a name="[85]"></a>__aeabi_dmul</STRONG> (Thumb, 228 bytes, Stack size 48 bytes, dmul.o(.text), UNUSED)
<BR><BR>[Calls]<UL><LI><a href="#[81]">&gt;&gt;</a>&nbsp;&nbsp;&nbsp;_double_epilogue
</UL>
<BR>[Called By]<UL><LI><a href="#[91]">&gt;&gt;</a>&nbsp;&nbsp;&nbsp;_fp_digits
</UL>

<P><STRONG><a name="[86]"></a>__aeabi_ddiv</STRONG> (Thumb, 222 bytes, Stack size 32 bytes, ddiv.o(.text), UNUSED)
<BR><BR>[Calls]<UL><LI><a href="#[82]">&gt;&gt;</a>&nbsp;&nbsp;&nbsp;_double_round
</UL>
<BR>[Called By]<UL><LI><a href="#[91]">&gt;&gt;</a>&nbsp;&nbsp;&nbsp;_fp_digits
</UL>

<P><STRONG><a name="[87]"></a>__aeabi_d2ulz</STRONG> (Thumb, 48 bytes, Stack size 0 bytes, dfixul.o(.text), UNUSED)
<BR><BR>[Calls]<UL><LI><a href="#[7d]">&gt;&gt;</a>&nbsp;&nbsp;&nbsp;__aeabi_llsr
<LI><a href="#[7e]">&gt;&gt;</a>&nbsp;&nbsp;&nbsp;__aeabi_llsl
</UL>
<BR>[Called By]<UL><LI><a href="#[91]">&gt;&gt;</a>&nbsp;&nbsp;&nbsp;_fp_digits
</UL>

<P><STRONG><a name="[92]"></a>__aeabi_cdrcmple</STRONG> (Thumb, 48 bytes, Stack size 0 bytes, cdrcmple.o(.text), UNUSED)
<BR><BR>[Called By]<UL><LI><a href="#[91]">&gt;&gt;</a>&nbsp;&nbsp;&nbsp;_fp_digits
</UL>

<P><STRONG><a name="[77]"></a>__scatterload</STRONG> (Thumb, 28 bytes, Stack size 0 bytes, init.o(.text))
<BR><BR>[Calls]<UL><LI><a href="#[88]">&gt;&gt;</a>&nbsp;&nbsp;&nbsp;__main_after_scatterload
</UL>
<BR>[Called By]<UL><LI><a href="#[76]">&gt;&gt;</a>&nbsp;&nbsp;&nbsp;_main_scatterload
</UL>

<P><STRONG><a name="[1a1]"></a>__scatterload_rt2</STRONG> (Thumb, 0 bytes, Stack size 0 bytes, init.o(.text), UNUSED)

<P><STRONG><a name="[7e]"></a>__aeabi_llsl</STRONG> (Thumb, 30 bytes, Stack size 0 bytes, llshl.o(.text), UNUSED)
<BR><BR>[Called By]<UL><LI><a href="#[7f]">&gt;&gt;</a>&nbsp;&nbsp;&nbsp;__aeabi_dadd
<LI><a href="#[87]">&gt;&gt;</a>&nbsp;&nbsp;&nbsp;__aeabi_d2ulz
<LI><a href="#[81]">&gt;&gt;</a>&nbsp;&nbsp;&nbsp;_double_epilogue
<LI><a href="#[7c]">&gt;&gt;</a>&nbsp;&nbsp;&nbsp;__aeabi_uldivmod
</UL>

<P><STRONG><a name="[1a2]"></a>_ll_shift_l</STRONG> (Thumb, 0 bytes, Stack size 0 bytes, llshl.o(.text), UNUSED)

<P><STRONG><a name="[7d]"></a>__aeabi_llsr</STRONG> (Thumb, 32 bytes, Stack size 0 bytes, llushr.o(.text), UNUSED)
<BR><BR>[Called By]<UL><LI><a href="#[87]">&gt;&gt;</a>&nbsp;&nbsp;&nbsp;__aeabi_d2ulz
<LI><a href="#[81]">&gt;&gt;</a>&nbsp;&nbsp;&nbsp;_double_epilogue
<LI><a href="#[7c]">&gt;&gt;</a>&nbsp;&nbsp;&nbsp;__aeabi_uldivmod
</UL>

<P><STRONG><a name="[1a3]"></a>_ll_ushift_r</STRONG> (Thumb, 0 bytes, Stack size 0 bytes, llushr.o(.text), UNUSED)

<P><STRONG><a name="[80]"></a>__aeabi_lasr</STRONG> (Thumb, 36 bytes, Stack size 0 bytes, llsshr.o(.text), UNUSED)
<BR><BR>[Called By]<UL><LI><a href="#[7f]">&gt;&gt;</a>&nbsp;&nbsp;&nbsp;__aeabi_dadd
</UL>

<P><STRONG><a name="[1a4]"></a>_ll_sshift_r</STRONG> (Thumb, 0 bytes, Stack size 0 bytes, llsshr.o(.text), UNUSED)

<P><STRONG><a name="[82]"></a>_double_round</STRONG> (Thumb, 30 bytes, Stack size 8 bytes, depilogue.o(.text), UNUSED)
<BR><BR>[Called By]<UL><LI><a href="#[86]">&gt;&gt;</a>&nbsp;&nbsp;&nbsp;__aeabi_ddiv
<LI><a href="#[7f]">&gt;&gt;</a>&nbsp;&nbsp;&nbsp;__aeabi_dadd
<LI><a href="#[81]">&gt;&gt;</a>&nbsp;&nbsp;&nbsp;_double_epilogue
</UL>

<P><STRONG><a name="[81]"></a>_double_epilogue</STRONG> (Thumb, 156 bytes, Stack size 32 bytes, depilogue.o(.text), UNUSED)
<BR><BR>[Calls]<UL><LI><a href="#[7d]">&gt;&gt;</a>&nbsp;&nbsp;&nbsp;__aeabi_llsr
<LI><a href="#[7e]">&gt;&gt;</a>&nbsp;&nbsp;&nbsp;__aeabi_llsl
<LI><a href="#[82]">&gt;&gt;</a>&nbsp;&nbsp;&nbsp;_double_round
</UL>
<BR>[Called By]<UL><LI><a href="#[85]">&gt;&gt;</a>&nbsp;&nbsp;&nbsp;__aeabi_dmul
<LI><a href="#[7f]">&gt;&gt;</a>&nbsp;&nbsp;&nbsp;__aeabi_dadd
</UL>

<P><STRONG><a name="[4]"></a>BusFault_Handler</STRONG> (Thumb, 4 bytes, Stack size 0 bytes, gd32f4xx_it.o(i.BusFault_Handler))
<BR>[Address Reference Count : 1]<UL><LI> startup_gd32f450_470.o(RESET)
</UL>
<P><STRONG><a name="[7]"></a>DebugMon_Handler</STRONG> (Thumb, 4 bytes, Stack size 0 bytes, gd32f4xx_it.o(i.DebugMon_Handler))
<BR>[Address Reference Count : 1]<UL><LI> startup_gd32f450_470.o(RESET)
</UL>
<P><STRONG><a name="[2]"></a>HardFault_Handler</STRONG> (Thumb, 4 bytes, Stack size 0 bytes, gd32f4xx_it.o(i.HardFault_Handler))
<BR>[Address Reference Count : 1]<UL><LI> startup_gd32f450_470.o(RESET)
</UL>
<P><STRONG><a name="[3]"></a>MemManage_Handler</STRONG> (Thumb, 4 bytes, Stack size 0 bytes, gd32f4xx_it.o(i.MemManage_Handler))
<BR>[Address Reference Count : 1]<UL><LI> startup_gd32f450_470.o(RESET)
</UL>
<P><STRONG><a name="[1]"></a>NMI_Handler</STRONG> (Thumb, 4 bytes, Stack size 0 bytes, gd32f4xx_it.o(i.NMI_Handler))
<BR>[Address Reference Count : 1]<UL><LI> startup_gd32f450_470.o(RESET)
</UL>
<P><STRONG><a name="[9]"></a>SysTick_Handler</STRONG> (Thumb, 20 bytes, Stack size 8 bytes, gd32f4xx_it.o(i.SysTick_Handler))
<BR><BR>[Stack]<UL><LI>Max Depth = 24<LI>Call Chain = SysTick_Handler &rArr; vTaskIncrementTick
</UL>
<BR>[Calls]<UL><LI><a href="#[8a]">&gt;&gt;</a>&nbsp;&nbsp;&nbsp;xTaskGetSchedulerState
<LI><a href="#[8b]">&gt;&gt;</a>&nbsp;&nbsp;&nbsp;vTaskIncrementTick
<LI><a href="#[89]">&gt;&gt;</a>&nbsp;&nbsp;&nbsp;delay_decrement
</UL>
<BR>[Address Reference Count : 1]<UL><LI> startup_gd32f450_470.o(RESET)
</UL>
<P><STRONG><a name="[64]"></a>SystemInit</STRONG> (Thumb, 374 bytes, Stack size 16 bytes, system_gd32f4xx.o(i.SystemInit))
<BR><BR>[Stack]<UL><LI>Max Depth = 32<LI>Call Chain = SystemInit &rArr; system_clock_config &rArr; system_clock_200m_25m_hxtal
</UL>
<BR>[Calls]<UL><LI><a href="#[8e]">&gt;&gt;</a>&nbsp;&nbsp;&nbsp;nvic_vector_table_set
<LI><a href="#[8d]">&gt;&gt;</a>&nbsp;&nbsp;&nbsp;system_clock_config
<LI><a href="#[8c]">&gt;&gt;</a>&nbsp;&nbsp;&nbsp;_soft_delay_
</UL>
<BR>[Address Reference Count : 1]<UL><LI> startup_gd32f450_470.o(.text)
</UL>
<P><STRONG><a name="[5]"></a>UsageFault_Handler</STRONG> (Thumb, 4 bytes, Stack size 0 bytes, gd32f4xx_it.o(i.UsageFault_Handler))
<BR>[Address Reference Count : 1]<UL><LI> startup_gd32f450_470.o(RESET)
</UL>
<P><STRONG><a name="[8f]"></a>__0printf</STRONG> (Thumb, 22 bytes, Stack size 24 bytes, printfa.o(i.__0printf), UNUSED)
<BR><BR>[Calls]<UL><LI><a href="#[90]">&gt;&gt;</a>&nbsp;&nbsp;&nbsp;_printf_core
</UL>

<P><STRONG><a name="[1a5]"></a>__1printf</STRONG> (Thumb, 0 bytes, Stack size 24 bytes, printfa.o(i.__0printf), UNUSED)

<P><STRONG><a name="[97]"></a>__2printf</STRONG> (Thumb, 0 bytes, Stack size 24 bytes, printfa.o(i.__0printf))
<BR><BR>[Stack]<UL><LI>Max Depth = 24<LI>Call Chain = __2printf
</UL>
<BR>[Called By]<UL><LI><a href="#[ab]">&gt;&gt;</a>&nbsp;&nbsp;&nbsp;lan8720_scan_phy_address
<LI><a href="#[a2]">&gt;&gt;</a>&nbsp;&nbsp;&nbsp;lwip_demo_poll
<LI><a href="#[13f]">&gt;&gt;</a>&nbsp;&nbsp;&nbsp;lwip_demo_init
<LI><a href="#[a6]">&gt;&gt;</a>&nbsp;&nbsp;&nbsp;bsp_lan8720_init
<LI><a href="#[63]">&gt;&gt;</a>&nbsp;&nbsp;&nbsp;main
<LI><a href="#[6c]">&gt;&gt;</a>&nbsp;&nbsp;&nbsp;app_task_network
<LI><a href="#[6f]">&gt;&gt;</a>&nbsp;&nbsp;&nbsp;app_task_hlw8112
<LI><a href="#[6e]">&gt;&gt;</a>&nbsp;&nbsp;&nbsp;app_task_cs1237
<LI><a href="#[72]">&gt;&gt;</a>&nbsp;&nbsp;&nbsp;tcp_server_recv
<LI><a href="#[73]">&gt;&gt;</a>&nbsp;&nbsp;&nbsp;tcp_server_accept
<LI><a href="#[143]">&gt;&gt;</a>&nbsp;&nbsp;&nbsp;tcp_server_demo_init
</UL>

<P><STRONG><a name="[1a6]"></a>__c89printf</STRONG> (Thumb, 0 bytes, Stack size 24 bytes, printfa.o(i.__0printf), UNUSED)

<P><STRONG><a name="[1a7]"></a>printf</STRONG> (Thumb, 0 bytes, Stack size 24 bytes, printfa.o(i.__0printf), UNUSED)

<P><STRONG><a name="[1a8]"></a>__scatterload_copy</STRONG> (Thumb, 14 bytes, Stack size unknown bytes, handlers.o(i.__scatterload_copy), UNUSED)

<P><STRONG><a name="[1a9]"></a>__scatterload_null</STRONG> (Thumb, 2 bytes, Stack size unknown bytes, handlers.o(i.__scatterload_null), UNUSED)

<P><STRONG><a name="[1aa]"></a>__scatterload_zeroinit</STRONG> (Thumb, 14 bytes, Stack size unknown bytes, handlers.o(i.__scatterload_zeroinit), UNUSED)

<P><STRONG><a name="[a4]"></a>bsp_lan8720_get_link_status</STRONG> (Thumb, 42 bytes, Stack size 8 bytes, bsp_lan8720.o(i.bsp_lan8720_get_link_status))
<BR><BR>[Stack]<UL><LI>Max Depth = 48<LI>Call Chain = bsp_lan8720_get_link_status &rArr; bsp_lan8720_read_phy_reg &rArr; enet_phy_write_read
</UL>
<BR>[Calls]<UL><LI><a href="#[a5]">&gt;&gt;</a>&nbsp;&nbsp;&nbsp;bsp_lan8720_read_phy_reg
</UL>
<BR>[Called By]<UL><LI><a href="#[6c]">&gt;&gt;</a>&nbsp;&nbsp;&nbsp;app_task_network
</UL>

<P><STRONG><a name="[13e]"></a>bsp_lan8720_get_mac</STRONG> (Thumb, 14 bytes, Stack size 0 bytes, bsp_lan8720.o(i.bsp_lan8720_get_mac))
<BR><BR>[Called By]<UL><LI><a href="#[112]">&gt;&gt;</a>&nbsp;&nbsp;&nbsp;low_level_init
</UL>

<P><STRONG><a name="[a6]"></a>bsp_lan8720_init</STRONG> (Thumb, 412 bytes, Stack size 32 bytes, bsp_lan8720.o(i.bsp_lan8720_init))
<BR><BR>[Stack]<UL><LI>Max Depth = 196<LI>Call Chain = bsp_lan8720_init &rArr; enet_init &rArr; enet_phy_config &rArr; rcu_clock_freq_get
</UL>
<BR>[Calls]<UL><LI><a href="#[a9]">&gt;&gt;</a>&nbsp;&nbsp;&nbsp;enet_software_reset
<LI><a href="#[aa]">&gt;&gt;</a>&nbsp;&nbsp;&nbsp;enet_phy_config
<LI><a href="#[af]">&gt;&gt;</a>&nbsp;&nbsp;&nbsp;enet_mac_address_set
<LI><a href="#[ae]">&gt;&gt;</a>&nbsp;&nbsp;&nbsp;enet_init
<LI><a href="#[b1]">&gt;&gt;</a>&nbsp;&nbsp;&nbsp;enet_enable
<LI><a href="#[b0]">&gt;&gt;</a>&nbsp;&nbsp;&nbsp;enet_descriptors_chain_init
<LI><a href="#[a7]">&gt;&gt;</a>&nbsp;&nbsp;&nbsp;enet_deinit
<LI><a href="#[ac]">&gt;&gt;</a>&nbsp;&nbsp;&nbsp;bsp_lan8720_write_phy_reg
<LI><a href="#[a5]">&gt;&gt;</a>&nbsp;&nbsp;&nbsp;bsp_lan8720_read_phy_reg
<LI><a href="#[ab]">&gt;&gt;</a>&nbsp;&nbsp;&nbsp;lan8720_scan_phy_address
<LI><a href="#[a8]">&gt;&gt;</a>&nbsp;&nbsp;&nbsp;lan8720_gpio_config
<LI><a href="#[ad]">&gt;&gt;</a>&nbsp;&nbsp;&nbsp;delay_1ms
<LI><a href="#[9e]">&gt;&gt;</a>&nbsp;&nbsp;&nbsp;rcu_periph_clock_enable
<LI><a href="#[97]">&gt;&gt;</a>&nbsp;&nbsp;&nbsp;__2printf
</UL>
<BR>[Called By]<UL><LI><a href="#[63]">&gt;&gt;</a>&nbsp;&nbsp;&nbsp;main
</UL>

<P><STRONG><a name="[a5]"></a>bsp_lan8720_read_phy_reg</STRONG> (Thumb, 26 bytes, Stack size 16 bytes, bsp_lan8720.o(i.bsp_lan8720_read_phy_reg))
<BR><BR>[Stack]<UL><LI>Max Depth = 40<LI>Call Chain = bsp_lan8720_read_phy_reg &rArr; enet_phy_write_read
</UL>
<BR>[Calls]<UL><LI><a href="#[b2]">&gt;&gt;</a>&nbsp;&nbsp;&nbsp;enet_phy_write_read
</UL>
<BR>[Called By]<UL><LI><a href="#[ab]">&gt;&gt;</a>&nbsp;&nbsp;&nbsp;lan8720_scan_phy_address
<LI><a href="#[a6]">&gt;&gt;</a>&nbsp;&nbsp;&nbsp;bsp_lan8720_init
<LI><a href="#[a4]">&gt;&gt;</a>&nbsp;&nbsp;&nbsp;bsp_lan8720_get_link_status
</UL>

<P><STRONG><a name="[b3]"></a>bsp_lan8720_receive_packet</STRONG> (Thumb, 54 bytes, Stack size 16 bytes, bsp_lan8720.o(i.bsp_lan8720_receive_packet))
<BR><BR>[Stack]<UL><LI>Max Depth = 28<LI>Call Chain = bsp_lan8720_receive_packet &rArr; enet_frame_receive
</UL>
<BR>[Calls]<UL><LI><a href="#[b4]">&gt;&gt;</a>&nbsp;&nbsp;&nbsp;enet_rxframe_size_get
<LI><a href="#[b5]">&gt;&gt;</a>&nbsp;&nbsp;&nbsp;enet_rxframe_drop
<LI><a href="#[b6]">&gt;&gt;</a>&nbsp;&nbsp;&nbsp;enet_frame_receive
</UL>
<BR>[Called By]<UL><LI><a href="#[114]">&gt;&gt;</a>&nbsp;&nbsp;&nbsp;low_level_input
</UL>

<P><STRONG><a name="[b7]"></a>bsp_lan8720_send_packet</STRONG> (Thumb, 38 bytes, Stack size 16 bytes, bsp_lan8720.o(i.bsp_lan8720_send_packet))
<BR><BR>[Stack]<UL><LI>Max Depth = 32<LI>Call Chain = bsp_lan8720_send_packet &rArr; enet_frame_transmit
</UL>
<BR>[Calls]<UL><LI><a href="#[b8]">&gt;&gt;</a>&nbsp;&nbsp;&nbsp;enet_frame_transmit
</UL>
<BR>[Called By]<UL><LI><a href="#[69]">&gt;&gt;</a>&nbsp;&nbsp;&nbsp;low_level_output
</UL>

<P><STRONG><a name="[ac]"></a>bsp_lan8720_write_phy_reg</STRONG> (Thumb, 24 bytes, Stack size 24 bytes, bsp_lan8720.o(i.bsp_lan8720_write_phy_reg))
<BR><BR>[Stack]<UL><LI>Max Depth = 48<LI>Call Chain = bsp_lan8720_write_phy_reg &rArr; enet_phy_write_read
</UL>
<BR>[Calls]<UL><LI><a href="#[b2]">&gt;&gt;</a>&nbsp;&nbsp;&nbsp;enet_phy_write_read
</UL>
<BR>[Called By]<UL><LI><a href="#[a6]">&gt;&gt;</a>&nbsp;&nbsp;&nbsp;bsp_lan8720_init
</UL>

<P><STRONG><a name="[b9]"></a>cs1237_configure</STRONG> (Thumb, 72 bytes, Stack size 24 bytes, bsp_cs1237.o(i.cs1237_configure))
<BR><BR>[Stack]<UL><LI>Max Depth = 76<LI>Call Chain = cs1237_configure &rArr; cs1237_write_reg &rArr; cs1237_dout_as_output &rArr; gpio_output_options_set
</UL>
<BR>[Calls]<UL><LI><a href="#[ba]">&gt;&gt;</a>&nbsp;&nbsp;&nbsp;cs1237_write_reg
</UL>
<BR>[Called By]<UL><LI><a href="#[98]">&gt;&gt;</a>&nbsp;&nbsp;&nbsp;cs1237_read_adc_auto_range
<LI><a href="#[bd]">&gt;&gt;</a>&nbsp;&nbsp;&nbsp;cs1237_init
</UL>

<P><STRONG><a name="[9b]"></a>cs1237_get_pga_multiplier</STRONG> (Thumb, 38 bytes, Stack size 0 bytes, bsp_cs1237.o(i.cs1237_get_pga_multiplier))
<BR><BR>[Called By]<UL><LI><a href="#[99]">&gt;&gt;</a>&nbsp;&nbsp;&nbsp;cs1237_raw_to_voltage_mv
<LI><a href="#[6e]">&gt;&gt;</a>&nbsp;&nbsp;&nbsp;app_task_cs1237
</UL>

<P><STRONG><a name="[bd]"></a>cs1237_init</STRONG> (Thumb, 98 bytes, Stack size 8 bytes, bsp_cs1237.o(i.cs1237_init))
<BR><BR>[Stack]<UL><LI>Max Depth = 84<LI>Call Chain = cs1237_init &rArr; cs1237_configure &rArr; cs1237_write_reg &rArr; cs1237_dout_as_output &rArr; gpio_output_options_set
</UL>
<BR>[Calls]<UL><LI><a href="#[bf]">&gt;&gt;</a>&nbsp;&nbsp;&nbsp;gpio_bit_set
<LI><a href="#[be]">&gt;&gt;</a>&nbsp;&nbsp;&nbsp;gpio_bit_reset
<LI><a href="#[b9]">&gt;&gt;</a>&nbsp;&nbsp;&nbsp;cs1237_configure
<LI><a href="#[bb]">&gt;&gt;</a>&nbsp;&nbsp;&nbsp;cs1237_dout_as_input
<LI><a href="#[c0]">&gt;&gt;</a>&nbsp;&nbsp;&nbsp;cs1237_delay_us
<LI><a href="#[9e]">&gt;&gt;</a>&nbsp;&nbsp;&nbsp;rcu_periph_clock_enable
<LI><a href="#[a0]">&gt;&gt;</a>&nbsp;&nbsp;&nbsp;gpio_output_options_set
<LI><a href="#[9f]">&gt;&gt;</a>&nbsp;&nbsp;&nbsp;gpio_mode_set
</UL>
<BR>[Called By]<UL><LI><a href="#[63]">&gt;&gt;</a>&nbsp;&nbsp;&nbsp;main
</UL>

<P><STRONG><a name="[99]"></a>cs1237_raw_to_voltage_mv</STRONG> (Thumb, 70 bytes, Stack size 4 bytes, bsp_cs1237.o(i.cs1237_raw_to_voltage_mv))
<BR><BR>[Stack]<UL><LI>Max Depth = 4<LI>Call Chain = cs1237_raw_to_voltage_mv
</UL>
<BR>[Calls]<UL><LI><a href="#[9b]">&gt;&gt;</a>&nbsp;&nbsp;&nbsp;cs1237_get_pga_multiplier
</UL>
<BR>[Called By]<UL><LI><a href="#[6e]">&gt;&gt;</a>&nbsp;&nbsp;&nbsp;app_task_cs1237
</UL>

<P><STRONG><a name="[98]"></a>cs1237_read_adc_auto_range</STRONG> (Thumb, 234 bytes, Stack size 32 bytes, bsp_cs1237.o(i.cs1237_read_adc_auto_range))
<BR><BR>[Stack]<UL><LI>Max Depth = 108<LI>Call Chain = cs1237_read_adc_auto_range &rArr; cs1237_configure &rArr; cs1237_write_reg &rArr; cs1237_dout_as_output &rArr; gpio_output_options_set
</UL>
<BR>[Calls]<UL><LI><a href="#[c1]">&gt;&gt;</a>&nbsp;&nbsp;&nbsp;cs1237_read_adc_signed
<LI><a href="#[b9]">&gt;&gt;</a>&nbsp;&nbsp;&nbsp;cs1237_configure
</UL>
<BR>[Called By]<UL><LI><a href="#[6e]">&gt;&gt;</a>&nbsp;&nbsp;&nbsp;app_task_cs1237
</UL>

<P><STRONG><a name="[c2]"></a>cs1237_read_adc_raw</STRONG> (Thumb, 144 bytes, Stack size 24 bytes, bsp_cs1237.o(i.cs1237_read_adc_raw))
<BR><BR>[Stack]<UL><LI>Max Depth = 32<LI>Call Chain = cs1237_read_adc_raw &rArr; cs1237_delay_us
</UL>
<BR>[Calls]<UL><LI><a href="#[c3]">&gt;&gt;</a>&nbsp;&nbsp;&nbsp;gpio_input_bit_get
<LI><a href="#[bf]">&gt;&gt;</a>&nbsp;&nbsp;&nbsp;gpio_bit_set
<LI><a href="#[be]">&gt;&gt;</a>&nbsp;&nbsp;&nbsp;gpio_bit_reset
<LI><a href="#[c0]">&gt;&gt;</a>&nbsp;&nbsp;&nbsp;cs1237_delay_us
</UL>
<BR>[Called By]<UL><LI><a href="#[c1]">&gt;&gt;</a>&nbsp;&nbsp;&nbsp;cs1237_read_adc_signed
</UL>

<P><STRONG><a name="[c1]"></a>cs1237_read_adc_signed</STRONG> (Thumb, 26 bytes, Stack size 16 bytes, bsp_cs1237.o(i.cs1237_read_adc_signed))
<BR><BR>[Stack]<UL><LI>Max Depth = 48<LI>Call Chain = cs1237_read_adc_signed &rArr; cs1237_read_adc_raw &rArr; cs1237_delay_us
</UL>
<BR>[Calls]<UL><LI><a href="#[c2]">&gt;&gt;</a>&nbsp;&nbsp;&nbsp;cs1237_read_adc_raw
</UL>
<BR>[Called By]<UL><LI><a href="#[98]">&gt;&gt;</a>&nbsp;&nbsp;&nbsp;cs1237_read_adc_auto_range
</UL>

<P><STRONG><a name="[96]"></a>cs1237_read_reg</STRONG> (Thumb, 352 bytes, Stack size 24 bytes, bsp_cs1237.o(i.cs1237_read_reg))
<BR><BR>[Stack]<UL><LI>Max Depth = 52<LI>Call Chain = cs1237_read_reg &rArr; cs1237_dout_as_output &rArr; gpio_output_options_set
</UL>
<BR>[Calls]<UL><LI><a href="#[c3]">&gt;&gt;</a>&nbsp;&nbsp;&nbsp;gpio_input_bit_get
<LI><a href="#[bf]">&gt;&gt;</a>&nbsp;&nbsp;&nbsp;gpio_bit_set
<LI><a href="#[be]">&gt;&gt;</a>&nbsp;&nbsp;&nbsp;gpio_bit_reset
<LI><a href="#[bc]">&gt;&gt;</a>&nbsp;&nbsp;&nbsp;cs1237_dout_as_output
<LI><a href="#[bb]">&gt;&gt;</a>&nbsp;&nbsp;&nbsp;cs1237_dout_as_input
<LI><a href="#[c0]">&gt;&gt;</a>&nbsp;&nbsp;&nbsp;cs1237_delay_us
</UL>
<BR>[Called By]<UL><LI><a href="#[6e]">&gt;&gt;</a>&nbsp;&nbsp;&nbsp;app_task_cs1237
</UL>

<P><STRONG><a name="[ba]"></a>cs1237_write_reg</STRONG> (Thumb, 362 bytes, Stack size 24 bytes, bsp_cs1237.o(i.cs1237_write_reg))
<BR><BR>[Stack]<UL><LI>Max Depth = 52<LI>Call Chain = cs1237_write_reg &rArr; cs1237_dout_as_output &rArr; gpio_output_options_set
</UL>
<BR>[Calls]<UL><LI><a href="#[c3]">&gt;&gt;</a>&nbsp;&nbsp;&nbsp;gpio_input_bit_get
<LI><a href="#[bf]">&gt;&gt;</a>&nbsp;&nbsp;&nbsp;gpio_bit_set
<LI><a href="#[be]">&gt;&gt;</a>&nbsp;&nbsp;&nbsp;gpio_bit_reset
<LI><a href="#[bc]">&gt;&gt;</a>&nbsp;&nbsp;&nbsp;cs1237_dout_as_output
<LI><a href="#[bb]">&gt;&gt;</a>&nbsp;&nbsp;&nbsp;cs1237_dout_as_input
<LI><a href="#[c0]">&gt;&gt;</a>&nbsp;&nbsp;&nbsp;cs1237_delay_us
</UL>
<BR>[Called By]<UL><LI><a href="#[b9]">&gt;&gt;</a>&nbsp;&nbsp;&nbsp;cs1237_configure
</UL>

<P><STRONG><a name="[ad]"></a>delay_1ms</STRONG> (Thumb, 16 bytes, Stack size 0 bytes, systick.o(i.delay_1ms))
<BR><BR>[Called By]<UL><LI><a href="#[a6]">&gt;&gt;</a>&nbsp;&nbsp;&nbsp;bsp_lan8720_init
</UL>

<P><STRONG><a name="[89]"></a>delay_decrement</STRONG> (Thumb, 28 bytes, Stack size 0 bytes, systick.o(i.delay_decrement))
<BR><BR>[Called By]<UL><LI><a href="#[9]">&gt;&gt;</a>&nbsp;&nbsp;&nbsp;SysTick_Handler
</UL>

<P><STRONG><a name="[c4]"></a>dhcp_arp_reply</STRONG> (Thumb, 50 bytes, Stack size 16 bytes, dhcp.o(i.dhcp_arp_reply))
<BR><BR>[Stack]<UL><LI>Max Depth = 316<LI>Call Chain = dhcp_arp_reply &rArr; dhcp_decline &rArr; udp_sendto_if &rArr; ip_output_if &rArr; ip_frag &rArr; pbuf_alloc &rArr; pbuf_free &rArr; mem_free &rArr; plug_holes
</UL>
<BR>[Calls]<UL><LI><a href="#[c5]">&gt;&gt;</a>&nbsp;&nbsp;&nbsp;dhcp_decline
</UL>
<BR>[Called By]<UL><LI><a href="#[102]">&gt;&gt;</a>&nbsp;&nbsp;&nbsp;etharp_arp_input
</UL>

<P><STRONG><a name="[d0]"></a>dhcp_coarse_tmr</STRONG> (Thumb, 62 bytes, Stack size 8 bytes, dhcp.o(i.dhcp_coarse_tmr))
<BR><BR>[Stack]<UL><LI>Max Depth = 316<LI>Call Chain = dhcp_coarse_tmr &rArr; dhcp_t2_timeout &rArr; dhcp_rebind &rArr; udp_sendto_if &rArr; ip_output_if &rArr; ip_frag &rArr; pbuf_alloc &rArr; pbuf_free &rArr; mem_free &rArr; plug_holes
</UL>
<BR>[Calls]<UL><LI><a href="#[d1]">&gt;&gt;</a>&nbsp;&nbsp;&nbsp;dhcp_t2_timeout
<LI><a href="#[d2]">&gt;&gt;</a>&nbsp;&nbsp;&nbsp;dhcp_t1_timeout
</UL>
<BR>[Called By]<UL><LI><a href="#[a2]">&gt;&gt;</a>&nbsp;&nbsp;&nbsp;lwip_demo_poll
</UL>

<P><STRONG><a name="[e0]"></a>dhcp_fine_tmr</STRONG> (Thumb, 64 bytes, Stack size 8 bytes, dhcp.o(i.dhcp_fine_tmr))
<BR><BR>[Stack]<UL><LI>Max Depth = 492<LI>Call Chain = dhcp_fine_tmr &rArr; dhcp_timeout &rArr; dhcp_bind &rArr; netif_set_ipaddr &rArr; tcp_abandon &rArr; tcp_pcb_remove &rArr; tcp_output &rArr; tcp_output_segment &rArr; ip_output &rArr; ip_output_if &rArr; ip_frag &rArr; pbuf_alloc &rArr; pbuf_free &rArr; mem_free &rArr; plug_holes
</UL>
<BR>[Calls]<UL><LI><a href="#[e1]">&gt;&gt;</a>&nbsp;&nbsp;&nbsp;dhcp_timeout
</UL>
<BR>[Called By]<UL><LI><a href="#[a2]">&gt;&gt;</a>&nbsp;&nbsp;&nbsp;lwip_demo_poll
</UL>

<P><STRONG><a name="[ee]"></a>dhcp_release</STRONG> (Thumb, 192 bytes, Stack size 24 bytes, dhcp.o(i.dhcp_release))
<BR><BR>[Stack]<UL><LI>Max Depth = 460<LI>Call Chain = dhcp_release &rArr; netif_set_ipaddr &rArr; tcp_abandon &rArr; tcp_pcb_remove &rArr; tcp_output &rArr; tcp_output_segment &rArr; ip_output &rArr; ip_output_if &rArr; ip_frag &rArr; pbuf_alloc &rArr; pbuf_free &rArr; mem_free &rArr; plug_holes
</UL>
<BR>[Calls]<UL><LI><a href="#[db]">&gt;&gt;</a>&nbsp;&nbsp;&nbsp;udp_sendto_if
<LI><a href="#[da]">&gt;&gt;</a>&nbsp;&nbsp;&nbsp;udp_connect
<LI><a href="#[d9]">&gt;&gt;</a>&nbsp;&nbsp;&nbsp;pbuf_realloc
<LI><a href="#[ca]">&gt;&gt;</a>&nbsp;&nbsp;&nbsp;netif_set_netmask
<LI><a href="#[c9]">&gt;&gt;</a>&nbsp;&nbsp;&nbsp;netif_set_ipaddr
<LI><a href="#[cb]">&gt;&gt;</a>&nbsp;&nbsp;&nbsp;netif_set_gw
<LI><a href="#[e9]">&gt;&gt;</a>&nbsp;&nbsp;&nbsp;netif_set_down
<LI><a href="#[cd]">&gt;&gt;</a>&nbsp;&nbsp;&nbsp;dhcp_set_state
<LI><a href="#[d8]">&gt;&gt;</a>&nbsp;&nbsp;&nbsp;dhcp_option_trailer
<LI><a href="#[d6]">&gt;&gt;</a>&nbsp;&nbsp;&nbsp;dhcp_option_byte
<LI><a href="#[d5]">&gt;&gt;</a>&nbsp;&nbsp;&nbsp;dhcp_option
<LI><a href="#[dc]">&gt;&gt;</a>&nbsp;&nbsp;&nbsp;dhcp_delete_request
<LI><a href="#[d3]">&gt;&gt;</a>&nbsp;&nbsp;&nbsp;dhcp_create_request
</UL>
<BR>[Called By]<UL><LI><a href="#[e1]">&gt;&gt;</a>&nbsp;&nbsp;&nbsp;dhcp_timeout
</UL>

<P><STRONG><a name="[ef]"></a>dhcp_renew</STRONG> (Thumb, 160 bytes, Stack size 24 bytes, dhcp.o(i.dhcp_renew))
<BR><BR>[Stack]<UL><LI>Max Depth = 292<LI>Call Chain = dhcp_renew &rArr; udp_sendto_if &rArr; ip_output_if &rArr; ip_frag &rArr; pbuf_alloc &rArr; pbuf_free &rArr; mem_free &rArr; plug_holes
</UL>
<BR>[Calls]<UL><LI><a href="#[db]">&gt;&gt;</a>&nbsp;&nbsp;&nbsp;udp_sendto_if
<LI><a href="#[da]">&gt;&gt;</a>&nbsp;&nbsp;&nbsp;udp_connect
<LI><a href="#[d9]">&gt;&gt;</a>&nbsp;&nbsp;&nbsp;pbuf_realloc
<LI><a href="#[cd]">&gt;&gt;</a>&nbsp;&nbsp;&nbsp;dhcp_set_state
<LI><a href="#[d8]">&gt;&gt;</a>&nbsp;&nbsp;&nbsp;dhcp_option_trailer
<LI><a href="#[df]">&gt;&gt;</a>&nbsp;&nbsp;&nbsp;dhcp_option_short
<LI><a href="#[d6]">&gt;&gt;</a>&nbsp;&nbsp;&nbsp;dhcp_option_byte
<LI><a href="#[d5]">&gt;&gt;</a>&nbsp;&nbsp;&nbsp;dhcp_option
<LI><a href="#[dc]">&gt;&gt;</a>&nbsp;&nbsp;&nbsp;dhcp_delete_request
<LI><a href="#[d3]">&gt;&gt;</a>&nbsp;&nbsp;&nbsp;dhcp_create_request
</UL>
<BR>[Called By]<UL><LI><a href="#[e1]">&gt;&gt;</a>&nbsp;&nbsp;&nbsp;dhcp_timeout
<LI><a href="#[d2]">&gt;&gt;</a>&nbsp;&nbsp;&nbsp;dhcp_t1_timeout
</UL>

<P><STRONG><a name="[f0]"></a>dhcp_start</STRONG> (Thumb, 194 bytes, Stack size 16 bytes, dhcp.o(i.dhcp_start))
<BR><BR>[Stack]<UL><LI>Max Depth = 308<LI>Call Chain = dhcp_start &rArr; dhcp_discover &rArr; udp_sendto_if &rArr; ip_output_if &rArr; ip_frag &rArr; pbuf_alloc &rArr; pbuf_free &rArr; mem_free &rArr; plug_holes
</UL>
<BR>[Calls]<UL><LI><a href="#[f2]">&gt;&gt;</a>&nbsp;&nbsp;&nbsp;udp_remove
<LI><a href="#[f6]">&gt;&gt;</a>&nbsp;&nbsp;&nbsp;udp_recv
<LI><a href="#[f4]">&gt;&gt;</a>&nbsp;&nbsp;&nbsp;udp_new
<LI><a href="#[da]">&gt;&gt;</a>&nbsp;&nbsp;&nbsp;udp_connect
<LI><a href="#[f5]">&gt;&gt;</a>&nbsp;&nbsp;&nbsp;udp_bind
<LI><a href="#[dd]">&gt;&gt;</a>&nbsp;&nbsp;&nbsp;pbuf_free
<LI><a href="#[f1]">&gt;&gt;</a>&nbsp;&nbsp;&nbsp;mem_malloc
<LI><a href="#[e3]">&gt;&gt;</a>&nbsp;&nbsp;&nbsp;mem_free
<LI><a href="#[f7]">&gt;&gt;</a>&nbsp;&nbsp;&nbsp;dhcp_stop
<LI><a href="#[de]">&gt;&gt;</a>&nbsp;&nbsp;&nbsp;dhcp_discover
<LI><a href="#[f3]">&gt;&gt;</a>&nbsp;&nbsp;&nbsp;__aeabi_memclr4
</UL>
<BR>[Called By]<UL><LI><a href="#[13f]">&gt;&gt;</a>&nbsp;&nbsp;&nbsp;lwip_demo_init
</UL>

<P><STRONG><a name="[f7]"></a>dhcp_stop</STRONG> (Thumb, 80 bytes, Stack size 16 bytes, dhcp.o(i.dhcp_stop))
<BR><BR>[Stack]<UL><LI>Max Depth = 68<LI>Call Chain = dhcp_stop &rArr; pbuf_free &rArr; mem_free &rArr; plug_holes
</UL>
<BR>[Calls]<UL><LI><a href="#[f2]">&gt;&gt;</a>&nbsp;&nbsp;&nbsp;udp_remove
<LI><a href="#[dd]">&gt;&gt;</a>&nbsp;&nbsp;&nbsp;pbuf_free
<LI><a href="#[e3]">&gt;&gt;</a>&nbsp;&nbsp;&nbsp;mem_free
<LI><a href="#[e2]">&gt;&gt;</a>&nbsp;&nbsp;&nbsp;dhcp_free_reply
</UL>
<BR>[Called By]<UL><LI><a href="#[f0]">&gt;&gt;</a>&nbsp;&nbsp;&nbsp;dhcp_start
</UL>

<P><STRONG><a name="[a7]"></a>enet_deinit</STRONG> (Thumb, 24 bytes, Stack size 8 bytes, gd32f4xx_enet.o(i.enet_deinit))
<BR><BR>[Stack]<UL><LI>Max Depth = 8<LI>Call Chain = enet_deinit
</UL>
<BR>[Calls]<UL><LI><a href="#[f9]">&gt;&gt;</a>&nbsp;&nbsp;&nbsp;rcu_periph_reset_enable
<LI><a href="#[fa]">&gt;&gt;</a>&nbsp;&nbsp;&nbsp;rcu_periph_reset_disable
<LI><a href="#[fb]">&gt;&gt;</a>&nbsp;&nbsp;&nbsp;enet_initpara_reset
</UL>
<BR>[Called By]<UL><LI><a href="#[a6]">&gt;&gt;</a>&nbsp;&nbsp;&nbsp;bsp_lan8720_init
</UL>

<P><STRONG><a name="[b0]"></a>enet_descriptors_chain_init</STRONG> (Thumb, 162 bytes, Stack size 28 bytes, gd32f4xx_enet.o(i.enet_descriptors_chain_init))
<BR><BR>[Stack]<UL><LI>Max Depth = 28<LI>Call Chain = enet_descriptors_chain_init
</UL>
<BR>[Called By]<UL><LI><a href="#[a6]">&gt;&gt;</a>&nbsp;&nbsp;&nbsp;bsp_lan8720_init
</UL>

<P><STRONG><a name="[b1]"></a>enet_enable</STRONG> (Thumb, 12 bytes, Stack size 4 bytes, gd32f4xx_enet.o(i.enet_enable))
<BR><BR>[Stack]<UL><LI>Max Depth = 16<LI>Call Chain = enet_enable &rArr; enet_tx_enable &rArr; enet_txfifo_flush
</UL>
<BR>[Calls]<UL><LI><a href="#[fc]">&gt;&gt;</a>&nbsp;&nbsp;&nbsp;enet_tx_enable
<LI><a href="#[fd]">&gt;&gt;</a>&nbsp;&nbsp;&nbsp;enet_rx_enable
</UL>
<BR>[Called By]<UL><LI><a href="#[a6]">&gt;&gt;</a>&nbsp;&nbsp;&nbsp;bsp_lan8720_init
</UL>

<P><STRONG><a name="[b6]"></a>enet_frame_receive</STRONG> (Thumb, 236 bytes, Stack size 12 bytes, gd32f4xx_enet.o(i.enet_frame_receive))
<BR><BR>[Stack]<UL><LI>Max Depth = 12<LI>Call Chain = enet_frame_receive
</UL>
<BR>[Called By]<UL><LI><a href="#[b3]">&gt;&gt;</a>&nbsp;&nbsp;&nbsp;bsp_lan8720_receive_packet
</UL>

<P><STRONG><a name="[b8]"></a>enet_frame_transmit</STRONG> (Thumb, 196 bytes, Stack size 16 bytes, gd32f4xx_enet.o(i.enet_frame_transmit))
<BR><BR>[Stack]<UL><LI>Max Depth = 16<LI>Call Chain = enet_frame_transmit
</UL>
<BR>[Called By]<UL><LI><a href="#[b7]">&gt;&gt;</a>&nbsp;&nbsp;&nbsp;bsp_lan8720_send_packet
</UL>

<P><STRONG><a name="[ae]"></a>enet_init</STRONG> (Thumb, 822 bytes, Stack size 56 bytes, gd32f4xx_enet.o(i.enet_init))
<BR><BR>[Stack]<UL><LI>Max Depth = 164<LI>Call Chain = enet_init &rArr; enet_phy_config &rArr; rcu_clock_freq_get
</UL>
<BR>[Calls]<UL><LI><a href="#[b2]">&gt;&gt;</a>&nbsp;&nbsp;&nbsp;enet_phy_write_read
<LI><a href="#[aa]">&gt;&gt;</a>&nbsp;&nbsp;&nbsp;enet_phy_config
<LI><a href="#[fe]">&gt;&gt;</a>&nbsp;&nbsp;&nbsp;enet_delay
<LI><a href="#[ff]">&gt;&gt;</a>&nbsp;&nbsp;&nbsp;enet_default_init
</UL>
<BR>[Called By]<UL><LI><a href="#[a6]">&gt;&gt;</a>&nbsp;&nbsp;&nbsp;bsp_lan8720_init
</UL>

<P><STRONG><a name="[fb]"></a>enet_initpara_reset</STRONG> (Thumb, 36 bytes, Stack size 0 bytes, gd32f4xx_enet.o(i.enet_initpara_reset))
<BR><BR>[Called By]<UL><LI><a href="#[a7]">&gt;&gt;</a>&nbsp;&nbsp;&nbsp;enet_deinit
</UL>

<P><STRONG><a name="[af]"></a>enet_mac_address_set</STRONG> (Thumb, 42 bytes, Stack size 0 bytes, gd32f4xx_enet.o(i.enet_mac_address_set))
<BR><BR>[Called By]<UL><LI><a href="#[a6]">&gt;&gt;</a>&nbsp;&nbsp;&nbsp;bsp_lan8720_init
</UL>

<P><STRONG><a name="[aa]"></a>enet_phy_config</STRONG> (Thumb, 184 bytes, Stack size 24 bytes, gd32f4xx_enet.o(i.enet_phy_config))
<BR><BR>[Stack]<UL><LI>Max Depth = 108<LI>Call Chain = enet_phy_config &rArr; rcu_clock_freq_get
</UL>
<BR>[Calls]<UL><LI><a href="#[b2]">&gt;&gt;</a>&nbsp;&nbsp;&nbsp;enet_phy_write_read
<LI><a href="#[100]">&gt;&gt;</a>&nbsp;&nbsp;&nbsp;rcu_clock_freq_get
<LI><a href="#[fe]">&gt;&gt;</a>&nbsp;&nbsp;&nbsp;enet_delay
</UL>
<BR>[Called By]<UL><LI><a href="#[ae]">&gt;&gt;</a>&nbsp;&nbsp;&nbsp;enet_init
<LI><a href="#[a6]">&gt;&gt;</a>&nbsp;&nbsp;&nbsp;bsp_lan8720_init
</UL>

<P><STRONG><a name="[b2]"></a>enet_phy_write_read</STRONG> (Thumb, 148 bytes, Stack size 24 bytes, gd32f4xx_enet.o(i.enet_phy_write_read))
<BR><BR>[Stack]<UL><LI>Max Depth = 24<LI>Call Chain = enet_phy_write_read
</UL>
<BR>[Called By]<UL><LI><a href="#[aa]">&gt;&gt;</a>&nbsp;&nbsp;&nbsp;enet_phy_config
<LI><a href="#[ae]">&gt;&gt;</a>&nbsp;&nbsp;&nbsp;enet_init
<LI><a href="#[ac]">&gt;&gt;</a>&nbsp;&nbsp;&nbsp;bsp_lan8720_write_phy_reg
<LI><a href="#[a5]">&gt;&gt;</a>&nbsp;&nbsp;&nbsp;bsp_lan8720_read_phy_reg
</UL>

<P><STRONG><a name="[fd]"></a>enet_rx_enable</STRONG> (Thumb, 26 bytes, Stack size 0 bytes, gd32f4xx_enet.o(i.enet_rx_enable))
<BR><BR>[Called By]<UL><LI><a href="#[b1]">&gt;&gt;</a>&nbsp;&nbsp;&nbsp;enet_enable
</UL>

<P><STRONG><a name="[b5]"></a>enet_rxframe_drop</STRONG> (Thumb, 158 bytes, Stack size 0 bytes, gd32f4xx_enet.o(i.enet_rxframe_drop))
<BR><BR>[Called By]<UL><LI><a href="#[b4]">&gt;&gt;</a>&nbsp;&nbsp;&nbsp;enet_rxframe_size_get
<LI><a href="#[b3]">&gt;&gt;</a>&nbsp;&nbsp;&nbsp;bsp_lan8720_receive_packet
</UL>

<P><STRONG><a name="[b4]"></a>enet_rxframe_size_get</STRONG> (Thumb, 138 bytes, Stack size 4 bytes, gd32f4xx_enet.o(i.enet_rxframe_size_get))
<BR><BR>[Stack]<UL><LI>Max Depth = 4<LI>Call Chain = enet_rxframe_size_get
</UL>
<BR>[Calls]<UL><LI><a href="#[b5]">&gt;&gt;</a>&nbsp;&nbsp;&nbsp;enet_rxframe_drop
</UL>
<BR>[Called By]<UL><LI><a href="#[b3]">&gt;&gt;</a>&nbsp;&nbsp;&nbsp;bsp_lan8720_receive_packet
</UL>

<P><STRONG><a name="[a9]"></a>enet_software_reset</STRONG> (Thumb, 52 bytes, Stack size 8 bytes, gd32f4xx_enet.o(i.enet_software_reset))
<BR><BR>[Stack]<UL><LI>Max Depth = 8<LI>Call Chain = enet_software_reset
</UL>
<BR>[Called By]<UL><LI><a href="#[a6]">&gt;&gt;</a>&nbsp;&nbsp;&nbsp;bsp_lan8720_init
</UL>

<P><STRONG><a name="[fc]"></a>enet_tx_enable</STRONG> (Thumb, 32 bytes, Stack size 4 bytes, gd32f4xx_enet.o(i.enet_tx_enable))
<BR><BR>[Stack]<UL><LI>Max Depth = 12<LI>Call Chain = enet_tx_enable &rArr; enet_txfifo_flush
</UL>
<BR>[Calls]<UL><LI><a href="#[101]">&gt;&gt;</a>&nbsp;&nbsp;&nbsp;enet_txfifo_flush
</UL>
<BR>[Called By]<UL><LI><a href="#[b1]">&gt;&gt;</a>&nbsp;&nbsp;&nbsp;enet_enable
</UL>

<P><STRONG><a name="[101]"></a>enet_txfifo_flush</STRONG> (Thumb, 44 bytes, Stack size 8 bytes, gd32f4xx_enet.o(i.enet_txfifo_flush))
<BR><BR>[Stack]<UL><LI>Max Depth = 8<LI>Call Chain = enet_txfifo_flush
</UL>
<BR>[Called By]<UL><LI><a href="#[fc]">&gt;&gt;</a>&nbsp;&nbsp;&nbsp;enet_tx_enable
</UL>

<P><STRONG><a name="[102]"></a>etharp_arp_input</STRONG> (Thumb, 314 bytes, Stack size 40 bytes, etharp.o(i.etharp_arp_input))
<BR><BR>[Stack]<UL><LI>Max Depth = 356<LI>Call Chain = etharp_arp_input &rArr; dhcp_arp_reply &rArr; dhcp_decline &rArr; udp_sendto_if &rArr; ip_output_if &rArr; ip_frag &rArr; pbuf_alloc &rArr; pbuf_free &rArr; mem_free &rArr; plug_holes
</UL>
<BR>[Calls]<UL><LI><a href="#[dd]">&gt;&gt;</a>&nbsp;&nbsp;&nbsp;pbuf_free
<LI><a href="#[c4]">&gt;&gt;</a>&nbsp;&nbsp;&nbsp;dhcp_arp_reply
<LI><a href="#[104]">&gt;&gt;</a>&nbsp;&nbsp;&nbsp;update_arp_entry
<LI><a href="#[103]">&gt;&gt;</a>&nbsp;&nbsp;&nbsp;htons
</UL>
<BR>[Called By]<UL><LI><a href="#[6a]">&gt;&gt;</a>&nbsp;&nbsp;&nbsp;ethernet_input
</UL>

<P><STRONG><a name="[105]"></a>etharp_ip_input</STRONG> (Thumb, 58 bytes, Stack size 16 bytes, etharp.o(i.etharp_ip_input))
<BR><BR>[Stack]<UL><LI>Max Depth = 172<LI>Call Chain = etharp_ip_input &rArr; update_arp_entry &rArr; find_entry &rArr; free_etharp_q &rArr; pbuf_free &rArr; mem_free &rArr; plug_holes
</UL>
<BR>[Calls]<UL><LI><a href="#[104]">&gt;&gt;</a>&nbsp;&nbsp;&nbsp;update_arp_entry
</UL>
<BR>[Called By]<UL><LI><a href="#[6a]">&gt;&gt;</a>&nbsp;&nbsp;&nbsp;ethernet_input
</UL>

<P><STRONG><a name="[68]"></a>etharp_output</STRONG> (Thumb, 190 bytes, Stack size 32 bytes, etharp.o(i.etharp_output))
<BR><BR>[Stack]<UL><LI>Max Depth = 236<LI>Call Chain = etharp_output &rArr; etharp_query &rArr; etharp_request &rArr; etharp_raw &rArr; pbuf_alloc &rArr; pbuf_free &rArr; mem_free &rArr; plug_holes
</UL>
<BR>[Calls]<UL><LI><a href="#[106]">&gt;&gt;</a>&nbsp;&nbsp;&nbsp;pbuf_header
<LI><a href="#[c7]">&gt;&gt;</a>&nbsp;&nbsp;&nbsp;ntohl
<LI><a href="#[cf]">&gt;&gt;</a>&nbsp;&nbsp;&nbsp;etharp_query
<LI><a href="#[108]">&gt;&gt;</a>&nbsp;&nbsp;&nbsp;etharp_send_ip
<LI><a href="#[107]">&gt;&gt;</a>&nbsp;&nbsp;&nbsp;ip_addr_isbroadcast
</UL>
<BR>[Address Reference Count : 1]<UL><LI> ethernetif.o(i.ethernetif_init)
</UL>
<P><STRONG><a name="[cf]"></a>etharp_query</STRONG> (Thumb, 436 bytes, Stack size 40 bytes, etharp.o(i.etharp_query))
<BR><BR>[Stack]<UL><LI>Max Depth = 204<LI>Call Chain = etharp_query &rArr; etharp_request &rArr; etharp_raw &rArr; pbuf_alloc &rArr; pbuf_free &rArr; mem_free &rArr; plug_holes
</UL>
<BR>[Calls]<UL><LI><a href="#[10c]">&gt;&gt;</a>&nbsp;&nbsp;&nbsp;pbuf_ref
<LI><a href="#[10b]">&gt;&gt;</a>&nbsp;&nbsp;&nbsp;pbuf_copy
<LI><a href="#[10a]">&gt;&gt;</a>&nbsp;&nbsp;&nbsp;etharp_request
<LI><a href="#[10d]">&gt;&gt;</a>&nbsp;&nbsp;&nbsp;memp_malloc
<LI><a href="#[dd]">&gt;&gt;</a>&nbsp;&nbsp;&nbsp;pbuf_free
<LI><a href="#[d4]">&gt;&gt;</a>&nbsp;&nbsp;&nbsp;pbuf_alloc
<LI><a href="#[c7]">&gt;&gt;</a>&nbsp;&nbsp;&nbsp;ntohl
<LI><a href="#[109]">&gt;&gt;</a>&nbsp;&nbsp;&nbsp;find_entry
<LI><a href="#[108]">&gt;&gt;</a>&nbsp;&nbsp;&nbsp;etharp_send_ip
<LI><a href="#[107]">&gt;&gt;</a>&nbsp;&nbsp;&nbsp;ip_addr_isbroadcast
</UL>
<BR>[Called By]<UL><LI><a href="#[ce]">&gt;&gt;</a>&nbsp;&nbsp;&nbsp;dhcp_check
<LI><a href="#[68]">&gt;&gt;</a>&nbsp;&nbsp;&nbsp;etharp_output
</UL>

<P><STRONG><a name="[10a]"></a>etharp_request</STRONG> (Thumb, 36 bytes, Stack size 32 bytes, etharp.o(i.etharp_request))
<BR><BR>[Stack]<UL><LI>Max Depth = 164<LI>Call Chain = etharp_request &rArr; etharp_raw &rArr; pbuf_alloc &rArr; pbuf_free &rArr; mem_free &rArr; plug_holes
</UL>
<BR>[Calls]<UL><LI><a href="#[10e]">&gt;&gt;</a>&nbsp;&nbsp;&nbsp;etharp_raw
</UL>
<BR>[Called By]<UL><LI><a href="#[cc]">&gt;&gt;</a>&nbsp;&nbsp;&nbsp;netif_set_up
<LI><a href="#[cf]">&gt;&gt;</a>&nbsp;&nbsp;&nbsp;etharp_query
</UL>

<P><STRONG><a name="[10f]"></a>etharp_tmr</STRONG> (Thumb, 154 bytes, Stack size 8 bytes, etharp.o(i.etharp_tmr))
<BR><BR>[Stack]<UL><LI>Max Depth = 76<LI>Call Chain = etharp_tmr &rArr; free_etharp_q &rArr; pbuf_free &rArr; mem_free &rArr; plug_holes
</UL>
<BR>[Calls]<UL><LI><a href="#[110]">&gt;&gt;</a>&nbsp;&nbsp;&nbsp;free_etharp_q
</UL>
<BR>[Called By]<UL><LI><a href="#[a2]">&gt;&gt;</a>&nbsp;&nbsp;&nbsp;lwip_demo_poll
</UL>

<P><STRONG><a name="[6a]"></a>ethernet_input</STRONG> (Thumb, 106 bytes, Stack size 16 bytes, etharp.o(i.ethernet_input))
<BR><BR>[Stack]<UL><LI>Max Depth = 580<LI>Call Chain = ethernet_input &rArr; ip_input &rArr; tcp_input &rArr; tcp_listen_input &rArr; tcp_alloc &rArr; tcp_kill_prio &rArr; tcp_abandon &rArr; tcp_pcb_remove &rArr; tcp_output &rArr; tcp_output_segment &rArr; ip_output &rArr; ip_output_if &rArr; ip_frag &rArr; pbuf_alloc &rArr; pbuf_free &rArr; mem_free &rArr; plug_holes
</UL>
<BR>[Calls]<UL><LI><a href="#[106]">&gt;&gt;</a>&nbsp;&nbsp;&nbsp;pbuf_header
<LI><a href="#[dd]">&gt;&gt;</a>&nbsp;&nbsp;&nbsp;pbuf_free
<LI><a href="#[105]">&gt;&gt;</a>&nbsp;&nbsp;&nbsp;etharp_ip_input
<LI><a href="#[102]">&gt;&gt;</a>&nbsp;&nbsp;&nbsp;etharp_arp_input
<LI><a href="#[111]">&gt;&gt;</a>&nbsp;&nbsp;&nbsp;ip_input
<LI><a href="#[103]">&gt;&gt;</a>&nbsp;&nbsp;&nbsp;htons
</UL>
<BR>[Address Reference Count : 1]<UL><LI> lwip_demo.o(i.lwip_demo_init)
</UL>
<P><STRONG><a name="[6b]"></a>ethernetif_init</STRONG> (Thumb, 42 bytes, Stack size 8 bytes, ethernetif.o(i.ethernetif_init))
<BR><BR>[Stack]<UL><LI>Max Depth = 16<LI>Call Chain = ethernetif_init &rArr; low_level_init
</UL>
<BR>[Calls]<UL><LI><a href="#[112]">&gt;&gt;</a>&nbsp;&nbsp;&nbsp;low_level_init
</UL>
<BR>[Address Reference Count : 1]<UL><LI> lwip_demo.o(i.lwip_demo_init)
</UL>
<P><STRONG><a name="[113]"></a>ethernetif_input</STRONG> (Thumb, 44 bytes, Stack size 16 bytes, ethernetif.o(i.ethernetif_input))
<BR><BR>[Stack]<UL><LI>Max Depth = 132<LI>Call Chain = ethernetif_input &rArr; low_level_input &rArr; pbuf_alloc &rArr; pbuf_free &rArr; mem_free &rArr; plug_holes
</UL>
<BR>[Calls]<UL><LI><a href="#[dd]">&gt;&gt;</a>&nbsp;&nbsp;&nbsp;pbuf_free
<LI><a href="#[114]">&gt;&gt;</a>&nbsp;&nbsp;&nbsp;low_level_input
</UL>
<BR>[Called By]<UL><LI><a href="#[a2]">&gt;&gt;</a>&nbsp;&nbsp;&nbsp;lwip_demo_poll
</UL>

<P><STRONG><a name="[66]"></a>fputc</STRONG> (Thumb, 32 bytes, Stack size 16 bytes, usart.o(i.fputc))
<BR><BR>[Stack]<UL><LI>Max Depth = 28<LI>Call Chain = fputc &rArr; usart_flag_get
</UL>
<BR>[Calls]<UL><LI><a href="#[116]">&gt;&gt;</a>&nbsp;&nbsp;&nbsp;usart_flag_get
<LI><a href="#[115]">&gt;&gt;</a>&nbsp;&nbsp;&nbsp;usart_data_transmit
</UL>
<BR>[Address Reference Count : 1]<UL><LI> printfa.o(i.__0printf)
</UL>
<P><STRONG><a name="[13d]"></a>gpio_af_set</STRONG> (Thumb, 94 bytes, Stack size 20 bytes, gd32f4xx_gpio.o(i.gpio_af_set))
<BR><BR>[Stack]<UL><LI>Max Depth = 20<LI>Call Chain = gpio_af_set
</UL>
<BR>[Called By]<UL><LI><a href="#[a8]">&gt;&gt;</a>&nbsp;&nbsp;&nbsp;lan8720_gpio_config
<LI><a href="#[148]">&gt;&gt;</a>&nbsp;&nbsp;&nbsp;usart_debug_init
</UL>

<P><STRONG><a name="[be]"></a>gpio_bit_reset</STRONG> (Thumb, 4 bytes, Stack size 0 bytes, gd32f4xx_gpio.o(i.gpio_bit_reset))
<BR><BR>[Called By]<UL><LI><a href="#[119]">&gt;&gt;</a>&nbsp;&nbsp;&nbsp;hlw8112_write_enable
<LI><a href="#[11d]">&gt;&gt;</a>&nbsp;&nbsp;&nbsp;hlw8112_write_disable
<LI><a href="#[11b]">&gt;&gt;</a>&nbsp;&nbsp;&nbsp;hlw8112_spi_write_byte
<LI><a href="#[120]">&gt;&gt;</a>&nbsp;&nbsp;&nbsp;hlw8112_spi_read_byte
<LI><a href="#[11a]">&gt;&gt;</a>&nbsp;&nbsp;&nbsp;hlw8112_select_channel_a
<LI><a href="#[11e]">&gt;&gt;</a>&nbsp;&nbsp;&nbsp;hlw8112_read_reg_bytes
<LI><a href="#[ba]">&gt;&gt;</a>&nbsp;&nbsp;&nbsp;cs1237_write_reg
<LI><a href="#[c2]">&gt;&gt;</a>&nbsp;&nbsp;&nbsp;cs1237_read_adc_raw
<LI><a href="#[118]">&gt;&gt;</a>&nbsp;&nbsp;&nbsp;hlw8112_init
<LI><a href="#[96]">&gt;&gt;</a>&nbsp;&nbsp;&nbsp;cs1237_read_reg
<LI><a href="#[bd]">&gt;&gt;</a>&nbsp;&nbsp;&nbsp;cs1237_init
</UL>

<P><STRONG><a name="[bf]"></a>gpio_bit_set</STRONG> (Thumb, 4 bytes, Stack size 0 bytes, gd32f4xx_gpio.o(i.gpio_bit_set))
<BR><BR>[Called By]<UL><LI><a href="#[119]">&gt;&gt;</a>&nbsp;&nbsp;&nbsp;hlw8112_write_enable
<LI><a href="#[11d]">&gt;&gt;</a>&nbsp;&nbsp;&nbsp;hlw8112_write_disable
<LI><a href="#[11b]">&gt;&gt;</a>&nbsp;&nbsp;&nbsp;hlw8112_spi_write_byte
<LI><a href="#[120]">&gt;&gt;</a>&nbsp;&nbsp;&nbsp;hlw8112_spi_read_byte
<LI><a href="#[11a]">&gt;&gt;</a>&nbsp;&nbsp;&nbsp;hlw8112_select_channel_a
<LI><a href="#[11e]">&gt;&gt;</a>&nbsp;&nbsp;&nbsp;hlw8112_read_reg_bytes
[...]
<BR><BR>[Stack]<UL><LI>Max Depth = 476<LI>Call Chain = tcp_listen_input &rArr; tcp_alloc &rArr; tcp_kill_prio &rArr; tcp_abandon &rArr; tcp_pcb_remove &rArr; tcp_output &rArr; tcp_output_segment &rArr; ip_output &rArr; ip_output_if &rArr; ip_frag &rArr; pbuf_alloc &rArr; pbuf_free &rArr; mem_free &rArr; plug_holes
</UL>
<BR>[Calls]<UL><LI><a href="#[15e]">&gt;&gt;</a>&nbsp;&nbsp;&nbsp;tcp_rst
<LI><a href="#[167]">&gt;&gt;</a>&nbsp;&nbsp;&nbsp;tcp_output
<LI><a href="#[169]">&gt;&gt;</a>&nbsp;&nbsp;&nbsp;tcp_enqueue
<LI><a href="#[168]">&gt;&gt;</a>&nbsp;&nbsp;&nbsp;tcp_eff_send_mss
<LI><a href="#[15f]">&gt;&gt;</a>&nbsp;&nbsp;&nbsp;tcp_alloc
<LI><a href="#[14d]">&gt;&gt;</a>&nbsp;&nbsp;&nbsp;tcp_abandon
<LI><a href="#[170]">&gt;&gt;</a>&nbsp;&nbsp;&nbsp;tcp_parseopt
</UL>
<BR>[Called By]<UL><LI><a href="#[133]">&gt;&gt;</a>&nbsp;&nbsp;&nbsp;tcp_input
</UL>

<P><STRONG><a name="[170]"></a>tcp_parseopt</STRONG> (Thumb, 178 bytes, Stack size 32 bytes, tcp_in.o(i.tcp_parseopt))
<BR><BR>[Stack]<UL><LI>Max Depth = 36<LI>Call Chain = tcp_parseopt &rArr; ntohs
</UL>
<BR>[Calls]<UL><LI><a href="#[124]">&gt;&gt;</a>&nbsp;&nbsp;&nbsp;ntohs
</UL>
<BR>[Called By]<UL><LI><a href="#[16d]">&gt;&gt;</a>&nbsp;&nbsp;&nbsp;tcp_process
<LI><a href="#[16c]">&gt;&gt;</a>&nbsp;&nbsp;&nbsp;tcp_listen_input
</UL>

<P><STRONG><a name="[16d]"></a>tcp_process</STRONG> (Thumb, 1426 bytes, Stack size 32 bytes, tcp_in.o(i.tcp_process))
<BR><BR>[Stack]<UL><LI>Max Depth = 444<LI>Call Chain = tcp_process &rArr; tcp_abandon &rArr; tcp_pcb_remove &rArr; tcp_output &rArr; tcp_output_segment &rArr; ip_output &rArr; ip_output_if &rArr; ip_frag &rArr; pbuf_alloc &rArr; pbuf_free &rArr; mem_free &rArr; plug_holes
</UL>
<BR>[Calls]<UL><LI><a href="#[15e]">&gt;&gt;</a>&nbsp;&nbsp;&nbsp;tcp_rst
<LI><a href="#[167]">&gt;&gt;</a>&nbsp;&nbsp;&nbsp;tcp_output
<LI><a href="#[174]">&gt;&gt;</a>&nbsp;&nbsp;&nbsp;tcp_seg_free
<LI><a href="#[175]">&gt;&gt;</a>&nbsp;&nbsp;&nbsp;tcp_pcb_purge
<LI><a href="#[168]">&gt;&gt;</a>&nbsp;&nbsp;&nbsp;tcp_eff_send_mss
<LI><a href="#[14d]">&gt;&gt;</a>&nbsp;&nbsp;&nbsp;tcp_abandon
<LI><a href="#[c7]">&gt;&gt;</a>&nbsp;&nbsp;&nbsp;ntohl
<LI><a href="#[177]">&gt;&gt;</a>&nbsp;&nbsp;&nbsp;tcp_rexmit
<LI><a href="#[176]">&gt;&gt;</a>&nbsp;&nbsp;&nbsp;tcp_receive
<LI><a href="#[170]">&gt;&gt;</a>&nbsp;&nbsp;&nbsp;tcp_parseopt
</UL>
<BR>[Called By]<UL><LI><a href="#[133]">&gt;&gt;</a>&nbsp;&nbsp;&nbsp;tcp_input
</UL>

<P><STRONG><a name="[176]"></a>tcp_receive</STRONG> (Thumb, 1772 bytes, Stack size 48 bytes, tcp_in.o(i.tcp_receive))
<BR><BR>[Stack]<UL><LI>Max Depth = 412<LI>Call Chain = tcp_receive &rArr; tcp_rexmit &rArr; tcp_output &rArr; tcp_output_segment &rArr; ip_output &rArr; ip_output_if &rArr; ip_frag &rArr; pbuf_alloc &rArr; pbuf_free &rArr; mem_free &rArr; plug_holes
</UL>
<BR>[Calls]<UL><LI><a href="#[167]">&gt;&gt;</a>&nbsp;&nbsp;&nbsp;tcp_output
<LI><a href="#[178]">&gt;&gt;</a>&nbsp;&nbsp;&nbsp;tcp_update_rcv_ann_wnd
<LI><a href="#[174]">&gt;&gt;</a>&nbsp;&nbsp;&nbsp;tcp_seg_free
<LI><a href="#[124]">&gt;&gt;</a>&nbsp;&nbsp;&nbsp;ntohs
<LI><a href="#[106]">&gt;&gt;</a>&nbsp;&nbsp;&nbsp;pbuf_header
<LI><a href="#[135]">&gt;&gt;</a>&nbsp;&nbsp;&nbsp;pbuf_clen
<LI><a href="#[d9]">&gt;&gt;</a>&nbsp;&nbsp;&nbsp;pbuf_realloc
<LI><a href="#[c7]">&gt;&gt;</a>&nbsp;&nbsp;&nbsp;ntohl
<LI><a href="#[177]">&gt;&gt;</a>&nbsp;&nbsp;&nbsp;tcp_rexmit
<LI><a href="#[103]">&gt;&gt;</a>&nbsp;&nbsp;&nbsp;htons
</UL>
<BR>[Called By]<UL><LI><a href="#[16d]">&gt;&gt;</a>&nbsp;&nbsp;&nbsp;tcp_process
</UL>

<P><STRONG><a name="[16b]"></a>tcp_timewait_input</STRONG> (Thumb, 72 bytes, Stack size 8 bytes, tcp_in.o(i.tcp_timewait_input))
<BR><BR>[Stack]<UL><LI>Max Depth = 348<LI>Call Chain = tcp_timewait_input &rArr; tcp_output &rArr; tcp_output_segment &rArr; ip_output &rArr; ip_output_if &rArr; ip_frag &rArr; pbuf_alloc &rArr; pbuf_free &rArr; mem_free &rArr; plug_holes
</UL>
<BR>[Calls]<UL><LI><a href="#[167]">&gt;&gt;</a>&nbsp;&nbsp;&nbsp;tcp_output
</UL>
<BR>[Called By]<UL><LI><a href="#[133]">&gt;&gt;</a>&nbsp;&nbsp;&nbsp;tcp_input
</UL>

<P><STRONG><a name="[173]"></a>tcp_output_segment</STRONG> (Thumb, 216 bytes, Stack size 32 bytes, tcp_out.o(i.tcp_output_segment))
<BR><BR>[Stack]<UL><LI>Max Depth = 284<LI>Call Chain = tcp_output_segment &rArr; ip_output &rArr; ip_output_if &rArr; ip_frag &rArr; pbuf_alloc &rArr; pbuf_free &rArr; mem_free &rArr; plug_holes
</UL>
<BR>[Calls]<UL><LI><a href="#[134]">&gt;&gt;</a>&nbsp;&nbsp;&nbsp;ip_route
<LI><a href="#[c7]">&gt;&gt;</a>&nbsp;&nbsp;&nbsp;ntohl
<LI><a href="#[c8]">&gt;&gt;</a>&nbsp;&nbsp;&nbsp;htonl
<LI><a href="#[129]">&gt;&gt;</a>&nbsp;&nbsp;&nbsp;ip_output
<LI><a href="#[12c]">&gt;&gt;</a>&nbsp;&nbsp;&nbsp;inet_chksum_pseudo
<LI><a href="#[103]">&gt;&gt;</a>&nbsp;&nbsp;&nbsp;htons
</UL>
<BR>[Called By]<UL><LI><a href="#[167]">&gt;&gt;</a>&nbsp;&nbsp;&nbsp;tcp_output
</UL>

<P><STRONG><a name="[16f]"></a>tcp_output_set_header</STRONG> (Thumb, 132 bytes, Stack size 32 bytes, tcp_out.o(i.tcp_output_set_header))
<BR><BR>[Stack]<UL><LI>Max Depth = 36<LI>Call Chain = tcp_output_set_header &rArr; ntohs
</UL>
<BR>[Calls]<UL><LI><a href="#[124]">&gt;&gt;</a>&nbsp;&nbsp;&nbsp;ntohs
<LI><a href="#[c8]">&gt;&gt;</a>&nbsp;&nbsp;&nbsp;htonl
<LI><a href="#[103]">&gt;&gt;</a>&nbsp;&nbsp;&nbsp;htons
</UL>
<BR>[Called By]<UL><LI><a href="#[17f]">&gt;&gt;</a>&nbsp;&nbsp;&nbsp;tcp_zero_window_probe
<LI><a href="#[167]">&gt;&gt;</a>&nbsp;&nbsp;&nbsp;tcp_output
<LI><a href="#[16e]">&gt;&gt;</a>&nbsp;&nbsp;&nbsp;tcp_keepalive
</UL>

<P><STRONG><a name="[122]"></a>icmp_send_response</STRONG> (Thumb, 118 bytes, Stack size 40 bytes, icmp.o(i.icmp_send_response))
<BR><BR>[Stack]<UL><LI>Max Depth = 292<LI>Call Chain = icmp_send_response &rArr; ip_output &rArr; ip_output_if &rArr; ip_frag &rArr; pbuf_alloc &rArr; pbuf_free &rArr; mem_free &rArr; plug_holes
</UL>
<BR>[Calls]<UL><LI><a href="#[dd]">&gt;&gt;</a>&nbsp;&nbsp;&nbsp;pbuf_free
<LI><a href="#[d4]">&gt;&gt;</a>&nbsp;&nbsp;&nbsp;pbuf_alloc
<LI><a href="#[126]">&gt;&gt;</a>&nbsp;&nbsp;&nbsp;inet_chksum
<LI><a href="#[129]">&gt;&gt;</a>&nbsp;&nbsp;&nbsp;ip_output
<LI><a href="#[128]">&gt;&gt;</a>&nbsp;&nbsp;&nbsp;__aeabi_memcpy
</UL>
<BR>[Called By]<UL><LI><a href="#[12a]">&gt;&gt;</a>&nbsp;&nbsp;&nbsp;icmp_time_exceeded
<LI><a href="#[121]">&gt;&gt;</a>&nbsp;&nbsp;&nbsp;icmp_dest_unreach
</UL>

<P><STRONG><a name="[12b]"></a>lwip_standard_chksum</STRONG> (Thumb, 74 bytes, Stack size 24 bytes, inet_chksum.o(i.lwip_standard_chksum))
<BR><BR>[Stack]<UL><LI>Max Depth = 24<LI>Call Chain = lwip_standard_chksum
</UL>
<BR>[Calls]<UL><LI><a href="#[103]">&gt;&gt;</a>&nbsp;&nbsp;&nbsp;htons
</UL>
<BR>[Called By]<UL><LI><a href="#[125]">&gt;&gt;</a>&nbsp;&nbsp;&nbsp;inet_chksum_pbuf
<LI><a href="#[126]">&gt;&gt;</a>&nbsp;&nbsp;&nbsp;inet_chksum
<LI><a href="#[12c]">&gt;&gt;</a>&nbsp;&nbsp;&nbsp;inet_chksum_pseudo
</UL>

<P><STRONG><a name="[138]"></a>ip_reass_chain_frag_into_datagram_and_validate</STRONG> (Thumb, 418 bytes, Stack size 48 bytes, ip_frag.o(i.ip_reass_chain_frag_into_datagram_and_validate))
<BR><BR>[Stack]<UL><LI>Max Depth = 100<LI>Call Chain = ip_reass_chain_frag_into_datagram_and_validate &rArr; pbuf_free &rArr; mem_free &rArr; plug_holes
</UL>
<BR>[Calls]<UL><LI><a href="#[124]">&gt;&gt;</a>&nbsp;&nbsp;&nbsp;ntohs
<LI><a href="#[135]">&gt;&gt;</a>&nbsp;&nbsp;&nbsp;pbuf_clen
<LI><a href="#[dd]">&gt;&gt;</a>&nbsp;&nbsp;&nbsp;pbuf_free
</UL>
<BR>[Called By]<UL><LI><a href="#[130]">&gt;&gt;</a>&nbsp;&nbsp;&nbsp;ip_reass
</UL>

<P><STRONG><a name="[13a]"></a>ip_reass_dequeue_datagram</STRONG> (Thumb, 46 bytes, Stack size 16 bytes, ip_frag.o(i.ip_reass_dequeue_datagram))
<BR><BR>[Stack]<UL><LI>Max Depth = 16<LI>Call Chain = ip_reass_dequeue_datagram
</UL>
<BR>[Calls]<UL><LI><a href="#[117]">&gt;&gt;</a>&nbsp;&nbsp;&nbsp;memp_free
</UL>
<BR>[Called By]<UL><LI><a href="#[13b]">&gt;&gt;</a>&nbsp;&nbsp;&nbsp;ip_reass_free_complete_datagram
<LI><a href="#[130]">&gt;&gt;</a>&nbsp;&nbsp;&nbsp;ip_reass
</UL>

<P><STRONG><a name="[137]"></a>ip_reass_enqueue_new_datagram</STRONG> (Thumb, 80 bytes, Stack size 16 bytes, ip_frag.o(i.ip_reass_enqueue_new_datagram))
<BR><BR>[Stack]<UL><LI>Max Depth = 396<LI>Call Chain = ip_reass_enqueue_new_datagram &rArr; ip_reass_remove_oldest_datagram &rArr; ip_reass_free_complete_datagram &rArr; icmp_time_exceeded &rArr; icmp_send_response &rArr; ip_output &rArr; ip_output_if &rArr; ip_frag &rArr; pbuf_alloc &rArr; pbuf_free &rArr; mem_free &rArr; plug_holes
</UL>
<BR>[Calls]<UL><LI><a href="#[10d]">&gt;&gt;</a>&nbsp;&nbsp;&nbsp;memp_malloc
<LI><a href="#[136]">&gt;&gt;</a>&nbsp;&nbsp;&nbsp;ip_reass_remove_oldest_datagram
<LI><a href="#[f3]">&gt;&gt;</a>&nbsp;&nbsp;&nbsp;__aeabi_memclr4
<LI><a href="#[128]">&gt;&gt;</a>&nbsp;&nbsp;&nbsp;__aeabi_memcpy
</UL>
<BR>[Called By]<UL><LI><a href="#[130]">&gt;&gt;</a>&nbsp;&nbsp;&nbsp;ip_reass
</UL>

<P><STRONG><a name="[13b]"></a>ip_reass_free_complete_datagram</STRONG> (Thumb, 166 bytes, Stack size 32 bytes, ip_frag.o(i.ip_reass_free_complete_datagram))
<BR><BR>[Stack]<UL><LI>Max Depth = 340<LI>Call Chain = ip_reass_free_complete_datagram &rArr; icmp_time_exceeded &rArr; icmp_send_response &rArr; ip_output &rArr; ip_output_if &rArr; ip_frag &rArr; pbuf_alloc &rArr; pbuf_free &rArr; mem_free &rArr; plug_holes
</UL>
<BR>[Calls]<UL><LI><a href="#[135]">&gt;&gt;</a>&nbsp;&nbsp;&nbsp;pbuf_clen
<LI><a href="#[dd]">&gt;&gt;</a>&nbsp;&nbsp;&nbsp;pbuf_free
<LI><a href="#[13a]">&gt;&gt;</a>&nbsp;&nbsp;&nbsp;ip_reass_dequeue_datagram
<LI><a href="#[12a]">&gt;&gt;</a>&nbsp;&nbsp;&nbsp;icmp_time_exceeded
<LI><a href="#[128]">&gt;&gt;</a>&nbsp;&nbsp;&nbsp;__aeabi_memcpy
</UL>
<BR>[Called By]<UL><LI><a href="#[136]">&gt;&gt;</a>&nbsp;&nbsp;&nbsp;ip_reass_remove_oldest_datagram
</UL>

<P><STRONG><a name="[136]"></a>ip_reass_remove_oldest_datagram</STRONG> (Thumb, 118 bytes, Stack size 40 bytes, ip_frag.o(i.ip_reass_remove_oldest_datagram))
<BR><BR>[Stack]<UL><LI>Max Depth = 380<LI>Call Chain = ip_reass_remove_oldest_datagram &rArr; ip_reass_free_complete_datagram &rArr; icmp_time_exceeded &rArr; icmp_send_response &rArr; ip_output &rArr; ip_output_if &rArr; ip_frag &rArr; pbuf_alloc &rArr; pbuf_free &rArr; mem_free &rArr; plug_holes
</UL>
<BR>[Calls]<UL><LI><a href="#[13b]">&gt;&gt;</a>&nbsp;&nbsp;&nbsp;ip_reass_free_complete_datagram
</UL>
<BR>[Called By]<UL><LI><a href="#[137]">&gt;&gt;</a>&nbsp;&nbsp;&nbsp;ip_reass_enqueue_new_datagram
<LI><a href="#[130]">&gt;&gt;</a>&nbsp;&nbsp;&nbsp;ip_reass
</UL>

<P><STRONG><a name="[10e]"></a>etharp_raw</STRONG> (Thumb, 202 bytes, Stack size 40 bytes, etharp.o(i.etharp_raw))
<BR><BR>[Stack]<UL><LI>Max Depth = 132<LI>Call Chain = etharp_raw &rArr; pbuf_alloc &rArr; pbuf_free &rArr; mem_free &rArr; plug_holes
</UL>
<BR>[Calls]<UL><LI><a href="#[dd]">&gt;&gt;</a>&nbsp;&nbsp;&nbsp;pbuf_free
<LI><a href="#[d4]">&gt;&gt;</a>&nbsp;&nbsp;&nbsp;pbuf_alloc
<LI><a href="#[103]">&gt;&gt;</a>&nbsp;&nbsp;&nbsp;htons
</UL>
<BR>[Called By]<UL><LI><a href="#[10a]">&gt;&gt;</a>&nbsp;&nbsp;&nbsp;etharp_request
</UL>

<P><STRONG><a name="[108]"></a>etharp_send_ip</STRONG> (Thumb, 78 bytes, Stack size 32 bytes, etharp.o(i.etharp_send_ip))
<BR><BR>[Stack]<UL><LI>Max Depth = 32<LI>Call Chain = etharp_send_ip
</UL>
<BR>[Calls]<UL><LI><a href="#[103]">&gt;&gt;</a>&nbsp;&nbsp;&nbsp;htons
</UL>
<BR>[Called By]<UL><LI><a href="#[cf]">&gt;&gt;</a>&nbsp;&nbsp;&nbsp;etharp_query
<LI><a href="#[68]">&gt;&gt;</a>&nbsp;&nbsp;&nbsp;etharp_output
<LI><a href="#[104]">&gt;&gt;</a>&nbsp;&nbsp;&nbsp;update_arp_entry
</UL>

<P><STRONG><a name="[109]"></a>find_entry</STRONG> (Thumb, 506 bytes, Stack size 48 bytes, etharp.o(i.find_entry))
<BR><BR>[Stack]<UL><LI>Max Depth = 116<LI>Call Chain = find_entry &rArr; free_etharp_q &rArr; pbuf_free &rArr; mem_free &rArr; plug_holes
</UL>
<BR>[Calls]<UL><LI><a href="#[110]">&gt;&gt;</a>&nbsp;&nbsp;&nbsp;free_etharp_q
</UL>
<BR>[Called By]<UL><LI><a href="#[cf]">&gt;&gt;</a>&nbsp;&nbsp;&nbsp;etharp_query
<LI><a href="#[104]">&gt;&gt;</a>&nbsp;&nbsp;&nbsp;update_arp_entry
</UL>

<P><STRONG><a name="[110]"></a>free_etharp_q</STRONG> (Thumb, 64 bytes, Stack size 16 bytes, etharp.o(i.free_etharp_q))
<BR><BR>[Stack]<UL><LI>Max Depth = 68<LI>Call Chain = free_etharp_q &rArr; pbuf_free &rArr; mem_free &rArr; plug_holes
</UL>
<BR>[Calls]<UL><LI><a href="#[117]">&gt;&gt;</a>&nbsp;&nbsp;&nbsp;memp_free
<LI><a href="#[dd]">&gt;&gt;</a>&nbsp;&nbsp;&nbsp;pbuf_free
</UL>
<BR>[Called By]<UL><LI><a href="#[10f]">&gt;&gt;</a>&nbsp;&nbsp;&nbsp;etharp_tmr
<LI><a href="#[109]">&gt;&gt;</a>&nbsp;&nbsp;&nbsp;find_entry
</UL>

<P><STRONG><a name="[104]"></a>update_arp_entry</STRONG> (Thumb, 244 bytes, Stack size 40 bytes, etharp.o(i.update_arp_entry))
<BR><BR>[Stack]<UL><LI>Max Depth = 156<LI>Call Chain = update_arp_entry &rArr; find_entry &rArr; free_etharp_q &rArr; pbuf_free &rArr; mem_free &rArr; plug_holes
</UL>
<BR>[Calls]<UL><LI><a href="#[117]">&gt;&gt;</a>&nbsp;&nbsp;&nbsp;memp_free
<LI><a href="#[dd]">&gt;&gt;</a>&nbsp;&nbsp;&nbsp;pbuf_free
<LI><a href="#[c7]">&gt;&gt;</a>&nbsp;&nbsp;&nbsp;ntohl
<LI><a href="#[109]">&gt;&gt;</a>&nbsp;&nbsp;&nbsp;find_entry
<LI><a href="#[108]">&gt;&gt;</a>&nbsp;&nbsp;&nbsp;etharp_send_ip
<LI><a href="#[107]">&gt;&gt;</a>&nbsp;&nbsp;&nbsp;ip_addr_isbroadcast
</UL>
<BR>[Called By]<UL><LI><a href="#[105]">&gt;&gt;</a>&nbsp;&nbsp;&nbsp;etharp_ip_input
<LI><a href="#[102]">&gt;&gt;</a>&nbsp;&nbsp;&nbsp;etharp_arp_input
</UL>

<P><STRONG><a name="[112]"></a>low_level_init</STRONG> (Thumb, 32 bytes, Stack size 8 bytes, ethernetif.o(i.low_level_init))
<BR><BR>[Stack]<UL><LI>Max Depth = 8<LI>Call Chain = low_level_init
</UL>
<BR>[Calls]<UL><LI><a href="#[13e]">&gt;&gt;</a>&nbsp;&nbsp;&nbsp;bsp_lan8720_get_mac
</UL>
<BR>[Called By]<UL><LI><a href="#[6b]">&gt;&gt;</a>&nbsp;&nbsp;&nbsp;ethernetif_init
</UL>

<P><STRONG><a name="[114]"></a>low_level_input</STRONG> (Thumb, 78 bytes, Stack size 24 bytes, ethernetif.o(i.low_level_input))
<BR><BR>[Stack]<UL><LI>Max Depth = 116<LI>Call Chain = low_level_input &rArr; pbuf_alloc &rArr; pbuf_free &rArr; mem_free &rArr; plug_holes
</UL>
<BR>[Calls]<UL><LI><a href="#[b3]">&gt;&gt;</a>&nbsp;&nbsp;&nbsp;bsp_lan8720_receive_packet
<LI><a href="#[d4]">&gt;&gt;</a>&nbsp;&nbsp;&nbsp;pbuf_alloc
<LI><a href="#[128]">&gt;&gt;</a>&nbsp;&nbsp;&nbsp;__aeabi_memcpy
</UL>
<BR>[Called By]<UL><LI><a href="#[113]">&gt;&gt;</a>&nbsp;&nbsp;&nbsp;ethernetif_input
</UL>

<P><STRONG><a name="[69]"></a>low_level_output</STRONG> (Thumb, 76 bytes, Stack size 24 bytes, ethernetif.o(i.low_level_output))
<BR><BR>[Stack]<UL><LI>Max Depth = 56<LI>Call Chain = low_level_output &rArr; bsp_lan8720_send_packet &rArr; enet_frame_transmit
</UL>
<BR>[Calls]<UL><LI><a href="#[b7]">&gt;&gt;</a>&nbsp;&nbsp;&nbsp;bsp_lan8720_send_packet
<LI><a href="#[128]">&gt;&gt;</a>&nbsp;&nbsp;&nbsp;__aeabi_memcpy
</UL>
<BR>[Address Reference Count : 1]<UL><LI> ethernetif.o(i.ethernetif_init)
</UL>
<P><STRONG><a name="[73]"></a>tcp_server_accept</STRONG> (Thumb, 50 bytes, Stack size 24 bytes, tcp_server_demo.o(i.tcp_server_accept))
<BR><BR>[Stack]<UL><LI>Max Depth = 48<LI>Call Chain = tcp_server_accept &rArr; __2printf
</UL>
<BR>[Calls]<UL><LI><a href="#[17b]">&gt;&gt;</a>&nbsp;&nbsp;&nbsp;tcp_recv
<LI><a href="#[97]">&gt;&gt;</a>&nbsp;&nbsp;&nbsp;__2printf
</UL>
<BR>[Address Reference Count : 1]<UL><LI> tcp_server_demo.o(i.tcp_server_demo_init)
</UL>
<P><STRONG><a name="[72]"></a>tcp_server_recv</STRONG> (Thumb, 82 bytes, Stack size 24 bytes, tcp_server_demo.o(i.tcp_server_recv))
<BR><BR>[Stack]<UL><LI>Max Depth = 396<LI>Call Chain = tcp_server_recv &rArr; tcp_close &rArr; tcp_pcb_remove &rArr; tcp_output &rArr; tcp_output_segment &rArr; ip_output &rArr; ip_output_if &rArr; ip_frag &rArr; pbuf_alloc &rArr; pbuf_free &rArr; mem_free &rArr; plug_holes
</UL>
<BR>[Calls]<UL><LI><a href="#[167]">&gt;&gt;</a>&nbsp;&nbsp;&nbsp;tcp_output
<LI><a href="#[179]">&gt;&gt;</a>&nbsp;&nbsp;&nbsp;tcp_recved
<LI><a href="#[165]">&gt;&gt;</a>&nbsp;&nbsp;&nbsp;tcp_close
<LI><a href="#[dd]">&gt;&gt;</a>&nbsp;&nbsp;&nbsp;pbuf_free
<LI><a href="#[17d]">&gt;&gt;</a>&nbsp;&nbsp;&nbsp;tcp_write
<LI><a href="#[97]">&gt;&gt;</a>&nbsp;&nbsp;&nbsp;__2printf
</UL>
<BR>[Address Reference Count : 1]<UL><LI> tcp_server_demo.o(i.tcp_server_accept)
</UL>
<P><STRONG><a name="[14f]"></a>prvAddNewTaskToReadyList</STRONG> (Thumb, 138 bytes, Stack size 8 bytes, tasks.o(i.prvAddNewTaskToReadyList))
<BR><BR>[Stack]<UL><LI>Max Depth = 16<LI>Call Chain = prvAddNewTaskToReadyList &rArr; prvInitialiseTaskLists
</UL>
<BR>[Calls]<UL><LI><a href="#[153]">&gt;&gt;</a>&nbsp;&nbsp;&nbsp;vPortExitCritical
<LI><a href="#[150]">&gt;&gt;</a>&nbsp;&nbsp;&nbsp;vPortEnterCritical
<LI><a href="#[152]">&gt;&gt;</a>&nbsp;&nbsp;&nbsp;vListInsertEnd
<LI><a href="#[151]">&gt;&gt;</a>&nbsp;&nbsp;&nbsp;prvInitialiseTaskLists
</UL>
<BR>[Called By]<UL><LI><a href="#[149]">&gt;&gt;</a>&nbsp;&nbsp;&nbsp;xTaskCreate
</UL>

<P><STRONG><a name="[74]"></a>prvIdleTask</STRONG> (Thumb, 20 bytes, Stack size 0 bytes, tasks.o(i.prvIdleTask))
<BR>[Address Reference Count : 1]<UL><LI> tasks.o(i.vTaskStartScheduler)
</UL>
<P><STRONG><a name="[151]"></a>prvInitialiseTaskLists</STRONG> (Thumb, 58 bytes, Stack size 8 bytes, tasks.o(i.prvInitialiseTaskLists))
<BR><BR>[Stack]<UL><LI>Max Depth = 8<LI>Call Chain = prvInitialiseTaskLists
</UL>
<BR>[Calls]<UL><LI><a href="#[154]">&gt;&gt;</a>&nbsp;&nbsp;&nbsp;vListInitialise
</UL>
<BR>[Called By]<UL><LI><a href="#[14f]">&gt;&gt;</a>&nbsp;&nbsp;&nbsp;prvAddNewTaskToReadyList
</UL>

<P><STRONG><a name="[157]"></a>prvHeapInit</STRONG> (Thumb, 98 bytes, Stack size 12 bytes, heap_4.o(i.prvHeapInit))
<BR><BR>[Stack]<UL><LI>Max Depth = 12<LI>Call Chain = prvHeapInit
</UL>
<BR>[Called By]<UL><LI><a href="#[155]">&gt;&gt;</a>&nbsp;&nbsp;&nbsp;pvPortMalloc
</UL>

<P><STRONG><a name="[158]"></a>prvInsertBlockIntoFreeList</STRONG> (Thumb, 96 bytes, Stack size 8 bytes, heap_4.o(i.prvInsertBlockIntoFreeList))
<BR><BR>[Stack]<UL><LI>Max Depth = 8<LI>Call Chain = prvInsertBlockIntoFreeList
</UL>
<BR>[Called By]<UL><LI><a href="#[189]">&gt;&gt;</a>&nbsp;&nbsp;&nbsp;vPortFree
<LI><a href="#[155]">&gt;&gt;</a>&nbsp;&nbsp;&nbsp;pvPortMalloc
</UL>

<P><STRONG><a name="[91]"></a>_fp_digits</STRONG> (Thumb, 366 bytes, Stack size 64 bytes, printfa.o(i._fp_digits), UNUSED)
<BR><BR>[Calls]<UL><LI><a href="#[85]">&gt;&gt;</a>&nbsp;&nbsp;&nbsp;__aeabi_dmul
<LI><a href="#[86]">&gt;&gt;</a>&nbsp;&nbsp;&nbsp;__aeabi_ddiv
<LI><a href="#[7f]">&gt;&gt;</a>&nbsp;&nbsp;&nbsp;__aeabi_dadd
<LI><a href="#[87]">&gt;&gt;</a>&nbsp;&nbsp;&nbsp;__aeabi_d2ulz
<LI><a href="#[92]">&gt;&gt;</a>&nbsp;&nbsp;&nbsp;__aeabi_cdrcmple
<LI><a href="#[7c]">&gt;&gt;</a>&nbsp;&nbsp;&nbsp;__aeabi_uldivmod
</UL>
<BR>[Called By]<UL><LI><a href="#[90]">&gt;&gt;</a>&nbsp;&nbsp;&nbsp;_printf_core
</UL>

<P><STRONG><a name="[90]"></a>_printf_core</STRONG> (Thumb, 1704 bytes, Stack size 136 bytes, printfa.o(i._printf_core), UNUSED)
<BR><BR>[Calls]<UL><LI><a href="#[93]">&gt;&gt;</a>&nbsp;&nbsp;&nbsp;_printf_pre_padding
<LI><a href="#[94]">&gt;&gt;</a>&nbsp;&nbsp;&nbsp;_printf_post_padding
<LI><a href="#[91]">&gt;&gt;</a>&nbsp;&nbsp;&nbsp;_fp_digits
<LI><a href="#[7c]">&gt;&gt;</a>&nbsp;&nbsp;&nbsp;__aeabi_uldivmod
<LI><a href="#[95]">&gt;&gt;</a>&nbsp;&nbsp;&nbsp;__aeabi_uidivmod
</UL>
<BR>[Called By]<UL><LI><a href="#[8f]">&gt;&gt;</a>&nbsp;&nbsp;&nbsp;__0printf
</UL>

<P><STRONG><a name="[94]"></a>_printf_post_padding</STRONG> (Thumb, 36 bytes, Stack size 24 bytes, printfa.o(i._printf_post_padding), UNUSED)
<BR><BR>[Called By]<UL><LI><a href="#[90]">&gt;&gt;</a>&nbsp;&nbsp;&nbsp;_printf_core
</UL>

<P><STRONG><a name="[93]"></a>_printf_pre_padding</STRONG> (Thumb, 46 bytes, Stack size 24 bytes, printfa.o(i._printf_pre_padding), UNUSED)
<BR><BR>[Called By]<UL><LI><a href="#[90]">&gt;&gt;</a>&nbsp;&nbsp;&nbsp;_printf_core
</UL>
<P>
<H3>
Undefined Global Symbols
</H3><HR></body></html>
