<html>
<body>
<pre>
<h1>µVision Build Log</h1>
<h2>Tool Versions:</h2>
IDE-Version: ¦ÌVision V5.36.0.0
Copyright (C) 2021 ARM Ltd and ARM Germany GmbH. All rights reserved.
License Information: a PC006, a, LIC=PE7DL-0AJ5I-TG67T-RYQPA-ALN2E-D3CHG
 
Tool Versions:
Toolchain:       MDK-ARM Plus  Version: 5.36.0.0
Toolchain Path:  C:\Keil_v5\ARM\ARMCC\Bin
C Compiler:      Armcc.exe V5.06 update 7 (build 960)
Assembler:       Armasm.exe V5.06 update 7 (build 960)
Linker/Locator:  ArmLink.exe V5.06 update 7 (build 960)
Library Manager: ArmAr.exe V5.06 update 7 (build 960)
Hex Converter:   FromElf.exe V5.06 update 7 (build 960)
CPU DLL:         SARMCM3.DLL V5.36.0.0
Dialog DLL:      DCM.DLL V1.17.3.0
Target DLL:      CMSIS_AGDI.dll V1.33.0.0
Dialog DLL:      TCM.DLL V1.53.0.0
 
<h2>Project:</h2>
D:\code\testController\testController\test_v2\Project\GD32f450.uvprojx
Project File Date:  07/24/2026

<h2>Output:</h2>
*** Using Compiler 'V5.06 update 7 (build 960)', folder: 'C:\Keil_v5\ARM\ARMCC\Bin'
Rebuild target 'Target 1'
compiling gd32f4xx_it.c...
compiling systick.c...
compiling gd32f4xx_gpio.c...
compiling gd32f4xx_misc.c...
compiling bsp_dac.c...
compiling usart.c...
compiling bsp_lan8702.c...
compiling bsp_lan8720.c...
..\User\bsp_lan8720.c(145): warning:  #550-D: variable "media_mode"  was set but never used
      enet_mediamode_enum media_mode = ENET_AUTO_NEGOTIATION;
..\User\bsp_lan8720.c: 1 warning, 0 errors
compiling gd32f4xx_usart.c...
compiling main.c...
compiling gd32f4xx_rcu.c...
assembling startup_gd32f450_470.s...
compiling memp.c...
compiling mem.c...
..\Project\LAN8720-ETH-Board-Code\STM32\ETH_LwIP\Utilities\lwip-1.3.1\src\core\mem.c(184): warning:  #550-D: variable "mem_sem"  was set but never used
  static sys_sem_t mem_sem;
..\Project\LAN8720-ETH-Board-Code\STM32\ETH_LwIP\Utilities\lwip-1.3.1\src\core\mem.c: 1 warning, 0 errors
compiling init.c...
compiling netif.c...
compiling pbuf.c...
compiling dhcp.c...
compiling raw.c...
compiling gd32f4xx_dac.c...
compiling stats.c...
compiling sys.c...
compiling gd32f4xx_syscfg.c...
compiling icmp.c...
compiling udp.c...
compiling tcp.c...
compiling tcp_out.c...
compiling tcp_in.c...
compiling system_gd32f4xx.c...
compiling inet_chksum.c...
compiling inet.c...
compiling ip_addr.c...
compiling gd32f4xx_enet.c...
compiling ip.c...
compiling ip_frag.c...
compiling etharp.c...
compiling lwip_demo.c...
compiling tcp_server_demo.c...
compiling ethernetif.c...
linking...
Program Size: Code=35066 RO-data=1158 RW-data=188 ZI-data=55836  
FromELF: creating hex file...
".\Objects\GD32f450.axf" - 0 Error(s), 2 Warning(s).

<h2>Software Packages used:</h2>

Package Vendor: GigaDevice
                https://gd32mcu.com/data/documents/pack/GigaDevice.GD32F4xx_DFP.3.0.5.pack
                GigaDevice.GD32F4xx_DFP.3.0.5
                GigaDevice GD32F4xx Series Device Support and Examples

<h2>Collection of Component include folders:</h2>
  C:\Users\PC006\AppData\Local\Arm\Packs\GigaDevice\GD32F4xx_DFP\3.0.5\Device\F4XX\Include

<h2>Collection of Component Files used:</h2>
Build Time Elapsed:  00:00:02
</pre>
</body>
</html>
