Component: ARM Compiler 5.06 update 7 (build 960) Tool: armlink [4d3601]

==============================================================================

Section Cross References

    gd32f4xx_it.o(i.SysTick_Handler) refers to systick.o(i.delay_decrement) for delay_decrement
    gd32f4xx_it.o(i.SysTick_Handler) refers to tasks.o(i.xTaskGetSchedulerState) for xTaskGetSchedulerState
    gd32f4xx_it.o(i.SysTick_Handler) refers to tasks.o(i.vTaskIncrementTick) for vTaskIncrementTick
    main.o(i.app_task_led) refers to gd32f4xx_rcu.o(i.rcu_periph_clock_enable) for rcu_periph_clock_enable
    main.o(i.app_task_led) refers to gd32f4xx_gpio.o(i.gpio_mode_set) for gpio_mode_set
    main.o(i.app_task_led) refers to gd32f4xx_gpio.o(i.gpio_output_options_set) for gpio_output_options_set
    main.o(i.app_task_led) refers to gd32f4xx_gpio.o(i.gpio_bit_toggle) for gpio_bit_toggle
    main.o(i.app_task_led) refers to tasks.o(i.vTaskDelay) for vTaskDelay
    main.o(i.app_task_network) refers to lwip_demo.o(i.lwip_demo_poll) for lwip_demo_poll
    main.o(i.app_task_network) refers to systick.o(i.sys_now) for sys_now
    main.o(i.app_task_network) refers to bsp_lan8720.o(i.bsp_lan8720_get_link_status) for bsp_lan8720_get_link_status
    main.o(i.app_task_network) refers to printf8.o(i.__0printf$8) for __2printf
    main.o(i.app_task_network) refers to tasks.o(i.vTaskDelay) for vTaskDelay
    main.o(i.app_task_network) refers to lwip_demo.o(.bss) for g_netif
    main.o(i.app_task_network) refers to main.o(.conststring) for .conststring
    main.o(i.main) refers to systick.o(i.systick_config) for systick_config
    main.o(i.main) refers to usart.o(i.usart_debug_init) for usart_debug_init
    main.o(i.main) refers to printf8.o(i.__0printf$8) for __2printf
    main.o(i.main) refers to bsp_lan8720.o(i.bsp_lan8720_init) for bsp_lan8720_init
    main.o(i.main) refers to lwip_demo.o(i.lwip_demo_init) for lwip_demo_init
    main.o(i.main) refers to tasks.o(i.xTaskCreate) for xTaskCreate
    main.o(i.main) refers to tasks.o(i.vTaskStartScheduler) for vTaskStartScheduler
    main.o(i.main) refers to main.o(.conststring) for .conststring
    main.o(i.main) refers to main.o(i.app_task_network) for app_task_network
    main.o(i.main) refers to main.o(i.app_task_led) for app_task_led
    systick.o(i.delay_1ms) refers to systick.o(.data) for delay
    systick.o(i.delay_decrement) refers to systick.o(.data) for sg_sys_ticks
    systick.o(i.sys_now) refers to systick.o(.data) for sg_sys_ticks
    systick.o(i.systick_config) refers to systick.o(i.NVIC_SetPriority) for NVIC_SetPriority
    systick.o(i.systick_config) refers to system_gd32f4xx.o(.data) for SystemCoreClock
    usart.o(i.fputc) refers to gd32f4xx_usart.o(i.usart_data_transmit) for usart_data_transmit
    usart.o(i.fputc) refers to gd32f4xx_usart.o(i.usart_flag_get) for usart_flag_get
    usart.o(i.usart_debug_init) refers to gd32f4xx_rcu.o(i.rcu_periph_clock_enable) for rcu_periph_clock_enable
    usart.o(i.usart_debug_init) refers to gd32f4xx_gpio.o(i.gpio_af_set) for gpio_af_set
    usart.o(i.usart_debug_init) refers to gd32f4xx_gpio.o(i.gpio_mode_set) for gpio_mode_set
    usart.o(i.usart_debug_init) refers to gd32f4xx_gpio.o(i.gpio_output_options_set) for gpio_output_options_set
    usart.o(i.usart_debug_init) refers to gd32f4xx_usart.o(i.usart_deinit) for usart_deinit
    usart.o(i.usart_debug_init) refers to gd32f4xx_usart.o(i.usart_baudrate_set) for usart_baudrate_set
    usart.o(i.usart_debug_init) refers to gd32f4xx_usart.o(i.usart_word_length_set) for usart_word_length_set
    usart.o(i.usart_debug_init) refers to gd32f4xx_usart.o(i.usart_stop_bit_set) for usart_stop_bit_set
    usart.o(i.usart_debug_init) refers to gd32f4xx_usart.o(i.usart_parity_config) for usart_parity_config
    usart.o(i.usart_debug_init) refers to gd32f4xx_usart.o(i.usart_hardware_flow_coherence_config) for usart_hardware_flow_coherence_config
    usart.o(i.usart_debug_init) refers to gd32f4xx_usart.o(i.usart_transmit_config) for usart_transmit_config
    usart.o(i.usart_debug_init) refers to gd32f4xx_usart.o(i.usart_receive_config) for usart_receive_config
    usart.o(i.usart_debug_init) refers to gd32f4xx_usart.o(i.usart_enable) for usart_enable
    bsp_dac.o(i.bsp_dac_init) refers to gd32f4xx_rcu.o(i.rcu_periph_clock_enable) for rcu_periph_clock_enable
    bsp_dac.o(i.bsp_dac_init) refers to gd32f4xx_gpio.o(i.gpio_mode_set) for gpio_mode_set
    bsp_dac.o(i.bsp_dac_init) refers to gd32f4xx_dac.o(i.dac_deinit) for dac_deinit
    bsp_dac.o(i.bsp_dac_init) refers to gd32f4xx_dac.o(i.dac_trigger_disable) for dac_trigger_disable
    bsp_dac.o(i.bsp_dac_init) refers to gd32f4xx_dac.o(i.dac_wave_mode_config) for dac_wave_mode_config
    bsp_dac.o(i.bsp_dac_init) refers to gd32f4xx_dac.o(i.dac_output_buffer_enable) for dac_output_buffer_enable
    bsp_dac.o(i.bsp_dac_init) refers to gd32f4xx_dac.o(i.dac_enable) for dac_enable
[...]
    i.tcp_update_rcv_ann_wnd                 0x080085d4   Section        0  tcp.o(i.tcp_update_rcv_ann_wnd)
    i.tcp_write                              0x0800860c   Section        0  tcp_out.o(i.tcp_write)
    i.tcp_zero_window_probe                  0x08008654   Section        0  tcp_out.o(i.tcp_zero_window_probe)
    i.udp_bind                               0x080086cc   Section        0  udp.o(i.udp_bind)
    i.udp_connect                            0x08008740   Section        0  udp.o(i.udp_connect)
    i.udp_input                              0x080087a4   Section        0  udp.o(i.udp_input)
    i.udp_new                                0x080089a0   Section        0  udp.o(i.udp_new)
    i.udp_recv                               0x080089bc   Section        0  udp.o(i.udp_recv)
    i.udp_remove                             0x080089c4   Section        0  udp.o(i.udp_remove)
    i.udp_sendto_if                          0x08008a04   Section        0  udp.o(i.udp_sendto_if)
    i.update_arp_entry                       0x08008afc   Section        0  etharp.o(i.update_arp_entry)
    update_arp_entry                         0x08008afd   Thumb Code   244  etharp.o(i.update_arp_entry)
    i.usart_baudrate_set                     0x08008bf4   Section        0  gd32f4xx_usart.o(i.usart_baudrate_set)
    i.usart_data_transmit                    0x08008cdc   Section        0  gd32f4xx_usart.o(i.usart_data_transmit)
    i.usart_debug_init                       0x08008ce4   Section        0  usart.o(i.usart_debug_init)
    i.usart_deinit                           0x08008d70   Section        0  gd32f4xx_usart.o(i.usart_deinit)
    i.usart_enable                           0x08008e4c   Section        0  gd32f4xx_usart.o(i.usart_enable)
    i.usart_flag_get                         0x08008e56   Section        0  gd32f4xx_usart.o(i.usart_flag_get)
    i.usart_hardware_flow_coherence_config   0x08008e76   Section        0  gd32f4xx_usart.o(i.usart_hardware_flow_coherence_config)
    i.usart_parity_config                    0x08008e8e   Section        0  gd32f4xx_usart.o(i.usart_parity_config)
    i.usart_receive_config                   0x08008e9e   Section        0  gd32f4xx_usart.o(i.usart_receive_config)
    i.usart_stop_bit_set                     0x08008eae   Section        0  gd32f4xx_usart.o(i.usart_stop_bit_set)
    i.usart_transmit_config                  0x08008ebe   Section        0  gd32f4xx_usart.o(i.usart_transmit_config)
    i.usart_word_length_set                  0x08008ece   Section        0  gd32f4xx_usart.o(i.usart_word_length_set)
    i.uxListRemove                           0x08008ede   Section        0  list.o(i.uxListRemove)
    i.vListInitialise                        0x08008f06   Section        0  list.o(i.vListInitialise)
    i.vListInitialiseItem                    0x08008f20   Section        0  list.o(i.vListInitialiseItem)
    i.vListInsert                            0x08008f26   Section        0  list.o(i.vListInsert)
    i.vListInsertEnd                         0x08008f5a   Section        0  list.o(i.vListInsertEnd)
    i.vPortEnterCritical                     0x08008f74   Section        0  port.o(i.vPortEnterCritical)
    i.vPortExitCritical                      0x08008fc8   Section        0  port.o(i.vPortExitCritical)
    i.vPortFree                              0x08009004   Section        0  heap_4.o(i.vPortFree)
    i.vPortSetupTimerInterrupt               0x0800904c   Section        0  port.o(i.vPortSetupTimerInterrupt)
    i.vTaskDelay                             0x08009074   Section        0  tasks.o(i.vTaskDelay)
    i.vTaskIncrementTick                     0x080090ac   Section        0  tasks.o(i.vTaskIncrementTick)
    i.vTaskStartScheduler                    0x08009144   Section        0  tasks.o(i.vTaskStartScheduler)
    i.vTaskSuspendAll                        0x080091a8   Section        0  tasks.o(i.vTaskSuspendAll)
    i.vTaskSwitchContext                     0x080091b4   Section        0  tasks.o(i.vTaskSwitchContext)
    i.xPortStartScheduler                    0x08009220   Section        0  port.o(i.xPortStartScheduler)
    i.xTaskCreate                            0x08009268   Section        0  tasks.o(i.xTaskCreate)
    i.xTaskGetSchedulerState                 0x0800930c   Section        0  tasks.o(i.xTaskGetSchedulerState)
    i.xTaskResumeAll                         0x0800932c   Section        0  tasks.o(i.xTaskResumeAll)
    .constdata                               0x0800933c   Section       36  memp.o(.constdata)
    memp_sizes                               0x0800933c   Data          18  memp.o(.constdata)
    memp_num                                 0x0800934e   Data          18  memp.o(.constdata)
    .constdata                               0x08009360   Section       20  tcp.o(.constdata)
    .constdata                               0x08009374   Section        8  ip_addr.o(.constdata)
    .constdata                               0x0800937c   Section       12  etharp.o(.constdata)
    .conststring                             0x08009388   Section      139  main.o(.conststring)
    .conststring                             0x08009414   Section      480  bsp_lan8720.o(.conststring)
    .conststring                             0x080095f4   Section       68  tcp_server_demo.o(.conststring)
    .data                                    0x20000000   Section        8  systick.o(.data)
    delay                                    0x20000000   Data           4  systick.o(.data)
    sg_sys_ticks                             0x20000004   Data           4  systick.o(.data)
    .data                                    0x20000008   Section        8  bsp_lan8720.o(.data)
    sg_phy_addr                              0x20000008   Data           2  bsp_lan8720.o(.data)
    sg_mac_address                           0x2000000a   Data           6  bsp_lan8720.o(.data)
    .data                                    0x20000010   Section       20  gd32f4xx_enet.o(.data)
    enet_unknow_err                          0x20000020   Data           4  gd32f4xx_enet.o(.data)
    .data                                    0x20000024   Section        4  system_gd32f4xx.o(.data)
    .data                                    0x20000028   Section        4  dhcp.o(.data)
    xid                                      0x20000028   Data           4  dhcp.o(.data)
    .data                                    0x2000002c   Section       13  mem.o(.data)
    ram                                      0x2000002c   Data           4  mem.o(.data)
    ram_end                                  0x20000030   Data           4  mem.o(.data)
    lfree                                    0x20000034   Data           4  mem.o(.data)
    mem_sem                                  0x20000038   Data           1  mem.o(.data)
    .data                                    0x2000003c   Section        9  netif.o(.data)
    netifnum                                 0x20000044   Data           1  netif.o(.data)
    .data                                    0x20000048   Section        4  raw.o(.data)
    raw_pcbs                                 0x20000048   Data           4  raw.o(.data)
    .data                                    0x2000004c   Section       32  tcp.o(.data)
    tcp_timer                                0x20000064   Data           1  tcp.o(.data)
    port                                     0x20000066   Data           2  tcp.o(.data)
    iss                                      0x20000068   Data           4  tcp.o(.data)
    .data                                    0x2000006c   Section       32  tcp_in.o(.data)
    tcphdr                                   0x2000006c   Data           4  tcp_in.o(.data)
    iphdr                                    0x20000070   Data           4  tcp_in.o(.data)
    seqno                                    0x20000074   Data           4  tcp_in.o(.data)
    ackno                                    0x20000078   Data           4  tcp_in.o(.data)
    flags                                    0x2000007c   Data           1  tcp_in.o(.data)
    tcplen                                   0x2000007e   Data           2  tcp_in.o(.data)
    recv_flags                               0x20000080   Data           1  tcp_in.o(.data)
    recv_data                                0x20000084   Data           4  tcp_in.o(.data)
    .data                                    0x2000008c   Section        4  udp.o(.data)
    .data                                    0x20000090   Section       10  ip.o(.data)
    current_netif                            0x20000090   Data           4  ip.o(.data)
    current_header                           0x20000094   Data           4  ip.o(.data)
    ip_id                                    0x20000098   Data           2  ip.o(.data)
    .data                                    0x2000009c   Section        6  ip_frag.o(.data)
    reassdatagrams                           0x2000009c   Data           4  ip_frag.o(.data)
    ip_reass_pbufcount                       0x200000a0   Data           2  ip_frag.o(.data)
    .data                                    0x200000a2   Section        1  etharp.o(.data)
    etharp_cached_entry                      0x200000a2   Data           1  etharp.o(.data)
    .data                                    0x200000a4   Section       17  lwip_demo.o(.data)
    sg_tcp_timer                             0x200000a4   Data           4  lwip_demo.o(.data)
    sg_arp_timer                             0x200000a8   Data           4  lwip_demo.o(.data)
    sg_dhcp_fine_timer                       0x200000ac   Data           4  lwip_demo.o(.data)
    sg_dhcp_coarse_timer                     0x200000b0   Data           4  lwip_demo.o(.data)
    sg_dhcp_status                           0x200000b4   Data           1  lwip_demo.o(.data)
    .data                                    0x200000b8   Section       52  tasks.o(.data)
    pxDelayedTaskList                        0x200000bc   Data           4  tasks.o(.data)
    pxOverflowDelayedTaskList                0x200000c0   Data           4  tasks.o(.data)
    uxCurrentNumberOfTasks                   0x200000c4   Data           4  tasks.o(.data)
    xTickCount                               0x200000c8   Data           4  tasks.o(.data)
    uxTopReadyPriority                       0x200000cc   Data           4  tasks.o(.data)
    xSchedulerRunning                        0x200000d0   Data           4  tasks.o(.data)
    uxPendedTicks                            0x200000d4   Data           4  tasks.o(.data)
    xYieldPending                            0x200000d8   Data           4  tasks.o(.data)
    xNumOfOverflows                          0x200000dc   Data           4  tasks.o(.data)
    xNextTaskUnblockTime                     0x200000e0   Data           4  tasks.o(.data)
    uxSchedulerSuspended                     0x200000e4   Data           4  tasks.o(.data)
    xIdleTaskHandle                          0x200000e8   Data           4  tasks.o(.data)
    .data                                    0x200000ec   Section        4  port.o(.data)
    uxCriticalNesting                        0x200000ec   Data           4  port.o(.data)
    .data                                    0x200000f0   Section       24  heap_4.o(.data)
    xStart                                   0x200000f0   Data           8  heap_4.o(.data)
    pxEnd                                    0x200000f8   Data           4  heap_4.o(.data)
    xFreeBytesRemaining                      0x200000fc   Data           4  heap_4.o(.data)
    xMinimumEverFreeBytesRemaining           0x20000100   Data           4  heap_4.o(.data)
    xBlockAllocatedBit                       0x20000104   Data           4  heap_4.o(.data)
    .data                                    0x20000108   Section        4  stdout.o(.data)
    .bss                                     0x2000010c   Section    15460  gd32f4xx_enet.o(.bss)
    enet_initpara                            0x20003d34   Data          60  gd32f4xx_enet.o(.bss)
    .bss                                     0x20003d70   Section    16404  mem.o(.bss)
    ram_heap                                 0x20003d70   Data       16404  mem.o(.bss)
    .bss                                     0x20007d84   Section    18095  memp.o(.bss)
    memp_tab                                 0x20007d84   Data          36  memp.o(.bss)
    memp_memory                              0x20007da8   Data       18059  memp.o(.bss)
    .bss                                     0x2000c434   Section       20  tcp_in.o(.bss)
    inseg                                    0x2000c434   Data          20  tcp_in.o(.bss)
    .bss                                     0x2000c448   Section     1504  ip_frag.o(.bss)
    buf                                      0x2000c448   Data        1504  ip_frag.o(.bss)
    .bss                                     0x2000ca28   Section      200  etharp.o(.bss)
    arp_table                                0x2000ca28   Data         200  etharp.o(.bss)
    .bss                                     0x2000caf0   Section     3072  ethernetif.o(.bss)
    sg_rx_buffer                             0x2000caf0   Data        1536  ethernetif.o(.bss)
    sg_tx_buffer                             0x2000d0f0   Data        1536  ethernetif.o(.bss)
    .bss                                     0x2000d6f0   Section       52  lwip_demo.o(.bss)
    .bss                                     0x2000d724   Section      700  tasks.o(.bss)
    pxReadyTasksLists                        0x2000d724   Data         640  tasks.o(.bss)
    xDelayedTaskList1                        0x2000d9a4   Data          20  tasks.o(.bss)
    xDelayedTaskList2                        0x2000d9b8   Data          20  tasks.o(.bss)
    xPendingReadyList                        0x2000d9cc   Data          20  tasks.o(.bss)
    .bss                                     0x2000d9e0   Section    32768  heap_4.o(.bss)
    ucHeap                                   0x2000d9e0   Data       32768  heap_4.o(.bss)
    STACK                                    0x200159e0   Section     1024  startup_gd32f450_470.o(STACK)

    Global Symbols

    Symbol Name                              Value     Ov Type        Size  Object(Section)

    BuildAttributes$$THM_ISAv4$E$P$D$K$B$S$7EM$VFPi3$EXTD16$VFPS$VFMA$PE$A:L22UL41UL21$X:L11$S22US41US21$IEEE1$IW$USESV6$~STKCKD$USESV7$~SHL$OSPACE$ROPI$EBA8$MICROLIB$REQ8$PRES8$EABIv2 0x00000000   Number         0  anon$$obj.o ABSOLUTE
    __ARM_use_no_argv                        0x00000000   Number         0  main.o ABSOLUTE
    _printf_a                                0x00000000   Number         0  stubs.o ABSOLUTE
    _printf_c                                0x00000000   Number         0  stubs.o ABSOLUTE
    _printf_charcount                        0x00000000   Number         0  stubs.o ABSOLUTE
    _printf_d                                0x00000000   Number         0  stubs.o ABSOLUTE
    _printf_e                                0x00000000   Number         0  stubs.o ABSOLUTE
    _printf_f                                0x00000000   Number         0  stubs.o ABSOLUTE
    _printf_flags                            0x00000000   Number         0  stubs.o ABSOLUTE
    _printf_fp_dec                           0x00000000   Number         0  stubs.o ABSOLUTE
    _printf_fp_hex                           0x00000000   Number         0  stubs.o ABSOLUTE
    _printf_g                                0x00000000   Number         0  stubs.o ABSOLUTE
    _printf_i                                0x00000000   Number         0  stubs.o ABSOLUTE
    _printf_int_dec                          0x00000000   Number         0  stubs.o ABSOLUTE
    _printf_l                                0x00000000   Number         0  stubs.o ABSOLUTE
    _printf_lc                               0x00000000   Number         0  stubs.o ABSOLUTE
    _printf_ll                               0x00000000   Number         0  stubs.o ABSOLUTE
    _printf_lld                              0x00000000   Number         0  stubs.o ABSOLUTE
    _printf_lli                              0x00000000   Number         0  stubs.o ABSOLUTE
    _printf_llo                              0x00000000   Number         0  stubs.o ABSOLUTE
    _printf_llu                              0x00000000   Number         0  stubs.o ABSOLUTE
    _printf_llx                              0x00000000   Number         0  stubs.o ABSOLUTE
    _printf_longlong_dec                     0x00000000   Number         0  stubs.o ABSOLUTE
    _printf_longlong_hex                     0x00000000   Number         0  stubs.o ABSOLUTE
    _printf_longlong_oct                     0x00000000   Number         0  stubs.o ABSOLUTE
    _printf_ls                               0x00000000   Number         0  stubs.o ABSOLUTE
    _printf_mbtowc                           0x00000000   Number         0  stubs.o ABSOLUTE
    _printf_n                                0x00000000   Number         0  stubs.o ABSOLUTE
    _printf_o                                0x00000000   Number         0  stubs.o ABSOLUTE
    _printf_p                                0x00000000   Number         0  stubs.o ABSOLUTE
    _printf_percent                          0x00000000   Number         0  stubs.o ABSOLUTE
    _printf_pre_padding                      0x00000000   Number         0  stubs.o ABSOLUTE
    _printf_return_value                     0x00000000   Number         0  stubs.o ABSOLUTE
    _printf_s                                0x00000000   Number         0  stubs.o ABSOLUTE
    _printf_sizespec                         0x00000000   Number         0  stubs.o ABSOLUTE
    _printf_str                              0x00000000   Number         0  stubs.o ABSOLUTE
    _printf_truncate_signed                  0x00000000   Number         0  stubs.o ABSOLUTE
    _printf_truncate_unsigned                0x00000000   Number         0  stubs.o ABSOLUTE
    _printf_u                                0x00000000   Number         0  stubs.o ABSOLUTE
    _printf_wc                               0x00000000   Number         0  stubs.o ABSOLUTE
    _printf_wctomb                           0x00000000   Number         0  stubs.o ABSOLUTE
    _printf_widthprec                        0x00000000   Number         0  stubs.o ABSOLUTE
    _printf_x                                0x00000000   Number         0  stubs.o ABSOLUTE
    __arm_fini_                               - Undefined Weak Reference
    __cpp_initialize__aeabi_                  - Undefined Weak Reference
    __cxa_finalize                            - Undefined Weak Reference
    __decompress                              - Undefined Weak Reference
    _clock_init                               - Undefined Weak Reference
    _microlib_exit                            - Undefined Weak Reference
    __Vectors_Size                           0x000001ac   Number         0  startup_gd32f450_470.o ABSOLUTE
    __Vectors                                0x08000000   Data           4  startup_gd32f450_470.o(RESET)
    __Vectors_End                            0x080001ac   Data           0  startup_gd32f450_470.o(RESET)
    __main                                   0x080001ad   Thumb Code     0  entry.o(.ARM.Collect$$$$00000000)
    _main_stk                                0x080001ad   Thumb Code     0  entry2.o(.ARM.Collect$$$$00000001)
    _main_scatterload                        0x080001b1   Thumb Code     0  entry5.o(.ARM.Collect$$$$00000004)
    __main_after_scatterload                 0x080001b5   Thumb Code     0  entry5.o(.ARM.Collect$$$$00000004)
    _main_clock                              0x080001b5   Thumb Code     0  entry7b.o(.ARM.Collect$$$$00000008)
    _main_cpp_init                           0x080001b5   Thumb Code     0  entry8b.o(.ARM.Collect$$$$0000000A)
    _main_init                               0x080001b5   Thumb Code     0  entry9a.o(.ARM.Collect$$$$0000000B)
    __rt_lib_shutdown_fini                   0x080001bd   Thumb Code     0  entry12b.o(.ARM.Collect$$$$0000000E)
    __rt_final_cpp                           0x080001c1   Thumb Code     0  entry10a.o(.ARM.Collect$$$$0000000F)
    __rt_final_exit                          0x080001c1   Thumb Code     0  entry11a.o(.ARM.Collect$$$$00000011)
    vPortEnableVFP                           0x080001c5   Thumb Code    12  port.o(.emb_text)
    vPortStartFirstTask                      0x080001d5   Thumb Code    28  port.o(.emb_text)
    SVC_Handler                              0x080001f5   Thumb Code    28  port.o(.emb_text)
    PendSV_Handler                           0x08000215   Thumb Code    88  port.o(.emb_text)
    Reset_Handler                            0x08000271   Thumb Code     8  startup_gd32f450_470.o(.text)
    ADC_IRQHandler                           0x0800028b   Thumb Code     0  startup_gd32f450_470.o(.text)
    CAN0_EWMC_IRQHandler                     0x0800028b   Thumb Code     0  startup_gd32f450_470.o(.text)
    CAN0_RX0_IRQHandler                      0x0800028b   Thumb Code     0  startup_gd32f450_470.o(.text)
    CAN0_RX1_IRQHandler                      0x0800028b   Thumb Code     0  startup_gd32f450_470.o(.text)
    CAN0_TX_IRQHandler                       0x0800028b   Thumb Code     0  startup_gd32f450_470.o(.text)
    CAN1_EWMC_IRQHandler                     0x0800028b   Thumb Code     0  startup_gd32f450_470.o(.text)
    CAN1_RX0_IRQHandler                      0x0800028b   Thumb Code     0  startup_gd32f450_470.o(.text)
    CAN1_RX1_IRQHandler                      0x0800028b   Thumb Code     0  startup_gd32f450_470.o(.text)
    CAN1_TX_IRQHandler                       0x0800028b   Thumb Code     0  startup_gd32f450_470.o(.text)
    DCI_IRQHandler                           0x0800028b   Thumb Code     0  startup_gd32f450_470.o(.text)
    DMA0_Channel0_IRQHandler                 0x0800028b   Thumb Code     0  startup_gd32f450_470.o(.text)
    DMA0_Channel1_IRQHandler                 0x0800028b   Thumb Code     0  startup_gd32f450_470.o(.text)
    DMA0_Channel2_IRQHandler                 0x0800028b   Thumb Code     0  startup_gd32f450_470.o(.text)
    DMA0_Channel3_IRQHandler                 0x0800028b   Thumb Code     0  startup_gd32f450_470.o(.text)
    DMA0_Channel4_IRQHandler                 0x0800028b   Thumb Code     0  startup_gd32f450_470.o(.text)
    DMA0_Channel5_IRQHandler                 0x0800028b   Thumb Code     0  startup_gd32f450_470.o(.text)
    DMA0_Channel6_IRQHandler                 0x0800028b   Thumb Code     0  startup_gd32f450_470.o(.text)
    DMA0_Channel7_IRQHandler                 0x0800028b   Thumb Code     0  startup_gd32f450_470.o(.text)
    DMA1_Channel0_IRQHandler                 0x0800028b   Thumb Code     0  startup_gd32f450_470.o(.text)
    DMA1_Channel1_IRQHandler                 0x0800028b   Thumb Code     0  startup_gd32f450_470.o(.text)
    DMA1_Channel2_IRQHandler                 0x0800028b   Thumb Code     0  startup_gd32f450_470.o(.text)
    DMA1_Channel3_IRQHandler                 0x0800028b   Thumb Code     0  startup_gd32f450_470.o(.text)
    DMA1_Channel4_IRQHandler                 0x0800028b   Thumb Code     0  startup_gd32f450_470.o(.text)
    DMA1_Channel5_IRQHandler                 0x0800028b   Thumb Code     0  startup_gd32f450_470.o(.text)
    DMA1_Channel6_IRQHandler                 0x0800028b   Thumb Code     0  startup_gd32f450_470.o(.text)
    DMA1_Channel7_IRQHandler                 0x0800028b   Thumb Code     0  startup_gd32f450_470.o(.text)
    ENET_IRQHandler                          0x0800028b   Thumb Code     0  startup_gd32f450_470.o(.text)
    ENET_WKUP_IRQHandler                     0x0800028b   Thumb Code     0  startup_gd32f450_470.o(.text)
    EXMC_IRQHandler                          0x0800028b   Thumb Code     0  startup_gd32f450_470.o(.text)
    EXTI0_IRQHandler                         0x0800028b   Thumb Code     0  startup_gd32f450_470.o(.text)
    EXTI10_15_IRQHandler                     0x0800028b   Thumb Code     0  startup_gd32f450_470.o(.text)
    EXTI1_IRQHandler                         0x0800028b   Thumb Code     0  startup_gd32f450_470.o(.text)
    EXTI2_IRQHandler                         0x0800028b   Thumb Code     0  startup_gd32f450_470.o(.text)
    EXTI3_IRQHandler                         0x0800028b   Thumb Code     0  startup_gd32f450_470.o(.text)
    EXTI4_IRQHandler                         0x0800028b   Thumb Code     0  startup_gd32f450_470.o(.text)
    EXTI5_9_IRQHandler                       0x0800028b   Thumb Code     0  startup_gd32f450_470.o(.text)
    FMC_IRQHandler                           0x0800028b   Thumb Code     0  startup_gd32f450_470.o(.text)
    FPU_IRQHandler                           0x0800028b   Thumb Code     0  startup_gd32f450_470.o(.text)
    I2C0_ER_IRQHandler                       0x0800028b   Thumb Code     0  startup_gd32f450_470.o(.text)
    I2C0_EV_IRQHandler                       0x0800028b   Thumb Code     0  startup_gd32f450_470.o(.text)
    I2C1_ER_IRQHandler                       0x0800028b   Thumb Code     0  startup_gd32f450_470.o(.text)
    I2C1_EV_IRQHandler                       0x0800028b   Thumb Code     0  startup_gd32f450_470.o(.text)
    I2C2_ER_IRQHandler                       0x0800028b   Thumb Code     0  startup_gd32f450_470.o(.text)
    I2C2_EV_IRQHandler                       0x0800028b   Thumb Code     0  startup_gd32f450_470.o(.text)
    IPA_IRQHandler                           0x0800028b   Thumb Code     0  startup_gd32f450_470.o(.text)
    LVD_IRQHandler                           0x0800028b   Thumb Code     0  startup_gd32f450_470.o(.text)
    RCU_CTC_IRQHandler                       0x0800028b   Thumb Code     0  startup_gd32f450_470.o(.text)
    RTC_Alarm_IRQHandler                     0x0800028b   Thumb Code     0  startup_gd32f450_470.o(.text)
    RTC_WKUP_IRQHandler                      0x0800028b   Thumb Code     0  startup_gd32f450_470.o(.text)
    SDIO_IRQHandler                          0x0800028b   Thumb Code     0  startup_gd32f450_470.o(.text)
    SPI0_IRQHandler                          0x0800028b   Thumb Code     0  startup_gd32f450_470.o(.text)
    SPI1_IRQHandler                          0x0800028b   Thumb Code     0  startup_gd32f450_470.o(.text)
    SPI2_IRQHandler                          0x0800028b   Thumb Code     0  startup_gd32f450_470.o(.text)
    SPI3_IRQHandler                          0x0800028b   Thumb Code     0  startup_gd32f450_470.o(.text)
    SPI4_IRQHandler                          0x0800028b   Thumb Code     0  startup_gd32f450_470.o(.text)
    SPI5_IRQHandler                          0x0800028b   Thumb Code     0  startup_gd32f450_470.o(.text)
    TAMPER_STAMP_IRQHandler                  0x0800028b   Thumb Code     0  startup_gd32f450_470.o(.text)
    TIMER0_BRK_TIMER8_IRQHandler             0x0800028b   Thumb Code     0  startup_gd32f450_470.o(.text)
    TIMER0_Channel_IRQHandler                0x0800028b   Thumb Code     0  startup_gd32f450_470.o(.text)
    TIMER0_TRG_CMT_TIMER10_IRQHandler        0x0800028b   Thumb Code     0  startup_gd32f450_470.o(.text)
    TIMER0_UP_TIMER9_IRQHandler              0x0800028b   Thumb Code     0  startup_gd32f450_470.o(.text)
    TIMER1_IRQHandler                        0x0800028b   Thumb Code     0  startup_gd32f450_470.o(.text)
    TIMER2_IRQHandler                        0x0800028b   Thumb Code     0  startup_gd32f450_470.o(.text)
    TIMER3_IRQHandler                        0x0800028b   Thumb Code     0  startup_gd32f450_470.o(.text)
    TIMER4_IRQHandler                        0x0800028b   Thumb Code     0  startup_gd32f450_470.o(.text)
    TIMER5_DAC_IRQHandler                    0x0800028b   Thumb Code     0  startup_gd32f450_470.o(.text)
    TIMER6_IRQHandler                        0x0800028b   Thumb Code     0  startup_gd32f450_470.o(.text)
    TIMER7_BRK_TIMER11_IRQHandler            0x0800028b   Thumb Code     0  startup_gd32f450_470.o(.text)
    TIMER7_Channel_IRQHandler                0x0800028b   Thumb Code     0  startup_gd32f450_470.o(.text)
    TIMER7_TRG_CMT_TIMER13_IRQHandler        0x0800028b   Thumb Code     0  startup_gd32f450_470.o(.text)
    TIMER7_UP_TIMER12_IRQHandler             0x0800028b   Thumb Code     0  startup_gd32f450_470.o(.text)
    TLI_ER_IRQHandler                        0x0800028b   Thumb Code     0  startup_gd32f450_470.o(.text)
    TLI_IRQHandler                           0x0800028b   Thumb Code     0  startup_gd32f450_470.o(.text)
    TRNG_IRQHandler                          0x0800028b   Thumb Code     0  startup_gd32f450_470.o(.text)
    UART3_IRQHandler                         0x0800028b   Thumb Code     0  startup_gd32f450_470.o(.text)
    UART4_IRQHandler                         0x0800028b   Thumb Code     0  startup_gd32f450_470.o(.text)
    UART6_IRQHandler                         0x0800028b   Thumb Code     0  startup_gd32f450_470.o(.text)
    UART7_IRQHandler                         0x0800028b   Thumb Code     0  startup_gd32f450_470.o(.text)
    USART0_IRQHandler                        0x0800028b   Thumb Code     0  startup_gd32f450_470.o(.text)
    USART1_IRQHandler                        0x0800028b   Thumb Code     0  startup_gd32f450_470.o(.text)
    USART2_IRQHandler                        0x0800028b   Thumb Code     0  startup_gd32f450_470.o(.text)
    USART5_IRQHandler                        0x0800028b   Thumb Code     0  startup_gd32f450_470.o(.text)
    USBFS_IRQHandler                         0x0800028b   Thumb Code     0  startup_gd32f450_470.o(.text)
    USBFS_WKUP_IRQHandler                    0x0800028b   Thumb Code     0  startup_gd32f450_470.o(.text)
    USBHS_EP1_In_IRQHandler                  0x0800028b   Thumb Code     0  startup_gd32f450_470.o(.text)
    USBHS_EP1_Out_IRQHandler                 0x0800028b   Thumb Code     0  startup_gd32f450_470.o(.text)
    USBHS_IRQHandler                         0x0800028b   Thumb Code     0  startup_gd32f450_470.o(.text)
    USBHS_WKUP_IRQHandler                    0x0800028b   Thumb Code     0  startup_gd32f450_470.o(.text)
    WWDGT_IRQHandler                         0x0800028b   Thumb Code     0  startup_gd32f450_470.o(.text)
    __aeabi_memcpy                           0x08000295   Thumb Code    36  memcpya.o(.text)
    __aeabi_memcpy4                          0x08000295   Thumb Code     0  memcpya.o(.text)
    __aeabi_memcpy8                          0x08000295   Thumb Code     0  memcpya.o(.text)
    __aeabi_memset                           0x080002b9   Thumb Code    14  memseta.o(.text)
    __aeabi_memset4                          0x080002b9   Thumb Code     0  memseta.o(.text)
    __aeabi_memset8                          0x080002b9   Thumb Code     0  memseta.o(.text)
    __aeabi_memclr                           0x080002c7   Thumb Code     4  memseta.o(.text)
    __aeabi_memclr4                          0x080002c7   Thumb Code     0  memseta.o(.text)
    __aeabi_memclr8                          0x080002c7   Thumb Code     0  memseta.o(.text)
    _memset$wrapper                          0x080002cb   Thumb Code    18  memseta.o(.text)
    strncpy                                  0x080002dd   Thumb Code    24  strncpy.o(.text)
    __aeabi_uldivmod                         0x080002f5   Thumb Code    98  uldiv.o(.text)
    __scatterload                            0x08000359   Thumb Code    28  init.o(.text)
    __scatterload_rt2                        0x08000359   Thumb Code     0  init.o(.text)
    __aeabi_llsl                             0x0800037d   Thumb Code    30  llshl.o(.text)
    _ll_shift_l                              0x0800037d   Thumb Code     0  llshl.o(.text)
    __aeabi_llsr                             0x0800039b   Thumb Code    32  llushr.o(.text)
    _ll_ushift_r                             0x0800039b   Thumb Code     0  llushr.o(.text)
    BusFault_Handler                         0x080003bb   Thumb Code     4  gd32f4xx_it.o(i.BusFault_Handler)
    DebugMon_Handler                         0x080003bf   Thumb Code     4  gd32f4xx_it.o(i.DebugMon_Handler)
    HardFault_Handler                        0x080003c3   Thumb Code     4  gd32f4xx_it.o(i.HardFault_Handler)
    MemManage_Handler                        0x080003c7   Thumb Code     4  gd32f4xx_it.o(i.MemManage_Handler)
    NMI_Handler                              0x080003cb   Thumb Code     4  gd32f4xx_it.o(i.NMI_Handler)
    SysTick_Handler                          0x080003f9   Thumb Code    20  gd32f4xx_it.o(i.SysTick_Handler)
    SystemInit                               0x0800040d   Thumb Code   374  system_gd32f4xx.o(i.SystemInit)
    UsageFault_Handler                       0x08000595   Thumb Code     4  gd32f4xx_it.o(i.UsageFault_Handler)
    __0printf$8                              0x08000599   Thumb Code    22  printf8.o(i.__0printf$8)
    __1printf$8                              0x08000599   Thumb Code     0  printf8.o(i.__0printf$8)
    __2printf                                0x08000599   Thumb Code     0  printf8.o(i.__0printf$8)
    __scatterload_copy                       0x080005b9   Thumb Code    14  handlers.o(i.__scatterload_copy)
    __scatterload_null                       0x080005c7   Thumb Code     2  handlers.o(i.__scatterload_null)
    __scatterload_zeroinit                   0x080005c9   Thumb Code    14  handlers.o(i.__scatterload_zeroinit)
    bsp_lan8720_get_link_status              0x08000b19   Thumb Code    42  bsp_lan8720.o(i.bsp_lan8720_get_link_status)
    bsp_lan8720_get_mac                      0x08000b49   Thumb Code    14  bsp_lan8720.o(i.bsp_lan8720_get_mac)
    bsp_lan8720_init                         0x08000b5d   Thumb Code   412  bsp_lan8720.o(i.bsp_lan8720_init)
    bsp_lan8720_read_phy_reg                 0x08000f05   Thumb Code    26  bsp_lan8720.o(i.bsp_lan8720_read_phy_reg)
    bsp_lan8720_receive_packet               0x08000f1f   Thumb Code    54  bsp_lan8720.o(i.bsp_lan8720_receive_packet)
    bsp_lan8720_send_packet                  0x08000f55   Thumb Code    38  bsp_lan8720.o(i.bsp_lan8720_send_packet)
    bsp_lan8720_write_phy_reg                0x08000f7b   Thumb Code    24  bsp_lan8720.o(i.bsp_lan8720_write_phy_reg)
    delay_1ms                                0x08000f95   Thumb Code    16  systick.o(i.delay_1ms)
    delay_decrement                          0x08000fa9   Thumb Code    28  systick.o(i.delay_decrement)
    dhcp_arp_reply                           0x08000fcd   Thumb Code    50  dhcp.o(i.dhcp_arp_reply)
    dhcp_coarse_tmr                          0x0800113d   Thumb Code    62  dhcp.o(i.dhcp_coarse_tmr)
    dhcp_fine_tmr                            0x080014a5   Thumb Code    64  dhcp.o(i.dhcp_fine_tmr)
    dhcp_release                             0x08001a29   Thumb Code   192  dhcp.o(i.dhcp_release)
    dhcp_renew                               0x08001aed   Thumb Code   160  dhcp.o(i.dhcp_renew)
    dhcp_start                               0x08001cad   Thumb Code   194  dhcp.o(i.dhcp_start)
    dhcp_stop                                0x08001d79   Thumb Code    80  dhcp.o(i.dhcp_stop)
    enet_deinit                              0x08001fd1   Thumb Code    24  gd32f4xx_enet.o(i.enet_deinit)
    enet_descriptors_chain_init              0x08002001   Thumb Code   162  gd32f4xx_enet.o(i.enet_descriptors_chain_init)
    enet_enable                              0x080020c9   Thumb Code    12  gd32f4xx_enet.o(i.enet_enable)
    enet_frame_receive                       0x080020d5   Thumb Code   236  gd32f4xx_enet.o(i.enet_frame_receive)
    enet_frame_transmit                      0x080021cd   Thumb Code   196  gd32f4xx_enet.o(i.enet_frame_transmit)
    enet_init                                0x08002299   Thumb Code   822  gd32f4xx_enet.o(i.enet_init)
    enet_initpara_reset                      0x080025fd   Thumb Code    36  gd32f4xx_enet.o(i.enet_initpara_reset)
    enet_mac_address_set                     0x08002625   Thumb Code    42  gd32f4xx_enet.o(i.enet_mac_address_set)
    enet_phy_config                          0x08002655   Thumb Code   184  gd32f4xx_enet.o(i.enet_phy_config)
    enet_phy_write_read                      0x0800272d   Thumb Code   148  gd32f4xx_enet.o(i.enet_phy_write_read)
    enet_rx_enable                           0x080027c9   Thumb Code    26  gd32f4xx_enet.o(i.enet_rx_enable)
    enet_rxframe_drop                        0x080027ed   Thumb Code   158  gd32f4xx_enet.o(i.enet_rxframe_drop)
    enet_rxframe_size_get                    0x08002899   Thumb Code   138  gd32f4xx_enet.o(i.enet_rxframe_size_get)
    enet_software_reset                      0x08002931   Thumb Code    52  gd32f4xx_enet.o(i.enet_software_reset)
    enet_tx_enable                           0x0800296d   Thumb Code    32  gd32f4xx_enet.o(i.enet_tx_enable)
    enet_txfifo_flush                        0x08002995   Thumb Code    44  gd32f4xx_enet.o(i.enet_txfifo_flush)
    etharp_arp_input                         0x080029c9   Thumb Code   314  etharp.o(i.etharp_arp_input)
    etharp_ip_input                          0x08002b03   Thumb Code    58  etharp.o(i.etharp_ip_input)
    etharp_output                            0x08002b3d   Thumb Code   190  etharp.o(i.etharp_output)
    etharp_query                             0x08002c01   Thumb Code   436  etharp.o(i.etharp_query)
    etharp_request                           0x08002e85   Thumb Code    36  etharp.o(i.etharp_request)
    etharp_tmr                               0x08002f01   Thumb Code   154  etharp.o(i.etharp_tmr)
    ethernet_input                           0x08002fa1   Thumb Code   106  etharp.o(i.ethernet_input)
    ethernetif_init                          0x0800300d   Thumb Code    42  ethernetif.o(i.ethernetif_init)
    ethernetif_input                         0x08003041   Thumb Code    44  ethernetif.o(i.ethernetif_input)
    fputc                                    0x08003271   Thumb Code    32  usart.o(i.fputc)
    gpio_af_set                              0x080032d5   Thumb Code    94  gd32f4xx_gpio.o(i.gpio_af_set)
    gpio_bit_toggle                          0x08003333   Thumb Code     4  gd32f4xx_gpio.o(i.gpio_bit_toggle)
    gpio_mode_set                            0x08003337   Thumb Code    78  gd32f4xx_gpio.o(i.gpio_mode_set)
    gpio_output_options_set                  0x08003385   Thumb Code    66  gd32f4xx_gpio.o(i.gpio_output_options_set)
    htonl                                    0x080033c7   Thumb Code    26  inet.o(i.htonl)
    htons                                    0x080033e1   Thumb Code    12  inet.o(i.htons)
    icmp_dest_unreach                        0x080033ed   Thumb Code    18  icmp.o(i.icmp_dest_unreach)
    icmp_input                               0x080033ff   Thumb Code   458  icmp.o(i.icmp_input)
    icmp_time_exceeded                       0x0800363f   Thumb Code    18  icmp.o(i.icmp_time_exceeded)
    inet_chksum                              0x08003651   Thumb Code    20  inet_chksum.o(i.inet_chksum)
    inet_chksum_pbuf                         0x08003665   Thumb Code    86  inet_chksum.o(i.inet_chksum_pbuf)
    inet_chksum_pseudo                       0x080036bb   Thumb Code   162  inet_chksum.o(i.inet_chksum_pseudo)
    ip_addr_isbroadcast                      0x0800375d   Thumb Code    78  ip_addr.o(i.ip_addr_isbroadcast)
    ip_frag                                  0x080037ad   Thumb Code   326  ip_frag.o(i.ip_frag)
    ip_input                                 0x080038f9   Thumb Code   462  ip.o(i.ip_input)
    ip_output                                0x08003ad5   Thumb Code    52  ip.o(i.ip_output)
    ip_output_if                             0x08003b09   Thumb Code   266  ip.o(i.ip_output_if)
    ip_reass                                 0x08003c19   Thumb Code   400  ip_frag.o(i.ip_reass)
    ip_route                                 0x08004109   Thumb Code    70  ip.o(i.ip_route)
    lwip_demo_init                           0x080043e5   Thumb Code    94  lwip_demo.o(i.lwip_demo_init)
    lwip_demo_poll                           0x080044ad   Thumb Code   272  lwip_demo.o(i.lwip_demo_poll)
    lwip_init                                0x080046ed   Thumb Code    12  init.o(i.lwip_init)
    main                                     0x08004745   Thumb Code   106  main.o(i.main)
    mem_free                                 0x08004881   Thumb Code   106  mem.o(i.mem_free)
    mem_init                                 0x080048f9   Thumb Code    78  mem.o(i.mem_init)
    mem_malloc                               0x0800495d   Thumb Code   290  mem.o(i.mem_malloc)
    mem_realloc                              0x08004a8d   Thumb Code   316  mem.o(i.mem_realloc)
    memp_free                                0x08004bd5   Thumb Code    38  memp.o(i.memp_free)
    memp_init                                0x08004c01   Thumb Code    82  memp.o(i.memp_init)
    memp_malloc                              0x08004c65   Thumb Code    54  memp.o(i.memp_malloc)
    netif_add                                0x08004ca1   Thumb Code    98  netif.o(i.netif_add)
    netif_is_up                              0x08004d0d   Thumb Code    12  netif.o(i.netif_is_up)
    netif_set_addr                           0x08004d19   Thumb Code    40  netif.o(i.netif_set_addr)
    netif_set_default                        0x08004d41   Thumb Code     6  netif.o(i.netif_set_default)
    netif_set_down                           0x08004d4d   Thumb Code    24  netif.o(i.netif_set_down)
    netif_set_gw                             0x08004d65   Thumb Code    12  netif.o(i.netif_set_gw)
    netif_set_ipaddr                         0x08004d71   Thumb Code   110  netif.o(i.netif_set_ipaddr)
    netif_set_netmask                        0x08004de9   Thumb Code    12  netif.o(i.netif_set_netmask)
    netif_set_up                             0x08004df5   Thumb Code    44  netif.o(i.netif_set_up)
    ntohl                                    0x08004e21   Thumb Code    12  inet.o(i.ntohl)
    ntohs                                    0x08004e2d   Thumb Code    12  inet.o(i.ntohs)
    nvic_vector_table_set                    0x08004e39   Thumb Code    16  gd32f4xx_misc.o(i.nvic_vector_table_set)
    pbuf_alloc                               0x08004e51   Thumb Code   542  pbuf.o(i.pbuf_alloc)
    pbuf_cat                                 0x0800506f   Thumb Code    80  pbuf.o(i.pbuf_cat)
    pbuf_chain                               0x080050bf   Thumb Code    22  pbuf.o(i.pbuf_chain)
    pbuf_clen                                0x080050d5   Thumb Code    18  pbuf.o(i.pbuf_clen)
    pbuf_copy                                0x080050e7   Thumb Code   220  pbuf.o(i.pbuf_copy)
    pbuf_copy_partial                        0x080051c3   Thumb Code   154  pbuf.o(i.pbuf_copy_partial)
    pbuf_free                                0x0800525d   Thumb Code   152  pbuf.o(i.pbuf_free)
    pbuf_header                              0x080052f5   Thumb Code   140  pbuf.o(i.pbuf_header)
    pbuf_realloc                             0x08005381   Thumb Code   176  pbuf.o(i.pbuf_realloc)
    pbuf_ref                                 0x08005431   Thumb Code    10  pbuf.o(i.pbuf_ref)
    pvPortMalloc                             0x080056e5   Thumb Code   196  heap_4.o(i.pvPortMalloc)
    pxPortInitialiseStack                    0x080057bd   Thumb Code    32  port.o(i.pxPortInitialiseStack)
    raw_input                                0x080057dd   Thumb Code   100  raw.o(i.raw_input)
    rcu_clock_freq_get                       0x08005845   Thumb Code   264  gd32f4xx_rcu.o(i.rcu_clock_freq_get)
    rcu_periph_clock_enable                  0x08005969   Thumb Code    32  gd32f4xx_rcu.o(i.rcu_periph_clock_enable)
    rcu_periph_reset_disable                 0x0800598d   Thumb Code    32  gd32f4xx_rcu.o(i.rcu_periph_reset_disable)
    rcu_periph_reset_enable                  0x080059b1   Thumb Code    32  gd32f4xx_rcu.o(i.rcu_periph_reset_enable)
    sys_now                                  0x080059d5   Thumb Code     6  systick.o(i.sys_now)
    syscfg_enet_phy_interface_config         0x080059e1   Thumb Code    18  gd32f4xx_syscfg.o(i.syscfg_enet_phy_interface_config)
    systick_config                           0x08005b11   Thumb Code    74  systick.o(i.systick_config)
    tcp_abandon                              0x08005b61   Thumb Code   148  tcp.o(i.tcp_abandon)
    tcp_accept                               0x08005bfd   Thumb Code     4  tcp.o(i.tcp_accept)
    tcp_alloc                                0x08005c09   Thumb Code   166  tcp.o(i.tcp_alloc)
    tcp_bind                                 0x08005cbd   Thumb Code   232  tcp.o(i.tcp_bind)
    tcp_close                                0x08005db5   Thumb Code   242  tcp.o(i.tcp_close)
    tcp_eff_send_mss                         0x08005eb9   Thumb Code    46  tcp.o(i.tcp_eff_send_mss)
    tcp_enqueue                              0x08005ee7   Thumb Code  1068  tcp_out.o(i.tcp_enqueue)
    tcp_fasttmr                              0x08006315   Thumb Code   112  tcp.o(i.tcp_fasttmr)
    tcp_input                                0x08006389   Thumb Code  1200  tcp_in.o(i.tcp_input)
    tcp_keepalive                            0x08006851   Thumb Code   110  tcp_out.o(i.tcp_keepalive)
    tcp_listen_with_backlog                  0x08006a89   Thumb Code   204  tcp.o(i.tcp_listen_with_backlog)
    tcp_new                                  0x08006b65   Thumb Code    10  tcp.o(i.tcp_new)
    tcp_next_iss                             0x08006be9   Thumb Code    20  tcp.o(i.tcp_next_iss)
    tcp_output                               0x08006c05   Thumb Code   642  tcp_out.o(i.tcp_output)
    tcp_pcb_purge                            0x080070a9   Thumb Code    54  tcp.o(i.tcp_pcb_purge)
    tcp_pcb_remove                           0x080070e1   Thumb Code   170  tcp.o(i.tcp_pcb_remove)
    tcp_recv                                 0x08007e3d   Thumb Code     6  tcp.o(i.tcp_recv)
    tcp_recved                               0x08007e6b   Thumb Code    86  tcp.o(i.tcp_recved)
    tcp_rexmit                               0x08007ec1   Thumb Code    86  tcp_out.o(i.tcp_rexmit)
    tcp_rexmit_rto                           0x08007f17   Thumb Code    58  tcp_out.o(i.tcp_rexmit_rto)
    tcp_rst                                  0x08007f51   Thumb Code   192  tcp_out.o(i.tcp_rst)
    tcp_seg_free                             0x08008011   Thumb Code    32  tcp.o(i.tcp_seg_free)
    tcp_segs_free                            0x08008031   Thumb Code    30  tcp.o(i.tcp_segs_free)
    tcp_send_ctrl                            0x0800804f   Thumb Code    28  tcp_out.o(i.tcp_send_ctrl)
    tcp_server_demo_init                     0x080080e1   Thumb Code    90  tcp_server_demo.o(i.tcp_server_demo_init)
    tcp_slowtmr                              0x08008249   Thumb Code   766  tcp.o(i.tcp_slowtmr)
    tcp_tmr                                  0x080085b1   Thumb Code    30  tcp.o(i.tcp_tmr)
    tcp_update_rcv_ann_wnd                   0x080085d5   Thumb Code    56  tcp.o(i.tcp_update_rcv_ann_wnd)
    tcp_write                                0x0800860d   Thumb Code    72  tcp_out.o(i.tcp_write)
    tcp_zero_window_probe                    0x08008655   Thumb Code   120  tcp_out.o(i.tcp_zero_window_probe)
    udp_bind                                 0x080086cd   Thumb Code   112  udp.o(i.udp_bind)
    udp_connect                              0x08008741   Thumb Code    94  udp.o(i.udp_connect)
    udp_input                                0x080087a5   Thumb Code   502  udp.o(i.udp_input)
    udp_new                                  0x080089a1   Thumb Code    28  udp.o(i.udp_new)
    udp_recv                                 0x080089bd   Thumb Code     6  udp.o(i.udp_recv)
    udp_remove                               0x080089c5   Thumb Code    60  udp.o(i.udp_remove)
    udp_sendto_if                            0x08008a05   Thumb Code   248  udp.o(i.udp_sendto_if)
    usart_baudrate_set                       0x08008bf5   Thumb Code   224  gd32f4xx_usart.o(i.usart_baudrate_set)
    usart_data_transmit                      0x08008cdd   Thumb Code     8  gd32f4xx_usart.o(i.usart_data_transmit)
    usart_debug_init                         0x08008ce5   Thumb Code   130  usart.o(i.usart_debug_init)
    usart_deinit                             0x08008d71   Thumb Code   210  gd32f4xx_usart.o(i.usart_deinit)
    usart_enable                             0x08008e4d   Thumb Code    10  gd32f4xx_usart.o(i.usart_enable)
    usart_flag_get                           0x08008e57   Thumb Code    32  gd32f4xx_usart.o(i.usart_flag_get)
    usart_hardware_flow_coherence_config     0x08008e77   Thumb Code    24  gd32f4xx_usart.o(i.usart_hardware_flow_coherence_config)
    usart_parity_config                      0x08008e8f   Thumb Code    16  gd32f4xx_usart.o(i.usart_parity_config)
    usart_receive_config                     0x08008e9f   Thumb Code    16  gd32f4xx_usart.o(i.usart_receive_config)
    usart_stop_bit_set                       0x08008eaf   Thumb Code    16  gd32f4xx_usart.o(i.usart_stop_bit_set)
    usart_transmit_config                    0x08008ebf   Thumb Code    16  gd32f4xx_usart.o(i.usart_transmit_config)
    usart_word_length_set                    0x08008ecf   Thumb Code    16  gd32f4xx_usart.o(i.usart_word_length_set)
    uxListRemove                             0x08008edf   Thumb Code    40  list.o(i.uxListRemove)
    vListInitialise                          0x08008f07   Thumb Code    26  list.o(i.vListInitialise)
    vListInitialiseItem                      0x08008f21   Thumb Code     6  list.o(i.vListInitialiseItem)
    vListInsert                              0x08008f27   Thumb Code    52  list.o(i.vListInsert)
    vListInsertEnd                           0x08008f5b   Thumb Code    24  list.o(i.vListInsertEnd)
    vPortEnterCritical                       0x08008f75   Thumb Code    76  port.o(i.vPortEnterCritical)
    vPortExitCritical                        0x08008fc9   Thumb Code    56  port.o(i.vPortExitCritical)
    vPortFree                                0x08009005   Thumb Code    64  heap_4.o(i.vPortFree)
    vPortSetupTimerInterrupt                 0x0800904d   Thumb Code    36  port.o(i.vPortSetupTimerInterrupt)
    vTaskDelay                               0x08009075   Thumb Code    44  tasks.o(i.vTaskDelay)
    vTaskIncrementTick                       0x080090ad   Thumb Code   132  tasks.o(i.vTaskIncrementTick)
    vTaskStartScheduler                      0x08009145   Thumb Code    72  tasks.o(i.vTaskStartScheduler)
    vTaskSuspendAll                          0x080091a9   Thumb Code     8  tasks.o(i.vTaskSuspendAll)
    vTaskSwitchContext                       0x080091b5   Thumb Code    92  tasks.o(i.vTaskSwitchContext)
    xPortStartScheduler                      0x08009221   Thumb Code    58  port.o(i.xPortStartScheduler)
    xTaskCreate                              0x08009269   Thumb Code   162  tasks.o(i.xTaskCreate)
    xTaskGetSchedulerState                   0x0800930d   Thumb Code    24  tasks.o(i.xTaskGetSchedulerState)
    xTaskResumeAll                           0x0800932d   Thumb Code    10  tasks.o(i.xTaskResumeAll)
    tcp_backoff                              0x08009360   Data          13  tcp.o(.constdata)
    tcp_persist_backoff                      0x0800936d   Data           7  tcp.o(.constdata)
    ip_addr_any                              0x08009374   Data           4  ip_addr.o(.constdata)
    ip_addr_broadcast                        0x08009378   Data           4  ip_addr.o(.constdata)
    ethbroadcast                             0x0800937c   Data           6  etharp.o(.constdata)
    ethzero                                  0x08009382   Data           6  etharp.o(.constdata)
    Region$$Table$$Base                      0x08009638   Number         0  anon$$obj.o(Region$$Table)
    Region$$Table$$Limit                     0x08009658   Number         0  anon$$obj.o(Region$$Table)
    dma_current_txdesc                       0x20000010   Data           4  gd32f4xx_enet.o(.data)
    dma_current_rxdesc                       0x20000014   Data           4  gd32f4xx_enet.o(.data)
    dma_current_ptp_txdesc                   0x20000018   Data           4  gd32f4xx_enet.o(.data)
    dma_current_ptp_rxdesc                   0x2000001c   Data           4  gd32f4xx_enet.o(.data)
    SystemCoreClock                          0x20000024   Data           4  system_gd32f4xx.o(.data)
    netif_list                               0x2000003c   Data           4  netif.o(.data)
    netif_default                            0x20000040   Data           4  netif.o(.data)
    tcp_ticks                                0x2000004c   Data           4  tcp.o(.data)
    tcp_bound_pcbs                           0x20000050   Data           4  tcp.o(.data)
    tcp_listen_pcbs                          0x20000054   Data           4  tcp.o(.data)
    tcp_active_pcbs                          0x20000058   Data           4  tcp.o(.data)
    tcp_tw_pcbs                              0x2000005c   Data           4  tcp.o(.data)
    tcp_tmp_pcb                              0x20000060   Data           4  tcp.o(.data)
    tcp_input_pcb                            0x20000088   Data           4  tcp_in.o(.data)
    udp_pcbs                                 0x2000008c   Data           4  udp.o(.data)
    pxCurrentTCB                             0x200000b8   Data           4  tasks.o(.data)
    __stdout                                 0x20000108   Data           4  stdout.o(.data)
    rxdesc_tab                               0x2000010c   Data          80  gd32f4xx_enet.o(.bss)
    txdesc_tab                               0x2000015c   Data          80  gd32f4xx_enet.o(.bss)
    rx_buff                                  0x200001ac   Data        7620  gd32f4xx_enet.o(.bss)
    tx_buff                                  0x20001f70   Data        7620  gd32f4xx_enet.o(.bss)
    g_netif                                  0x2000d6f0   Data          52  lwip_demo.o(.bss)
    __initial_sp                             0x20015de0   Data           0  startup_gd32f450_470.o(STACK)



==============================================================================

Memory Map of the image

  Image Entry point : 0x08000271

  Load Region LR_1 (Base: 0x08000000, Size: 0x00009764, Max: 0xffffffff, ABSOLUTE)

    Execution Region ER_RO (Exec base: 0x08000000, Load base: 0x08000000, Size: 0x00009658, Max: 0xffffffff, ABSOLUTE)

    Exec Addr    Load Addr    Size         Type   Attr      Idx    E Section Name        Object

    0x08000000   0x08000000   0x000001ac   Data   RO         2105    RESET               startup_gd32f450_470.o
    0x080001ac   0x080001ac   0x00000000   Code   RO         4005  * .ARM.Collect$$$$00000000  mc_w.l(entry.o)
    0x080001ac   0x080001ac   0x00000004   Code   RO         4277    .ARM.Collect$$$$00000001  mc_w.l(entry2.o)
    0x080001b0   0x080001b0   0x00000004   Code   RO         4280    .ARM.Collect$$$$00000004  mc_w.l(entry5.o)
    0x080001b4   0x080001b4   0x00000000   Code   RO         4282    .ARM.Collect$$$$00000008  mc_w.l(entry7b.o)
    0x080001b4   0x080001b4   0x00000000   Code   RO         4284    .ARM.Collect$$$$0000000A  mc_w.l(entry8b.o)
    0x080001b4   0x080001b4   0x00000008   Code   RO         4285    .ARM.Collect$$$$0000000B  mc_w.l(entry9a.o)
    0x080001bc   0x080001bc   0x00000004   Code   RO         4292    .ARM.Collect$$$$0000000E  mc_w.l(entry12b.o)
    0x080001c0   0x080001c0   0x00000000   Code   RO         4287    .ARM.Collect$$$$0000000F  mc_w.l(entry10a.o)
    0x080001c0   0x080001c0   0x00000000   Code   RO         4289    .ARM.Collect$$$$00000011  mc_w.l(entry11a.o)
    0x080001c0   0x080001c0   0x00000004   Code   RO         4278    .ARM.Collect$$$$00002712  mc_w.l(entry2.o)
    0x080001c4   0x080001c4   0x000000ac   Code   RO         3891    .emb_text           port.o
    0x08000270   0x08000270   0x00000024   Code   RO         2106  * .text               startup_gd32f450_470.o
    0x08000294   0x08000294   0x00000024   Code   RO         4008    .text               mc_w.l(memcpya.o)
    0x080002b8   0x080002b8   0x00000024   Code   RO         4010    .text               mc_w.l(memseta.o)
    0x080002dc   0x080002dc   0x00000018   Code   RO         4012    .text               mc_w.l(strncpy.o)
    0x080002f4   0x080002f4   0x00000062   Code   RO         4296    .text               mc_w.l(uldiv.o)
    0x08000356   0x08000356   0x00000002   PAD
    0x08000358   0x08000358   0x00000024   Code   RO         4309    .text               mc_w.l(init.o)
    0x0800037c   0x0800037c   0x0000001e   Code   RO         4311    .text               mc_w.l(llshl.o)
    0x0800039a   0x0800039a   0x00000020   Code   RO         4313    .text               mc_w.l(llushr.o)
    0x080003ba   0x080003ba   0x00000004   Code   RO            3    i.BusFault_Handler  gd32f4xx_it.o
    0x080003be   0x080003be   0x00000004   Code   RO            4    i.DebugMon_Handler  gd32f4xx_it.o
    0x080003c2   0x080003c2   0x00000004   Code   RO            5    i.HardFault_Handler  gd32f4xx_it.o
    0x080003c6   0x080003c6   0x00000004   Code   RO            6    i.MemManage_Handler  gd32f4xx_it.o
    0x080003ca   0x080003ca   0x00000004   Code   RO            7    i.NMI_Handler       gd32f4xx_it.o
    0x080003ce   0x080003ce   0x00000002   PAD
    0x080003d0   0x080003d0   0x00000028   Code   RO          346    i.NVIC_SetPriority  systick.o
    0x080003f8   0x080003f8   0x00000014   Code   RO            8    i.SysTick_Handler   gd32f4xx_it.o
    0x0800040c   0x0800040c   0x00000188   Code   RO         2113    i.SystemInit        system_gd32f4xx.o
    0x08000594   0x08000594   0x00000004   Code   RO            9    i.UsageFault_Handler  gd32f4xx_it.o
    0x08000598   0x08000598   0x00000020   Code   RO         4223    i.__0printf$8       mc_w.l(printf8.o)
    0x080005b8   0x080005b8   0x0000000e   Code   RO         4321    i.__scatterload_copy  mc_w.l(handlers.o)
    0x080005c6   0x080005c6   0x00000002   Code   RO         4322    i.__scatterload_null  mc_w.l(handlers.o)
    0x080005c8   0x080005c8   0x0000000e   Code   RO         4323    i.__scatterload_zeroinit  mc_w.l(handlers.o)
    0x080005d6   0x080005d6   0x00000002   PAD
    0x080005d8   0x080005d8   0x00000404   Code   RO         4230    i._printf_core      mc_w.l(printf8.o)
    0x080009dc   0x080009dc   0x00000024   Code   RO         4231    i._printf_post_padding  mc_w.l(printf8.o)
    0x08000a00   0x08000a00   0x0000002e   Code   RO         4232    i._printf_pre_padding  mc_w.l(printf8.o)
    0x08000a2e   0x08000a2e   0x0000001c   Code   RO         2114    i._soft_delay_      system_gd32f4xx.o
    0x08000a4a   0x08000a4a   0x00000002   PAD
    0x08000a4c   0x08000a4c   0x00000038   Code   RO          236    i.app_task_led      main.o
    0x08000a84   0x08000a84   0x00000094   Code   RO          237    i.app_task_network  main.o
    0x08000b18   0x08000b18   0x00000030   Code   RO          447    i.bsp_lan8720_get_link_status  bsp_lan8720.o
    0x08000b48   0x08000b48   0x00000014   Code   RO          448    i.bsp_lan8720_get_mac  bsp_lan8720.o
    0x08000b5c   0x08000b5c   0x000003a8   Code   RO          449    i.bsp_lan8720_init  bsp_lan8720.o
    0x08000f04   0x08000f04   0x0000001a   Code   RO          451    i.bsp_lan8720_read_phy_reg  bsp_lan8720.o
    0x08000f1e   0x08000f1e   0x00000036   Code   RO          452    i.bsp_lan8720_receive_packet  bsp_lan8720.o
    0x08000f54   0x08000f54   0x00000026   Code   RO          453    i.bsp_lan8720_send_packet  bsp_lan8720.o
    0x08000f7a   0x08000f7a   0x00000018   Code   RO          454    i.bsp_lan8720_write_phy_reg  bsp_lan8720.o
    0x08000f92   0x08000f92   0x00000002   PAD
    0x08000f94   0x08000f94   0x00000014   Code   RO          347    i.delay_1ms         systick.o
    0x08000fa8   0x08000fa8   0x00000024   Code   RO          348    i.delay_decrement   systick.o
    0x08000fcc   0x08000fcc   0x00000032   Code   RO         2215    i.dhcp_arp_reply    dhcp.o
    0x08000ffe   0x08000ffe   0x00000002   PAD
    0x08001000   0x08001000   0x00000104   Code   RO         2216    i.dhcp_bind         dhcp.o
    0x08001104   0x08001104   0x00000038   Code   RO         2217    i.dhcp_check        dhcp.o
    0x0800113c   0x0800113c   0x00000044   Code   RO         2218    i.dhcp_coarse_tmr   dhcp.o
    0x08001180   0x08001180   0x00000150   Code   RO         2219    i.dhcp_create_request  dhcp.o
    0x080012d0   0x080012d0   0x000000a0   Code   RO         2220    i.dhcp_decline      dhcp.o
    0x08001370   0x08001370   0x0000004a   Code   RO         2221    i.dhcp_delete_request  dhcp.o
    0x080013ba   0x080013ba   0x00000002   PAD
    0x080013bc   0x080013bc   0x000000e8   Code   RO         2222    i.dhcp_discover     dhcp.o
    0x080014a4   0x080014a4   0x00000044   Code   RO         2223    i.dhcp_fine_tmr     dhcp.o
    0x080014e8   0x080014e8   0x00000024   Code   RO         2224    i.dhcp_free_reply   dhcp.o
    0x0800150c   0x0800150c   0x00000006   Code   RO         2225    i.dhcp_get_option_byte  dhcp.o
    0x08001512   0x08001512   0x00000020   Code   RO         2226    i.dhcp_get_option_long  dhcp.o
    0x08001532   0x08001532   0x000000a2   Code   RO         2227    i.dhcp_get_option_ptr  dhcp.o
    0x080015d4   0x080015d4   0x00000106   Code   RO         2228    i.dhcp_handle_ack   dhcp.o
    0x080016da   0x080016da   0x00000002   PAD
    0x080016dc   0x080016dc   0x00000038   Code   RO         2229    i.dhcp_handle_nak   dhcp.o
    0x08001714   0x08001714   0x0000003c   Code   RO         2230    i.dhcp_handle_offer  dhcp.o
    0x08001750   0x08001750   0x0000002e   Code   RO         2232    i.dhcp_option       dhcp.o
    0x0800177e   0x0800177e   0x0000001c   Code   RO         2233    i.dhcp_option_byte  dhcp.o
    0x0800179a   0x0800179a   0x0000004e   Code   RO         2234    i.dhcp_option_long  dhcp.o
    0x080017e8   0x080017e8   0x0000002e   Code   RO         2235    i.dhcp_option_short  dhcp.o
    0x08001816   0x08001816   0x00000068   Code   RO         2236    i.dhcp_option_trailer  dhcp.o
    0x0800187e   0x0800187e   0x00000002   PAD
    0x08001880   0x08001880   0x000000a4   Code   RO         2237    i.dhcp_rebind       dhcp.o
    0x08001924   0x08001924   0x00000102   Code   RO         2238    i.dhcp_recv         dhcp.o
    0x08001a26   0x08001a26   0x00000002   PAD
    0x08001a28   0x08001a28   0x000000c4   Code   RO         2239    i.dhcp_release      dhcp.o
    0x08001aec   0x08001aec   0x000000a0   Code   RO         2240    i.dhcp_renew        dhcp.o
    0x08001b8c   0x08001b8c   0x00000110   Code   RO         2241    i.dhcp_select       dhcp.o
    0x08001c9c   0x08001c9c   0x0000000e   Code   RO         2242    i.dhcp_set_state    dhcp.o
    0x08001caa   0x08001caa   0x00000002   PAD
    0x08001cac   0x08001cac   0x000000cc   Code   RO         2243    i.dhcp_start        dhcp.o
    0x08001d78   0x08001d78   0x00000050   Code   RO         2244    i.dhcp_stop         dhcp.o
    0x08001dc8   0x08001dc8   0x00000020   Code   RO         2245    i.dhcp_t1_timeout   dhcp.o
    0x08001de8   0x08001de8   0x00000020   Code   RO         2246    i.dhcp_t2_timeout   dhcp.o
    0x08001e08   0x08001e08   0x00000088   Code   RO         2247    i.dhcp_timeout      dhcp.o
    0x08001e90   0x08001e90   0x000000a6   Code   RO         2248    i.dhcp_unfold_reply  dhcp.o
    0x08001f36   0x08001f36   0x00000002   PAD
    0x08001f38   0x08001f38   0x00000098   Code   RO         1527    i.enet_default_init  gd32f4xx_enet.o
    0x08001fd0   0x08001fd0   0x00000018   Code   RO         1528    i.enet_deinit       gd32f4xx_enet.o
    0x08001fe8   0x08001fe8   0x00000018   Code   RO         1529    i.enet_delay        gd32f4xx_enet.o
    0x08002000   0x08002000   0x000000c8   Code   RO         1535    i.enet_descriptors_chain_init  gd32f4xx_enet.o
    0x080020c8   0x080020c8   0x0000000c   Code   RO         1542    i.enet_enable       gd32f4xx_enet.o
    0x080020d4   0x080020d4   0x000000f8   Code   RO         1552    i.enet_frame_receive  gd32f4xx_enet.o
    0x080021cc   0x080021cc   0x000000cc   Code   RO         1553    i.enet_frame_transmit  gd32f4xx_enet.o
    0x08002298   0x08002298   0x00000364   Code   RO         1554    i.enet_init         gd32f4xx_enet.o
    0x080025fc   0x080025fc   0x00000028   Code   RO         1556    i.enet_initpara_reset  gd32f4xx_enet.o
    0x08002624   0x08002624   0x00000030   Code   RO         1562    i.enet_mac_address_set  gd32f4xx_enet.o
    0x08002654   0x08002654   0x000000d8   Code   RO         1572    i.enet_phy_config   gd32f4xx_enet.o
    0x0800272c   0x0800272c   0x0000009c   Code   RO         1573    i.enet_phy_write_read  gd32f4xx_enet.o
    0x080027c8   0x080027c8   0x00000024   Code   RO         1593    i.enet_rx_enable    gd32f4xx_enet.o
    0x080027ec   0x080027ec   0x000000ac   Code   RO         1594    i.enet_rxframe_drop  gd32f4xx_enet.o
    0x08002898   0x08002898   0x00000098   Code   RO         1595    i.enet_rxframe_size_get  gd32f4xx_enet.o
    0x08002930   0x08002930   0x0000003c   Code   RO         1597    i.enet_software_reset  gd32f4xx_enet.o
    0x0800296c   0x0800296c   0x00000028   Code   RO         1600    i.enet_tx_enable    gd32f4xx_enet.o
    0x08002994   0x08002994   0x00000034   Code   RO         1601    i.enet_txfifo_flush  gd32f4xx_enet.o
    0x080029c8   0x080029c8   0x0000013a   Code   RO         3340    i.etharp_arp_input  etharp.o
    0x08002b02   0x08002b02   0x0000003a   Code   RO         3342    i.etharp_ip_input   etharp.o
    0x08002b3c   0x08002b3c   0x000000c4   Code   RO         3343    i.etharp_output     etharp.o
    0x08002c00   0x08002c00   0x000001b8   Code   RO         3344    i.etharp_query      etharp.o
    0x08002db8   0x08002db8   0x000000ca   Code   RO         3345    i.etharp_raw        etharp.o
    0x08002e82   0x08002e82   0x00000002   PAD
    0x08002e84   0x08002e84   0x0000002c   Code   RO         3346    i.etharp_request    etharp.o
    0x08002eb0   0x08002eb0   0x0000004e   Code   RO         3347    i.etharp_send_ip    etharp.o
    0x08002efe   0x08002efe   0x00000002   PAD
    0x08002f00   0x08002f00   0x000000a0   Code   RO         3348    i.etharp_tmr        etharp.o
    0x08002fa0   0x08002fa0   0x0000006a   Code   RO         3349    i.ethernet_input    etharp.o
    0x0800300a   0x0800300a   0x00000002   PAD
    0x0800300c   0x0800300c   0x00000034   Code   RO         3429    i.ethernetif_init   ethernetif.o
    0x08003040   0x08003040   0x0000002c   Code   RO         3430    i.ethernetif_input  ethernetif.o
    0x0800306c   0x0800306c   0x00000204   Code   RO         3350    i.find_entry        etharp.o
    0x08003270   0x08003270   0x00000024   Code   RO          395    i.fputc             usart.o
    0x08003294   0x08003294   0x00000040   Code   RO         3351    i.free_etharp_q     etharp.o
    0x080032d4   0x080032d4   0x0000005e   Code   RO          536    i.gpio_af_set       gd32f4xx_gpio.o
    0x08003332   0x08003332   0x00000004   Code   RO          539    i.gpio_bit_toggle   gd32f4xx_gpio.o
    0x08003336   0x08003336   0x0000004e   Code   RO          544    i.gpio_mode_set     gd32f4xx_gpio.o
    0x08003384   0x08003384   0x00000042   Code   RO          546    i.gpio_output_options_set  gd32f4xx_gpio.o
    0x080033c6   0x080033c6   0x0000001a   Code   RO         3137    i.htonl             inet.o
    0x080033e0   0x080033e0   0x0000000c   Code   RO         3138    i.htons             inet.o
    0x080033ec   0x080033ec   0x00000012   Code   RO         3108    i.icmp_dest_unreach  icmp.o
    0x080033fe   0x080033fe   0x000001ca   Code   RO         3109    i.icmp_input        icmp.o
    0x080035c8   0x080035c8   0x00000076   Code   RO         3110    i.icmp_send_response  icmp.o
    0x0800363e   0x0800363e   0x00000012   Code   RO         3111    i.icmp_time_exceeded  icmp.o
    0x08003650   0x08003650   0x00000014   Code   RO         3186    i.inet_chksum       inet_chksum.o
    0x08003664   0x08003664   0x00000056   Code   RO         3187    i.inet_chksum_pbuf  inet_chksum.o
    0x080036ba   0x080036ba   0x000000a2   Code   RO         3188    i.inet_chksum_pseudo  inet_chksum.o
    0x0800375c   0x0800375c   0x0000004e   Code   RO         3266    i.ip_addr_isbroadcast  ip_addr.o
    0x080037aa   0x080037aa   0x00000002   PAD
    0x080037ac   0x080037ac   0x0000014c   Code   RO         3288    i.ip_frag           ip_frag.o
    0x080038f8   0x080038f8   0x000001dc   Code   RO         3224    i.ip_input          ip.o
    0x08003ad4   0x08003ad4   0x00000034   Code   RO         3225    i.ip_output         ip.o
    0x08003b08   0x08003b08   0x00000110   Code   RO         3226    i.ip_output_if      ip.o
    0x08003c18   0x08003c18   0x00000198   Code   RO         3289    i.ip_reass          ip_frag.o
    0x08003db0   0x08003db0   0x000001a8   Code   RO         3290    i.ip_reass_chain_frag_into_datagram_and_validate  ip_frag.o
    0x08003f58   0x08003f58   0x00000034   Code   RO         3291    i.ip_reass_dequeue_datagram  ip_frag.o
    0x08003f8c   0x08003f8c   0x00000054   Code   RO         3292    i.ip_reass_enqueue_new_datagram  ip_frag.o
    0x08003fe0   0x08003fe0   0x000000ac   Code   RO         3293    i.ip_reass_free_complete_datagram  ip_frag.o
    0x0800408c   0x0800408c   0x0000007c   Code   RO         3294    i.ip_reass_remove_oldest_datagram  ip_frag.o
    0x08004108   0x08004108   0x00000050   Code   RO         3227    i.ip_route          ip.o
    0x08004158   0x08004158   0x0000017c   Code   RO          455    i.lan8720_gpio_config  bsp_lan8720.o
    0x080042d4   0x080042d4   0x0000004c   Code   RO          456    i.lan8720_scan_phy_address  bsp_lan8720.o
    0x08004320   0x08004320   0x00000020   Code   RO         3431    i.low_level_init    ethernetif.o
    0x08004340   0x08004340   0x00000054   Code   RO         3432    i.low_level_input   ethernetif.o
    0x08004394   0x08004394   0x00000050   Code   RO         3433    i.low_level_output  ethernetif.o
    0x080043e4   0x080043e4   0x000000c8   Code   RO         3470    i.lwip_demo_init    lwip_demo.o
    0x080044ac   0x080044ac   0x00000240   Code   RO         3471    i.lwip_demo_poll    lwip_demo.o
    0x080046ec   0x080046ec   0x0000000c   Code   RO         2163    i.lwip_init         init.o
    0x080046f8   0x080046f8   0x0000004a   Code   RO         3189    i.lwip_standard_chksum  inet_chksum.o
    0x08004742   0x08004742   0x00000002   PAD
    0x08004744   0x08004744   0x0000013c   Code   RO          238    i.main              main.o
    0x08004880   0x08004880   0x00000078   Code   RO         2404    i.mem_free          mem.o
    0x080048f8   0x080048f8   0x00000064   Code   RO         2405    i.mem_init          mem.o
    0x0800495c   0x0800495c   0x00000130   Code   RO         2406    i.mem_malloc        mem.o
    0x08004a8c   0x08004a8c   0x00000148   Code   RO         2407    i.mem_realloc       mem.o
    0x08004bd4   0x08004bd4   0x0000002c   Code   RO         2447    i.memp_free         memp.o
    0x08004c00   0x08004c00   0x00000064   Code   RO         2448    i.memp_init         memp.o
    0x08004c64   0x08004c64   0x0000003c   Code   RO         2449    i.memp_malloc       memp.o
    0x08004ca0   0x08004ca0   0x0000006c   Code   RO         2489    i.netif_add         netif.o
    0x08004d0c   0x08004d0c   0x0000000c   Code   RO         2491    i.netif_is_up       netif.o
    0x08004d18   0x08004d18   0x00000028   Code   RO         2493    i.netif_set_addr    netif.o
    0x08004d40   0x08004d40   0x0000000c   Code   RO         2494    i.netif_set_default  netif.o
    0x08004d4c   0x08004d4c   0x00000018   Code   RO         2495    i.netif_set_down    netif.o
    0x08004d64   0x08004d64   0x0000000c   Code   RO         2496    i.netif_set_gw      netif.o
    0x08004d70   0x08004d70   0x00000078   Code   RO         2497    i.netif_set_ipaddr  netif.o
    0x08004de8   0x08004de8   0x0000000c   Code   RO         2498    i.netif_set_netmask  netif.o
    0x08004df4   0x08004df4   0x0000002c   Code   RO         2499    i.netif_set_up      netif.o
    0x08004e20   0x08004e20   0x0000000c   Code   RO         3142    i.ntohl             inet.o
    0x08004e2c   0x08004e2c   0x0000000c   Code   RO         3143    i.ntohs             inet.o
    0x08004e38   0x08004e38   0x00000018   Code   RO          939    i.nvic_vector_table_set  gd32f4xx_misc.o
    0x08004e50   0x08004e50   0x0000021e   Code   RO         2567    i.pbuf_alloc        pbuf.o
    0x0800506e   0x0800506e   0x00000050   Code   RO         2568    i.pbuf_cat          pbuf.o
    0x080050be   0x080050be   0x00000016   Code   RO         2569    i.pbuf_chain        pbuf.o
    0x080050d4   0x080050d4   0x00000012   Code   RO         2570    i.pbuf_clen         pbuf.o
    0x080050e6   0x080050e6   0x000000dc   Code   RO         2572    i.pbuf_copy         pbuf.o
    0x080051c2   0x080051c2   0x0000009a   Code   RO         2573    i.pbuf_copy_partial  pbuf.o
    0x0800525c   0x0800525c   0x00000098   Code   RO         2575    i.pbuf_free         pbuf.o
    0x080052f4   0x080052f4   0x0000008c   Code   RO         2576    i.pbuf_header       pbuf.o
    0x08005380   0x08005380   0x000000b0   Code   RO         2577    i.pbuf_realloc      pbuf.o
    0x08005430   0x08005430   0x0000000a   Code   RO         2578    i.pbuf_ref          pbuf.o
    0x0800543a   0x0800543a   0x00000002   PAD
    0x0800543c   0x0800543c   0x000000b4   Code   RO         2408    i.plug_holes        mem.o
    0x080054f0   0x080054f0   0x000000a4   Code   RO         3524    i.prvAddNewTaskToReadyList  tasks.o
    0x08005594   0x08005594   0x0000007c   Code   RO         3956    i.prvHeapInit       heap_4.o
    0x08005610   0x08005610   0x00000018   Code   RO         3525    i.prvIdleTask       tasks.o
    0x08005628   0x08005628   0x00000054   Code   RO         3526    i.prvInitialiseTaskLists  tasks.o
    0x0800567c   0x0800567c   0x00000068   Code   RO         3957    i.prvInsertBlockIntoFreeList  heap_4.o
    0x080056e4   0x080056e4   0x000000d8   Code   RO         3958    i.pvPortMalloc      heap_4.o
    0x080057bc   0x080057bc   0x00000020   Code   RO         3892    i.pxPortInitialiseStack  port.o
    0x080057dc   0x080057dc   0x00000068   Code   RO         2656    i.raw_input         raw.o
    0x08005844   0x08005844   0x00000124   Code   RO          649    i.rcu_clock_freq_get  gd32f4xx_rcu.o
    0x08005968   0x08005968   0x00000024   Code   RO          668    i.rcu_periph_clock_enable  gd32f4xx_rcu.o
    0x0800598c   0x0800598c   0x00000024   Code   RO          671    i.rcu_periph_reset_disable  gd32f4xx_rcu.o
    0x080059b0   0x080059b0   0x00000024   Code   RO          672    i.rcu_periph_reset_enable  gd32f4xx_rcu.o
    0x080059d4   0x080059d4   0x0000000c   Code   RO          349    i.sys_now           systick.o
    0x080059e0   0x080059e0   0x00000018   Code   RO         2046    i.syscfg_enet_phy_interface_config  gd32f4xx_syscfg.o
    0x080059f8   0x080059f8   0x00000110   Code   RO         2116    i.system_clock_200m_25m_hxtal  system_gd32f4xx.o
    0x08005b08   0x08005b08   0x00000008   Code   RO         2117    i.system_clock_config  system_gd32f4xx.o
    0x08005b10   0x08005b10   0x00000050   Code   RO          350    i.systick_config    systick.o
    0x08005b60   0x08005b60   0x0000009c   Code   RO         2722    i.tcp_abandon       tcp.o
    0x08005bfc   0x08005bfc   0x00000004   Code   RO         2723    i.tcp_accept        tcp.o
    0x08005c00   0x08005c00   0x00000008   Code   RO         2724    i.tcp_accept_null   tcp.o
    0x08005c08   0x08005c08   0x000000b4   Code   RO         2725    i.tcp_alloc         tcp.o
    0x08005cbc   0x08005cbc   0x000000f8   Code   RO         2727    i.tcp_bind          tcp.o
    0x08005db4   0x08005db4   0x00000104   Code   RO         2728    i.tcp_close         tcp.o
    0x08005eb8   0x08005eb8   0x0000002e   Code   RO         2730    i.tcp_eff_send_mss  tcp.o
    0x08005ee6   0x08005ee6   0x0000042c   Code   RO         2959    i.tcp_enqueue       tcp_out.o
    0x08006312   0x08006312   0x00000002   PAD
    0x08006314   0x08006314   0x00000074   Code   RO         2732    i.tcp_fasttmr       tcp.o
    0x08006388   0x08006388   0x000004c8   Code   RO         2911    i.tcp_input         tcp_in.o
    0x08006850   0x08006850   0x0000006e   Code   RO         2960    i.tcp_keepalive     tcp_out.o
    0x080068be   0x080068be   0x00000002   PAD
    0x080068c0   0x080068c0   0x00000058   Code   RO         2733    i.tcp_kill_prio     tcp.o
    0x08006918   0x08006918   0x0000003c   Code   RO         2734    i.tcp_kill_timewait  tcp.o
    0x08006954   0x08006954   0x00000134   Code   RO         2912    i.tcp_listen_input  tcp_in.o
    0x08006a88   0x08006a88   0x000000dc   Code   RO         2735    i.tcp_listen_with_backlog  tcp.o
    0x08006b64   0x08006b64   0x0000000a   Code   RO         2736    i.tcp_new           tcp.o
    0x08006b6e   0x08006b6e   0x00000002   PAD
    0x08006b70   0x08006b70   0x00000078   Code   RO         2737    i.tcp_new_port      tcp.o
    0x08006be8   0x08006be8   0x0000001c   Code   RO         2738    i.tcp_next_iss      tcp.o
    0x08006c04   0x08006c04   0x00000288   Code   RO         2961    i.tcp_output        tcp_out.o
    0x08006e8c   0x08006e8c   0x000000e0   Code   RO         2962    i.tcp_output_segment  tcp_out.o
    0x08006f6c   0x08006f6c   0x00000084   Code   RO         2963    i.tcp_output_set_header  tcp_out.o
    0x08006ff0   0x08006ff0   0x000000b8   Code   RO         2913    i.tcp_parseopt      tcp_in.o
    0x080070a8   0x080070a8   0x00000036   Code   RO         2739    i.tcp_pcb_purge     tcp.o
    0x080070de   0x080070de   0x00000002   PAD
    0x080070e0   0x080070e0   0x000000b0   Code   RO         2740    i.tcp_pcb_remove    tcp.o
    0x08007190   0x08007190   0x000005ac   Code   RO         2914    i.tcp_process       tcp_in.o
    0x0800773c   0x0800773c   0x00000700   Code   RO         2915    i.tcp_receive       tcp_in.o
    0x08007e3c   0x08007e3c   0x00000006   Code   RO         2742    i.tcp_recv          tcp.o
    0x08007e42   0x08007e42   0x00000028   Code   RO         2743    i.tcp_recv_null     tcp.o
    0x08007e6a   0x08007e6a   0x00000056   Code   RO         2744    i.tcp_recved        tcp.o
    0x08007ec0   0x08007ec0   0x00000056   Code   RO         2964    i.tcp_rexmit        tcp_out.o
    0x08007f16   0x08007f16   0x0000003a   Code   RO         2965    i.tcp_rexmit_rto    tcp_out.o
    0x08007f50   0x08007f50   0x000000c0   Code   RO         2966    i.tcp_rst           tcp_out.o
    0x08008010   0x08008010   0x00000020   Code   RO         2745    i.tcp_seg_free      tcp.o
    0x08008030   0x08008030   0x0000001e   Code   RO         2746    i.tcp_segs_free     tcp.o
    0x0800804e   0x0800804e   0x0000001c   Code   RO         2967    i.tcp_send_ctrl     tcp_out.o
    0x0800806a   0x0800806a   0x00000002   PAD
    0x0800806c   0x0800806c   0x00000074   Code   RO         3496    i.tcp_server_accept  tcp_server_demo.o
    0x080080e0   0x080080e0   0x000000c4   Code   RO         3497    i.tcp_server_demo_init  tcp_server_demo.o
    0x080081a4   0x080081a4   0x000000a4   Code   RO         3498    i.tcp_server_recv   tcp_server_demo.o
    0x08008248   0x08008248   0x00000318   Code   RO         2749    i.tcp_slowtmr       tcp.o
    0x08008560   0x08008560   0x00000050   Code   RO         2916    i.tcp_timewait_input  tcp_in.o
    0x080085b0   0x080085b0   0x00000024   Code   RO         2750    i.tcp_tmr           tcp.o
    0x080085d4   0x080085d4   0x00000038   Code   RO         2751    i.tcp_update_rcv_ann_wnd  tcp.o
    0x0800860c   0x0800860c   0x00000048   Code   RO         2968    i.tcp_write         tcp_out.o
    0x08008654   0x08008654   0x00000078   Code   RO         2969    i.tcp_zero_window_probe  tcp_out.o
    0x080086cc   0x080086cc   0x00000074   Code   RO         3029    i.udp_bind          udp.o
    0x08008740   0x08008740   0x00000064   Code   RO         3030    i.udp_connect       udp.o
    0x080087a4   0x080087a4   0x000001fc   Code   RO         3032    i.udp_input         udp.o
    0x080089a0   0x080089a0   0x0000001c   Code   RO         3033    i.udp_new           udp.o
    0x080089bc   0x080089bc   0x00000006   Code   RO         3034    i.udp_recv          udp.o
    0x080089c2   0x080089c2   0x00000002   PAD
    0x080089c4   0x080089c4   0x00000040   Code   RO         3035    i.udp_remove        udp.o
    0x08008a04   0x08008a04   0x000000f8   Code   RO         3038    i.udp_sendto_if     udp.o
    0x08008afc   0x08008afc   0x000000f8   Code   RO         3352    i.update_arp_entry  etharp.o
    0x08008bf4   0x08008bf4   0x000000e8   Code   RO          997    i.usart_baudrate_set  gd32f4xx_usart.o
    0x08008cdc   0x08008cdc   0x00000008   Code   RO         1002    i.usart_data_transmit  gd32f4xx_usart.o
    0x08008ce4   0x08008ce4   0x0000008c   Code   RO          396    i.usart_debug_init  usart.o
    0x08008d70   0x08008d70   0x000000dc   Code   RO         1003    i.usart_deinit      gd32f4xx_usart.o
    0x08008e4c   0x08008e4c   0x0000000a   Code   RO         1007    i.usart_enable      gd32f4xx_usart.o
    0x08008e56   0x08008e56   0x00000020   Code   RO         1009    i.usart_flag_get    gd32f4xx_usart.o
    0x08008e76   0x08008e76   0x00000018   Code   RO         1013    i.usart_hardware_flow_coherence_config  gd32f4xx_usart.o
    0x08008e8e   0x08008e8e   0x00000010   Code   RO         1032    i.usart_parity_config  gd32f4xx_usart.o
    0x08008e9e   0x08008e9e   0x00000010   Code   RO         1034    i.usart_receive_config  gd32f4xx_usart.o
    0x08008eae   0x08008eae   0x00000010   Code   RO         1045    i.usart_stop_bit_set  gd32f4xx_usart.o
    0x08008ebe   0x08008ebe   0x00000010   Code   RO         1049    i.usart_transmit_config  gd32f4xx_usart.o
    0x08008ece   0x08008ece   0x00000010   Code   RO         1050    i.usart_word_length_set  gd32f4xx_usart.o
    0x08008ede   0x08008ede   0x00000028   Code   RO         3709    i.uxListRemove      list.o
    0x08008f06   0x08008f06   0x0000001a   Code   RO         3710    i.vListInitialise   list.o
    0x08008f20   0x08008f20   0x00000006   Code   RO         3711    i.vListInitialiseItem  list.o
    0x08008f26   0x08008f26   0x00000034   Code   RO         3712    i.vListInsert       list.o
    0x08008f5a   0x08008f5a   0x00000018   Code   RO         3713    i.vListInsertEnd    list.o
    0x08008f72   0x08008f72   0x00000002   PAD
    0x08008f74   0x08008f74   0x00000054   Code   RO         3894    i.vPortEnterCritical  port.o
    0x08008fc8   0x08008fc8   0x0000003c   Code   RO         3895    i.vPortExitCritical  port.o
    0x08009004   0x08009004   0x00000048   Code   RO         3959    i.vPortFree         heap_4.o
    0x0800904c   0x0800904c   0x00000028   Code   RO         3896    i.vPortSetupTimerInterrupt  port.o
    0x08009074   0x08009074   0x00000038   Code   RO         3528    i.vTaskDelay        tasks.o
    0x080090ac   0x080090ac   0x00000098   Code   RO         3529    i.vTaskIncrementTick  tasks.o
    0x08009144   0x08009144   0x00000064   Code   RO         3530    i.vTaskStartScheduler  tasks.o
    0x080091a8   0x080091a8   0x0000000c   Code   RO         3531    i.vTaskSuspendAll   tasks.o
    0x080091b4   0x080091b4   0x0000006c   Code   RO         3532    i.vTaskSwitchContext  tasks.o
    0x08009220   0x08009220   0x00000048   Code   RO         3897    i.xPortStartScheduler  port.o
    0x08009268   0x08009268   0x000000a2   Code   RO         3533    i.xTaskCreate       tasks.o
    0x0800930a   0x0800930a   0x00000002   PAD
    0x0800930c   0x0800930c   0x00000020   Code   RO         3535    i.xTaskGetSchedulerState  tasks.o
    0x0800932c   0x0800932c   0x00000010   Code   RO         3539    i.xTaskResumeAll    tasks.o
    0x0800933c   0x0800933c   0x00000024   Data   RO         2451    .constdata          memp.o
    0x08009360   0x08009360   0x00000014   Data   RO         2752    .constdata          tcp.o
    0x08009374   0x08009374   0x00000008   Data   RO         3267    .constdata          ip_addr.o
    0x0800937c   0x0800937c   0x0000000c   Data   RO         3354    .constdata          etharp.o
    0x08009388   0x08009388   0x0000008b   Data   RO          239    .conststring        main.o
    0x08009413   0x08009413   0x00000001   PAD
    0x08009414   0x08009414   0x000001e0   Data   RO          457    .conststring        bsp_lan8720.o
    0x080095f4   0x080095f4   0x00000044   Data   RO         3499    .conststring        tcp_server_demo.o
    0x08009638   0x08009638   0x00000020   Data   RO         4319    Region$$Table       anon$$obj.o


    Execution Region ER_RW (Exec base: 0x20000000, Load base: 0x08009658, Size: 0x0000010c, Max: 0xffffffff, ABSOLUTE)

    Exec Addr    Load Addr    Size         Type   Attr      Idx    E Section Name        Object

    0x20000000   0x08009658   0x00000008   Data   RW          351    .data               systick.o
    0x20000008   0x08009660   0x00000008   Data   RW          458    .data               bsp_lan8720.o
    0x20000010   0x08009668   0x00000014   Data   RW         1608    .data               gd32f4xx_enet.o
    0x20000024   0x0800967c   0x00000004   Data   RW         2118    .data               system_gd32f4xx.o
    0x20000028   0x08009680   0x00000004   Data   RW         2249    .data               dhcp.o
    0x2000002c   0x08009684   0x0000000d   Data   RW         2410    .data               mem.o
    0x20000039   0x08009691   0x00000003   PAD
    0x2000003c   0x08009694   0x00000009   Data   RW         2500    .data               netif.o
    0x20000045   0x0800969d   0x00000003   PAD
    0x20000048   0x080096a0   0x00000004   Data   RW         2662    .data               raw.o
    0x2000004c   0x080096a4   0x00000020   Data   RW         2753    .data               tcp.o
    0x2000006c   0x080096c4   0x00000020   Data   RW         2918    .data               tcp_in.o
    0x2000008c   0x080096e4   0x00000004   Data   RW         3039    .data               udp.o
    0x20000090   0x080096e8   0x0000000a   Data   RW         3228    .data               ip.o
    0x2000009a   0x080096f2   0x00000002   PAD
    0x2000009c   0x080096f4   0x00000006   Data   RW         3297    .data               ip_frag.o
    0x200000a2   0x080096fa   0x00000001   Data   RW         3355    .data               etharp.o
    0x200000a3   0x080096fb   0x00000001   PAD
    0x200000a4   0x080096fc   0x00000011   Data   RW         3473    .data               lwip_demo.o
    0x200000b5   0x0800970d   0x00000003   PAD
    0x200000b8   0x08009710   0x00000034   Data   RW         3541    .data               tasks.o
    0x200000ec   0x08009744   0x00000004   Data   RW         3898    .data               port.o
    0x200000f0   0x08009748   0x00000018   Data   RW         3963    .data               heap_4.o
    0x20000108   0x08009760   0x00000004   Data   RW         4293    .data               mc_w.l(stdout.o)


    Execution Region ER_ZI (Exec base: 0x2000010c, Load base: 0x08009764, Size: 0x00015cd4, Max: 0xffffffff, ABSOLUTE)

    Exec Addr    Load Addr    Size         Type   Attr      Idx    E Section Name        Object

    0x2000010c        -       0x00003c64   Zero   RW         1606    .bss                gd32f4xx_enet.o
    0x20003d70        -       0x00004014   Zero   RW         2409    .bss                mem.o
    0x20007d84        -       0x000046af   Zero   RW         2450    .bss                memp.o
    0x2000c433   0x08009764   0x00000001   PAD
    0x2000c434        -       0x00000014   Zero   RW         2917    .bss                tcp_in.o
    0x2000c448        -       0x000005e0   Zero   RW         3296    .bss                ip_frag.o
    0x2000ca28        -       0x000000c8   Zero   RW         3353    .bss                etharp.o
    0x2000caf0        -       0x00000c00   Zero   RW         3434    .bss                ethernetif.o
    0x2000d6f0        -       0x00000034   Zero   RW         3472    .bss                lwip_demo.o
    0x2000d724        -       0x000002bc   Zero   RW         3540    .bss                tasks.o
    0x2000d9e0        -       0x00008000   Zero   RW         3962    .bss                heap_4.o
    0x200159e0        -       0x00000400   Zero   RW         2103    STACK               startup_gd32f450_470.o


==============================================================================

Image component sizes


      Code (inc. data)   RO Data    RW Data    ZI Data      Debug   Object Name

      1602        558        480          8          0       6589   bsp_lan8720.o
      3934         74          0          4          0      22092   dhcp.o
      2426         38         12          1        200      12882   etharp.o
       292         20          0          0       3072       4209   ethernetif.o
      2704        250          0         20      15460      15202   gd32f4xx_enet.o
       242          0          0          0          0       3154   gd32f4xx_gpio.o
        44          0          0          0          0      87323   gd32f4xx_it.o
        24          8          0          0          0        648   gd32f4xx_misc.o
       400         40          0          0          0       3648   gd32f4xx_rcu.o
        24          6          0          0          0        667   gd32f4xx_syscfg.o
       606         18          0          0          0       7579   gd32f4xx_usart.o
       516         62          0         24      32768       3823   heap_4.o
       612          0          0          0          0       3734   icmp.o
        62          0          0          0          0       2184   inet.o
       342          0          0          0          0       6318   inet_chksum.o
        12          0          0          0          0       2831   init.o
       880         30          0         10          0       4761   ip.o
        78          0          8          0          0       5285   ip_addr.o
      1596         42          0          6       1504       7985   ip_frag.o
       148          0          0          0          0       3270   list.o
       776        410          0         17         52       1652   lwip_demo.o
       520        270        139          0          0      24603   main.o
      1032         74          0         13      16404       4933   mem.o
       204         30         36          0      18095       3626   memp.o
       384         26          0          9          0       7584   netif.o
      1514          0          0          0          0       7985   pbuf.o
       460         46          0          4          0       6982   port.o
       104          4          0          4          0       1512   raw.o
        36          8        428          0       1024        900   startup_gd32f450_470.o
       700         32          0          4          0       4075   system_gd32f4xx.o
       188         32          0          8          0      29472   systick.o
       910        150          0         52        700      14046   tasks.o
      2852        164         20         32          0      24426   tcp.o
      5040        248          0         32         20      14796   tcp_in.o
      2738         14          0          0          0      10403   tcp_out.o
       476        254         68          0          0       2075   tcp_server_demo.o
      1070         20          0          4          0      12389   udp.o
       176         14          0          0          0       1175   usart.o

    ----------------------------------------------------------------------
     35772       2942       1224        264      89300     376818   Object Totals
         0          0         32          0          0          0   (incl. Generated)
        48          0          1         12          1          0   (incl. Padding)

    ----------------------------------------------------------------------

      Code (inc. data)   RO Data    RW Data    ZI Data      Debug   Library Member Name

         0          0          0          0          0          0   entry.o
         0          0          0          0          0          0   entry10a.o
         0          0          0          0          0          0   entry11a.o
         4          0          0          0          0          0   entry12b.o
         8          4          0          0          0          0   entry2.o
         4          0          0          0          0          0   entry5.o
         0          0          0          0          0          0   entry7b.o
         0          0          0          0          0          0   entry8b.o
         8          4          0          0          0          0   entry9a.o
        30          0          0          0          0          0   handlers.o
        36          8          0          0          0         68   init.o
        30          0          0          0          0         68   llshl.o
        32          0          0          0          0         68   llushr.o
        36          0          0          0          0         68   memcpya.o
        36          0          0          0          0        108   memseta.o
      1142         54          0          0          0        352   printf8.o
         0          0          0          4          0          0   stdout.o
        24          0          0          0          0         76   strncpy.o
        98          0          0          0          0         92   uldiv.o

    ----------------------------------------------------------------------
      1492         70          0          4          0        900   Library Totals
         4          0          0          0          0          0   (incl. Padding)

    ----------------------------------------------------------------------

      Code (inc. data)   RO Data    RW Data    ZI Data      Debug   Library Name

      1488         70          0          4          0        900   mc_w.l

    ----------------------------------------------------------------------
      1492         70          0          4          0        900   Library Totals

    ----------------------------------------------------------------------

==============================================================================


      Code (inc. data)   RO Data    RW Data    ZI Data      Debug   

     37264       3012       1224        268      89300     353006   Grand Totals
     37264       3012       1224        268      89300     353006   ELF Image Totals
     37264       3012       1224        268          0          0   ROM Totals

==============================================================================

    Total RO  Size (Code + RO Data)                38488 (  37.59kB)
    Total RW  Size (RW Data + ZI Data)             89568 (  87.47kB)
    Total ROM Size (Code + RO Data + RW Data)      38756 (  37.85kB)

==============================================================================

