Component: ARM Compiler 5.06 update 7 (build 960) Tool: armlink [4d3601]

==============================================================================

Section Cross References

    gd32f4xx_it.o(i.SysTick_Handler) refers to systick.o(i.delay_decrement) for delay_decrement
    gd32f4xx_it.o(i.SysTick_Handler) refers to tasks.o(i.xTaskGetSchedulerState) for xTaskGetSchedulerState
    gd32f4xx_it.o(i.SysTick_Handler) refers to tasks.o(i.vTaskIncrementTick) for vTaskIncrementTick
    main.o(i.app_task_cs1237) refers to bsp_cs1237.o(i.cs1237_read_reg) for cs1237_read_reg
    main.o(i.app_task_cs1237) refers to printfa.o(i.__0printf) for __2printf
    main.o(i.app_task_cs1237) refers to bsp_cs1237.o(i.cs1237_read_adc_auto_range) for cs1237_read_adc_auto_range
    main.o(i.app_task_cs1237) refers to bsp_cs1237.o(i.cs1237_raw_to_voltage_mv) for cs1237_raw_to_voltage_mv
    main.o(i.app_task_cs1237) refers to f2d.o(.text) for __aeabi_f2d
    main.o(i.app_task_cs1237) refers to bsp_cs1237.o(i.cs1237_get_pga_multiplier) for cs1237_get_pga_multiplier
    main.o(i.app_task_cs1237) refers to tasks.o(i.vTaskDelay) for vTaskDelay
    main.o(i.app_task_cs1237) refers to main.o(.conststring) for .conststring
    main.o(i.app_task_led) refers to gd32f4xx_rcu.o(i.rcu_periph_clock_enable) for rcu_periph_clock_enable
    main.o(i.app_task_led) refers to gd32f4xx_gpio.o(i.gpio_mode_set) for gpio_mode_set
    main.o(i.app_task_led) refers to gd32f4xx_gpio.o(i.gpio_output_options_set) for gpio_output_options_set
    main.o(i.app_task_led) refers to gd32f4xx_gpio.o(i.gpio_bit_toggle) for gpio_bit_toggle
    main.o(i.app_task_led) refers to tasks.o(i.vTaskDelay) for vTaskDelay
    main.o(i.app_task_network) refers to lwip_demo.o(i.lwip_demo_poll) for lwip_demo_poll
    main.o(i.app_task_network) refers to systick.o(i.sys_now) for sys_now
    main.o(i.app_task_network) refers to bsp_lan8720.o(i.bsp_lan8720_get_link_status) for bsp_lan8720_get_link_status
    main.o(i.app_task_network) refers to printfa.o(i.__0printf) for __2printf
    main.o(i.app_task_network) refers to tasks.o(i.vTaskDelay) for vTaskDelay
    main.o(i.app_task_network) refers to lwip_demo.o(.bss) for g_netif
    main.o(i.app_task_network) refers to main.o(.conststring) for .conststring
    main.o(i.main) refers to systick.o(i.systick_config) for systick_config
    main.o(i.main) refers to usart.o(i.usart_debug_init) for usart_debug_init
    main.o(i.main) refers to printfa.o(i.__0printf) for __2printf
    main.o(i.main) refers to bsp_cs1237.o(i.cs1237_init) for cs1237_init
    main.o(i.main) refers to bsp_lan8720.o(i.bsp_lan8720_init) for bsp_lan8720_init
    main.o(i.main) refers to lwip_demo.o(i.lwip_demo_init) for lwip_demo_init
    main.o(i.main) refers to tasks.o(i.xTaskCreate) for xTaskCreate
    main.o(i.main) refers to tasks.o(i.vTaskStartScheduler) for vTaskStartScheduler
    main.o(i.main) refers to main.o(.conststring) for .conststring
    main.o(i.main) refers to main.o(i.app_task_network) for app_task_network
    main.o(i.main) refers to main.o(i.app_task_led) for app_task_led
    main.o(i.main) refers to main.o(i.app_task_cs1237) for app_task_cs1237
    systick.o(i.delay_1ms) refers to systick.o(.data) for delay
    systick.o(i.delay_decrement) refers to systick.o(.data) for sg_sys_ticks
    systick.o(i.sys_now) refers to systick.o(.data) for sg_sys_ticks
    systick.o(i.systick_config) refers to systick.o(i.NVIC_SetPriority) for NVIC_SetPriority
    systick.o(i.systick_config) refers to system_gd32f4xx.o(.data) for SystemCoreClock
    usart.o(i.fputc) refers to gd32f4xx_usart.o(i.usart_data_transmit) for usart_data_transmit
    usart.o(i.fputc) refers to gd32f4xx_usart.o(i.usart_flag_get) for usart_flag_get
    usart.o(i.usart_debug_init) refers to gd32f4xx_rcu.o(i.rcu_periph_clock_enable) for rcu_periph_clock_enable
    usart.o(i.usart_debug_init) refers to gd32f4xx_gpio.o(i.gpio_af_set) for gpio_af_set
    usart.o(i.usart_debug_init) refers to gd32f4xx_gpio.o(i.gpio_mode_set) for gpio_mode_set
    usart.o(i.usart_debug_init) refers to gd32f4xx_gpio.o(i.gpio_output_options_set) for gpio_output_options_set
    usart.o(i.usart_debug_init) refers to gd32f4xx_usart.o(i.usart_deinit) for usart_deinit
    usart.o(i.usart_debug_init) refers to gd32f4xx_usart.o(i.usart_baudrate_set) for usart_baudrate_set
    usart.o(i.usart_debug_init) refers to gd32f4xx_usart.o(i.usart_word_length_set) for usart_word_length_set
    usart.o(i.usart_debug_init) refers to gd32f4xx_usart.o(i.usart_stop_bit_set) for usart_stop_bit_set
    usart.o(i.usart_debug_init) refers to gd32f4xx_usart.o(i.usart_parity_config) for usart_parity_config
    usart.o(i.usart_debug_init) refers to gd32f4xx_usart.o(i.usart_hardware_flow_coherence_config) for usart_hardware_flow_coherence_config
    usart.o(i.usart_debug_init) refers to gd32f4xx_usart.o(i.usart_transmit_config) for usart_transmit_config
[...]
    .data                                    0x20000040   Section        9  netif.o(.data)
    netifnum                                 0x20000048   Data           1  netif.o(.data)
    .data                                    0x2000004c   Section        4  raw.o(.data)
    raw_pcbs                                 0x2000004c   Data           4  raw.o(.data)
    .data                                    0x20000050   Section       32  tcp.o(.data)
    tcp_timer                                0x20000068   Data           1  tcp.o(.data)
    port                                     0x2000006a   Data           2  tcp.o(.data)
    iss                                      0x2000006c   Data           4  tcp.o(.data)
    .data                                    0x20000070   Section       32  tcp_in.o(.data)
    tcphdr                                   0x20000070   Data           4  tcp_in.o(.data)
    iphdr                                    0x20000074   Data           4  tcp_in.o(.data)
    seqno                                    0x20000078   Data           4  tcp_in.o(.data)
    ackno                                    0x2000007c   Data           4  tcp_in.o(.data)
    flags                                    0x20000080   Data           1  tcp_in.o(.data)
    tcplen                                   0x20000082   Data           2  tcp_in.o(.data)
    recv_flags                               0x20000084   Data           1  tcp_in.o(.data)
    recv_data                                0x20000088   Data           4  tcp_in.o(.data)
    .data                                    0x20000090   Section        4  udp.o(.data)
    .data                                    0x20000094   Section       10  ip.o(.data)
    current_netif                            0x20000094   Data           4  ip.o(.data)
    current_header                           0x20000098   Data           4  ip.o(.data)
    ip_id                                    0x2000009c   Data           2  ip.o(.data)
    .data                                    0x200000a0   Section        6  ip_frag.o(.data)
    reassdatagrams                           0x200000a0   Data           4  ip_frag.o(.data)
    ip_reass_pbufcount                       0x200000a4   Data           2  ip_frag.o(.data)
    .data                                    0x200000a6   Section        1  etharp.o(.data)
    etharp_cached_entry                      0x200000a6   Data           1  etharp.o(.data)
    .data                                    0x200000a8   Section       17  lwip_demo.o(.data)
    sg_tcp_timer                             0x200000a8   Data           4  lwip_demo.o(.data)
    sg_arp_timer                             0x200000ac   Data           4  lwip_demo.o(.data)
    sg_dhcp_fine_timer                       0x200000b0   Data           4  lwip_demo.o(.data)
    sg_dhcp_coarse_timer                     0x200000b4   Data           4  lwip_demo.o(.data)
    sg_dhcp_status                           0x200000b8   Data           1  lwip_demo.o(.data)
    .data                                    0x200000bc   Section       52  tasks.o(.data)
    pxDelayedTaskList                        0x200000c0   Data           4  tasks.o(.data)
    pxOverflowDelayedTaskList                0x200000c4   Data           4  tasks.o(.data)
    uxCurrentNumberOfTasks                   0x200000c8   Data           4  tasks.o(.data)
    xTickCount                               0x200000cc   Data           4  tasks.o(.data)
    uxTopReadyPriority                       0x200000d0   Data           4  tasks.o(.data)
    xSchedulerRunning                        0x200000d4   Data           4  tasks.o(.data)
    uxPendedTicks                            0x200000d8   Data           4  tasks.o(.data)
    xYieldPending                            0x200000dc   Data           4  tasks.o(.data)
    xNumOfOverflows                          0x200000e0   Data           4  tasks.o(.data)
    xNextTaskUnblockTime                     0x200000e4   Data           4  tasks.o(.data)
    uxSchedulerSuspended                     0x200000e8   Data           4  tasks.o(.data)
    xIdleTaskHandle                          0x200000ec   Data           4  tasks.o(.data)
    .data                                    0x200000f0   Section        4  port.o(.data)
    uxCriticalNesting                        0x200000f0   Data           4  port.o(.data)
    .data                                    0x200000f4   Section       24  heap_4.o(.data)
    xStart                                   0x200000f4   Data           8  heap_4.o(.data)
    pxEnd                                    0x200000fc   Data           4  heap_4.o(.data)
    xFreeBytesRemaining                      0x20000100   Data           4  heap_4.o(.data)
    xMinimumEverFreeBytesRemaining           0x20000104   Data           4  heap_4.o(.data)
    xBlockAllocatedBit                       0x20000108   Data           4  heap_4.o(.data)
    .data                                    0x2000010c   Section        4  stdout.o(.data)
    .bss                                     0x20000110   Section    15460  gd32f4xx_enet.o(.bss)
    enet_initpara                            0x20003d38   Data          60  gd32f4xx_enet.o(.bss)
    .bss                                     0x20003d74   Section    16404  mem.o(.bss)
    ram_heap                                 0x20003d74   Data       16404  mem.o(.bss)
    .bss                                     0x20007d88   Section    18095  memp.o(.bss)
    memp_tab                                 0x20007d88   Data          36  memp.o(.bss)
    memp_memory                              0x20007dac   Data       18059  memp.o(.bss)
    .bss                                     0x2000c438   Section       20  tcp_in.o(.bss)
    inseg                                    0x2000c438   Data          20  tcp_in.o(.bss)
    .bss                                     0x2000c44c   Section     1504  ip_frag.o(.bss)
    buf                                      0x2000c44c   Data        1504  ip_frag.o(.bss)
    .bss                                     0x2000ca2c   Section      200  etharp.o(.bss)
    arp_table                                0x2000ca2c   Data         200  etharp.o(.bss)
    .bss                                     0x2000caf4   Section     3072  ethernetif.o(.bss)
    sg_rx_buffer                             0x2000caf4   Data        1536  ethernetif.o(.bss)
    sg_tx_buffer                             0x2000d0f4   Data        1536  ethernetif.o(.bss)
    .bss                                     0x2000d6f4   Section       52  lwip_demo.o(.bss)
    .bss                                     0x2000d728   Section      700  tasks.o(.bss)
    pxReadyTasksLists                        0x2000d728   Data         640  tasks.o(.bss)
    xDelayedTaskList1                        0x2000d9a8   Data          20  tasks.o(.bss)
    xDelayedTaskList2                        0x2000d9bc   Data          20  tasks.o(.bss)
    xPendingReadyList                        0x2000d9d0   Data          20  tasks.o(.bss)
    .bss                                     0x2000d9e4   Section    32768  heap_4.o(.bss)
    ucHeap                                   0x2000d9e4   Data       32768  heap_4.o(.bss)
    STACK                                    0x200159e8   Section     1024  startup_gd32f450_470.o(STACK)

    Global Symbols

    Symbol Name                              Value     Ov Type        Size  Object(Section)

    BuildAttributes$$THM_ISAv4$E$P$D$K$B$S$7EM$VFPi3$EXTD16$VFPS$VFMA$PE$A:L22UL41UL21$X:L11$S22US41US21$IEEE1$IW$USESV6$~STKCKD$USESV7$~SHL$OSPACE$ROPI$EBA8$MICROLIB$REQ8$PRES8$EABIv2 0x00000000   Number         0  anon$$obj.o ABSOLUTE
    __ARM_use_no_argv                        0x00000000   Number         0  main.o ABSOLUTE
    _printf_a                                0x00000000   Number         0  stubs.o ABSOLUTE
    _printf_c                                0x00000000   Number         0  stubs.o ABSOLUTE
    _printf_charcount                        0x00000000   Number         0  stubs.o ABSOLUTE
    _printf_d                                0x00000000   Number         0  stubs.o ABSOLUTE
    _printf_e                                0x00000000   Number         0  stubs.o ABSOLUTE
    _printf_f                                0x00000000   Number         0  stubs.o ABSOLUTE
    _printf_flags                            0x00000000   Number         0  stubs.o ABSOLUTE
    _printf_fp_dec                           0x00000000   Number         0  stubs.o ABSOLUTE
    _printf_fp_hex                           0x00000000   Number         0  stubs.o ABSOLUTE
    _printf_g                                0x00000000   Number         0  stubs.o ABSOLUTE
    _printf_i                                0x00000000   Number         0  stubs.o ABSOLUTE
    _printf_int_dec                          0x00000000   Number         0  stubs.o ABSOLUTE
    _printf_l                                0x00000000   Number         0  stubs.o ABSOLUTE
    _printf_lc                               0x00000000   Number         0  stubs.o ABSOLUTE
    _printf_ll                               0x00000000   Number         0  stubs.o ABSOLUTE
    _printf_lld                              0x00000000   Number         0  stubs.o ABSOLUTE
    _printf_lli                              0x00000000   Number         0  stubs.o ABSOLUTE
    _printf_llo                              0x00000000   Number         0  stubs.o ABSOLUTE
    _printf_llu                              0x00000000   Number         0  stubs.o ABSOLUTE
    _printf_llx                              0x00000000   Number         0  stubs.o ABSOLUTE
    _printf_longlong_dec                     0x00000000   Number         0  stubs.o ABSOLUTE
    _printf_longlong_hex                     0x00000000   Number         0  stubs.o ABSOLUTE
    _printf_longlong_oct                     0x00000000   Number         0  stubs.o ABSOLUTE
    _printf_ls                               0x00000000   Number         0  stubs.o ABSOLUTE
    _printf_mbtowc                           0x00000000   Number         0  stubs.o ABSOLUTE
    _printf_n                                0x00000000   Number         0  stubs.o ABSOLUTE
    _printf_o                                0x00000000   Number         0  stubs.o ABSOLUTE
    _printf_p                                0x00000000   Number         0  stubs.o ABSOLUTE
    _printf_percent                          0x00000000   Number         0  stubs.o ABSOLUTE
    _printf_pre_padding                      0x00000000   Number         0  stubs.o ABSOLUTE
    _printf_return_value                     0x00000000   Number         0  stubs.o ABSOLUTE
    _printf_s                                0x00000000   Number         0  stubs.o ABSOLUTE
    _printf_sizespec                         0x00000000   Number         0  stubs.o ABSOLUTE
    _printf_str                              0x00000000   Number         0  stubs.o ABSOLUTE
    _printf_truncate_signed                  0x00000000   Number         0  stubs.o ABSOLUTE
    _printf_truncate_unsigned                0x00000000   Number         0  stubs.o ABSOLUTE
    _printf_u                                0x00000000   Number         0  stubs.o ABSOLUTE
    _printf_wc                               0x00000000   Number         0  stubs.o ABSOLUTE
    _printf_wctomb                           0x00000000   Number         0  stubs.o ABSOLUTE
    _printf_widthprec                        0x00000000   Number         0  stubs.o ABSOLUTE
    _printf_x                                0x00000000   Number         0  stubs.o ABSOLUTE
    __arm_fini_                               - Undefined Weak Reference
    __cpp_initialize__aeabi_                  - Undefined Weak Reference
    __cxa_finalize                            - Undefined Weak Reference
    __decompress                              - Undefined Weak Reference
    _clock_init                               - Undefined Weak Reference
    _microlib_exit                            - Undefined Weak Reference
    __Vectors_Size                           0x000001ac   Number         0  startup_gd32f450_470.o ABSOLUTE
    __Vectors                                0x08000000   Data           4  startup_gd32f450_470.o(RESET)
    __Vectors_End                            0x080001ac   Data           0  startup_gd32f450_470.o(RESET)
    __main                                   0x080001ad   Thumb Code     0  entry.o(.ARM.Collect$$$$00000000)
    _main_stk                                0x080001ad   Thumb Code     0  entry2.o(.ARM.Collect$$$$00000001)
    _main_scatterload                        0x080001b1   Thumb Code     0  entry5.o(.ARM.Collect$$$$00000004)
    __main_after_scatterload                 0x080001b5   Thumb Code     0  entry5.o(.ARM.Collect$$$$00000004)
    _main_clock                              0x080001b5   Thumb Code     0  entry7b.o(.ARM.Collect$$$$00000008)
    _main_cpp_init                           0x080001b5   Thumb Code     0  entry8b.o(.ARM.Collect$$$$0000000A)
    _main_init                               0x080001b5   Thumb Code     0  entry9a.o(.ARM.Collect$$$$0000000B)
    __rt_lib_shutdown_fini                   0x080001bd   Thumb Code     0  entry12b.o(.ARM.Collect$$$$0000000E)
    __rt_final_cpp                           0x080001c1   Thumb Code     0  entry10a.o(.ARM.Collect$$$$0000000F)
    __rt_final_exit                          0x080001c1   Thumb Code     0  entry11a.o(.ARM.Collect$$$$00000011)
    vPortEnableVFP                           0x080001c5   Thumb Code    12  port.o(.emb_text)
    vPortStartFirstTask                      0x080001d5   Thumb Code    28  port.o(.emb_text)
    SVC_Handler                              0x080001f5   Thumb Code    28  port.o(.emb_text)
    PendSV_Handler                           0x08000215   Thumb Code    88  port.o(.emb_text)
    Reset_Handler                            0x08000271   Thumb Code     8  startup_gd32f450_470.o(.text)
    ADC_IRQHandler                           0x0800028b   Thumb Code     0  startup_gd32f450_470.o(.text)
    CAN0_EWMC_IRQHandler                     0x0800028b   Thumb Code     0  startup_gd32f450_470.o(.text)
    CAN0_RX0_IRQHandler                      0x0800028b   Thumb Code     0  startup_gd32f450_470.o(.text)
    CAN0_RX1_IRQHandler                      0x0800028b   Thumb Code     0  startup_gd32f450_470.o(.text)
    CAN0_TX_IRQHandler                       0x0800028b   Thumb Code     0  startup_gd32f450_470.o(.text)
    CAN1_EWMC_IRQHandler                     0x0800028b   Thumb Code     0  startup_gd32f450_470.o(.text)
    CAN1_RX0_IRQHandler                      0x0800028b   Thumb Code     0  startup_gd32f450_470.o(.text)
    CAN1_RX1_IRQHandler                      0x0800028b   Thumb Code     0  startup_gd32f450_470.o(.text)
    CAN1_TX_IRQHandler                       0x0800028b   Thumb Code     0  startup_gd32f450_470.o(.text)
    DCI_IRQHandler                           0x0800028b   Thumb Code     0  startup_gd32f450_470.o(.text)
    DMA0_Channel0_IRQHandler                 0x0800028b   Thumb Code     0  startup_gd32f450_470.o(.text)
    DMA0_Channel1_IRQHandler                 0x0800028b   Thumb Code     0  startup_gd32f450_470.o(.text)
    DMA0_Channel2_IRQHandler                 0x0800028b   Thumb Code     0  startup_gd32f450_470.o(.text)
    DMA0_Channel3_IRQHandler                 0x0800028b   Thumb Code     0  startup_gd32f450_470.o(.text)
    DMA0_Channel4_IRQHandler                 0x0800028b   Thumb Code     0  startup_gd32f450_470.o(.text)
    DMA0_Channel5_IRQHandler                 0x0800028b   Thumb Code     0  startup_gd32f450_470.o(.text)
    DMA0_Channel6_IRQHandler                 0x0800028b   Thumb Code     0  startup_gd32f450_470.o(.text)
    DMA0_Channel7_IRQHandler                 0x0800028b   Thumb Code     0  startup_gd32f450_470.o(.text)
    DMA1_Channel0_IRQHandler                 0x0800028b   Thumb Code     0  startup_gd32f450_470.o(.text)
    DMA1_Channel1_IRQHandler                 0x0800028b   Thumb Code     0  startup_gd32f450_470.o(.text)
    DMA1_Channel2_IRQHandler                 0x0800028b   Thumb Code     0  startup_gd32f450_470.o(.text)
    DMA1_Channel3_IRQHandler                 0x0800028b   Thumb Code     0  startup_gd32f450_470.o(.text)
    DMA1_Channel4_IRQHandler                 0x0800028b   Thumb Code     0  startup_gd32f450_470.o(.text)
    DMA1_Channel5_IRQHandler                 0x0800028b   Thumb Code     0  startup_gd32f450_470.o(.text)
    DMA1_Channel6_IRQHandler                 0x0800028b   Thumb Code     0  startup_gd32f450_470.o(.text)
    DMA1_Channel7_IRQHandler                 0x0800028b   Thumb Code     0  startup_gd32f450_470.o(.text)
    ENET_IRQHandler                          0x0800028b   Thumb Code     0  startup_gd32f450_470.o(.text)
    ENET_WKUP_IRQHandler                     0x0800028b   Thumb Code     0  startup_gd32f450_470.o(.text)
    EXMC_IRQHandler                          0x0800028b   Thumb Code     0  startup_gd32f450_470.o(.text)
    EXTI0_IRQHandler                         0x0800028b   Thumb Code     0  startup_gd32f450_470.o(.text)
    EXTI10_15_IRQHandler                     0x0800028b   Thumb Code     0  startup_gd32f450_470.o(.text)
    EXTI1_IRQHandler                         0x0800028b   Thumb Code     0  startup_gd32f450_470.o(.text)
    EXTI2_IRQHandler                         0x0800028b   Thumb Code     0  startup_gd32f450_470.o(.text)
    EXTI3_IRQHandler                         0x0800028b   Thumb Code     0  startup_gd32f450_470.o(.text)
    EXTI4_IRQHandler                         0x0800028b   Thumb Code     0  startup_gd32f450_470.o(.text)
    EXTI5_9_IRQHandler                       0x0800028b   Thumb Code     0  startup_gd32f450_470.o(.text)
    FMC_IRQHandler                           0x0800028b   Thumb Code     0  startup_gd32f450_470.o(.text)
    FPU_IRQHandler                           0x0800028b   Thumb Code     0  startup_gd32f450_470.o(.text)
    I2C0_ER_IRQHandler                       0x0800028b   Thumb Code     0  startup_gd32f450_470.o(.text)
    I2C0_EV_IRQHandler                       0x0800028b   Thumb Code     0  startup_gd32f450_470.o(.text)
    I2C1_ER_IRQHandler                       0x0800028b   Thumb Code     0  startup_gd32f450_470.o(.text)
    I2C1_EV_IRQHandler                       0x0800028b   Thumb Code     0  startup_gd32f450_470.o(.text)
    I2C2_ER_IRQHandler                       0x0800028b   Thumb Code     0  startup_gd32f450_470.o(.text)
    I2C2_EV_IRQHandler                       0x0800028b   Thumb Code     0  startup_gd32f450_470.o(.text)
    IPA_IRQHandler                           0x0800028b   Thumb Code     0  startup_gd32f450_470.o(.text)
    LVD_IRQHandler                           0x0800028b   Thumb Code     0  startup_gd32f450_470.o(.text)
    RCU_CTC_IRQHandler                       0x0800028b   Thumb Code     0  startup_gd32f450_470.o(.text)
    RTC_Alarm_IRQHandler                     0x0800028b   Thumb Code     0  startup_gd32f450_470.o(.text)
    RTC_WKUP_IRQHandler                      0x0800028b   Thumb Code     0  startup_gd32f450_470.o(.text)
    SDIO_IRQHandler                          0x0800028b   Thumb Code     0  startup_gd32f450_470.o(.text)
    SPI0_IRQHandler                          0x0800028b   Thumb Code     0  startup_gd32f450_470.o(.text)
    SPI1_IRQHandler                          0x0800028b   Thumb Code     0  startup_gd32f450_470.o(.text)
    SPI2_IRQHandler                          0x0800028b   Thumb Code     0  startup_gd32f450_470.o(.text)
    SPI3_IRQHandler                          0x0800028b   Thumb Code     0  startup_gd32f450_470.o(.text)
    SPI4_IRQHandler                          0x0800028b   Thumb Code     0  startup_gd32f450_470.o(.text)
    SPI5_IRQHandler                          0x0800028b   Thumb Code     0  startup_gd32f450_470.o(.text)
    TAMPER_STAMP_IRQHandler                  0x0800028b   Thumb Code     0  startup_gd32f450_470.o(.text)
    TIMER0_BRK_TIMER8_IRQHandler             0x0800028b   Thumb Code     0  startup_gd32f450_470.o(.text)
    TIMER0_Channel_IRQHandler                0x0800028b   Thumb Code     0  startup_gd32f450_470.o(.text)
    TIMER0_TRG_CMT_TIMER10_IRQHandler        0x0800028b   Thumb Code     0  startup_gd32f450_470.o(.text)
    TIMER0_UP_TIMER9_IRQHandler              0x0800028b   Thumb Code     0  startup_gd32f450_470.o(.text)
    TIMER1_IRQHandler                        0x0800028b   Thumb Code     0  startup_gd32f450_470.o(.text)
    TIMER2_IRQHandler                        0x0800028b   Thumb Code     0  startup_gd32f450_470.o(.text)
    TIMER3_IRQHandler                        0x0800028b   Thumb Code     0  startup_gd32f450_470.o(.text)
    TIMER4_IRQHandler                        0x0800028b   Thumb Code     0  startup_gd32f450_470.o(.text)
    TIMER5_DAC_IRQHandler                    0x0800028b   Thumb Code     0  startup_gd32f450_470.o(.text)
    TIMER6_IRQHandler                        0x0800028b   Thumb Code     0  startup_gd32f450_470.o(.text)
    TIMER7_BRK_TIMER11_IRQHandler            0x0800028b   Thumb Code     0  startup_gd32f450_470.o(.text)
    TIMER7_Channel_IRQHandler                0x0800028b   Thumb Code     0  startup_gd32f450_470.o(.text)
    TIMER7_TRG_CMT_TIMER13_IRQHandler        0x0800028b   Thumb Code     0  startup_gd32f450_470.o(.text)
    TIMER7_UP_TIMER12_IRQHandler             0x0800028b   Thumb Code     0  startup_gd32f450_470.o(.text)
    TLI_ER_IRQHandler                        0x0800028b   Thumb Code     0  startup_gd32f450_470.o(.text)
    TLI_IRQHandler                           0x0800028b   Thumb Code     0  startup_gd32f450_470.o(.text)
    TRNG_IRQHandler                          0x0800028b   Thumb Code     0  startup_gd32f450_470.o(.text)
    UART3_IRQHandler                         0x0800028b   Thumb Code     0  startup_gd32f450_470.o(.text)
    UART4_IRQHandler                         0x0800028b   Thumb Code     0  startup_gd32f450_470.o(.text)
    UART6_IRQHandler                         0x0800028b   Thumb Code     0  startup_gd32f450_470.o(.text)
    UART7_IRQHandler                         0x0800028b   Thumb Code     0  startup_gd32f450_470.o(.text)
    USART0_IRQHandler                        0x0800028b   Thumb Code     0  startup_gd32f450_470.o(.text)
    USART1_IRQHandler                        0x0800028b   Thumb Code     0  startup_gd32f450_470.o(.text)
    USART2_IRQHandler                        0x0800028b   Thumb Code     0  startup_gd32f450_470.o(.text)
    USART5_IRQHandler                        0x0800028b   Thumb Code     0  startup_gd32f450_470.o(.text)
    USBFS_IRQHandler                         0x0800028b   Thumb Code     0  startup_gd32f450_470.o(.text)
    USBFS_WKUP_IRQHandler                    0x0800028b   Thumb Code     0  startup_gd32f450_470.o(.text)
    USBHS_EP1_In_IRQHandler                  0x0800028b   Thumb Code     0  startup_gd32f450_470.o(.text)
    USBHS_EP1_Out_IRQHandler                 0x0800028b   Thumb Code     0  startup_gd32f450_470.o(.text)
    USBHS_IRQHandler                         0x0800028b   Thumb Code     0  startup_gd32f450_470.o(.text)
    USBHS_WKUP_IRQHandler                    0x0800028b   Thumb Code     0  startup_gd32f450_470.o(.text)
    WWDGT_IRQHandler                         0x0800028b   Thumb Code     0  startup_gd32f450_470.o(.text)
    __aeabi_memcpy                           0x08000295   Thumb Code    36  memcpya.o(.text)
    __aeabi_memcpy4                          0x08000295   Thumb Code     0  memcpya.o(.text)
    __aeabi_memcpy8                          0x08000295   Thumb Code     0  memcpya.o(.text)
    __aeabi_memset                           0x080002b9   Thumb Code    14  memseta.o(.text)
    __aeabi_memset4                          0x080002b9   Thumb Code     0  memseta.o(.text)
    __aeabi_memset8                          0x080002b9   Thumb Code     0  memseta.o(.text)
    __aeabi_memclr                           0x080002c7   Thumb Code     4  memseta.o(.text)
    __aeabi_memclr4                          0x080002c7   Thumb Code     0  memseta.o(.text)
    __aeabi_memclr8                          0x080002c7   Thumb Code     0  memseta.o(.text)
    _memset$wrapper                          0x080002cb   Thumb Code    18  memseta.o(.text)
    strncpy                                  0x080002dd   Thumb Code    24  strncpy.o(.text)
    __aeabi_f2d                              0x080002f5   Thumb Code    38  f2d.o(.text)
    __aeabi_uidiv                            0x0800031b   Thumb Code     0  uidiv.o(.text)
    __aeabi_uidivmod                         0x0800031b   Thumb Code    44  uidiv.o(.text)
    __aeabi_uldivmod                         0x08000347   Thumb Code    98  uldiv.o(.text)
    __I$use$fp                               0x080003a9   Thumb Code     0  iusefp.o(.text)
    __aeabi_dadd                             0x080003a9   Thumb Code   322  dadd.o(.text)
    __aeabi_dsub                             0x080004eb   Thumb Code     6  dadd.o(.text)
    __aeabi_drsub                            0x080004f1   Thumb Code     6  dadd.o(.text)
    __aeabi_dmul                             0x080004f7   Thumb Code   228  dmul.o(.text)
    __aeabi_ddiv                             0x080005db   Thumb Code   222  ddiv.o(.text)
    __aeabi_d2ulz                            0x080006b9   Thumb Code    48  dfixul.o(.text)
    __aeabi_cdrcmple                         0x080006e9   Thumb Code    48  cdrcmple.o(.text)
    __scatterload                            0x08000719   Thumb Code    28  init.o(.text)
    __scatterload_rt2                        0x08000719   Thumb Code     0  init.o(.text)
    __aeabi_llsl                             0x0800073d   Thumb Code    30  llshl.o(.text)
    _ll_shift_l                              0x0800073d   Thumb Code     0  llshl.o(.text)
    __aeabi_llsr                             0x0800075b   Thumb Code    32  llushr.o(.text)
    _ll_ushift_r                             0x0800075b   Thumb Code     0  llushr.o(.text)
    __aeabi_lasr                             0x0800077b   Thumb Code    36  llsshr.o(.text)
    _ll_sshift_r                             0x0800077b   Thumb Code     0  llsshr.o(.text)
    _double_round                            0x0800079f   Thumb Code    30  depilogue.o(.text)
    _double_epilogue                         0x080007bd   Thumb Code   156  depilogue.o(.text)
    BusFault_Handler                         0x08000859   Thumb Code     4  gd32f4xx_it.o(i.BusFault_Handler)
    DebugMon_Handler                         0x0800085d   Thumb Code     4  gd32f4xx_it.o(i.DebugMon_Handler)
    HardFault_Handler                        0x08000861   Thumb Code     4  gd32f4xx_it.o(i.HardFault_Handler)
    MemManage_Handler                        0x08000865   Thumb Code     4  gd32f4xx_it.o(i.MemManage_Handler)
    NMI_Handler                              0x08000869   Thumb Code     4  gd32f4xx_it.o(i.NMI_Handler)
    SysTick_Handler                          0x08000895   Thumb Code    20  gd32f4xx_it.o(i.SysTick_Handler)
    SystemInit                               0x080008a9   Thumb Code   374  system_gd32f4xx.o(i.SystemInit)
    UsageFault_Handler                       0x08000a31   Thumb Code     4  gd32f4xx_it.o(i.UsageFault_Handler)
    __0printf                                0x08000a35   Thumb Code    22  printfa.o(i.__0printf)
    __1printf                                0x08000a35   Thumb Code     0  printfa.o(i.__0printf)
    __2printf                                0x08000a35   Thumb Code     0  printfa.o(i.__0printf)
    __c89printf                              0x08000a35   Thumb Code     0  printfa.o(i.__0printf)
    printf                                   0x08000a35   Thumb Code     0  printfa.o(i.__0printf)
    __scatterload_copy                       0x08000a55   Thumb Code    14  handlers.o(i.__scatterload_copy)
    __scatterload_null                       0x08000a63   Thumb Code     2  handlers.o(i.__scatterload_null)
    __scatterload_zeroinit                   0x08000a65   Thumb Code    14  handlers.o(i.__scatterload_zeroinit)
    bsp_lan8720_get_link_status              0x080014e9   Thumb Code    42  bsp_lan8720.o(i.bsp_lan8720_get_link_status)
    bsp_lan8720_get_mac                      0x08001519   Thumb Code    14  bsp_lan8720.o(i.bsp_lan8720_get_mac)
    bsp_lan8720_init                         0x0800152d   Thumb Code   412  bsp_lan8720.o(i.bsp_lan8720_init)
    bsp_lan8720_read_phy_reg                 0x080018d5   Thumb Code    26  bsp_lan8720.o(i.bsp_lan8720_read_phy_reg)
    bsp_lan8720_receive_packet               0x080018ef   Thumb Code    54  bsp_lan8720.o(i.bsp_lan8720_receive_packet)
    bsp_lan8720_send_packet                  0x08001925   Thumb Code    38  bsp_lan8720.o(i.bsp_lan8720_send_packet)
    bsp_lan8720_write_phy_reg                0x0800194b   Thumb Code    24  bsp_lan8720.o(i.bsp_lan8720_write_phy_reg)
    cs1237_configure                         0x08001965   Thumb Code    72  bsp_cs1237.o(i.cs1237_configure)
    cs1237_get_pga_multiplier                0x08001a0d   Thumb Code    38  bsp_cs1237.o(i.cs1237_get_pga_multiplier)
    cs1237_init                              0x08001a35   Thumb Code    98  bsp_cs1237.o(i.cs1237_init)
    cs1237_raw_to_voltage_mv                 0x08001a9d   Thumb Code    70  bsp_cs1237.o(i.cs1237_raw_to_voltage_mv)
    cs1237_read_adc_auto_range               0x08001aed   Thumb Code   234  bsp_cs1237.o(i.cs1237_read_adc_auto_range)
    cs1237_read_adc_raw                      0x08001bf5   Thumb Code   144  bsp_cs1237.o(i.cs1237_read_adc_raw)
    cs1237_read_adc_signed                   0x08001c8d   Thumb Code    26  bsp_cs1237.o(i.cs1237_read_adc_signed)
    cs1237_read_reg                          0x08001ca9   Thumb Code   352  bsp_cs1237.o(i.cs1237_read_reg)
    cs1237_write_reg                         0x08001e11   Thumb Code   362  bsp_cs1237.o(i.cs1237_write_reg)
    delay_1ms                                0x08001f85   Thumb Code    16  systick.o(i.delay_1ms)
    delay_decrement                          0x08001f99   Thumb Code    28  systick.o(i.delay_decrement)
    dhcp_arp_reply                           0x08001fbd   Thumb Code    50  dhcp.o(i.dhcp_arp_reply)
    dhcp_coarse_tmr                          0x0800212d   Thumb Code    62  dhcp.o(i.dhcp_coarse_tmr)
    dhcp_fine_tmr                            0x08002495   Thumb Code    64  dhcp.o(i.dhcp_fine_tmr)
    dhcp_release                             0x08002a19   Thumb Code   192  dhcp.o(i.dhcp_release)
    dhcp_renew                               0x08002add   Thumb Code   160  dhcp.o(i.dhcp_renew)
    dhcp_start                               0x08002c9d   Thumb Code   194  dhcp.o(i.dhcp_start)
    dhcp_stop                                0x08002d69   Thumb Code    80  dhcp.o(i.dhcp_stop)
    enet_deinit                              0x08002fc1   Thumb Code    24  gd32f4xx_enet.o(i.enet_deinit)
    enet_descriptors_chain_init              0x08002ff1   Thumb Code   162  gd32f4xx_enet.o(i.enet_descriptors_chain_init)
    enet_enable                              0x080030b9   Thumb Code    12  gd32f4xx_enet.o(i.enet_enable)
    enet_frame_receive                       0x080030c5   Thumb Code   236  gd32f4xx_enet.o(i.enet_frame_receive)
    enet_frame_transmit                      0x080031bd   Thumb Code   196  gd32f4xx_enet.o(i.enet_frame_transmit)
    enet_init                                0x08003289   Thumb Code   822  gd32f4xx_enet.o(i.enet_init)
    enet_initpara_reset                      0x080035ed   Thumb Code    36  gd32f4xx_enet.o(i.enet_initpara_reset)
    enet_mac_address_set                     0x08003615   Thumb Code    42  gd32f4xx_enet.o(i.enet_mac_address_set)
    enet_phy_config                          0x08003645   Thumb Code   184  gd32f4xx_enet.o(i.enet_phy_config)
    enet_phy_write_read                      0x0800371d   Thumb Code   148  gd32f4xx_enet.o(i.enet_phy_write_read)
    enet_rx_enable                           0x080037b9   Thumb Code    26  gd32f4xx_enet.o(i.enet_rx_enable)
    enet_rxframe_drop                        0x080037dd   Thumb Code   158  gd32f4xx_enet.o(i.enet_rxframe_drop)
    enet_rxframe_size_get                    0x08003889   Thumb Code   138  gd32f4xx_enet.o(i.enet_rxframe_size_get)
    enet_software_reset                      0x08003921   Thumb Code    52  gd32f4xx_enet.o(i.enet_software_reset)
    enet_tx_enable                           0x0800395d   Thumb Code    32  gd32f4xx_enet.o(i.enet_tx_enable)
    enet_txfifo_flush                        0x08003985   Thumb Code    44  gd32f4xx_enet.o(i.enet_txfifo_flush)
    etharp_arp_input                         0x080039b9   Thumb Code   314  etharp.o(i.etharp_arp_input)
    etharp_ip_input                          0x08003af3   Thumb Code    58  etharp.o(i.etharp_ip_input)
    etharp_output                            0x08003b2d   Thumb Code   190  etharp.o(i.etharp_output)
    etharp_query                             0x08003bf1   Thumb Code   436  etharp.o(i.etharp_query)
    etharp_request                           0x08003e75   Thumb Code    36  etharp.o(i.etharp_request)
    etharp_tmr                               0x08003ef1   Thumb Code   154  etharp.o(i.etharp_tmr)
    ethernet_input                           0x08003f91   Thumb Code   106  etharp.o(i.ethernet_input)
    ethernetif_init                          0x08003ffd   Thumb Code    42  ethernetif.o(i.ethernetif_init)
    ethernetif_input                         0x08004031   Thumb Code    44  ethernetif.o(i.ethernetif_input)
    fputc                                    0x08004261   Thumb Code    32  usart.o(i.fputc)
    gpio_af_set                              0x080042c5   Thumb Code    94  gd32f4xx_gpio.o(i.gpio_af_set)
    gpio_bit_reset                           0x08004323   Thumb Code     4  gd32f4xx_gpio.o(i.gpio_bit_reset)
    gpio_bit_set                             0x08004327   Thumb Code     4  gd32f4xx_gpio.o(i.gpio_bit_set)
    gpio_bit_toggle                          0x0800432b   Thumb Code     4  gd32f4xx_gpio.o(i.gpio_bit_toggle)
    gpio_input_bit_get                       0x0800432f   Thumb Code    18  gd32f4xx_gpio.o(i.gpio_input_bit_get)
    gpio_mode_set                            0x08004341   Thumb Code    78  gd32f4xx_gpio.o(i.gpio_mode_set)
    gpio_output_options_set                  0x0800438f   Thumb Code    66  gd32f4xx_gpio.o(i.gpio_output_options_set)
    htonl                                    0x080043d1   Thumb Code    26  inet.o(i.htonl)
    htons                                    0x080043eb   Thumb Code    12  inet.o(i.htons)
    icmp_dest_unreach                        0x080043f7   Thumb Code    18  icmp.o(i.icmp_dest_unreach)
    icmp_input                               0x08004409   Thumb Code   458  icmp.o(i.icmp_input)
    icmp_time_exceeded                       0x08004649   Thumb Code    18  icmp.o(i.icmp_time_exceeded)
    inet_chksum                              0x0800465b   Thumb Code    20  inet_chksum.o(i.inet_chksum)
    inet_chksum_pbuf                         0x0800466f   Thumb Code    86  inet_chksum.o(i.inet_chksum_pbuf)
    inet_chksum_pseudo                       0x080046c5   Thumb Code   162  inet_chksum.o(i.inet_chksum_pseudo)
    ip_addr_isbroadcast                      0x08004767   Thumb Code    78  ip_addr.o(i.ip_addr_isbroadcast)
    ip_frag                                  0x080047b5   Thumb Code   326  ip_frag.o(i.ip_frag)
    ip_input                                 0x08004901   Thumb Code   462  ip.o(i.ip_input)
    ip_output                                0x08004add   Thumb Code    52  ip.o(i.ip_output)
    ip_output_if                             0x08004b11   Thumb Code   266  ip.o(i.ip_output_if)
    ip_reass                                 0x08004c21   Thumb Code   400  ip_frag.o(i.ip_reass)
    ip_route                                 0x08005111   Thumb Code    70  ip.o(i.ip_route)
    lwip_demo_init                           0x080053ed   Thumb Code    94  lwip_demo.o(i.lwip_demo_init)
    lwip_demo_poll                           0x080054b5   Thumb Code   272  lwip_demo.o(i.lwip_demo_poll)
    lwip_init                                0x080056f5   Thumb Code    12  init.o(i.lwip_init)
    main                                     0x0800574d   Thumb Code   138  main.o(i.main)
    mem_free                                 0x080058bd   Thumb Code   106  mem.o(i.mem_free)
    mem_init                                 0x08005935   Thumb Code    78  mem.o(i.mem_init)
    mem_malloc                               0x08005999   Thumb Code   290  mem.o(i.mem_malloc)
    mem_realloc                              0x08005ac9   Thumb Code   316  mem.o(i.mem_realloc)
    memp_free                                0x08005c11   Thumb Code    38  memp.o(i.memp_free)
    memp_init                                0x08005c3d   Thumb Code    82  memp.o(i.memp_init)
    memp_malloc                              0x08005ca1   Thumb Code    54  memp.o(i.memp_malloc)
    netif_add                                0x08005cdd   Thumb Code    98  netif.o(i.netif_add)
    netif_is_up                              0x08005d49   Thumb Code    12  netif.o(i.netif_is_up)
    netif_set_addr                           0x08005d55   Thumb Code    40  netif.o(i.netif_set_addr)
    netif_set_default                        0x08005d7d   Thumb Code     6  netif.o(i.netif_set_default)
    netif_set_down                           0x08005d89   Thumb Code    24  netif.o(i.netif_set_down)
    netif_set_gw                             0x08005da1   Thumb Code    12  netif.o(i.netif_set_gw)
    netif_set_ipaddr                         0x08005dad   Thumb Code   110  netif.o(i.netif_set_ipaddr)
    netif_set_netmask                        0x08005e25   Thumb Code    12  netif.o(i.netif_set_netmask)
    netif_set_up                             0x08005e31   Thumb Code    44  netif.o(i.netif_set_up)
    ntohl                                    0x08005e5d   Thumb Code    12  inet.o(i.ntohl)
    ntohs                                    0x08005e69   Thumb Code    12  inet.o(i.ntohs)
    nvic_vector_table_set                    0x08005e75   Thumb Code    16  gd32f4xx_misc.o(i.nvic_vector_table_set)
    pbuf_alloc                               0x08005e8d   Thumb Code   542  pbuf.o(i.pbuf_alloc)
    pbuf_cat                                 0x080060ab   Thumb Code    80  pbuf.o(i.pbuf_cat)
    pbuf_chain                               0x080060fb   Thumb Code    22  pbuf.o(i.pbuf_chain)
    pbuf_clen                                0x08006111   Thumb Code    18  pbuf.o(i.pbuf_clen)
    pbuf_copy                                0x08006123   Thumb Code   220  pbuf.o(i.pbuf_copy)
    pbuf_copy_partial                        0x080061ff   Thumb Code   154  pbuf.o(i.pbuf_copy_partial)
    pbuf_free                                0x08006299   Thumb Code   152  pbuf.o(i.pbuf_free)
    pbuf_header                              0x08006331   Thumb Code   140  pbuf.o(i.pbuf_header)
    pbuf_realloc                             0x080063bd   Thumb Code   176  pbuf.o(i.pbuf_realloc)
    pbuf_ref                                 0x0800646d   Thumb Code    10  pbuf.o(i.pbuf_ref)
    pvPortMalloc                             0x08006721   Thumb Code   196  heap_4.o(i.pvPortMalloc)
    pxPortInitialiseStack                    0x080067f9   Thumb Code    32  port.o(i.pxPortInitialiseStack)
    raw_input                                0x08006819   Thumb Code   100  raw.o(i.raw_input)
    rcu_clock_freq_get                       0x08006881   Thumb Code   264  gd32f4xx_rcu.o(i.rcu_clock_freq_get)
    rcu_periph_clock_enable                  0x080069a5   Thumb Code    32  gd32f4xx_rcu.o(i.rcu_periph_clock_enable)
    rcu_periph_reset_disable                 0x080069c9   Thumb Code    32  gd32f4xx_rcu.o(i.rcu_periph_reset_disable)
    rcu_periph_reset_enable                  0x080069ed   Thumb Code    32  gd32f4xx_rcu.o(i.rcu_periph_reset_enable)
    sys_now                                  0x08006a11   Thumb Code     6  systick.o(i.sys_now)
    syscfg_enet_phy_interface_config         0x08006a1d   Thumb Code    18  gd32f4xx_syscfg.o(i.syscfg_enet_phy_interface_config)
    systick_config                           0x08006b4d   Thumb Code    74  systick.o(i.systick_config)
    tcp_abandon                              0x08006b9d   Thumb Code   148  tcp.o(i.tcp_abandon)
    tcp_accept                               0x08006c39   Thumb Code     4  tcp.o(i.tcp_accept)
    tcp_alloc                                0x08006c45   Thumb Code   166  tcp.o(i.tcp_alloc)
    tcp_bind                                 0x08006cf9   Thumb Code   232  tcp.o(i.tcp_bind)
    tcp_close                                0x08006df1   Thumb Code   242  tcp.o(i.tcp_close)
    tcp_eff_send_mss                         0x08006ef5   Thumb Code    46  tcp.o(i.tcp_eff_send_mss)
    tcp_enqueue                              0x08006f23   Thumb Code  1068  tcp_out.o(i.tcp_enqueue)
    tcp_fasttmr                              0x08007351   Thumb Code   112  tcp.o(i.tcp_fasttmr)
    tcp_input                                0x080073c5   Thumb Code  1200  tcp_in.o(i.tcp_input)
    tcp_keepalive                            0x0800788d   Thumb Code   110  tcp_out.o(i.tcp_keepalive)
    tcp_listen_with_backlog                  0x08007ac5   Thumb Code   204  tcp.o(i.tcp_listen_with_backlog)
    tcp_new                                  0x08007ba1   Thumb Code    10  tcp.o(i.tcp_new)
    tcp_next_iss                             0x08007c25   Thumb Code    20  tcp.o(i.tcp_next_iss)
    tcp_output                               0x08007c41   Thumb Code   642  tcp_out.o(i.tcp_output)
    tcp_pcb_purge                            0x080080e5   Thumb Code    54  tcp.o(i.tcp_pcb_purge)
    tcp_pcb_remove                           0x0800811d   Thumb Code   170  tcp.o(i.tcp_pcb_remove)
    tcp_recv                                 0x08008e79   Thumb Code     6  tcp.o(i.tcp_recv)
    tcp_recved                               0x08008ea7   Thumb Code    86  tcp.o(i.tcp_recved)
    tcp_rexmit                               0x08008efd   Thumb Code    86  tcp_out.o(i.tcp_rexmit)
    tcp_rexmit_rto                           0x08008f53   Thumb Code    58  tcp_out.o(i.tcp_rexmit_rto)
    tcp_rst                                  0x08008f8d   Thumb Code   192  tcp_out.o(i.tcp_rst)
    tcp_seg_free                             0x0800904d   Thumb Code    32  tcp.o(i.tcp_seg_free)
    tcp_segs_free                            0x0800906d   Thumb Code    30  tcp.o(i.tcp_segs_free)
    tcp_send_ctrl                            0x0800908b   Thumb Code    28  tcp_out.o(i.tcp_send_ctrl)
    tcp_server_demo_init                     0x0800911d   Thumb Code    90  tcp_server_demo.o(i.tcp_server_demo_init)
    tcp_slowtmr                              0x08009285   Thumb Code   766  tcp.o(i.tcp_slowtmr)
    tcp_tmr                                  0x080095ed   Thumb Code    30  tcp.o(i.tcp_tmr)
    tcp_update_rcv_ann_wnd                   0x08009611   Thumb Code    56  tcp.o(i.tcp_update_rcv_ann_wnd)
    tcp_write                                0x08009649   Thumb Code    72  tcp_out.o(i.tcp_write)
    tcp_zero_window_probe                    0x08009691   Thumb Code   120  tcp_out.o(i.tcp_zero_window_probe)
    udp_bind                                 0x08009709   Thumb Code   112  udp.o(i.udp_bind)
    udp_connect                              0x0800977d   Thumb Code    94  udp.o(i.udp_connect)
    udp_input                                0x080097e1   Thumb Code   502  udp.o(i.udp_input)
    udp_new                                  0x080099dd   Thumb Code    28  udp.o(i.udp_new)
    udp_recv                                 0x080099f9   Thumb Code     6  udp.o(i.udp_recv)
    udp_remove                               0x08009a01   Thumb Code    60  udp.o(i.udp_remove)
    udp_sendto_if                            0x08009a41   Thumb Code   248  udp.o(i.udp_sendto_if)
    usart_baudrate_set                       0x08009c31   Thumb Code   224  gd32f4xx_usart.o(i.usart_baudrate_set)
    usart_data_transmit                      0x08009d19   Thumb Code     8  gd32f4xx_usart.o(i.usart_data_transmit)
    usart_debug_init                         0x08009d21   Thumb Code   130  usart.o(i.usart_debug_init)
    usart_deinit                             0x08009dad   Thumb Code   210  gd32f4xx_usart.o(i.usart_deinit)
    usart_enable                             0x08009e89   Thumb Code    10  gd32f4xx_usart.o(i.usart_enable)
    usart_flag_get                           0x08009e93   Thumb Code    32  gd32f4xx_usart.o(i.usart_flag_get)
    usart_hardware_flow_coherence_config     0x08009eb3   Thumb Code    24  gd32f4xx_usart.o(i.usart_hardware_flow_coherence_config)
    usart_parity_config                      0x08009ecb   Thumb Code    16  gd32f4xx_usart.o(i.usart_parity_config)
    usart_receive_config                     0x08009edb   Thumb Code    16  gd32f4xx_usart.o(i.usart_receive_config)
    usart_stop_bit_set                       0x08009eeb   Thumb Code    16  gd32f4xx_usart.o(i.usart_stop_bit_set)
    usart_transmit_config                    0x08009efb   Thumb Code    16  gd32f4xx_usart.o(i.usart_transmit_config)
    usart_word_length_set                    0x08009f0b   Thumb Code    16  gd32f4xx_usart.o(i.usart_word_length_set)
    uxListRemove                             0x08009f1b   Thumb Code    40  list.o(i.uxListRemove)
    vListInitialise                          0x08009f43   Thumb Code    26  list.o(i.vListInitialise)
    vListInitialiseItem                      0x08009f5d   Thumb Code     6  list.o(i.vListInitialiseItem)
    vListInsert                              0x08009f63   Thumb Code    52  list.o(i.vListInsert)
    vListInsertEnd                           0x08009f97   Thumb Code    24  list.o(i.vListInsertEnd)
    vPortEnterCritical                       0x08009fb1   Thumb Code    76  port.o(i.vPortEnterCritical)
    vPortExitCritical                        0x0800a005   Thumb Code    56  port.o(i.vPortExitCritical)
    vPortFree                                0x0800a041   Thumb Code    64  heap_4.o(i.vPortFree)
    vPortSetupTimerInterrupt                 0x0800a089   Thumb Code    36  port.o(i.vPortSetupTimerInterrupt)
    vTaskDelay                               0x0800a0b1   Thumb Code    44  tasks.o(i.vTaskDelay)
    vTaskIncrementTick                       0x0800a0e9   Thumb Code   132  tasks.o(i.vTaskIncrementTick)
    vTaskStartScheduler                      0x0800a181   Thumb Code    72  tasks.o(i.vTaskStartScheduler)
    vTaskSuspendAll                          0x0800a1e5   Thumb Code     8  tasks.o(i.vTaskSuspendAll)
    vTaskSwitchContext                       0x0800a1f1   Thumb Code    92  tasks.o(i.vTaskSwitchContext)
    xPortStartScheduler                      0x0800a25d   Thumb Code    58  port.o(i.xPortStartScheduler)
    xTaskCreate                              0x0800a2a5   Thumb Code   162  tasks.o(i.xTaskCreate)
    xTaskGetSchedulerState                   0x0800a349   Thumb Code    24  tasks.o(i.xTaskGetSchedulerState)
    xTaskResumeAll                           0x0800a369   Thumb Code    10  tasks.o(i.xTaskResumeAll)
    tcp_backoff                              0x0800a39c   Data          13  tcp.o(.constdata)
    tcp_persist_backoff                      0x0800a3a9   Data           7  tcp.o(.constdata)
    ip_addr_any                              0x0800a3b0   Data           4  ip_addr.o(.constdata)
    ip_addr_broadcast                        0x0800a3b4   Data           4  ip_addr.o(.constdata)
    ethbroadcast                             0x0800a3b8   Data           6  etharp.o(.constdata)
    ethzero                                  0x0800a3be   Data           6  etharp.o(.constdata)
    Region$$Table$$Base                      0x0800a708   Number         0  anon$$obj.o(Region$$Table)
    Region$$Table$$Limit                     0x0800a728   Number         0  anon$$obj.o(Region$$Table)
    dma_current_txdesc                       0x20000014   Data           4  gd32f4xx_enet.o(.data)
    dma_current_rxdesc                       0x20000018   Data           4  gd32f4xx_enet.o(.data)
    dma_current_ptp_txdesc                   0x2000001c   Data           4  gd32f4xx_enet.o(.data)
    dma_current_ptp_rxdesc                   0x20000020   Data           4  gd32f4xx_enet.o(.data)
    SystemCoreClock                          0x20000028   Data           4  system_gd32f4xx.o(.data)
    netif_list                               0x20000040   Data           4  netif.o(.data)
    netif_default                            0x20000044   Data           4  netif.o(.data)
    tcp_ticks                                0x20000050   Data           4  tcp.o(.data)
    tcp_bound_pcbs                           0x20000054   Data           4  tcp.o(.data)
    tcp_listen_pcbs                          0x20000058   Data           4  tcp.o(.data)
    tcp_active_pcbs                          0x2000005c   Data           4  tcp.o(.data)
    tcp_tw_pcbs                              0x20000060   Data           4  tcp.o(.data)
    tcp_tmp_pcb                              0x20000064   Data           4  tcp.o(.data)
    tcp_input_pcb                            0x2000008c   Data           4  tcp_in.o(.data)
    udp_pcbs                                 0x20000090   Data           4  udp.o(.data)
    pxCurrentTCB                             0x200000bc   Data           4  tasks.o(.data)
    __stdout                                 0x2000010c   Data           4  stdout.o(.data)
    rxdesc_tab                               0x20000110   Data          80  gd32f4xx_enet.o(.bss)
    txdesc_tab                               0x20000160   Data          80  gd32f4xx_enet.o(.bss)
    rx_buff                                  0x200001b0   Data        7620  gd32f4xx_enet.o(.bss)
    tx_buff                                  0x20001f74   Data        7620  gd32f4xx_enet.o(.bss)
    g_netif                                  0x2000d6f4   Data          52  lwip_demo.o(.bss)
    __initial_sp                             0x20015de8   Data           0  startup_gd32f450_470.o(STACK)



==============================================================================

Memory Map of the image

  Image Entry point : 0x08000271

  Load Region LR_1 (Base: 0x08000000, Size: 0x0000a838, Max: 0xffffffff, ABSOLUTE)

    Execution Region ER_RO (Exec base: 0x08000000, Load base: 0x08000000, Size: 0x0000a728, Max: 0xffffffff, ABSOLUTE)

    Exec Addr    Load Addr    Size         Type   Attr      Idx    E Section Name        Object

    0x08000000   0x08000000   0x000001ac   Data   RO         2204    RESET               startup_gd32f450_470.o
    0x080001ac   0x080001ac   0x00000000   Code   RO         4104  * .ARM.Collect$$$$00000000  mc_w.l(entry.o)
    0x080001ac   0x080001ac   0x00000004   Code   RO         4378    .ARM.Collect$$$$00000001  mc_w.l(entry2.o)
    0x080001b0   0x080001b0   0x00000004   Code   RO         4381    .ARM.Collect$$$$00000004  mc_w.l(entry5.o)
    0x080001b4   0x080001b4   0x00000000   Code   RO         4383    .ARM.Collect$$$$00000008  mc_w.l(entry7b.o)
    0x080001b4   0x080001b4   0x00000000   Code   RO         4385    .ARM.Collect$$$$0000000A  mc_w.l(entry8b.o)
    0x080001b4   0x080001b4   0x00000008   Code   RO         4386    .ARM.Collect$$$$0000000B  mc_w.l(entry9a.o)
    0x080001bc   0x080001bc   0x00000004   Code   RO         4393    .ARM.Collect$$$$0000000E  mc_w.l(entry12b.o)
    0x080001c0   0x080001c0   0x00000000   Code   RO         4388    .ARM.Collect$$$$0000000F  mc_w.l(entry10a.o)
    0x080001c0   0x080001c0   0x00000000   Code   RO         4390    .ARM.Collect$$$$00000011  mc_w.l(entry11a.o)
    0x080001c0   0x080001c0   0x00000004   Code   RO         4379    .ARM.Collect$$$$00002712  mc_w.l(entry2.o)
    0x080001c4   0x080001c4   0x000000ac   Code   RO         3990    .emb_text           port.o
    0x08000270   0x08000270   0x00000024   Code   RO         2205  * .text               startup_gd32f450_470.o
    0x08000294   0x08000294   0x00000024   Code   RO         4107    .text               mc_w.l(memcpya.o)
    0x080002b8   0x080002b8   0x00000024   Code   RO         4109    .text               mc_w.l(memseta.o)
    0x080002dc   0x080002dc   0x00000018   Code   RO         4111    .text               mc_w.l(strncpy.o)
    0x080002f4   0x080002f4   0x00000026   Code   RO         4376    .text               mf_w.l(f2d.o)
    0x0800031a   0x0800031a   0x0000002c   Code   RO         4395    .text               mc_w.l(uidiv.o)
    0x08000346   0x08000346   0x00000062   Code   RO         4397    .text               mc_w.l(uldiv.o)
    0x080003a8   0x080003a8   0x00000000   Code   RO         4399    .text               mc_w.l(iusefp.o)
    0x080003a8   0x080003a8   0x0000014e   Code   RO         4400    .text               mf_w.l(dadd.o)
    0x080004f6   0x080004f6   0x000000e4   Code   RO         4402    .text               mf_w.l(dmul.o)
    0x080005da   0x080005da   0x000000de   Code   RO         4404    .text               mf_w.l(ddiv.o)
    0x080006b8   0x080006b8   0x00000030   Code   RO         4406    .text               mf_w.l(dfixul.o)
    0x080006e8   0x080006e8   0x00000030   Code   RO         4408    .text               mf_w.l(cdrcmple.o)
    0x08000718   0x08000718   0x00000024   Code   RO         4410    .text               mc_w.l(init.o)
    0x0800073c   0x0800073c   0x0000001e   Code   RO         4412    .text               mc_w.l(llshl.o)
    0x0800075a   0x0800075a   0x00000020   Code   RO         4414    .text               mc_w.l(llushr.o)
    0x0800077a   0x0800077a   0x00000024   Code   RO         4416    .text               mc_w.l(llsshr.o)
    0x0800079e   0x0800079e   0x000000ba   Code   RO         4418    .text               mf_w.l(depilogue.o)
    0x08000858   0x08000858   0x00000004   Code   RO            3    i.BusFault_Handler  gd32f4xx_it.o
    0x0800085c   0x0800085c   0x00000004   Code   RO            4    i.DebugMon_Handler  gd32f4xx_it.o
    0x08000860   0x08000860   0x00000004   Code   RO            5    i.HardFault_Handler  gd32f4xx_it.o
    0x08000864   0x08000864   0x00000004   Code   RO            6    i.MemManage_Handler  gd32f4xx_it.o
    0x08000868   0x08000868   0x00000004   Code   RO            7    i.NMI_Handler       gd32f4xx_it.o
    0x0800086c   0x0800086c   0x00000028   Code   RO          354    i.NVIC_SetPriority  systick.o
    0x08000894   0x08000894   0x00000014   Code   RO            8    i.SysTick_Handler   gd32f4xx_it.o
    0x080008a8   0x080008a8   0x00000188   Code   RO         2212    i.SystemInit        system_gd32f4xx.o
    0x08000a30   0x08000a30   0x00000004   Code   RO            9    i.UsageFault_Handler  gd32f4xx_it.o
    0x08000a34   0x08000a34   0x00000020   Code   RO         4348    i.__0printf         mc_w.l(printfa.o)
    0x08000a54   0x08000a54   0x0000000e   Code   RO         4422    i.__scatterload_copy  mc_w.l(handlers.o)
    0x08000a62   0x08000a62   0x00000002   Code   RO         4423    i.__scatterload_null  mc_w.l(handlers.o)
    0x08000a64   0x08000a64   0x0000000e   Code   RO         4424    i.__scatterload_zeroinit  mc_w.l(handlers.o)
    0x08000a72   0x08000a72   0x00000002   PAD
    0x08000a74   0x08000a74   0x00000184   Code   RO         4355    i._fp_digits        mc_w.l(printfa.o)
    0x08000bf8   0x08000bf8   0x000006b4   Code   RO         4356    i._printf_core      mc_w.l(printfa.o)
    0x080012ac   0x080012ac   0x00000024   Code   RO         4357    i._printf_post_padding  mc_w.l(printfa.o)
    0x080012d0   0x080012d0   0x0000002e   Code   RO         4358    i._printf_pre_padding  mc_w.l(printfa.o)
    0x080012fe   0x080012fe   0x0000001c   Code   RO         2213    i._soft_delay_      system_gd32f4xx.o
    0x0800131a   0x0800131a   0x00000002   PAD
    0x0800131c   0x0800131c   0x00000100   Code   RO          236    i.app_task_cs1237   main.o
    0x0800141c   0x0800141c   0x00000038   Code   RO          237    i.app_task_led      main.o
    0x08001454   0x08001454   0x00000094   Code   RO          238    i.app_task_network  main.o
    0x080014e8   0x080014e8   0x00000030   Code   RO          455    i.bsp_lan8720_get_link_status  bsp_lan8720.o
    0x08001518   0x08001518   0x00000014   Code   RO          456    i.bsp_lan8720_get_mac  bsp_lan8720.o
    0x0800152c   0x0800152c   0x000003a8   Code   RO          457    i.bsp_lan8720_init  bsp_lan8720.o
    0x080018d4   0x080018d4   0x0000001a   Code   RO          459    i.bsp_lan8720_read_phy_reg  bsp_lan8720.o
    0x080018ee   0x080018ee   0x00000036   Code   RO          460    i.bsp_lan8720_receive_packet  bsp_lan8720.o
    0x08001924   0x08001924   0x00000026   Code   RO          461    i.bsp_lan8720_send_packet  bsp_lan8720.o
    0x0800194a   0x0800194a   0x00000018   Code   RO          462    i.bsp_lan8720_write_phy_reg  bsp_lan8720.o
    0x08001962   0x08001962   0x00000002   PAD
    0x08001964   0x08001964   0x00000058   Code   RO          544    i.cs1237_configure  bsp_cs1237.o
    0x080019bc   0x080019bc   0x0000001a   Code   RO          545    i.cs1237_delay_us   bsp_cs1237.o
    0x080019d6   0x080019d6   0x00000002   PAD
    0x080019d8   0x080019d8   0x00000014   Code   RO          546    i.cs1237_dout_as_input  bsp_cs1237.o
    0x080019ec   0x080019ec   0x00000020   Code   RO          547    i.cs1237_dout_as_output  bsp_cs1237.o
    0x08001a0c   0x08001a0c   0x00000026   Code   RO          549    i.cs1237_get_pga_multiplier  bsp_cs1237.o
    0x08001a32   0x08001a32   0x00000002   PAD
    0x08001a34   0x08001a34   0x00000068   Code   RO          550    i.cs1237_init       bsp_cs1237.o
    0x08001a9c   0x08001a9c   0x00000050   Code   RO          551    i.cs1237_raw_to_voltage_mv  bsp_cs1237.o
    0x08001aec   0x08001aec   0x00000108   Code   RO          552    i.cs1237_read_adc_auto_range  bsp_cs1237.o
    0x08001bf4   0x08001bf4   0x00000098   Code   RO          553    i.cs1237_read_adc_raw  bsp_cs1237.o
    0x08001c8c   0x08001c8c   0x0000001a   Code   RO          554    i.cs1237_read_adc_signed  bsp_cs1237.o
    0x08001ca6   0x08001ca6   0x00000002   PAD
    0x08001ca8   0x08001ca8   0x00000168   Code   RO          555    i.cs1237_read_reg   bsp_cs1237.o
    0x08001e10   0x08001e10   0x00000174   Code   RO          556    i.cs1237_write_reg  bsp_cs1237.o
    0x08001f84   0x08001f84   0x00000014   Code   RO          355    i.delay_1ms         systick.o
    0x08001f98   0x08001f98   0x00000024   Code   RO          356    i.delay_decrement   systick.o
    0x08001fbc   0x08001fbc   0x00000032   Code   RO         2314    i.dhcp_arp_reply    dhcp.o
    0x08001fee   0x08001fee   0x00000002   PAD
    0x08001ff0   0x08001ff0   0x00000104   Code   RO         2315    i.dhcp_bind         dhcp.o
    0x080020f4   0x080020f4   0x00000038   Code   RO         2316    i.dhcp_check        dhcp.o
    0x0800212c   0x0800212c   0x00000044   Code   RO         2317    i.dhcp_coarse_tmr   dhcp.o
    0x08002170   0x08002170   0x00000150   Code   RO         2318    i.dhcp_create_request  dhcp.o
    0x080022c0   0x080022c0   0x000000a0   Code   RO         2319    i.dhcp_decline      dhcp.o
    0x08002360   0x08002360   0x0000004a   Code   RO         2320    i.dhcp_delete_request  dhcp.o
    0x080023aa   0x080023aa   0x00000002   PAD
    0x080023ac   0x080023ac   0x000000e8   Code   RO         2321    i.dhcp_discover     dhcp.o
    0x08002494   0x08002494   0x00000044   Code   RO         2322    i.dhcp_fine_tmr     dhcp.o
    0x080024d8   0x080024d8   0x00000024   Code   RO         2323    i.dhcp_free_reply   dhcp.o
    0x080024fc   0x080024fc   0x00000006   Code   RO         2324    i.dhcp_get_option_byte  dhcp.o
    0x08002502   0x08002502   0x00000020   Code   RO         2325    i.dhcp_get_option_long  dhcp.o
    0x08002522   0x08002522   0x000000a2   Code   RO         2326    i.dhcp_get_option_ptr  dhcp.o
    0x080025c4   0x080025c4   0x00000106   Code   RO         2327    i.dhcp_handle_ack   dhcp.o
    0x080026ca   0x080026ca   0x00000002   PAD
    0x080026cc   0x080026cc   0x00000038   Code   RO         2328    i.dhcp_handle_nak   dhcp.o
    0x08002704   0x08002704   0x0000003c   Code   RO         2329    i.dhcp_handle_offer  dhcp.o
    0x08002740   0x08002740   0x0000002e   Code   RO         2331    i.dhcp_option       dhcp.o
    0x0800276e   0x0800276e   0x0000001c   Code   RO         2332    i.dhcp_option_byte  dhcp.o
    0x0800278a   0x0800278a   0x0000004e   Code   RO         2333    i.dhcp_option_long  dhcp.o
    0x080027d8   0x080027d8   0x0000002e   Code   RO         2334    i.dhcp_option_short  dhcp.o
    0x08002806   0x08002806   0x00000068   Code   RO         2335    i.dhcp_option_trailer  dhcp.o
    0x0800286e   0x0800286e   0x00000002   PAD
    0x08002870   0x08002870   0x000000a4   Code   RO         2336    i.dhcp_rebind       dhcp.o
    0x08002914   0x08002914   0x00000102   Code   RO         2337    i.dhcp_recv         dhcp.o
    0x08002a16   0x08002a16   0x00000002   PAD
    0x08002a18   0x08002a18   0x000000c4   Code   RO         2338    i.dhcp_release      dhcp.o
    0x08002adc   0x08002adc   0x000000a0   Code   RO         2339    i.dhcp_renew        dhcp.o
    0x08002b7c   0x08002b7c   0x00000110   Code   RO         2340    i.dhcp_select       dhcp.o
    0x08002c8c   0x08002c8c   0x0000000e   Code   RO         2341    i.dhcp_set_state    dhcp.o
    0x08002c9a   0x08002c9a   0x00000002   PAD
    0x08002c9c   0x08002c9c   0x000000cc   Code   RO         2342    i.dhcp_start        dhcp.o
    0x08002d68   0x08002d68   0x00000050   Code   RO         2343    i.dhcp_stop         dhcp.o
    0x08002db8   0x08002db8   0x00000020   Code   RO         2344    i.dhcp_t1_timeout   dhcp.o
    0x08002dd8   0x08002dd8   0x00000020   Code   RO         2345    i.dhcp_t2_timeout   dhcp.o
    0x08002df8   0x08002df8   0x00000088   Code   RO         2346    i.dhcp_timeout      dhcp.o
    0x08002e80   0x08002e80   0x000000a6   Code   RO         2347    i.dhcp_unfold_reply  dhcp.o
    0x08002f26   0x08002f26   0x00000002   PAD
    0x08002f28   0x08002f28   0x00000098   Code   RO         1626    i.enet_default_init  gd32f4xx_enet.o
    0x08002fc0   0x08002fc0   0x00000018   Code   RO         1627    i.enet_deinit       gd32f4xx_enet.o
    0x08002fd8   0x08002fd8   0x00000018   Code   RO         1628    i.enet_delay        gd32f4xx_enet.o
    0x08002ff0   0x08002ff0   0x000000c8   Code   RO         1634    i.enet_descriptors_chain_init  gd32f4xx_enet.o
    0x080030b8   0x080030b8   0x0000000c   Code   RO         1641    i.enet_enable       gd32f4xx_enet.o
    0x080030c4   0x080030c4   0x000000f8   Code   RO         1651    i.enet_frame_receive  gd32f4xx_enet.o
    0x080031bc   0x080031bc   0x000000cc   Code   RO         1652    i.enet_frame_transmit  gd32f4xx_enet.o
    0x08003288   0x08003288   0x00000364   Code   RO         1653    i.enet_init         gd32f4xx_enet.o
    0x080035ec   0x080035ec   0x00000028   Code   RO         1655    i.enet_initpara_reset  gd32f4xx_enet.o
    0x08003614   0x08003614   0x00000030   Code   RO         1661    i.enet_mac_address_set  gd32f4xx_enet.o
    0x08003644   0x08003644   0x000000d8   Code   RO         1671    i.enet_phy_config   gd32f4xx_enet.o
    0x0800371c   0x0800371c   0x0000009c   Code   RO         1672    i.enet_phy_write_read  gd32f4xx_enet.o
    0x080037b8   0x080037b8   0x00000024   Code   RO         1692    i.enet_rx_enable    gd32f4xx_enet.o
    0x080037dc   0x080037dc   0x000000ac   Code   RO         1693    i.enet_rxframe_drop  gd32f4xx_enet.o
    0x08003888   0x08003888   0x00000098   Code   RO         1694    i.enet_rxframe_size_get  gd32f4xx_enet.o
    0x08003920   0x08003920   0x0000003c   Code   RO         1696    i.enet_software_reset  gd32f4xx_enet.o
    0x0800395c   0x0800395c   0x00000028   Code   RO         1699    i.enet_tx_enable    gd32f4xx_enet.o
    0x08003984   0x08003984   0x00000034   Code   RO         1700    i.enet_txfifo_flush  gd32f4xx_enet.o
    0x080039b8   0x080039b8   0x0000013a   Code   RO         3439    i.etharp_arp_input  etharp.o
    0x08003af2   0x08003af2   0x0000003a   Code   RO         3441    i.etharp_ip_input   etharp.o
    0x08003b2c   0x08003b2c   0x000000c4   Code   RO         3442    i.etharp_output     etharp.o
    0x08003bf0   0x08003bf0   0x000001b8   Code   RO         3443    i.etharp_query      etharp.o
    0x08003da8   0x08003da8   0x000000ca   Code   RO         3444    i.etharp_raw        etharp.o
    0x08003e72   0x08003e72   0x00000002   PAD
    0x08003e74   0x08003e74   0x0000002c   Code   RO         3445    i.etharp_request    etharp.o
    0x08003ea0   0x08003ea0   0x0000004e   Code   RO         3446    i.etharp_send_ip    etharp.o
    0x08003eee   0x08003eee   0x00000002   PAD
    0x08003ef0   0x08003ef0   0x000000a0   Code   RO         3447    i.etharp_tmr        etharp.o
    0x08003f90   0x08003f90   0x0000006a   Code   RO         3448    i.ethernet_input    etharp.o
    0x08003ffa   0x08003ffa   0x00000002   PAD
    0x08003ffc   0x08003ffc   0x00000034   Code   RO         3528    i.ethernetif_init   ethernetif.o
    0x08004030   0x08004030   0x0000002c   Code   RO         3529    i.ethernetif_input  ethernetif.o
    0x0800405c   0x0800405c   0x00000204   Code   RO         3449    i.find_entry        etharp.o
    0x08004260   0x08004260   0x00000024   Code   RO          403    i.fputc             usart.o
    0x08004284   0x08004284   0x00000040   Code   RO         3450    i.free_etharp_q     etharp.o
    0x080042c4   0x080042c4   0x0000005e   Code   RO          635    i.gpio_af_set       gd32f4xx_gpio.o
    0x08004322   0x08004322   0x00000004   Code   RO          636    i.gpio_bit_reset    gd32f4xx_gpio.o
    0x08004326   0x08004326   0x00000004   Code   RO          637    i.gpio_bit_set      gd32f4xx_gpio.o
    0x0800432a   0x0800432a   0x00000004   Code   RO          638    i.gpio_bit_toggle   gd32f4xx_gpio.o
    0x0800432e   0x0800432e   0x00000012   Code   RO          641    i.gpio_input_bit_get  gd32f4xx_gpio.o
    0x08004340   0x08004340   0x0000004e   Code   RO          643    i.gpio_mode_set     gd32f4xx_gpio.o
    0x0800438e   0x0800438e   0x00000042   Code   RO          645    i.gpio_output_options_set  gd32f4xx_gpio.o
    0x080043d0   0x080043d0   0x0000001a   Code   RO         3236    i.htonl             inet.o
    0x080043ea   0x080043ea   0x0000000c   Code   RO         3237    i.htons             inet.o
    0x080043f6   0x080043f6   0x00000012   Code   RO         3207    i.icmp_dest_unreach  icmp.o
    0x08004408   0x08004408   0x000001ca   Code   RO         3208    i.icmp_input        icmp.o
    0x080045d2   0x080045d2   0x00000076   Code   RO         3209    i.icmp_send_response  icmp.o
    0x08004648   0x08004648   0x00000012   Code   RO         3210    i.icmp_time_exceeded  icmp.o
    0x0800465a   0x0800465a   0x00000014   Code   RO         3285    i.inet_chksum       inet_chksum.o
    0x0800466e   0x0800466e   0x00000056   Code   RO         3286    i.inet_chksum_pbuf  inet_chksum.o
    0x080046c4   0x080046c4   0x000000a2   Code   RO         3287    i.inet_chksum_pseudo  inet_chksum.o
    0x08004766   0x08004766   0x0000004e   Code   RO         3365    i.ip_addr_isbroadcast  ip_addr.o
    0x080047b4   0x080047b4   0x0000014c   Code   RO         3387    i.ip_frag           ip_frag.o
    0x08004900   0x08004900   0x000001dc   Code   RO         3323    i.ip_input          ip.o
    0x08004adc   0x08004adc   0x00000034   Code   RO         3324    i.ip_output         ip.o
    0x08004b10   0x08004b10   0x00000110   Code   RO         3325    i.ip_output_if      ip.o
    0x08004c20   0x08004c20   0x00000198   Code   RO         3388    i.ip_reass          ip_frag.o
    0x08004db8   0x08004db8   0x000001a8   Code   RO         3389    i.ip_reass_chain_frag_into_datagram_and_validate  ip_frag.o
    0x08004f60   0x08004f60   0x00000034   Code   RO         3390    i.ip_reass_dequeue_datagram  ip_frag.o
    0x08004f94   0x08004f94   0x00000054   Code   RO         3391    i.ip_reass_enqueue_new_datagram  ip_frag.o
    0x08004fe8   0x08004fe8   0x000000ac   Code   RO         3392    i.ip_reass_free_complete_datagram  ip_frag.o
    0x08005094   0x08005094   0x0000007c   Code   RO         3393    i.ip_reass_remove_oldest_datagram  ip_frag.o
    0x08005110   0x08005110   0x00000050   Code   RO         3326    i.ip_route          ip.o
    0x08005160   0x08005160   0x0000017c   Code   RO          463    i.lan8720_gpio_config  bsp_lan8720.o
    0x080052dc   0x080052dc   0x0000004c   Code   RO          464    i.lan8720_scan_phy_address  bsp_lan8720.o
    0x08005328   0x08005328   0x00000020   Code   RO         3530    i.low_level_init    ethernetif.o
    0x08005348   0x08005348   0x00000054   Code   RO         3531    i.low_level_input   ethernetif.o
    0x0800539c   0x0800539c   0x00000050   Code   RO         3532    i.low_level_output  ethernetif.o
    0x080053ec   0x080053ec   0x000000c8   Code   RO         3569    i.lwip_demo_init    lwip_demo.o
    0x080054b4   0x080054b4   0x00000240   Code   RO         3570    i.lwip_demo_poll    lwip_demo.o
    0x080056f4   0x080056f4   0x0000000c   Code   RO         2262    i.lwip_init         init.o
    0x08005700   0x08005700   0x0000004a   Code   RO         3288    i.lwip_standard_chksum  inet_chksum.o
    0x0800574a   0x0800574a   0x00000002   PAD
    0x0800574c   0x0800574c   0x00000170   Code   RO          239    i.main              main.o
    0x080058bc   0x080058bc   0x00000078   Code   RO         2503    i.mem_free          mem.o
    0x08005934   0x08005934   0x00000064   Code   RO         2504    i.mem_init          mem.o
    0x08005998   0x08005998   0x00000130   Code   RO         2505    i.mem_malloc        mem.o
    0x08005ac8   0x08005ac8   0x00000148   Code   RO         2506    i.mem_realloc       mem.o
    0x08005c10   0x08005c10   0x0000002c   Code   RO         2546    i.memp_free         memp.o
    0x08005c3c   0x08005c3c   0x00000064   Code   RO         2547    i.memp_init         memp.o
    0x08005ca0   0x08005ca0   0x0000003c   Code   RO         2548    i.memp_malloc       memp.o
    0x08005cdc   0x08005cdc   0x0000006c   Code   RO         2588    i.netif_add         netif.o
    0x08005d48   0x08005d48   0x0000000c   Code   RO         2590    i.netif_is_up       netif.o
    0x08005d54   0x08005d54   0x00000028   Code   RO         2592    i.netif_set_addr    netif.o
    0x08005d7c   0x08005d7c   0x0000000c   Code   RO         2593    i.netif_set_default  netif.o
    0x08005d88   0x08005d88   0x00000018   Code   RO         2594    i.netif_set_down    netif.o
    0x08005da0   0x08005da0   0x0000000c   Code   RO         2595    i.netif_set_gw      netif.o
    0x08005dac   0x08005dac   0x00000078   Code   RO         2596    i.netif_set_ipaddr  netif.o
    0x08005e24   0x08005e24   0x0000000c   Code   RO         2597    i.netif_set_netmask  netif.o
    0x08005e30   0x08005e30   0x0000002c   Code   RO         2598    i.netif_set_up      netif.o
    0x08005e5c   0x08005e5c   0x0000000c   Code   RO         3241    i.ntohl             inet.o
    0x08005e68   0x08005e68   0x0000000c   Code   RO         3242    i.ntohs             inet.o
    0x08005e74   0x08005e74   0x00000018   Code   RO         1038    i.nvic_vector_table_set  gd32f4xx_misc.o
    0x08005e8c   0x08005e8c   0x0000021e   Code   RO         2666    i.pbuf_alloc        pbuf.o
    0x080060aa   0x080060aa   0x00000050   Code   RO         2667    i.pbuf_cat          pbuf.o
    0x080060fa   0x080060fa   0x00000016   Code   RO         2668    i.pbuf_chain        pbuf.o
    0x08006110   0x08006110   0x00000012   Code   RO         2669    i.pbuf_clen         pbuf.o
    0x08006122   0x08006122   0x000000dc   Code   RO         2671    i.pbuf_copy         pbuf.o
    0x080061fe   0x080061fe   0x0000009a   Code   RO         2672    i.pbuf_copy_partial  pbuf.o
    0x08006298   0x08006298   0x00000098   Code   RO         2674    i.pbuf_free         pbuf.o
    0x08006330   0x08006330   0x0000008c   Code   RO         2675    i.pbuf_header       pbuf.o
    0x080063bc   0x080063bc   0x000000b0   Code   RO         2676    i.pbuf_realloc      pbuf.o
    0x0800646c   0x0800646c   0x0000000a   Code   RO         2677    i.pbuf_ref          pbuf.o
    0x08006476   0x08006476   0x00000002   PAD
    0x08006478   0x08006478   0x000000b4   Code   RO         2507    i.plug_holes        mem.o
    0x0800652c   0x0800652c   0x000000a4   Code   RO         3623    i.prvAddNewTaskToReadyList  tasks.o
    0x080065d0   0x080065d0   0x0000007c   Code   RO         4055    i.prvHeapInit       heap_4.o
    0x0800664c   0x0800664c   0x00000018   Code   RO         3624    i.prvIdleTask       tasks.o
    0x08006664   0x08006664   0x00000054   Code   RO         3625    i.prvInitialiseTaskLists  tasks.o
    0x080066b8   0x080066b8   0x00000068   Code   RO         4056    i.prvInsertBlockIntoFreeList  heap_4.o
    0x08006720   0x08006720   0x000000d8   Code   RO         4057    i.pvPortMalloc      heap_4.o
    0x080067f8   0x080067f8   0x00000020   Code   RO         3991    i.pxPortInitialiseStack  port.o
    0x08006818   0x08006818   0x00000068   Code   RO         2755    i.raw_input         raw.o
    0x08006880   0x08006880   0x00000124   Code   RO          748    i.rcu_clock_freq_get  gd32f4xx_rcu.o
    0x080069a4   0x080069a4   0x00000024   Code   RO          767    i.rcu_periph_clock_enable  gd32f4xx_rcu.o
    0x080069c8   0x080069c8   0x00000024   Code   RO          770    i.rcu_periph_reset_disable  gd32f4xx_rcu.o
    0x080069ec   0x080069ec   0x00000024   Code   RO          771    i.rcu_periph_reset_enable  gd32f4xx_rcu.o
    0x08006a10   0x08006a10   0x0000000c   Code   RO          357    i.sys_now           systick.o
    0x08006a1c   0x08006a1c   0x00000018   Code   RO         2145    i.syscfg_enet_phy_interface_config  gd32f4xx_syscfg.o
    0x08006a34   0x08006a34   0x00000110   Code   RO         2215    i.system_clock_200m_25m_hxtal  system_gd32f4xx.o
    0x08006b44   0x08006b44   0x00000008   Code   RO         2216    i.system_clock_config  system_gd32f4xx.o
    0x08006b4c   0x08006b4c   0x00000050   Code   RO          358    i.systick_config    systick.o
    0x08006b9c   0x08006b9c   0x0000009c   Code   RO         2821    i.tcp_abandon       tcp.o
    0x08006c38   0x08006c38   0x00000004   Code   RO         2822    i.tcp_accept        tcp.o
    0x08006c3c   0x08006c3c   0x00000008   Code   RO         2823    i.tcp_accept_null   tcp.o
    0x08006c44   0x08006c44   0x000000b4   Code   RO         2824    i.tcp_alloc         tcp.o
    0x08006cf8   0x08006cf8   0x000000f8   Code   RO         2826    i.tcp_bind          tcp.o
    0x08006df0   0x08006df0   0x00000104   Code   RO         2827    i.tcp_close         tcp.o
    0x08006ef4   0x08006ef4   0x0000002e   Code   RO         2829    i.tcp_eff_send_mss  tcp.o
    0x08006f22   0x08006f22   0x0000042c   Code   RO         3058    i.tcp_enqueue       tcp_out.o
    0x0800734e   0x0800734e   0x00000002   PAD
    0x08007350   0x08007350   0x00000074   Code   RO         2831    i.tcp_fasttmr       tcp.o
    0x080073c4   0x080073c4   0x000004c8   Code   RO         3010    i.tcp_input         tcp_in.o
    0x0800788c   0x0800788c   0x0000006e   Code   RO         3059    i.tcp_keepalive     tcp_out.o
    0x080078fa   0x080078fa   0x00000002   PAD
    0x080078fc   0x080078fc   0x00000058   Code   RO         2832    i.tcp_kill_prio     tcp.o
    0x08007954   0x08007954   0x0000003c   Code   RO         2833    i.tcp_kill_timewait  tcp.o
    0x08007990   0x08007990   0x00000134   Code   RO         3011    i.tcp_listen_input  tcp_in.o
    0x08007ac4   0x08007ac4   0x000000dc   Code   RO         2834    i.tcp_listen_with_backlog  tcp.o
    0x08007ba0   0x08007ba0   0x0000000a   Code   RO         2835    i.tcp_new           tcp.o
    0x08007baa   0x08007baa   0x00000002   PAD
    0x08007bac   0x08007bac   0x00000078   Code   RO         2836    i.tcp_new_port      tcp.o
    0x08007c24   0x08007c24   0x0000001c   Code   RO         2837    i.tcp_next_iss      tcp.o
    0x08007c40   0x08007c40   0x00000288   Code   RO         3060    i.tcp_output        tcp_out.o
    0x08007ec8   0x08007ec8   0x000000e0   Code   RO         3061    i.tcp_output_segment  tcp_out.o
    0x08007fa8   0x08007fa8   0x00000084   Code   RO         3062    i.tcp_output_set_header  tcp_out.o
    0x0800802c   0x0800802c   0x000000b8   Code   RO         3012    i.tcp_parseopt      tcp_in.o
    0x080080e4   0x080080e4   0x00000036   Code   RO         2838    i.tcp_pcb_purge     tcp.o
    0x0800811a   0x0800811a   0x00000002   PAD
    0x0800811c   0x0800811c   0x000000b0   Code   RO         2839    i.tcp_pcb_remove    tcp.o
    0x080081cc   0x080081cc   0x000005ac   Code   RO         3013    i.tcp_process       tcp_in.o
    0x08008778   0x08008778   0x00000700   Code   RO         3014    i.tcp_receive       tcp_in.o
    0x08008e78   0x08008e78   0x00000006   Code   RO         2841    i.tcp_recv          tcp.o
    0x08008e7e   0x08008e7e   0x00000028   Code   RO         2842    i.tcp_recv_null     tcp.o
    0x08008ea6   0x08008ea6   0x00000056   Code   RO         2843    i.tcp_recved        tcp.o
    0x08008efc   0x08008efc   0x00000056   Code   RO         3063    i.tcp_rexmit        tcp_out.o
    0x08008f52   0x08008f52   0x0000003a   Code   RO         3064    i.tcp_rexmit_rto    tcp_out.o
    0x08008f8c   0x08008f8c   0x000000c0   Code   RO         3065    i.tcp_rst           tcp_out.o
    0x0800904c   0x0800904c   0x00000020   Code   RO         2844    i.tcp_seg_free      tcp.o
    0x0800906c   0x0800906c   0x0000001e   Code   RO         2845    i.tcp_segs_free     tcp.o
    0x0800908a   0x0800908a   0x0000001c   Code   RO         3066    i.tcp_send_ctrl     tcp_out.o
    0x080090a6   0x080090a6   0x00000002   PAD
    0x080090a8   0x080090a8   0x00000074   Code   RO         3595    i.tcp_server_accept  tcp_server_demo.o
    0x0800911c   0x0800911c   0x000000c4   Code   RO         3596    i.tcp_server_demo_init  tcp_server_demo.o
    0x080091e0   0x080091e0   0x000000a4   Code   RO         3597    i.tcp_server_recv   tcp_server_demo.o
    0x08009284   0x08009284   0x00000318   Code   RO         2848    i.tcp_slowtmr       tcp.o
    0x0800959c   0x0800959c   0x00000050   Code   RO         3015    i.tcp_timewait_input  tcp_in.o
    0x080095ec   0x080095ec   0x00000024   Code   RO         2849    i.tcp_tmr           tcp.o
    0x08009610   0x08009610   0x00000038   Code   RO         2850    i.tcp_update_rcv_ann_wnd  tcp.o
    0x08009648   0x08009648   0x00000048   Code   RO         3067    i.tcp_write         tcp_out.o
    0x08009690   0x08009690   0x00000078   Code   RO         3068    i.tcp_zero_window_probe  tcp_out.o
    0x08009708   0x08009708   0x00000074   Code   RO         3128    i.udp_bind          udp.o
    0x0800977c   0x0800977c   0x00000064   Code   RO         3129    i.udp_connect       udp.o
    0x080097e0   0x080097e0   0x000001fc   Code   RO         3131    i.udp_input         udp.o
    0x080099dc   0x080099dc   0x0000001c   Code   RO         3132    i.udp_new           udp.o
    0x080099f8   0x080099f8   0x00000006   Code   RO         3133    i.udp_recv          udp.o
    0x080099fe   0x080099fe   0x00000002   PAD
    0x08009a00   0x08009a00   0x00000040   Code   RO         3134    i.udp_remove        udp.o
    0x08009a40   0x08009a40   0x000000f8   Code   RO         3137    i.udp_sendto_if     udp.o
    0x08009b38   0x08009b38   0x000000f8   Code   RO         3451    i.update_arp_entry  etharp.o
    0x08009c30   0x08009c30   0x000000e8   Code   RO         1096    i.usart_baudrate_set  gd32f4xx_usart.o
    0x08009d18   0x08009d18   0x00000008   Code   RO         1101    i.usart_data_transmit  gd32f4xx_usart.o
    0x08009d20   0x08009d20   0x0000008c   Code   RO          404    i.usart_debug_init  usart.o
    0x08009dac   0x08009dac   0x000000dc   Code   RO         1102    i.usart_deinit      gd32f4xx_usart.o
    0x08009e88   0x08009e88   0x0000000a   Code   RO         1106    i.usart_enable      gd32f4xx_usart.o
    0x08009e92   0x08009e92   0x00000020   Code   RO         1108    i.usart_flag_get    gd32f4xx_usart.o
    0x08009eb2   0x08009eb2   0x00000018   Code   RO         1112    i.usart_hardware_flow_coherence_config  gd32f4xx_usart.o
    0x08009eca   0x08009eca   0x00000010   Code   RO         1131    i.usart_parity_config  gd32f4xx_usart.o
    0x08009eda   0x08009eda   0x00000010   Code   RO         1133    i.usart_receive_config  gd32f4xx_usart.o
    0x08009eea   0x08009eea   0x00000010   Code   RO         1144    i.usart_stop_bit_set  gd32f4xx_usart.o
    0x08009efa   0x08009efa   0x00000010   Code   RO         1148    i.usart_transmit_config  gd32f4xx_usart.o
    0x08009f0a   0x08009f0a   0x00000010   Code   RO         1149    i.usart_word_length_set  gd32f4xx_usart.o
    0x08009f1a   0x08009f1a   0x00000028   Code   RO         3808    i.uxListRemove      list.o
    0x08009f42   0x08009f42   0x0000001a   Code   RO         3809    i.vListInitialise   list.o
    0x08009f5c   0x08009f5c   0x00000006   Code   RO         3810    i.vListInitialiseItem  list.o
    0x08009f62   0x08009f62   0x00000034   Code   RO         3811    i.vListInsert       list.o
    0x08009f96   0x08009f96   0x00000018   Code   RO         3812    i.vListInsertEnd    list.o
    0x08009fae   0x08009fae   0x00000002   PAD
    0x08009fb0   0x08009fb0   0x00000054   Code   RO         3993    i.vPortEnterCritical  port.o
    0x0800a004   0x0800a004   0x0000003c   Code   RO         3994    i.vPortExitCritical  port.o
    0x0800a040   0x0800a040   0x00000048   Code   RO         4058    i.vPortFree         heap_4.o
    0x0800a088   0x0800a088   0x00000028   Code   RO         3995    i.vPortSetupTimerInterrupt  port.o
    0x0800a0b0   0x0800a0b0   0x00000038   Code   RO         3627    i.vTaskDelay        tasks.o
    0x0800a0e8   0x0800a0e8   0x00000098   Code   RO         3628    i.vTaskIncrementTick  tasks.o
    0x0800a180   0x0800a180   0x00000064   Code   RO         3629    i.vTaskStartScheduler  tasks.o
    0x0800a1e4   0x0800a1e4   0x0000000c   Code   RO         3630    i.vTaskSuspendAll   tasks.o
    0x0800a1f0   0x0800a1f0   0x0000006c   Code   RO         3631    i.vTaskSwitchContext  tasks.o
    0x0800a25c   0x0800a25c   0x00000048   Code   RO         3996    i.xPortStartScheduler  port.o
    0x0800a2a4   0x0800a2a4   0x000000a2   Code   RO         3632    i.xTaskCreate       tasks.o
    0x0800a346   0x0800a346   0x00000002   PAD
    0x0800a348   0x0800a348   0x00000020   Code   RO         3634    i.xTaskGetSchedulerState  tasks.o
    0x0800a368   0x0800a368   0x00000010   Code   RO         3638    i.xTaskResumeAll    tasks.o
    0x0800a378   0x0800a378   0x00000024   Data   RO         2550    .constdata          memp.o
    0x0800a39c   0x0800a39c   0x00000014   Data   RO         2851    .constdata          tcp.o
    0x0800a3b0   0x0800a3b0   0x00000008   Data   RO         3366    .constdata          ip_addr.o
    0x0800a3b8   0x0800a3b8   0x0000000c   Data   RO         3453    .constdata          etharp.o
    0x0800a3c4   0x0800a3c4   0x0000011f   Data   RO          240    .conststring        main.o
    0x0800a4e3   0x0800a4e3   0x00000001   PAD
    0x0800a4e4   0x0800a4e4   0x000001e0   Data   RO          465    .conststring        bsp_lan8720.o
    0x0800a6c4   0x0800a6c4   0x00000044   Data   RO         3598    .conststring        tcp_server_demo.o
    0x0800a708   0x0800a708   0x00000020   Data   RO         4420    Region$$Table       anon$$obj.o


    Execution Region ER_RW (Exec base: 0x20000000, Load base: 0x0800a728, Size: 0x00000110, Max: 0xffffffff, ABSOLUTE)

    Exec Addr    Load Addr    Size         Type   Attr      Idx    E Section Name        Object

    0x20000000   0x0800a728   0x00000008   Data   RW          359    .data               systick.o
    0x20000008   0x0800a730   0x00000008   Data   RW          466    .data               bsp_lan8720.o
    0x20000010   0x0800a738   0x00000004   Data   RW          557    .data               bsp_cs1237.o
    0x20000014   0x0800a73c   0x00000014   Data   RW         1707    .data               gd32f4xx_enet.o
    0x20000028   0x0800a750   0x00000004   Data   RW         2217    .data               system_gd32f4xx.o
    0x2000002c   0x0800a754   0x00000004   Data   RW         2348    .data               dhcp.o
    0x20000030   0x0800a758   0x0000000d   Data   RW         2509    .data               mem.o
    0x2000003d   0x0800a765   0x00000003   PAD
    0x20000040   0x0800a768   0x00000009   Data   RW         2599    .data               netif.o
    0x20000049   0x0800a771   0x00000003   PAD
    0x2000004c   0x0800a774   0x00000004   Data   RW         2761    .data               raw.o
    0x20000050   0x0800a778   0x00000020   Data   RW         2852    .data               tcp.o
    0x20000070   0x0800a798   0x00000020   Data   RW         3017    .data               tcp_in.o
    0x20000090   0x0800a7b8   0x00000004   Data   RW         3138    .data               udp.o
    0x20000094   0x0800a7bc   0x0000000a   Data   RW         3327    .data               ip.o
    0x2000009e   0x0800a7c6   0x00000002   PAD
    0x200000a0   0x0800a7c8   0x00000006   Data   RW         3396    .data               ip_frag.o
    0x200000a6   0x0800a7ce   0x00000001   Data   RW         3454    .data               etharp.o
    0x200000a7   0x0800a7cf   0x00000001   PAD
    0x200000a8   0x0800a7d0   0x00000011   Data   RW         3572    .data               lwip_demo.o
    0x200000b9   0x0800a7e1   0x00000003   PAD
    0x200000bc   0x0800a7e4   0x00000034   Data   RW         3640    .data               tasks.o
    0x200000f0   0x0800a818   0x00000004   Data   RW         3997    .data               port.o
    0x200000f4   0x0800a81c   0x00000018   Data   RW         4062    .data               heap_4.o
    0x2000010c   0x0800a834   0x00000004   Data   RW         4394    .data               mc_w.l(stdout.o)


    Execution Region ER_ZI (Exec base: 0x20000110, Load base: 0x0800a838, Size: 0x00015cd8, Max: 0xffffffff, ABSOLUTE)

    Exec Addr    Load Addr    Size         Type   Attr      Idx    E Section Name        Object

    0x20000110        -       0x00003c64   Zero   RW         1705    .bss                gd32f4xx_enet.o
    0x20003d74        -       0x00004014   Zero   RW         2508    .bss                mem.o
    0x20007d88        -       0x000046af   Zero   RW         2549    .bss                memp.o
    0x2000c437   0x0800a838   0x00000001   PAD
    0x2000c438        -       0x00000014   Zero   RW         3016    .bss                tcp_in.o
    0x2000c44c        -       0x000005e0   Zero   RW         3395    .bss                ip_frag.o
    0x2000ca2c        -       0x000000c8   Zero   RW         3452    .bss                etharp.o
    0x2000caf4        -       0x00000c00   Zero   RW         3533    .bss                ethernetif.o
    0x2000d6f4        -       0x00000034   Zero   RW         3571    .bss                lwip_demo.o
    0x2000d728        -       0x000002bc   Zero   RW         3639    .bss                tasks.o
    0x2000d9e4        -       0x00008000   Zero   RW         4061    .bss                heap_4.o
    0x200159e4   0x0800a838   0x00000004   PAD
    0x200159e8        -       0x00000400   Zero   RW         2202    STACK               startup_gd32f450_470.o


==============================================================================

Image component sizes


      Code (inc. data)   RO Data    RW Data    ZI Data      Debug   Object Name

      1562         96          0          4          0       9421   bsp_cs1237.o
      1602        558        480          8          0       6589   bsp_lan8720.o
      3934         74          0          4          0      22092   dhcp.o
      2426         38         12          1        200      12882   etharp.o
       292         20          0          0       3072       4209   ethernetif.o
      2704        250          0         20      15460      15202   gd32f4xx_enet.o
       268          0          0          0          0       5103   gd32f4xx_gpio.o
        44          0          0          0          0      87323   gd32f4xx_it.o
        24          8          0          0          0        648   gd32f4xx_misc.o
       400         40          0          0          0       3648   gd32f4xx_rcu.o
        24          6          0          0          0        667   gd32f4xx_syscfg.o
       606         18          0          0          0       7579   gd32f4xx_usart.o
       516         62          0         24      32768       3823   heap_4.o
       612          0          0          0          0       3734   icmp.o
        62          0          0          0          0       2184   inet.o
       342          0          0          0          0       6318   inet_chksum.o
        12          0          0          0          0       2831   init.o
       880         30          0         10          0       4761   ip.o
        78          0          8          0          0       5285   ip_addr.o
      1596         42          0          6       1504       7985   ip_frag.o
       148          0          0          0          0       3270   list.o
       776        410          0         17         52       1652   lwip_demo.o
       828        392        287          0          0      26175   main.o
      1032         74          0         13      16404       4933   mem.o
       204         30         36          0      18095       3626   memp.o
       384         26          0          9          0       7584   netif.o
      1514          0          0          0          0       7985   pbuf.o
       460         46          0          4          0       6982   port.o
       104          4          0          4          0       1512   raw.o
        36          8        428          0       1024        900   startup_gd32f450_470.o
       700         32          0          4          0       4075   system_gd32f4xx.o
       188         32          0          8          0      29472   systick.o
       910        150          0         52        700      14046   tasks.o
      2852        164         20         32          0      24426   tcp.o
      5040        248          0         32         20      14796   tcp_in.o
      2738         14          0          0          0      10403   tcp_out.o
       476        254         68          0          0       2075   tcp_server_demo.o
      1070         20          0          4          0      12389   udp.o
       176         14          0          0          0       1175   usart.o

    ----------------------------------------------------------------------
     37670       3160       1372        268      89304     389760   Object Totals
         0          0         32          0          0          0   (incl. Generated)
        50          0          1         12          5          0   (incl. Padding)

    ----------------------------------------------------------------------

      Code (inc. data)   RO Data    RW Data    ZI Data      Debug   Library Member Name

         0          0          0          0          0          0   entry.o
         0          0          0          0          0          0   entry10a.o
         0          0          0          0          0          0   entry11a.o
         4          0          0          0          0          0   entry12b.o
         8          4          0          0          0          0   entry2.o
         4          0          0          0          0          0   entry5.o
         0          0          0          0          0          0   entry7b.o
         0          0          0          0          0          0   entry8b.o
         8          4          0          0          0          0   entry9a.o
        30          0          0          0          0          0   handlers.o
        36          8          0          0          0         68   init.o
         0          0          0          0          0          0   iusefp.o
        30          0          0          0          0         68   llshl.o
        36          0          0          0          0         68   llsshr.o
        32          0          0          0          0         68   llushr.o
        36          0          0          0          0         68   memcpya.o
        36          0          0          0          0        108   memseta.o
      2218         90          0          0          0        464   printfa.o
         0          0          0          4          0          0   stdout.o
        24          0          0          0          0         76   strncpy.o
        44          0          0          0          0         80   uidiv.o
        98          0          0          0          0         92   uldiv.o
        48          0          0          0          0         68   cdrcmple.o
       334          0          0          0          0        148   dadd.o
       222          0          0          0          0        100   ddiv.o
       186          0          0          0          0        176   depilogue.o
        48          0          0          0          0         68   dfixul.o
       228          0          0          0          0         96   dmul.o
        38          0          0          0          0         68   f2d.o

    ----------------------------------------------------------------------
      3750        106          0          4          0       1884   Library Totals
         2          0          0          0          0          0   (incl. Padding)

    ----------------------------------------------------------------------

      Code (inc. data)   RO Data    RW Data    ZI Data      Debug   Library Name

      2644        106          0          4          0       1160   mc_w.l
      1104          0          0          0          0        724   mf_w.l

    ----------------------------------------------------------------------
      3750        106          0          4          0       1884   Library Totals

    ----------------------------------------------------------------------

==============================================================================


      Code (inc. data)   RO Data    RW Data    ZI Data      Debug   

     41420       3266       1372        272      89304     364912   Grand Totals
     41420       3266       1372        272      89304     364912   ELF Image Totals
     41420       3266       1372        272          0          0   ROM Totals

==============================================================================

    Total RO  Size (Code + RO Data)                42792 (  41.79kB)
    Total RW  Size (RW Data + ZI Data)             89576 (  87.48kB)
    Total ROM Size (Code + RO Data + RW Data)      43064 (  42.05kB)

==============================================================================

