Component: ARM Compiler 5.06 update 7 (build 960) Tool: armlink [4d3601]

==============================================================================

Section Cross References

    gd32f4xx_it.o(i.SysTick_Handler) refers to systick.o(i.delay_decrement) for delay_decrement
    main.o(i.main) refers to systick.o(i.systick_config) for systick_config
    main.o(i.main) refers to usart.o(i.usart_debug_init) for usart_debug_init
    main.o(i.main) refers to bsp_dac.o(i.bsp_dac_init) for bsp_dac_init
    main.o(i.main) refers to bsp_dac.o(i.bsp_dac_set_voltage) for bsp_dac_set_voltage
    main.o(i.main) refers to gd32f4xx_rcu.o(i.rcu_periph_clock_enable) for rcu_periph_clock_enable
    main.o(i.main) refers to gd32f4xx_gpio.o(i.gpio_mode_set) for gpio_mode_set
    main.o(i.main) refers to gd32f4xx_gpio.o(i.gpio_output_options_set) for gpio_output_options_set
    main.o(i.main) refers to gd32f4xx_gpio.o(i.gpio_bit_set) for gpio_bit_set
    main.o(i.main) refers to systick.o(i.delay_1ms) for delay_1ms
    main.o(i.main) refers to gd32f4xx_gpio.o(i.gpio_bit_reset) for gpio_bit_reset
    main.o(i.main) refers to printf1.o(i.__0printf$1) for __2printf
    systick.o(i.delay_1ms) refers to systick.o(.data) for delay
    systick.o(i.delay_decrement) refers to systick.o(.data) for delay
    systick.o(i.systick_config) refers to systick.o(i.NVIC_SetPriority) for NVIC_SetPriority
    systick.o(i.systick_config) refers to system_gd32f4xx.o(.data) for SystemCoreClock
    usart.o(i.fputc) refers to gd32f4xx_usart.o(i.usart_data_transmit) for usart_data_transmit
    usart.o(i.fputc) refers to gd32f4xx_usart.o(i.usart_flag_get) for usart_flag_get
    usart.o(i.usart_debug_init) refers to gd32f4xx_rcu.o(i.rcu_periph_clock_enable) for rcu_periph_clock_enable
    usart.o(i.usart_debug_init) refers to gd32f4xx_gpio.o(i.gpio_af_set) for gpio_af_set
    usart.o(i.usart_debug_init) refers to gd32f4xx_gpio.o(i.gpio_mode_set) for gpio_mode_set
    usart.o(i.usart_debug_init) refers to gd32f4xx_gpio.o(i.gpio_output_options_set) for gpio_output_options_set
    usart.o(i.usart_debug_init) refers to gd32f4xx_usart.o(i.usart_deinit) for usart_deinit
    usart.o(i.usart_debug_init) refers to gd32f4xx_usart.o(i.usart_baudrate_set) for usart_baudrate_set
    usart.o(i.usart_debug_init) refers to gd32f4xx_usart.o(i.usart_word_length_set) for usart_word_length_set
    usart.o(i.usart_debug_init) refers to gd32f4xx_usart.o(i.usart_stop_bit_set) for usart_stop_bit_set
    usart.o(i.usart_debug_init) refers to gd32f4xx_usart.o(i.usart_parity_config) for usart_parity_config
    usart.o(i.usart_debug_init) refers to gd32f4xx_usart.o(i.usart_hardware_flow_coherence_config) for usart_hardware_flow_coherence_config
    usart.o(i.usart_debug_init) refers to gd32f4xx_usart.o(i.usart_transmit_config) for usart_transmit_config
    usart.o(i.usart_debug_init) refers to gd32f4xx_usart.o(i.usart_receive_config) for usart_receive_config
    usart.o(i.usart_debug_init) refers to gd32f4xx_usart.o(i.usart_enable) for usart_enable
    bsp_dac.o(i.bsp_dac_init) refers to gd32f4xx_rcu.o(i.rcu_periph_clock_enable) for rcu_periph_clock_enable
    bsp_dac.o(i.bsp_dac_init) refers to gd32f4xx_gpio.o(i.gpio_mode_set) for gpio_mode_set
    bsp_dac.o(i.bsp_dac_init) refers to gd32f4xx_dac.o(i.dac_deinit) for dac_deinit
    bsp_dac.o(i.bsp_dac_init) refers to gd32f4xx_dac.o(i.dac_trigger_disable) for dac_trigger_disable
    bsp_dac.o(i.bsp_dac_init) refers to gd32f4xx_dac.o(i.dac_wave_mode_config) for dac_wave_mode_config
    bsp_dac.o(i.bsp_dac_init) refers to gd32f4xx_dac.o(i.dac_output_buffer_enable) for dac_output_buffer_enable
    bsp_dac.o(i.bsp_dac_init) refers to gd32f4xx_dac.o(i.dac_enable) for dac_enable
    bsp_dac.o(i.bsp_dac_set_voltage) refers to printf1.o(i.__0printf$1) for __2printf
    bsp_dac.o(i.bsp_dac_set_voltage) refers to gd32f4xx_dac.o(i.dac_data_set) for dac_data_set
    gd32f4xx_gpio.o(i.gpio_deinit) refers to gd32f4xx_rcu.o(i.rcu_periph_reset_enable) for rcu_periph_reset_enable
    gd32f4xx_gpio.o(i.gpio_deinit) refers to gd32f4xx_rcu.o(i.rcu_periph_reset_disable) for rcu_periph_reset_disable
    gd32f4xx_rcu.o(i.rcu_deinit) refers to gd32f4xx_rcu.o(i.rcu_osci_stab_wait) for rcu_osci_stab_wait
    gd32f4xx_rcu.o(i.rcu_osci_stab_wait) refers to gd32f4xx_rcu.o(i.rcu_flag_get) for rcu_flag_get
    gd32f4xx_misc.o(i.nvic_irq_enable) refers to gd32f4xx_misc.o(i.nvic_priority_group_set) for nvic_priority_group_set
    gd32f4xx_usart.o(i.usart_baudrate_set) refers to gd32f4xx_rcu.o(i.rcu_clock_freq_get) for rcu_clock_freq_get
    gd32f4xx_usart.o(i.usart_deinit) refers to gd32f4xx_rcu.o(i.rcu_periph_reset_enable) for rcu_periph_reset_enable
    gd32f4xx_usart.o(i.usart_deinit) refers to gd32f4xx_rcu.o(i.rcu_periph_reset_disable) for rcu_periph_reset_disable
    gd32f4xx_dac.o(i.dac_deinit) refers to gd32f4xx_rcu.o(i.rcu_periph_reset_enable) for rcu_periph_reset_enable
    gd32f4xx_dac.o(i.dac_deinit) refers to gd32f4xx_rcu.o(i.rcu_periph_reset_disable) for rcu_periph_reset_disable
    startup_gd32f450_470.o(RESET) refers to startup_gd32f450_470.o(STACK) for __initial_sp
    startup_gd32f450_470.o(RESET) refers to startup_gd32f450_470.o(.text) for Reset_Handler
    startup_gd32f450_470.o(RESET) refers to gd32f4xx_it.o(i.NMI_Handler) for NMI_Handler
    startup_gd32f450_470.o(RESET) refers to gd32f4xx_it.o(i.HardFault_Handler) for HardFault_Handler
    startup_gd32f450_470.o(RESET) refers to gd32f4xx_it.o(i.MemManage_Handler) for MemManage_Handler
    startup_gd32f450_470.o(RESET) refers to gd32f4xx_it.o(i.BusFault_Handler) for BusFault_Handler
    startup_gd32f450_470.o(RESET) refers to gd32f4xx_it.o(i.UsageFault_Handler) for UsageFault_Handler
    startup_gd32f450_470.o(RESET) refers to gd32f4xx_it.o(i.SVC_Handler) for SVC_Handler
    startup_gd32f450_470.o(RESET) refers to gd32f4xx_it.o(i.DebugMon_Handler) for DebugMon_Handler
    startup_gd32f450_470.o(RESET) refers to gd32f4xx_it.o(i.PendSV_Handler) for PendSV_Handler
    startup_gd32f450_470.o(RESET) refers to gd32f4xx_it.o(i.SysTick_Handler) for SysTick_Handler
    startup_gd32f450_470.o(.text) refers to system_gd32f4xx.o(i.SystemInit) for SystemInit
    startup_gd32f450_470.o(.text) refers to entry.o(.ARM.Collect$$$$00000000) for __main
    system_gd32f4xx.o(i.SystemCoreClockUpdate) refers to system_gd32f4xx.o(.data) for SystemCoreClock
    system_gd32f4xx.o(i.SystemInit) refers to system_gd32f4xx.o(i._soft_delay_) for _soft_delay_
    system_gd32f4xx.o(i.SystemInit) refers to system_gd32f4xx.o(i.system_clock_config) for system_clock_config
    system_gd32f4xx.o(i.SystemInit) refers to gd32f4xx_misc.o(i.nvic_vector_table_set) for nvic_vector_table_set
    system_gd32f4xx.o(i.system_clock_config) refers to system_gd32f4xx.o(i.system_clock_200m_25m_hxtal) for system_clock_200m_25m_hxtal
    entry.o(.ARM.Collect$$$$00000000) refers (Special) to entry10a.o(.ARM.Collect$$$$0000000F) for __rt_final_cpp
    entry.o(.ARM.Collect$$$$00000000) refers (Special) to entry11a.o(.ARM.Collect$$$$00000011) for __rt_final_exit
    entry.o(.ARM.Collect$$$$00000000) refers (Special) to entry12b.o(.ARM.Collect$$$$0000000E) for __rt_lib_shutdown_fini
    entry.o(.ARM.Collect$$$$00000000) refers (Special) to entry7b.o(.ARM.Collect$$$$00000008) for _main_clock
    entry.o(.ARM.Collect$$$$00000000) refers (Special) to entry8b.o(.ARM.Collect$$$$0000000A) for _main_cpp_init
    entry.o(.ARM.Collect$$$$00000000) refers (Special) to entry9a.o(.ARM.Collect$$$$0000000B) for _main_init
    entry.o(.ARM.Collect$$$$00000000) refers (Special) to entry5.o(.ARM.Collect$$$$00000004) for _main_scatterload
    entry.o(.ARM.Collect$$$$00000000) refers (Special) to entry2.o(.ARM.Collect$$$$00000001) for _main_stk
    printfb.o(i.__0fprintf$bare) refers to printfb.o(i._printf_core) for _printf_core
    printfb.o(i.__0fprintf$bare) refers to usart.o(i.fputc) for fputc
    printfb.o(i.__0printf$bare) refers to printfb.o(i._printf_core) for _printf_core
    printfb.o(i.__0printf$bare) refers to usart.o(i.fputc) for fputc
    printfb.o(i.__0printf$bare) refers to stdout.o(.data) for __stdout
    printfb.o(i.__0snprintf$bare) refers to printfb.o(i._printf_core) for _printf_core
    printfb.o(i.__0snprintf$bare) refers to printfb.o(i._snputc) for _snputc
    printfb.o(i.__0sprintf$bare) refers to printfb.o(i._printf_core) for _printf_core
    printfb.o(i.__0sprintf$bare) refers to printfb.o(i._sputc) for _sputc
    printfb.o(i.__0vfprintf$bare) refers to printfb.o(i._printf_core) for _printf_core
    printfb.o(i.__0vfprintf$bare) refers to usart.o(i.fputc) for fputc
    printfb.o(i.__0vprintf$bare) refers to printfb.o(i._printf_core) for _printf_core
    printfb.o(i.__0vprintf$bare) refers to usart.o(i.fputc) for fputc
    printfb.o(i.__0vprintf$bare) refers to stdout.o(.data) for __stdout
    printfb.o(i.__0vsnprintf$bare) refers to printfb.o(i._printf_core) for _printf_core
    printfb.o(i.__0vsnprintf$bare) refers to printfb.o(i._snputc) for _snputc
    printfb.o(i.__0vsprintf$bare) refers to printfb.o(i._printf_core) for _printf_core
    printfb.o(i.__0vsprintf$bare) refers to printfb.o(i._sputc) for _sputc
    printf0.o(i.__0fprintf$0) refers to printf0.o(i._printf_core) for _printf_core
    printf0.o(i.__0fprintf$0) refers to usart.o(i.fputc) for fputc
    printf0.o(i.__0printf$0) refers to printf0.o(i._printf_core) for _printf_core
    printf0.o(i.__0printf$0) refers to usart.o(i.fputc) for fputc
    printf0.o(i.__0printf$0) refers to stdout.o(.data) for __stdout
    printf0.o(i.__0snprintf$0) refers to printf0.o(i._printf_core) for _printf_core
    printf0.o(i.__0snprintf$0) refers to printf0.o(i._snputc) for _snputc
    printf0.o(i.__0sprintf$0) refers to printf0.o(i._printf_core) for _printf_core
    printf0.o(i.__0sprintf$0) refers to printf0.o(i._sputc) for _sputc
    printf0.o(i.__0vfprintf$0) refers to printf0.o(i._printf_core) for _printf_core
    printf0.o(i.__0vfprintf$0) refers to usart.o(i.fputc) for fputc
    printf0.o(i.__0vprintf$0) refers to printf0.o(i._printf_core) for _printf_core
    printf0.o(i.__0vprintf$0) refers to usart.o(i.fputc) for fputc
    printf0.o(i.__0vprintf$0) refers to stdout.o(.data) for __stdout
    printf0.o(i.__0vsnprintf$0) refers to printf0.o(i._printf_core) for _printf_core
    printf0.o(i.__0vsnprintf$0) refers to printf0.o(i._snputc) for _snputc
    printf0.o(i.__0vsprintf$0) refers to printf0.o(i._printf_core) for _printf_core
    printf0.o(i.__0vsprintf$0) refers to printf0.o(i._sputc) for _sputc
    printf1.o(i.__0fprintf$1) refers to printf1.o(i._printf_core) for _printf_core
    printf1.o(i.__0fprintf$1) refers to usart.o(i.fputc) for fputc
    printf1.o(i.__0printf$1) refers to printf1.o(i._printf_core) for _printf_core
    printf1.o(i.__0printf$1) refers to usart.o(i.fputc) for fputc
    printf1.o(i.__0printf$1) refers to stdout.o(.data) for __stdout
    printf1.o(i.__0snprintf$1) refers to printf1.o(i._printf_core) for _printf_core
    printf1.o(i.__0snprintf$1) refers to printf1.o(i._snputc) for _snputc
    printf1.o(i.__0sprintf$1) refers to printf1.o(i._printf_core) for _printf_core
    printf1.o(i.__0sprintf$1) refers to printf1.o(i._sputc) for _sputc
    printf1.o(i.__0vfprintf$1) refers to printf1.o(i._printf_core) for _printf_core
    printf1.o(i.__0vfprintf$1) refers to usart.o(i.fputc) for fputc
    printf1.o(i.__0vprintf$1) refers to printf1.o(i._printf_core) for _printf_core
    printf1.o(i.__0vprintf$1) refers to usart.o(i.fputc) for fputc
    printf1.o(i.__0vprintf$1) refers to stdout.o(.data) for __stdout
    printf1.o(i.__0vsnprintf$1) refers to printf1.o(i._printf_core) for _printf_core
    printf1.o(i.__0vsnprintf$1) refers to printf1.o(i._snputc) for _snputc
    printf1.o(i.__0vsprintf$1) refers to printf1.o(i._printf_core) for _printf_core
    printf1.o(i.__0vsprintf$1) refers to printf1.o(i._sputc) for _sputc
    printf1.o(i._printf_core) refers to uidiv.o(.text) for __aeabi_uidivmod
    printf2.o(i.__0fprintf$2) refers to printf2.o(i._printf_core) for _printf_core
    printf2.o(i.__0fprintf$2) refers to usart.o(i.fputc) for fputc
    printf2.o(i.__0printf$2) refers to printf2.o(i._printf_core) for _printf_core
    printf2.o(i.__0printf$2) refers to usart.o(i.fputc) for fputc
    printf2.o(i.__0printf$2) refers to stdout.o(.data) for __stdout
    printf2.o(i.__0snprintf$2) refers to printf2.o(i._printf_core) for _printf_core
    printf2.o(i.__0snprintf$2) refers to printf2.o(i._snputc) for _snputc
    printf2.o(i.__0sprintf$2) refers to printf2.o(i._printf_core) for _printf_core
    printf2.o(i.__0sprintf$2) refers to printf2.o(i._sputc) for _sputc
    printf2.o(i.__0vfprintf$2) refers to printf2.o(i._printf_core) for _printf_core
    printf2.o(i.__0vfprintf$2) refers to usart.o(i.fputc) for fputc
    printf2.o(i.__0vprintf$2) refers to printf2.o(i._printf_core) for _printf_core
    printf2.o(i.__0vprintf$2) refers to usart.o(i.fputc) for fputc
    printf2.o(i.__0vprintf$2) refers to stdout.o(.data) for __stdout
    printf2.o(i.__0vsnprintf$2) refers to printf2.o(i._printf_core) for _printf_core
    printf2.o(i.__0vsnprintf$2) refers to printf2.o(i._snputc) for _snputc
    printf2.o(i.__0vsprintf$2) refers to printf2.o(i._printf_core) for _printf_core
    printf2.o(i.__0vsprintf$2) refers to printf2.o(i._sputc) for _sputc
    printf3.o(i.__0fprintf$3) refers to printf3.o(i._printf_core) for _printf_core
    printf3.o(i.__0fprintf$3) refers to usart.o(i.fputc) for fputc
    printf3.o(i.__0printf$3) refers to printf3.o(i._printf_core) for _printf_core
    printf3.o(i.__0printf$3) refers to usart.o(i.fputc) for fputc
    printf3.o(i.__0printf$3) refers to stdout.o(.data) for __stdout
    printf3.o(i.__0snprintf$3) refers to printf3.o(i._printf_core) for _printf_core
    printf3.o(i.__0snprintf$3) refers to printf3.o(i._snputc) for _snputc
    printf3.o(i.__0sprintf$3) refers to printf3.o(i._printf_core) for _printf_core
    printf3.o(i.__0sprintf$3) refers to printf3.o(i._sputc) for _sputc
    printf3.o(i.__0vfprintf$3) refers to printf3.o(i._printf_core) for _printf_core
    printf3.o(i.__0vfprintf$3) refers to usart.o(i.fputc) for fputc
    printf3.o(i.__0vprintf$3) refers to printf3.o(i._printf_core) for _printf_core
    printf3.o(i.__0vprintf$3) refers to usart.o(i.fputc) for fputc
    printf3.o(i.__0vprintf$3) refers to stdout.o(.data) for __stdout
    printf3.o(i.__0vsnprintf$3) refers to printf3.o(i._printf_core) for _printf_core
    printf3.o(i.__0vsnprintf$3) refers to printf3.o(i._snputc) for _snputc
    printf3.o(i.__0vsprintf$3) refers to printf3.o(i._printf_core) for _printf_core
    printf3.o(i.__0vsprintf$3) refers to printf3.o(i._sputc) for _sputc
    printf3.o(i._printf_core) refers to uidiv.o(.text) for __aeabi_uidivmod
    printf4.o(i.__0fprintf$4) refers to printf4.o(i._printf_core) for _printf_core
    printf4.o(i.__0fprintf$4) refers to usart.o(i.fputc) for fputc
    printf4.o(i.__0printf$4) refers to printf4.o(i._printf_core) for _printf_core
    printf4.o(i.__0printf$4) refers to usart.o(i.fputc) for fputc
    printf4.o(i.__0printf$4) refers to stdout.o(.data) for __stdout
    printf4.o(i.__0snprintf$4) refers to printf4.o(i._printf_core) for _printf_core
    printf4.o(i.__0snprintf$4) refers to printf4.o(i._snputc) for _snputc
    printf4.o(i.__0sprintf$4) refers to printf4.o(i._printf_core) for _printf_core
    printf4.o(i.__0sprintf$4) refers to printf4.o(i._sputc) for _sputc
    printf4.o(i.__0vfprintf$4) refers to printf4.o(i._printf_core) for _printf_core
    printf4.o(i.__0vfprintf$4) refers to usart.o(i.fputc) for fputc
    printf4.o(i.__0vprintf$4) refers to printf4.o(i._printf_core) for _printf_core
    printf4.o(i.__0vprintf$4) refers to usart.o(i.fputc) for fputc
    printf4.o(i.__0vprintf$4) refers to stdout.o(.data) for __stdout
    printf4.o(i.__0vsnprintf$4) refers to printf4.o(i._printf_core) for _printf_core
    printf4.o(i.__0vsnprintf$4) refers to printf4.o(i._snputc) for _snputc
    printf4.o(i.__0vsprintf$4) refers to printf4.o(i._printf_core) for _printf_core
    printf4.o(i.__0vsprintf$4) refers to printf4.o(i._sputc) for _sputc
    printf4.o(i._printf_core) refers to uldiv.o(.text) for __aeabi_uldivmod
    printf5.o(i.__0fprintf$5) refers to printf5.o(i._printf_core) for _printf_core
    printf5.o(i.__0fprintf$5) refers to usart.o(i.fputc) for fputc
    printf5.o(i.__0printf$5) refers to printf5.o(i._printf_core) for _printf_core
    printf5.o(i.__0printf$5) refers to usart.o(i.fputc) for fputc
    printf5.o(i.__0printf$5) refers to stdout.o(.data) for __stdout
    printf5.o(i.__0snprintf$5) refers to printf5.o(i._printf_core) for _printf_core
    printf5.o(i.__0snprintf$5) refers to printf5.o(i._snputc) for _snputc
    printf5.o(i.__0sprintf$5) refers to printf5.o(i._printf_core) for _printf_core
    printf5.o(i.__0sprintf$5) refers to printf5.o(i._sputc) for _sputc
    printf5.o(i.__0vfprintf$5) refers to printf5.o(i._printf_core) for _printf_core
    printf5.o(i.__0vfprintf$5) refers to usart.o(i.fputc) for fputc
    printf5.o(i.__0vprintf$5) refers to printf5.o(i._printf_core) for _printf_core
    printf5.o(i.__0vprintf$5) refers to usart.o(i.fputc) for fputc
    printf5.o(i.__0vprintf$5) refers to stdout.o(.data) for __stdout
    printf5.o(i.__0vsnprintf$5) refers to printf5.o(i._printf_core) for _printf_core
    printf5.o(i.__0vsnprintf$5) refers to printf5.o(i._snputc) for _snputc
    printf5.o(i.__0vsprintf$5) refers to printf5.o(i._printf_core) for _printf_core
    printf5.o(i.__0vsprintf$5) refers to printf5.o(i._sputc) for _sputc
    printf5.o(i._printf_core) refers to uldiv.o(.text) for __aeabi_uldivmod
    printf6.o(i.__0fprintf$6) refers to printf6.o(i._printf_core) for _printf_core
    printf6.o(i.__0fprintf$6) refers to usart.o(i.fputc) for fputc
    printf6.o(i.__0printf$6) refers to printf6.o(i._printf_core) for _printf_core
    printf6.o(i.__0printf$6) refers to usart.o(i.fputc) for fputc
    printf6.o(i.__0printf$6) refers to stdout.o(.data) for __stdout
    printf6.o(i.__0snprintf$6) refers to printf6.o(i._printf_core) for _printf_core
    printf6.o(i.__0snprintf$6) refers to printf6.o(i._snputc) for _snputc
    printf6.o(i.__0sprintf$6) refers to printf6.o(i._printf_core) for _printf_core
    printf6.o(i.__0sprintf$6) refers to printf6.o(i._sputc) for _sputc
    printf6.o(i.__0vfprintf$6) refers to printf6.o(i._printf_core) for _printf_core
    printf6.o(i.__0vfprintf$6) refers to usart.o(i.fputc) for fputc
    printf6.o(i.__0vprintf$6) refers to printf6.o(i._printf_core) for _printf_core
    printf6.o(i.__0vprintf$6) refers to usart.o(i.fputc) for fputc
    printf6.o(i.__0vprintf$6) refers to stdout.o(.data) for __stdout
    printf6.o(i.__0vsnprintf$6) refers to printf6.o(i._printf_core) for _printf_core
    printf6.o(i.__0vsnprintf$6) refers to printf6.o(i._snputc) for _snputc
    printf6.o(i.__0vsprintf$6) refers to printf6.o(i._printf_core) for _printf_core
    printf6.o(i.__0vsprintf$6) refers to printf6.o(i._sputc) for _sputc
    printf6.o(i._printf_core) refers to printf6.o(i._printf_pre_padding) for _printf_pre_padding
    printf6.o(i._printf_core) refers to uidiv.o(.text) for __aeabi_uidivmod
    printf6.o(i._printf_core) refers to printf6.o(i._printf_post_padding) for _printf_post_padding
    printf7.o(i.__0fprintf$7) refers to printf7.o(i._printf_core) for _printf_core
    printf7.o(i.__0fprintf$7) refers to usart.o(i.fputc) for fputc
    printf7.o(i.__0printf$7) refers to printf7.o(i._printf_core) for _printf_core
    printf7.o(i.__0printf$7) refers to usart.o(i.fputc) for fputc
    printf7.o(i.__0printf$7) refers to stdout.o(.data) for __stdout
    printf7.o(i.__0snprintf$7) refers to printf7.o(i._printf_core) for _printf_core
    printf7.o(i.__0snprintf$7) refers to printf7.o(i._snputc) for _snputc
    printf7.o(i.__0sprintf$7) refers to printf7.o(i._printf_core) for _printf_core
    printf7.o(i.__0sprintf$7) refers to printf7.o(i._sputc) for _sputc
    printf7.o(i.__0vfprintf$7) refers to printf7.o(i._printf_core) for _printf_core
    printf7.o(i.__0vfprintf$7) refers to usart.o(i.fputc) for fputc
    printf7.o(i.__0vprintf$7) refers to printf7.o(i._printf_core) for _printf_core
    printf7.o(i.__0vprintf$7) refers to usart.o(i.fputc) for fputc
    printf7.o(i.__0vprintf$7) refers to stdout.o(.data) for __stdout
    printf7.o(i.__0vsnprintf$7) refers to printf7.o(i._printf_core) for _printf_core
    printf7.o(i.__0vsnprintf$7) refers to printf7.o(i._snputc) for _snputc
    printf7.o(i.__0vsprintf$7) refers to printf7.o(i._printf_core) for _printf_core
    printf7.o(i.__0vsprintf$7) refers to printf7.o(i._sputc) for _sputc
    printf7.o(i._printf_core) refers to printf7.o(i._printf_pre_padding) for _printf_pre_padding
    printf7.o(i._printf_core) refers to uldiv.o(.text) for __aeabi_uldivmod
    printf7.o(i._printf_core) refers to printf7.o(i._printf_post_padding) for _printf_post_padding
    printf8.o(i.__0fprintf$8) refers to printf8.o(i._printf_core) for _printf_core
    printf8.o(i.__0fprintf$8) refers to usart.o(i.fputc) for fputc
    printf8.o(i.__0printf$8) refers to printf8.o(i._printf_core) for _printf_core
    printf8.o(i.__0printf$8) refers to usart.o(i.fputc) for fputc
    printf8.o(i.__0printf$8) refers to stdout.o(.data) for __stdout
    printf8.o(i.__0snprintf$8) refers to printf8.o(i._printf_core) for _printf_core
    printf8.o(i.__0snprintf$8) refers to printf8.o(i._snputc) for _snputc
    printf8.o(i.__0sprintf$8) refers to printf8.o(i._printf_core) for _printf_core
    printf8.o(i.__0sprintf$8) refers to printf8.o(i._sputc) for _sputc
    printf8.o(i.__0vfprintf$8) refers to printf8.o(i._printf_core) for _printf_core
    printf8.o(i.__0vfprintf$8) refers to usart.o(i.fputc) for fputc
    printf8.o(i.__0vprintf$8) refers to printf8.o(i._printf_core) for _printf_core
    printf8.o(i.__0vprintf$8) refers to usart.o(i.fputc) for fputc
    printf8.o(i.__0vprintf$8) refers to stdout.o(.data) for __stdout
    printf8.o(i.__0vsnprintf$8) refers to printf8.o(i._printf_core) for _printf_core
    printf8.o(i.__0vsnprintf$8) refers to printf8.o(i._snputc) for _snputc
    printf8.o(i.__0vsprintf$8) refers to printf8.o(i._printf_core) for _printf_core
    printf8.o(i.__0vsprintf$8) refers to printf8.o(i._sputc) for _sputc
    printf8.o(i._printf_core) refers to printf8.o(i._printf_pre_padding) for _printf_pre_padding
    printf8.o(i._printf_core) refers to uldiv.o(.text) for __aeabi_uldivmod
    printf8.o(i._printf_core) refers to printf8.o(i._printf_post_padding) for _printf_post_padding
    printfa.o(i.__0fprintf) refers (Special) to iusefp.o(.text) for __I$use$fp
    printfa.o(i.__0fprintf) refers to printfa.o(i._printf_core) for _printf_core
    printfa.o(i.__0fprintf) refers to usart.o(i.fputc) for fputc
    printfa.o(i.__0printf) refers (Special) to iusefp.o(.text) for __I$use$fp
    printfa.o(i.__0printf) refers to printfa.o(i._printf_core) for _printf_core
    printfa.o(i.__0printf) refers to usart.o(i.fputc) for fputc
    printfa.o(i.__0printf) refers to stdout.o(.data) for __stdout
    printfa.o(i.__0snprintf) refers (Special) to iusefp.o(.text) for __I$use$fp
    printfa.o(i.__0snprintf) refers to printfa.o(i._printf_core) for _printf_core
    printfa.o(i.__0snprintf) refers to printfa.o(i._snputc) for _snputc
    printfa.o(i.__0sprintf) refers (Special) to iusefp.o(.text) for __I$use$fp
    printfa.o(i.__0sprintf) refers to printfa.o(i._printf_core) for _printf_core
    printfa.o(i.__0sprintf) refers to printfa.o(i._sputc) for _sputc
    printfa.o(i.__0vfprintf) refers (Special) to iusefp.o(.text) for __I$use$fp
    printfa.o(i.__0vfprintf) refers to printfa.o(i._printf_core) for _printf_core
    printfa.o(i.__0vfprintf) refers to usart.o(i.fputc) for fputc
    printfa.o(i.__0vprintf) refers (Special) to iusefp.o(.text) for __I$use$fp
    printfa.o(i.__0vprintf) refers to printfa.o(i._printf_core) for _printf_core
    printfa.o(i.__0vprintf) refers to usart.o(i.fputc) for fputc
    printfa.o(i.__0vprintf) refers to stdout.o(.data) for __stdout
    printfa.o(i.__0vsnprintf) refers (Special) to iusefp.o(.text) for __I$use$fp
    printfa.o(i.__0vsnprintf) refers to printfa.o(i._printf_core) for _printf_core
    printfa.o(i.__0vsnprintf) refers to printfa.o(i._snputc) for _snputc
    printfa.o(i.__0vsprintf) refers (Special) to iusefp.o(.text) for __I$use$fp
    printfa.o(i.__0vsprintf) refers to printfa.o(i._printf_core) for _printf_core
    printfa.o(i.__0vsprintf) refers to printfa.o(i._sputc) for _sputc
    printfa.o(i._fp_digits) refers (Special) to iusefp.o(.text) for __I$use$fp
    printfa.o(i._fp_digits) refers to dmul.o(.text) for __aeabi_dmul
    printfa.o(i._fp_digits) refers to ddiv.o(.text) for __aeabi_ddiv
    printfa.o(i._fp_digits) refers to cdrcmple.o(.text) for __aeabi_cdrcmple
    printfa.o(i._fp_digits) refers to dadd.o(.text) for __aeabi_dadd
    printfa.o(i._fp_digits) refers to dfixul.o(.text) for __aeabi_d2ulz
    printfa.o(i._fp_digits) refers to uldiv.o(.text) for __aeabi_uldivmod
    printfa.o(i._printf_core) refers (Special) to iusefp.o(.text) for __I$use$fp
    printfa.o(i._printf_core) refers to printfa.o(i._printf_pre_padding) for _printf_pre_padding
    printfa.o(i._printf_core) refers to uldiv.o(.text) for __aeabi_uldivmod
    printfa.o(i._printf_core) refers to printfa.o(i._printf_post_padding) for _printf_post_padding
    printfa.o(i._printf_core) refers to printfa.o(i._fp_digits) for _fp_digits
    printfa.o(i._printf_core) refers to uidiv.o(.text) for __aeabi_uidivmod
    printfa.o(i._printf_post_padding) refers (Special) to iusefp.o(.text) for __I$use$fp
    printfa.o(i._printf_pre_padding) refers (Special) to iusefp.o(.text) for __I$use$fp
    printfa.o(i._snputc) refers (Special) to iusefp.o(.text) for __I$use$fp
    printfa.o(i._sputc) refers (Special) to iusefp.o(.text) for __I$use$fp
    entry2.o(.ARM.Collect$$$$00000001) refers to entry2.o(.ARM.Collect$$$$00002712) for __lit__00000000
    entry2.o(.ARM.Collect$$$$00002712) refers to startup_gd32f450_470.o(STACK) for __initial_sp
    entry2.o(__vectab_stack_and_reset_area) refers to startup_gd32f450_470.o(STACK) for __initial_sp
    entry2.o(__vectab_stack_and_reset_area) refers to entry.o(.ARM.Collect$$$$00000000) for __main
    entry5.o(.ARM.Collect$$$$00000004) refers to init.o(.text) for __scatterload
    entry9a.o(.ARM.Collect$$$$0000000B) refers to main.o(i.main) for main
    entry9b.o(.ARM.Collect$$$$0000000C) refers to main.o(i.main) for main
    uldiv.o(.text) refers to llushr.o(.text) for __aeabi_llsr
    uldiv.o(.text) refers to llshl.o(.text) for __aeabi_llsl
    dadd.o(.text) refers to llshl.o(.text) for __aeabi_llsl
    dadd.o(.text) refers to llsshr.o(.text) for __aeabi_lasr
    dadd.o(.text) refers to depilogue.o(.text) for _double_epilogue
    dmul.o(.text) refers to depilogue.o(.text) for _double_epilogue
    ddiv.o(.text) refers to depilogue.o(.text) for _double_round
    dfixul.o(.text) refers to llushr.o(.text) for __aeabi_llsr
    dfixul.o(.text) refers to llshl.o(.text) for __aeabi_llsl
    init.o(.text) refers to entry5.o(.ARM.Collect$$$$00000004) for __main_after_scatterload
    depilogue.o(.text) refers to llshl.o(.text) for __aeabi_llsl
    depilogue.o(.text) refers to llushr.o(.text) for __aeabi_llsr


==============================================================================

Removing Unused input sections from the image.

    Removing gd32f4xx_it.o(.rev16_text), (4 bytes).
    Removing gd32f4xx_it.o(.revsh_text), (4 bytes).
    Removing main.o(.rev16_text), (4 bytes).
    Removing main.o(.revsh_text), (4 bytes).
    Removing systick.o(.rev16_text), (4 bytes).
    Removing systick.o(.revsh_text), (4 bytes).
    Removing usart.o(.rev16_text), (4 bytes).
    Removing usart.o(.revsh_text), (4 bytes).
    Removing bsp_dac.o(.rev16_text), (4 bytes).
    Removing bsp_dac.o(.revsh_text), (4 bytes).
    Removing gd32f4xx_gpio.o(.rev16_text), (4 bytes).
    Removing gd32f4xx_gpio.o(.revsh_text), (4 bytes).
    Removing gd32f4xx_gpio.o(i.gpio_bit_toggle), (4 bytes).
    Removing gd32f4xx_gpio.o(i.gpio_bit_write), (10 bytes).
    Removing gd32f4xx_gpio.o(i.gpio_deinit), (206 bytes).
    Removing gd32f4xx_gpio.o(i.gpio_input_bit_get), (18 bytes).
    Removing gd32f4xx_gpio.o(i.gpio_input_port_get), (8 bytes).
    Removing gd32f4xx_gpio.o(i.gpio_output_bit_get), (18 bytes).
    Removing gd32f4xx_gpio.o(i.gpio_output_port_get), (8 bytes).
    Removing gd32f4xx_gpio.o(i.gpio_pin_lock), (18 bytes).
    Removing gd32f4xx_gpio.o(i.gpio_port_toggle), (8 bytes).
    Removing gd32f4xx_gpio.o(i.gpio_port_write), (4 bytes).
    Removing gd32f4xx_rcu.o(.rev16_text), (4 bytes).
    Removing gd32f4xx_rcu.o(.revsh_text), (4 bytes).
    Removing gd32f4xx_rcu.o(i.rcu_ahb_clock_config), (24 bytes).
    Removing gd32f4xx_rcu.o(i.rcu_all_reset_flag_clear), (20 bytes).
    Removing gd32f4xx_rcu.o(i.rcu_apb1_clock_config), (24 bytes).
    Removing gd32f4xx_rcu.o(i.rcu_apb2_clock_config), (24 bytes).
    Removing gd32f4xx_rcu.o(i.rcu_bkp_reset_disable), (20 bytes).
    Removing gd32f4xx_rcu.o(i.rcu_bkp_reset_enable), (20 bytes).
    Removing gd32f4xx_rcu.o(i.rcu_ck48m_clock_config), (24 bytes).
    Removing gd32f4xx_rcu.o(i.rcu_ckout0_config), (28 bytes).
    Removing gd32f4xx_rcu.o(i.rcu_ckout1_config), (28 bytes).
    Removing gd32f4xx_rcu.o(i.rcu_deepsleep_voltage_set), (16 bytes).
    Removing gd32f4xx_rcu.o(i.rcu_deinit), (140 bytes).
    Removing gd32f4xx_rcu.o(i.rcu_flag_get), (40 bytes).
    Removing gd32f4xx_rcu.o(i.rcu_hxtal_clock_monitor_disable), (20 bytes).
    Removing gd32f4xx_rcu.o(i.rcu_hxtal_clock_monitor_enable), (20 bytes).
    Removing gd32f4xx_rcu.o(i.rcu_i2s_clock_config), (24 bytes).
    Removing gd32f4xx_rcu.o(i.rcu_interrupt_disable), (36 bytes).
    Removing gd32f4xx_rcu.o(i.rcu_interrupt_enable), (36 bytes).
    Removing gd32f4xx_rcu.o(i.rcu_interrupt_flag_clear), (36 bytes).
    Removing gd32f4xx_rcu.o(i.rcu_interrupt_flag_get), (40 bytes).
    Removing gd32f4xx_rcu.o(i.rcu_irc16m_adjust_value_set), (28 bytes).
    Removing gd32f4xx_rcu.o(i.rcu_lxtal_drive_capability_config), (24 bytes).
    Removing gd32f4xx_rcu.o(i.rcu_osci_bypass_mode_disable), (116 bytes).
    Removing gd32f4xx_rcu.o(i.rcu_osci_bypass_mode_enable), (116 bytes).
    Removing gd32f4xx_rcu.o(i.rcu_osci_off), (36 bytes).
    Removing gd32f4xx_rcu.o(i.rcu_osci_on), (36 bytes).
    Removing gd32f4xx_rcu.o(i.rcu_osci_stab_wait), (348 bytes).
    Removing gd32f4xx_rcu.o(i.rcu_periph_clock_disable), (36 bytes).
    Removing gd32f4xx_rcu.o(i.rcu_periph_clock_sleep_disable), (36 bytes).
    Removing gd32f4xx_rcu.o(i.rcu_periph_clock_sleep_enable), (36 bytes).
    Removing gd32f4xx_rcu.o(i.rcu_pll48m_clock_config), (24 bytes).
    Removing gd32f4xx_rcu.o(i.rcu_pll_config), (140 bytes).
    Removing gd32f4xx_rcu.o(i.rcu_plli2s_config), (44 bytes).
    Removing gd32f4xx_rcu.o(i.rcu_pllsai_config), (72 bytes).
    Removing gd32f4xx_rcu.o(i.rcu_rtc_clock_config), (24 bytes).
    Removing gd32f4xx_rcu.o(i.rcu_rtc_div_config), (24 bytes).
    Removing gd32f4xx_rcu.o(i.rcu_spread_spectrum_config), (32 bytes).
    Removing gd32f4xx_rcu.o(i.rcu_spread_spectrum_disable), (20 bytes).
    Removing gd32f4xx_rcu.o(i.rcu_spread_spectrum_enable), (20 bytes).
    Removing gd32f4xx_rcu.o(i.rcu_system_clock_source_config), (24 bytes).
    Removing gd32f4xx_rcu.o(i.rcu_system_clock_source_get), (16 bytes).
    Removing gd32f4xx_rcu.o(i.rcu_timer_clock_prescaler_config), (36 bytes).
    Removing gd32f4xx_rcu.o(i.rcu_tli_clock_div_config), (24 bytes).
    Removing gd32f4xx_rcu.o(i.rcu_voltage_key_unlock), (16 bytes).
    Removing gd32f4xx_misc.o(.rev16_text), (4 bytes).
    Removing gd32f4xx_misc.o(.revsh_text), (4 bytes).
    Removing gd32f4xx_misc.o(i.nvic_irq_disable), (28 bytes).
    Removing gd32f4xx_misc.o(i.nvic_irq_enable), (264 bytes).
    Removing gd32f4xx_misc.o(i.nvic_priority_group_set), (20 bytes).
    Removing gd32f4xx_misc.o(i.system_lowpower_reset), (16 bytes).
    Removing gd32f4xx_misc.o(i.system_lowpower_set), (16 bytes).
    Removing gd32f4xx_misc.o(i.systick_clksource_set), (40 bytes).
    Removing gd32f4xx_usart.o(.rev16_text), (4 bytes).
    Removing gd32f4xx_usart.o(.revsh_text), (4 bytes).
    Removing gd32f4xx_usart.o(i.usart_address_config), (20 bytes).
    Removing gd32f4xx_usart.o(i.usart_block_length_config), (28 bytes).
    Removing gd32f4xx_usart.o(i.usart_break_frame_coherence_config), (24 bytes).
    Removing gd32f4xx_usart.o(i.usart_data_first_config), (20 bytes).
    Removing gd32f4xx_usart.o(i.usart_data_receive), (10 bytes).
    Removing gd32f4xx_usart.o(i.usart_disable), (10 bytes).
    Removing gd32f4xx_usart.o(i.usart_dma_receive_config), (20 bytes).
    Removing gd32f4xx_usart.o(i.usart_dma_transmit_config), (20 bytes).
    Removing gd32f4xx_usart.o(i.usart_flag_clear), (52 bytes).
    Removing gd32f4xx_usart.o(i.usart_guard_time_config), (24 bytes).
    Removing gd32f4xx_usart.o(i.usart_halfduplex_disable), (10 bytes).
    Removing gd32f4xx_usart.o(i.usart_halfduplex_enable), (10 bytes).
    Removing gd32f4xx_usart.o(i.usart_hardware_flow_cts_config), (20 bytes).
    Removing gd32f4xx_usart.o(i.usart_hardware_flow_rts_config), (20 bytes).
    Removing gd32f4xx_usart.o(i.usart_interrupt_disable), (26 bytes).
    Removing gd32f4xx_usart.o(i.usart_interrupt_enable), (26 bytes).
    Removing gd32f4xx_usart.o(i.usart_interrupt_flag_clear), (26 bytes).
    Removing gd32f4xx_usart.o(i.usart_interrupt_flag_get), (58 bytes).
    Removing gd32f4xx_usart.o(i.usart_invert_config), (104 bytes).
    Removing gd32f4xx_usart.o(i.usart_irda_lowpower_config), (20 bytes).
    Removing gd32f4xx_usart.o(i.usart_irda_mode_disable), (10 bytes).
    Removing gd32f4xx_usart.o(i.usart_irda_mode_enable), (10 bytes).
    Removing gd32f4xx_usart.o(i.usart_lin_break_detection_length_config), (20 bytes).
    Removing gd32f4xx_usart.o(i.usart_lin_mode_disable), (10 bytes).
    Removing gd32f4xx_usart.o(i.usart_lin_mode_enable), (10 bytes).
    Removing gd32f4xx_usart.o(i.usart_mute_mode_disable), (10 bytes).
    Removing gd32f4xx_usart.o(i.usart_mute_mode_enable), (10 bytes).
    Removing gd32f4xx_usart.o(i.usart_mute_mode_wakeup_config), (16 bytes).
    Removing gd32f4xx_usart.o(i.usart_oversample_config), (16 bytes).
    Removing gd32f4xx_usart.o(i.usart_parity_check_coherence_config), (24 bytes).
    Removing gd32f4xx_usart.o(i.usart_prescaler_config), (16 bytes).
    Removing gd32f4xx_usart.o(i.usart_receiver_timeout_disable), (14 bytes).
    Removing gd32f4xx_usart.o(i.usart_receiver_timeout_enable), (14 bytes).
    Removing gd32f4xx_usart.o(i.usart_receiver_timeout_threshold_config), (20 bytes).
    Removing gd32f4xx_usart.o(i.usart_sample_bit_config), (16 bytes).
    Removing gd32f4xx_usart.o(i.usart_send_break), (10 bytes).
    Removing gd32f4xx_usart.o(i.usart_smartcard_autoretry_config), (26 bytes).
    Removing gd32f4xx_usart.o(i.usart_smartcard_mode_disable), (10 bytes).
    Removing gd32f4xx_usart.o(i.usart_smartcard_mode_enable), (10 bytes).
    Removing gd32f4xx_usart.o(i.usart_smartcard_mode_nack_disable), (10 bytes).
    Removing gd32f4xx_usart.o(i.usart_smartcard_mode_nack_enable), (10 bytes).
    Removing gd32f4xx_usart.o(i.usart_synchronous_clock_config), (34 bytes).
    Removing gd32f4xx_usart.o(i.usart_synchronous_clock_disable), (10 bytes).
    Removing gd32f4xx_usart.o(i.usart_synchronous_clock_enable), (10 bytes).
    Removing gd32f4xx_dac.o(.rev16_text), (4 bytes).
    Removing gd32f4xx_dac.o(.revsh_text), (4 bytes).
    Removing gd32f4xx_dac.o(i.dac_concurrent_data_set), (48 bytes).
    Removing gd32f4xx_dac.o(i.dac_concurrent_disable), (14 bytes).
    Removing gd32f4xx_dac.o(i.dac_concurrent_enable), (14 bytes).
    Removing gd32f4xx_dac.o(i.dac_concurrent_output_buffer_disable), (14 bytes).
    Removing gd32f4xx_dac.o(i.dac_concurrent_output_buffer_enable), (14 bytes).
    Removing gd32f4xx_dac.o(i.dac_concurrent_software_trigger_enable), (12 bytes).
    Removing gd32f4xx_dac.o(i.dac_disable), (26 bytes).
    Removing gd32f4xx_dac.o(i.dac_dma_disable), (26 bytes).
    Removing gd32f4xx_dac.o(i.dac_dma_enable), (26 bytes).
    Removing gd32f4xx_dac.o(i.dac_flag_clear), (14 bytes).
    Removing gd32f4xx_dac.o(i.dac_flag_get), (24 bytes).
    Removing gd32f4xx_dac.o(i.dac_interrupt_disable), (18 bytes).
    Removing gd32f4xx_dac.o(i.dac_interrupt_enable), (18 bytes).
    Removing gd32f4xx_dac.o(i.dac_interrupt_flag_clear), (14 bytes).
    Removing gd32f4xx_dac.o(i.dac_interrupt_flag_get), (40 bytes).
    Removing gd32f4xx_dac.o(i.dac_lfsr_noise_config), (40 bytes).
    Removing gd32f4xx_dac.o(i.dac_output_buffer_disable), (26 bytes).
    Removing gd32f4xx_dac.o(i.dac_output_value_get), (22 bytes).
    Removing gd32f4xx_dac.o(i.dac_software_trigger_enable), (26 bytes).
    Removing gd32f4xx_dac.o(i.dac_triangle_noise_config), (40 bytes).
    Removing gd32f4xx_dac.o(i.dac_trigger_enable), (26 bytes).
    Removing gd32f4xx_dac.o(i.dac_trigger_source_config), (40 bytes).
    Removing startup_gd32f450_470.o(HEAP), (1024 bytes).
    Removing system_gd32f4xx.o(.rev16_text), (4 bytes).
    Removing system_gd32f4xx.o(.revsh_text), (4 bytes).
    Removing system_gd32f4xx.o(i.SystemCoreClockUpdate), (272 bytes).
    Removing system_gd32f4xx.o(i.gd32f4xx_firmware_version_get), (8 bytes).
    Removing dadd.o(.text), (334 bytes).
    Removing dmul.o(.text), (228 bytes).
    Removing ddiv.o(.text), (222 bytes).
    Removing dfixul.o(.text), (48 bytes).
    Removing cdrcmple.o(.text), (48 bytes).
    Removing depilogue.o(.text), (186 bytes).

156 unused section(s) (total 6528 bytes) removed from the image.

==============================================================================

Image Symbol Table

    Local Symbols

    Symbol Name                              Value     Ov Type        Size  Object(Section)

    ../clib/microlib/division.c              0x00000000   Number         0  uldiv.o ABSOLUTE
    ../clib/microlib/division.c              0x00000000   Number         0  uidiv.o ABSOLUTE
    ../clib/microlib/init/entry.s            0x00000000   Number         0  entry9b.o ABSOLUTE
    ../clib/microlib/init/entry.s            0x00000000   Number         0  entry2.o ABSOLUTE
    ../clib/microlib/init/entry.s            0x00000000   Number         0  entry8a.o ABSOLUTE
    ../clib/microlib/init/entry.s            0x00000000   Number         0  entry12a.o ABSOLUTE
    ../clib/microlib/init/entry.s            0x00000000   Number         0  entry9a.o ABSOLUTE
    ../clib/microlib/init/entry.s            0x00000000   Number         0  entry12b.o ABSOLUTE
    ../clib/microlib/init/entry.s            0x00000000   Number         0  entry10a.o ABSOLUTE
    ../clib/microlib/init/entry.s            0x00000000   Number         0  entry10b.o ABSOLUTE
    ../clib/microlib/init/entry.s            0x00000000   Number         0  entry8b.o ABSOLUTE
    ../clib/microlib/init/entry.s            0x00000000   Number         0  entry11a.o ABSOLUTE
    ../clib/microlib/init/entry.s            0x00000000   Number         0  entry11b.o ABSOLUTE
    ../clib/microlib/init/entry.s            0x00000000   Number         0  entry.o ABSOLUTE
    ../clib/microlib/init/entry.s            0x00000000   Number         0  entry7b.o ABSOLUTE
    ../clib/microlib/init/entry.s            0x00000000   Number         0  entry7a.o ABSOLUTE
    ../clib/microlib/init/entry.s            0x00000000   Number         0  entry5.o ABSOLUTE
    ../clib/microlib/longlong.c              0x00000000   Number         0  llsshr.o ABSOLUTE
    ../clib/microlib/longlong.c              0x00000000   Number         0  llushr.o ABSOLUTE
    ../clib/microlib/longlong.c              0x00000000   Number         0  llshl.o ABSOLUTE
    ../clib/microlib/printf/printf.c         0x00000000   Number         0  printf3.o ABSOLUTE
    ../clib/microlib/printf/printf.c         0x00000000   Number         0  printf4.o ABSOLUTE
    ../clib/microlib/printf/printf.c         0x00000000   Number         0  printf5.o ABSOLUTE
    ../clib/microlib/printf/printf.c         0x00000000   Number         0  printfa.o ABSOLUTE
    ../clib/microlib/printf/printf.c         0x00000000   Number         0  printf6.o ABSOLUTE
    ../clib/microlib/printf/printf.c         0x00000000   Number         0  printfb.o ABSOLUTE
    ../clib/microlib/printf/printf.c         0x00000000   Number         0  printf7.o ABSOLUTE
    ../clib/microlib/printf/printf.c         0x00000000   Number         0  printf8.o ABSOLUTE
    ../clib/microlib/printf/printf.c         0x00000000   Number         0  printf0.o ABSOLUTE
    ../clib/microlib/printf/printf.c         0x00000000   Number         0  printf1.o ABSOLUTE
    ../clib/microlib/printf/printf.c         0x00000000   Number         0  printf2.o ABSOLUTE
    ../clib/microlib/printf/stubs.s          0x00000000   Number         0  stubs.o ABSOLUTE
    ../clib/microlib/stdio/streams.c         0x00000000   Number         0  stdout.o ABSOLUTE
    ../clib/microlib/stubs.s                 0x00000000   Number         0  iusefp.o ABSOLUTE
    ../fplib/microlib/fpadd.c                0x00000000   Number         0  dadd.o ABSOLUTE
    ../fplib/microlib/fpdiv.c                0x00000000   Number         0  ddiv.o ABSOLUTE
    ../fplib/microlib/fpepilogue.c           0x00000000   Number         0  depilogue.o ABSOLUTE
    ../fplib/microlib/fpfix.c                0x00000000   Number         0  dfixul.o ABSOLUTE
    ../fplib/microlib/fpmul.c                0x00000000   Number         0  dmul.o ABSOLUTE
    ..\Firmware\CMSIS\GD\GD32F4xx\Source\ARM\startup_gd32f450_470.s 0x00000000   Number         0  startup_gd32f450_470.o ABSOLUTE
    ..\Firmware\CMSIS\GD\GD32F4xx\Source\system_gd32f4xx.c 0x00000000   Number         0  system_gd32f4xx.o ABSOLUTE
    ..\Firmware\GD32F4xx_standard_peripheral\Source\gd32f4xx_dac.c 0x00000000   Number         0  gd32f4xx_dac.o ABSOLUTE
    ..\Firmware\GD32F4xx_standard_peripheral\Source\gd32f4xx_gpio.c 0x00000000   Number         0  gd32f4xx_gpio.o ABSOLUTE
    ..\Firmware\GD32F4xx_standard_peripheral\Source\gd32f4xx_misc.c 0x00000000   Number         0  gd32f4xx_misc.o ABSOLUTE
    ..\Firmware\GD32F4xx_standard_peripheral\Source\gd32f4xx_rcu.c 0x00000000   Number         0  gd32f4xx_rcu.o ABSOLUTE
    ..\Firmware\GD32F4xx_standard_peripheral\Source\gd32f4xx_usart.c 0x00000000   Number         0  gd32f4xx_usart.o ABSOLUTE
    ..\User\bsp_dac.c                        0x00000000   Number         0  bsp_dac.o ABSOLUTE
    ..\User\gd32f4xx_it.c                    0x00000000   Number         0  gd32f4xx_it.o ABSOLUTE
    ..\User\main.c                           0x00000000   Number         0  main.o ABSOLUTE
    ..\User\systick.c                        0x00000000   Number         0  systick.o ABSOLUTE
    ..\User\usart.c                          0x00000000   Number         0  usart.o ABSOLUTE
    ..\\Firmware\\CMSIS\\GD\\GD32F4xx\\Source\\system_gd32f4xx.c 0x00000000   Number         0  system_gd32f4xx.o ABSOLUTE
    ..\\Firmware\\GD32F4xx_standard_peripheral\\Source\\gd32f4xx_dac.c 0x00000000   Number         0  gd32f4xx_dac.o ABSOLUTE
    ..\\Firmware\\GD32F4xx_standard_peripheral\\Source\\gd32f4xx_gpio.c 0x00000000   Number         0  gd32f4xx_gpio.o ABSOLUTE
    ..\\Firmware\\GD32F4xx_standard_peripheral\\Source\\gd32f4xx_misc.c 0x00000000   Number         0  gd32f4xx_misc.o ABSOLUTE
    ..\\Firmware\\GD32F4xx_standard_peripheral\\Source\\gd32f4xx_rcu.c 0x00000000   Number         0  gd32f4xx_rcu.o ABSOLUTE
    ..\\Firmware\\GD32F4xx_standard_peripheral\\Source\\gd32f4xx_usart.c 0x00000000   Number         0  gd32f4xx_usart.o ABSOLUTE
    ..\\User\\bsp_dac.c                      0x00000000   Number         0  bsp_dac.o ABSOLUTE
    ..\\User\\gd32f4xx_it.c                  0x00000000   Number         0  gd32f4xx_it.o ABSOLUTE
    ..\\User\\main.c                         0x00000000   Number         0  main.o ABSOLUTE
    ..\\User\\systick.c                      0x00000000   Number         0  systick.o ABSOLUTE
    ..\\User\\usart.c                        0x00000000   Number         0  usart.o ABSOLUTE
    cdrcmple.s                               0x00000000   Number         0  cdrcmple.o ABSOLUTE
    dc.s                                     0x00000000   Number         0  dc.o ABSOLUTE
    handlers.s                               0x00000000   Number         0  handlers.o ABSOLUTE
    init.s                                   0x00000000   Number         0  init.o ABSOLUTE
    RESET                                    0x08000000   Section      428  startup_gd32f450_470.o(RESET)
    .ARM.Collect$$$$00000000                 0x080001ac   Section        0  entry.o(.ARM.Collect$$$$00000000)
    .ARM.Collect$$$$00000001                 0x080001ac   Section        4  entry2.o(.ARM.Collect$$$$00000001)
    .ARM.Collect$$$$00000004                 0x080001b0   Section        4  entry5.o(.ARM.Collect$$$$00000004)
    .ARM.Collect$$$$00000008                 0x080001b4   Section        0  entry7b.o(.ARM.Collect$$$$00000008)
    .ARM.Collect$$$$0000000A                 0x080001b4   Section        0  entry8b.o(.ARM.Collect$$$$0000000A)
    .ARM.Collect$$$$0000000B                 0x080001b4   Section        8  entry9a.o(.ARM.Collect$$$$0000000B)
    .ARM.Collect$$$$0000000E                 0x080001bc   Section        4  entry12b.o(.ARM.Collect$$$$0000000E)
    .ARM.Collect$$$$0000000F                 0x080001c0   Section        0  entry10a.o(.ARM.Collect$$$$0000000F)
    .ARM.Collect$$$$00000011                 0x080001c0   Section        0  entry11a.o(.ARM.Collect$$$$00000011)
    .ARM.Collect$$$$00002712                 0x080001c0   Section        4  entry2.o(.ARM.Collect$$$$00002712)
    __lit__00000000                          0x080001c0   Data           4  entry2.o(.ARM.Collect$$$$00002712)
    .text                                    0x080001c4   Section       36  startup_gd32f450_470.o(.text)
    $v0                                      0x080001c4   Number         0  startup_gd32f450_470.o(.text)
    .text                                    0x080001e8   Section        0  uidiv.o(.text)
    .text                                    0x08000214   Section       36  init.o(.text)
    i.BusFault_Handler                       0x08000238   Section        0  gd32f4xx_it.o(i.BusFault_Handler)
    i.DebugMon_Handler                       0x0800023c   Section        0  gd32f4xx_it.o(i.DebugMon_Handler)
    i.HardFault_Handler                      0x08000240   Section        0  gd32f4xx_it.o(i.HardFault_Handler)
    i.MemManage_Handler                      0x08000244   Section        0  gd32f4xx_it.o(i.MemManage_Handler)
    i.NMI_Handler                            0x08000248   Section        0  gd32f4xx_it.o(i.NMI_Handler)
    i.NVIC_SetPriority                       0x0800024c   Section        0  systick.o(i.NVIC_SetPriority)
    NVIC_SetPriority                         0x0800024d   Thumb Code    32  systick.o(i.NVIC_SetPriority)
    i.PendSV_Handler                         0x08000274   Section        0  gd32f4xx_it.o(i.PendSV_Handler)
    i.SVC_Handler                            0x08000278   Section        0  gd32f4xx_it.o(i.SVC_Handler)
    i.SysTick_Handler                        0x0800027c   Section        0  gd32f4xx_it.o(i.SysTick_Handler)
    i.SystemInit                             0x08000284   Section        0  system_gd32f4xx.o(i.SystemInit)
    i.UsageFault_Handler                     0x0800040c   Section        0  gd32f4xx_it.o(i.UsageFault_Handler)
    i.__0printf$1                            0x08000410   Section        0  printf1.o(i.__0printf$1)
    i.__scatterload_copy                     0x08000430   Section       14  handlers.o(i.__scatterload_copy)
    i.__scatterload_null                     0x0800043e   Section        2  handlers.o(i.__scatterload_null)
    i.__scatterload_zeroinit                 0x08000440   Section       14  handlers.o(i.__scatterload_zeroinit)
    i._printf_core                           0x08000450   Section        0  printf1.o(i._printf_core)
    _printf_core                             0x08000451   Thumb Code   336  printf1.o(i._printf_core)
    i._soft_delay_                           0x080005a4   Section        0  system_gd32f4xx.o(i._soft_delay_)
    _soft_delay_                             0x080005a5   Thumb Code    28  system_gd32f4xx.o(i._soft_delay_)
    i.bsp_dac_init                           0x080005c0   Section        0  bsp_dac.o(i.bsp_dac_init)
    i.bsp_dac_set_voltage                    0x08000634   Section        0  bsp_dac.o(i.bsp_dac_set_voltage)
    i.dac_data_set                           0x08000718   Section        0  gd32f4xx_dac.o(i.dac_data_set)
    i.dac_deinit                             0x08000758   Section        0  gd32f4xx_dac.o(i.dac_deinit)
    i.dac_enable                             0x08000780   Section        0  gd32f4xx_dac.o(i.dac_enable)
    i.dac_output_buffer_enable               0x0800079a   Section        0  gd32f4xx_dac.o(i.dac_output_buffer_enable)
    i.dac_trigger_disable                    0x080007b4   Section        0  gd32f4xx_dac.o(i.dac_trigger_disable)
    i.dac_wave_mode_config                   0x080007ce   Section        0  gd32f4xx_dac.o(i.dac_wave_mode_config)
    i.delay_1ms                              0x080007f8   Section        0  systick.o(i.delay_1ms)
    i.delay_decrement                        0x0800080c   Section        0  systick.o(i.delay_decrement)
    i.fputc                                  0x08000824   Section        0  usart.o(i.fputc)
    i.gpio_af_set                            0x08000848   Section        0  gd32f4xx_gpio.o(i.gpio_af_set)
    i.gpio_bit_reset                         0x080008a6   Section        0  gd32f4xx_gpio.o(i.gpio_bit_reset)
    i.gpio_bit_set                           0x080008aa   Section        0  gd32f4xx_gpio.o(i.gpio_bit_set)
    i.gpio_mode_set                          0x080008ae   Section        0  gd32f4xx_gpio.o(i.gpio_mode_set)
    i.gpio_output_options_set                0x080008fc   Section        0  gd32f4xx_gpio.o(i.gpio_output_options_set)
    i.main                                   0x08000940   Section        0  main.o(i.main)
    i.nvic_vector_table_set                  0x080009e8   Section        0  gd32f4xx_misc.o(i.nvic_vector_table_set)
    i.rcu_clock_freq_get                     0x08000a00   Section        0  gd32f4xx_rcu.o(i.rcu_clock_freq_get)
    i.rcu_periph_clock_enable                0x08000b24   Section        0  gd32f4xx_rcu.o(i.rcu_periph_clock_enable)
    i.rcu_periph_reset_disable               0x08000b48   Section        0  gd32f4xx_rcu.o(i.rcu_periph_reset_disable)
    i.rcu_periph_reset_enable                0x08000b6c   Section        0  gd32f4xx_rcu.o(i.rcu_periph_reset_enable)
    i.system_clock_200m_25m_hxtal            0x08000b90   Section        0  system_gd32f4xx.o(i.system_clock_200m_25m_hxtal)
    system_clock_200m_25m_hxtal              0x08000b91   Thumb Code   258  system_gd32f4xx.o(i.system_clock_200m_25m_hxtal)
    i.system_clock_config                    0x08000ca0   Section        0  system_gd32f4xx.o(i.system_clock_config)
    system_clock_config                      0x08000ca1   Thumb Code     8  system_gd32f4xx.o(i.system_clock_config)
    i.systick_config                         0x08000ca8   Section        0  systick.o(i.systick_config)
    i.usart_baudrate_set                     0x08000cf8   Section        0  gd32f4xx_usart.o(i.usart_baudrate_set)
    i.usart_data_transmit                    0x08000de0   Section        0  gd32f4xx_usart.o(i.usart_data_transmit)
    i.usart_debug_init                       0x08000de8   Section        0  usart.o(i.usart_debug_init)
    i.usart_deinit                           0x08000e74   Section        0  gd32f4xx_usart.o(i.usart_deinit)
    i.usart_enable                           0x08000f50   Section        0  gd32f4xx_usart.o(i.usart_enable)
    i.usart_flag_get                         0x08000f5a   Section        0  gd32f4xx_usart.o(i.usart_flag_get)
    i.usart_hardware_flow_coherence_config   0x08000f7a   Section        0  gd32f4xx_usart.o(i.usart_hardware_flow_coherence_config)
    i.usart_parity_config                    0x08000f92   Section        0  gd32f4xx_usart.o(i.usart_parity_config)
    i.usart_receive_config                   0x08000fa2   Section        0  gd32f4xx_usart.o(i.usart_receive_config)
    i.usart_stop_bit_set                     0x08000fb2   Section        0  gd32f4xx_usart.o(i.usart_stop_bit_set)
    i.usart_transmit_config                  0x08000fc2   Section        0  gd32f4xx_usart.o(i.usart_transmit_config)
    i.usart_word_length_set                  0x08000fd2   Section        0  gd32f4xx_usart.o(i.usart_word_length_set)
    .data                                    0x20000000   Section        4  systick.o(.data)
    delay                                    0x20000000   Data           4  systick.o(.data)
    .data                                    0x20000004   Section        4  system_gd32f4xx.o(.data)
    .data                                    0x20000008   Section        4  stdout.o(.data)
    STACK                                    0x20000010   Section     1024  startup_gd32f450_470.o(STACK)

    Global Symbols

    Symbol Name                              Value     Ov Type        Size  Object(Section)

    BuildAttributes$$THM_ISAv4$E$P$D$K$B$S$7EM$VFPi3$EXTD16$VFPS$VFMA$PE$A:L22UL41UL21$X:L11$S22US41US21$IEEE1$IW$USESV6$~STKCKD$USESV7$~SHL$OSPACE$ROPI$EBA8$MICROLIB$REQ8$PRES8$EABIv2 0x00000000   Number         0  anon$$obj.o ABSOLUTE
    __ARM_use_no_argv                        0x00000000   Number         0  main.o ABSOLUTE
    _printf_a                                0x00000000   Number         0  stubs.o ABSOLUTE
    _printf_c                                0x00000000   Number         0  stubs.o ABSOLUTE
    _printf_charcount                        0x00000000   Number         0  stubs.o ABSOLUTE
    _printf_d                                0x00000000   Number         0  stubs.o ABSOLUTE
    _printf_e                                0x00000000   Number         0  stubs.o ABSOLUTE
    _printf_f                                0x00000000   Number         0  stubs.o ABSOLUTE
    _printf_flags                            0x00000000   Number         0  stubs.o ABSOLUTE
    _printf_fp_dec                           0x00000000   Number         0  stubs.o ABSOLUTE
    _printf_fp_hex                           0x00000000   Number         0  stubs.o ABSOLUTE
    _printf_g                                0x00000000   Number         0  stubs.o ABSOLUTE
    _printf_i                                0x00000000   Number         0  stubs.o ABSOLUTE
    _printf_int_dec                          0x00000000   Number         0  stubs.o ABSOLUTE
    _printf_l                                0x00000000   Number         0  stubs.o ABSOLUTE
    _printf_lc                               0x00000000   Number         0  stubs.o ABSOLUTE
    _printf_ll                               0x00000000   Number         0  stubs.o ABSOLUTE
    _printf_lld                              0x00000000   Number         0  stubs.o ABSOLUTE
    _printf_lli                              0x00000000   Number         0  stubs.o ABSOLUTE
    _printf_llo                              0x00000000   Number         0  stubs.o ABSOLUTE
    _printf_llu                              0x00000000   Number         0  stubs.o ABSOLUTE
    _printf_llx                              0x00000000   Number         0  stubs.o ABSOLUTE
    _printf_longlong_dec                     0x00000000   Number         0  stubs.o ABSOLUTE
    _printf_longlong_hex                     0x00000000   Number         0  stubs.o ABSOLUTE
    _printf_longlong_oct                     0x00000000   Number         0  stubs.o ABSOLUTE
    _printf_ls                               0x00000000   Number         0  stubs.o ABSOLUTE
    _printf_mbtowc                           0x00000000   Number         0  stubs.o ABSOLUTE
    _printf_n                                0x00000000   Number         0  stubs.o ABSOLUTE
    _printf_o                                0x00000000   Number         0  stubs.o ABSOLUTE
    _printf_p                                0x00000000   Number         0  stubs.o ABSOLUTE
    _printf_percent                          0x00000000   Number         0  stubs.o ABSOLUTE
    _printf_pre_padding                      0x00000000   Number         0  stubs.o ABSOLUTE
    _printf_return_value                     0x00000000   Number         0  stubs.o ABSOLUTE
    _printf_s                                0x00000000   Number         0  stubs.o ABSOLUTE
    _printf_sizespec                         0x00000000   Number         0  stubs.o ABSOLUTE
    _printf_str                              0x00000000   Number         0  stubs.o ABSOLUTE
    _printf_truncate_signed                  0x00000000   Number         0  stubs.o ABSOLUTE
    _printf_truncate_unsigned                0x00000000   Number         0  stubs.o ABSOLUTE
    _printf_u                                0x00000000   Number         0  stubs.o ABSOLUTE
    _printf_wc                               0x00000000   Number         0  stubs.o ABSOLUTE
    _printf_wctomb                           0x00000000   Number         0  stubs.o ABSOLUTE
    _printf_widthprec                        0x00000000   Number         0  stubs.o ABSOLUTE
    _printf_x                                0x00000000   Number         0  stubs.o ABSOLUTE
    __arm_fini_                               - Undefined Weak Reference
    __cpp_initialize__aeabi_                  - Undefined Weak Reference
    __cxa_finalize                            - Undefined Weak Reference
    __decompress                              - Undefined Weak Reference
    _clock_init                               - Undefined Weak Reference
    _microlib_exit                            - Undefined Weak Reference
    __Vectors_Size                           0x000001ac   Number         0  startup_gd32f450_470.o ABSOLUTE
    __Vectors                                0x08000000   Data           4  startup_gd32f450_470.o(RESET)
    __Vectors_End                            0x080001ac   Data           0  startup_gd32f450_470.o(RESET)
    __main                                   0x080001ad   Thumb Code     0  entry.o(.ARM.Collect$$$$00000000)
    _main_stk                                0x080001ad   Thumb Code     0  entry2.o(.ARM.Collect$$$$00000001)
    _main_scatterload                        0x080001b1   Thumb Code     0  entry5.o(.ARM.Collect$$$$00000004)
    __main_after_scatterload                 0x080001b5   Thumb Code     0  entry5.o(.ARM.Collect$$$$00000004)
    _main_clock                              0x080001b5   Thumb Code     0  entry7b.o(.ARM.Collect$$$$00000008)
    _main_cpp_init                           0x080001b5   Thumb Code     0  entry8b.o(.ARM.Collect$$$$0000000A)
    _main_init                               0x080001b5   Thumb Code     0  entry9a.o(.ARM.Collect$$$$0000000B)
    __rt_lib_shutdown_fini                   0x080001bd   Thumb Code     0  entry12b.o(.ARM.Collect$$$$0000000E)
    __rt_final_cpp                           0x080001c1   Thumb Code     0  entry10a.o(.ARM.Collect$$$$0000000F)
    __rt_final_exit                          0x080001c1   Thumb Code     0  entry11a.o(.ARM.Collect$$$$00000011)
    Reset_Handler                            0x080001c5   Thumb Code     8  startup_gd32f450_470.o(.text)
    ADC_IRQHandler                           0x080001df   Thumb Code     0  startup_gd32f450_470.o(.text)
    CAN0_EWMC_IRQHandler                     0x080001df   Thumb Code     0  startup_gd32f450_470.o(.text)
    CAN0_RX0_IRQHandler                      0x080001df   Thumb Code     0  startup_gd32f450_470.o(.text)
    CAN0_RX1_IRQHandler                      0x080001df   Thumb Code     0  startup_gd32f450_470.o(.text)
    CAN0_TX_IRQHandler                       0x080001df   Thumb Code     0  startup_gd32f450_470.o(.text)
    CAN1_EWMC_IRQHandler                     0x080001df   Thumb Code     0  startup_gd32f450_470.o(.text)
    CAN1_RX0_IRQHandler                      0x080001df   Thumb Code     0  startup_gd32f450_470.o(.text)
    CAN1_RX1_IRQHandler                      0x080001df   Thumb Code     0  startup_gd32f450_470.o(.text)
    CAN1_TX_IRQHandler                       0x080001df   Thumb Code     0  startup_gd32f450_470.o(.text)
    DCI_IRQHandler                           0x080001df   Thumb Code     0  startup_gd32f450_470.o(.text)
    DMA0_Channel0_IRQHandler                 0x080001df   Thumb Code     0  startup_gd32f450_470.o(.text)
    DMA0_Channel1_IRQHandler                 0x080001df   Thumb Code     0  startup_gd32f450_470.o(.text)
    DMA0_Channel2_IRQHandler                 0x080001df   Thumb Code     0  startup_gd32f450_470.o(.text)
    DMA0_Channel3_IRQHandler                 0x080001df   Thumb Code     0  startup_gd32f450_470.o(.text)
    DMA0_Channel4_IRQHandler                 0x080001df   Thumb Code     0  startup_gd32f450_470.o(.text)
    DMA0_Channel5_IRQHandler                 0x080001df   Thumb Code     0  startup_gd32f450_470.o(.text)
    DMA0_Channel6_IRQHandler                 0x080001df   Thumb Code     0  startup_gd32f450_470.o(.text)
    DMA0_Channel7_IRQHandler                 0x080001df   Thumb Code     0  startup_gd32f450_470.o(.text)
    DMA1_Channel0_IRQHandler                 0x080001df   Thumb Code     0  startup_gd32f450_470.o(.text)
    DMA1_Channel1_IRQHandler                 0x080001df   Thumb Code     0  startup_gd32f450_470.o(.text)
    DMA1_Channel2_IRQHandler                 0x080001df   Thumb Code     0  startup_gd32f450_470.o(.text)
    DMA1_Channel3_IRQHandler                 0x080001df   Thumb Code     0  startup_gd32f450_470.o(.text)
    DMA1_Channel4_IRQHandler                 0x080001df   Thumb Code     0  startup_gd32f450_470.o(.text)
    DMA1_Channel5_IRQHandler                 0x080001df   Thumb Code     0  startup_gd32f450_470.o(.text)
    DMA1_Channel6_IRQHandler                 0x080001df   Thumb Code     0  startup_gd32f450_470.o(.text)
    DMA1_Channel7_IRQHandler                 0x080001df   Thumb Code     0  startup_gd32f450_470.o(.text)
    ENET_IRQHandler                          0x080001df   Thumb Code     0  startup_gd32f450_470.o(.text)
    ENET_WKUP_IRQHandler                     0x080001df   Thumb Code     0  startup_gd32f450_470.o(.text)
    EXMC_IRQHandler                          0x080001df   Thumb Code     0  startup_gd32f450_470.o(.text)
    EXTI0_IRQHandler                         0x080001df   Thumb Code     0  startup_gd32f450_470.o(.text)
    EXTI10_15_IRQHandler                     0x080001df   Thumb Code     0  startup_gd32f450_470.o(.text)
    EXTI1_IRQHandler                         0x080001df   Thumb Code     0  startup_gd32f450_470.o(.text)
    EXTI2_IRQHandler                         0x080001df   Thumb Code     0  startup_gd32f450_470.o(.text)
    EXTI3_IRQHandler                         0x080001df   Thumb Code     0  startup_gd32f450_470.o(.text)
    EXTI4_IRQHandler                         0x080001df   Thumb Code     0  startup_gd32f450_470.o(.text)
    EXTI5_9_IRQHandler                       0x080001df   Thumb Code     0  startup_gd32f450_470.o(.text)
    FMC_IRQHandler                           0x080001df   Thumb Code     0  startup_gd32f450_470.o(.text)
    FPU_IRQHandler                           0x080001df   Thumb Code     0  startup_gd32f450_470.o(.text)
    I2C0_ER_IRQHandler                       0x080001df   Thumb Code     0  startup_gd32f450_470.o(.text)
    I2C0_EV_IRQHandler                       0x080001df   Thumb Code     0  startup_gd32f450_470.o(.text)
    I2C1_ER_IRQHandler                       0x080001df   Thumb Code     0  startup_gd32f450_470.o(.text)
    I2C1_EV_IRQHandler                       0x080001df   Thumb Code     0  startup_gd32f450_470.o(.text)
    I2C2_ER_IRQHandler                       0x080001df   Thumb Code     0  startup_gd32f450_470.o(.text)
    I2C2_EV_IRQHandler                       0x080001df   Thumb Code     0  startup_gd32f450_470.o(.text)
    IPA_IRQHandler                           0x080001df   Thumb Code     0  startup_gd32f450_470.o(.text)
    LVD_IRQHandler                           0x080001df   Thumb Code     0  startup_gd32f450_470.o(.text)
    RCU_CTC_IRQHandler                       0x080001df   Thumb Code     0  startup_gd32f450_470.o(.text)
    RTC_Alarm_IRQHandler                     0x080001df   Thumb Code     0  startup_gd32f450_470.o(.text)
    RTC_WKUP_IRQHandler                      0x080001df   Thumb Code     0  startup_gd32f450_470.o(.text)
    SDIO_IRQHandler                          0x080001df   Thumb Code     0  startup_gd32f450_470.o(.text)
    SPI0_IRQHandler                          0x080001df   Thumb Code     0  startup_gd32f450_470.o(.text)
    SPI1_IRQHandler                          0x080001df   Thumb Code     0  startup_gd32f450_470.o(.text)
    SPI2_IRQHandler                          0x080001df   Thumb Code     0  startup_gd32f450_470.o(.text)
    SPI3_IRQHandler                          0x080001df   Thumb Code     0  startup_gd32f450_470.o(.text)
    SPI4_IRQHandler                          0x080001df   Thumb Code     0  startup_gd32f450_470.o(.text)
    SPI5_IRQHandler                          0x080001df   Thumb Code     0  startup_gd32f450_470.o(.text)
    TAMPER_STAMP_IRQHandler                  0x080001df   Thumb Code     0  startup_gd32f450_470.o(.text)
    TIMER0_BRK_TIMER8_IRQHandler             0x080001df   Thumb Code     0  startup_gd32f450_470.o(.text)
    TIMER0_Channel_IRQHandler                0x080001df   Thumb Code     0  startup_gd32f450_470.o(.text)
    TIMER0_TRG_CMT_TIMER10_IRQHandler        0x080001df   Thumb Code     0  startup_gd32f450_470.o(.text)
    TIMER0_UP_TIMER9_IRQHandler              0x080001df   Thumb Code     0  startup_gd32f450_470.o(.text)
    TIMER1_IRQHandler                        0x080001df   Thumb Code     0  startup_gd32f450_470.o(.text)
    TIMER2_IRQHandler                        0x080001df   Thumb Code     0  startup_gd32f450_470.o(.text)
    TIMER3_IRQHandler                        0x080001df   Thumb Code     0  startup_gd32f450_470.o(.text)
    TIMER4_IRQHandler                        0x080001df   Thumb Code     0  startup_gd32f450_470.o(.text)
    TIMER5_DAC_IRQHandler                    0x080001df   Thumb Code     0  startup_gd32f450_470.o(.text)
    TIMER6_IRQHandler                        0x080001df   Thumb Code     0  startup_gd32f450_470.o(.text)
    TIMER7_BRK_TIMER11_IRQHandler            0x080001df   Thumb Code     0  startup_gd32f450_470.o(.text)
    TIMER7_Channel_IRQHandler                0x080001df   Thumb Code     0  startup_gd32f450_470.o(.text)
    TIMER7_TRG_CMT_TIMER13_IRQHandler        0x080001df   Thumb Code     0  startup_gd32f450_470.o(.text)
    TIMER7_UP_TIMER12_IRQHandler             0x080001df   Thumb Code     0  startup_gd32f450_470.o(.text)
    TLI_ER_IRQHandler                        0x080001df   Thumb Code     0  startup_gd32f450_470.o(.text)
    TLI_IRQHandler                           0x080001df   Thumb Code     0  startup_gd32f450_470.o(.text)
    TRNG_IRQHandler                          0x080001df   Thumb Code     0  startup_gd32f450_470.o(.text)
    UART3_IRQHandler                         0x080001df   Thumb Code     0  startup_gd32f450_470.o(.text)
    UART4_IRQHandler                         0x080001df   Thumb Code     0  startup_gd32f450_470.o(.text)
    UART6_IRQHandler                         0x080001df   Thumb Code     0  startup_gd32f450_470.o(.text)
    UART7_IRQHandler                         0x080001df   Thumb Code     0  startup_gd32f450_470.o(.text)
    USART0_IRQHandler                        0x080001df   Thumb Code     0  startup_gd32f450_470.o(.text)
    USART1_IRQHandler                        0x080001df   Thumb Code     0  startup_gd32f450_470.o(.text)
    USART2_IRQHandler                        0x080001df   Thumb Code     0  startup_gd32f450_470.o(.text)
    USART5_IRQHandler                        0x080001df   Thumb Code     0  startup_gd32f450_470.o(.text)
    USBFS_IRQHandler                         0x080001df   Thumb Code     0  startup_gd32f450_470.o(.text)
    USBFS_WKUP_IRQHandler                    0x080001df   Thumb Code     0  startup_gd32f450_470.o(.text)
    USBHS_EP1_In_IRQHandler                  0x080001df   Thumb Code     0  startup_gd32f450_470.o(.text)
    USBHS_EP1_Out_IRQHandler                 0x080001df   Thumb Code     0  startup_gd32f450_470.o(.text)
    USBHS_IRQHandler                         0x080001df   Thumb Code     0  startup_gd32f450_470.o(.text)
    USBHS_WKUP_IRQHandler                    0x080001df   Thumb Code     0  startup_gd32f450_470.o(.text)
    WWDGT_IRQHandler                         0x080001df   Thumb Code     0  startup_gd32f450_470.o(.text)
    __aeabi_uidiv                            0x080001e9   Thumb Code     0  uidiv.o(.text)
    __aeabi_uidivmod                         0x080001e9   Thumb Code    44  uidiv.o(.text)
    __scatterload                            0x08000215   Thumb Code    28  init.o(.text)
    __scatterload_rt2                        0x08000215   Thumb Code     0  init.o(.text)
    BusFault_Handler                         0x08000239   Thumb Code     4  gd32f4xx_it.o(i.BusFault_Handler)
    DebugMon_Handler                         0x0800023d   Thumb Code     4  gd32f4xx_it.o(i.DebugMon_Handler)
    HardFault_Handler                        0x08000241   Thumb Code     4  gd32f4xx_it.o(i.HardFault_Handler)
    MemManage_Handler                        0x08000245   Thumb Code     4  gd32f4xx_it.o(i.MemManage_Handler)
    NMI_Handler                              0x08000249   Thumb Code     4  gd32f4xx_it.o(i.NMI_Handler)
    PendSV_Handler                           0x08000275   Thumb Code     4  gd32f4xx_it.o(i.PendSV_Handler)
    SVC_Handler                              0x08000279   Thumb Code     4  gd32f4xx_it.o(i.SVC_Handler)
    SysTick_Handler                          0x0800027d   Thumb Code     8  gd32f4xx_it.o(i.SysTick_Handler)
    SystemInit                               0x08000285   Thumb Code   374  system_gd32f4xx.o(i.SystemInit)
    UsageFault_Handler                       0x0800040d   Thumb Code     4  gd32f4xx_it.o(i.UsageFault_Handler)
    __0printf$1                              0x08000411   Thumb Code    22  printf1.o(i.__0printf$1)
    __1printf$1                              0x08000411   Thumb Code     0  printf1.o(i.__0printf$1)
    __2printf                                0x08000411   Thumb Code     0  printf1.o(i.__0printf$1)
    __scatterload_copy                       0x08000431   Thumb Code    14  handlers.o(i.__scatterload_copy)
    __scatterload_null                       0x0800043f   Thumb Code     2  handlers.o(i.__scatterload_null)
    __scatterload_zeroinit                   0x08000441   Thumb Code    14  handlers.o(i.__scatterload_zeroinit)
    bsp_dac_init                             0x080005c1   Thumb Code   106  bsp_dac.o(i.bsp_dac_init)
    bsp_dac_set_voltage                      0x08000635   Thumb Code   154  bsp_dac.o(i.bsp_dac_set_voltage)
    dac_data_set                             0x08000719   Thumb Code    64  gd32f4xx_dac.o(i.dac_data_set)
    dac_deinit                               0x08000759   Thumb Code    34  gd32f4xx_dac.o(i.dac_deinit)
    dac_enable                               0x08000781   Thumb Code    26  gd32f4xx_dac.o(i.dac_enable)
    dac_output_buffer_enable                 0x0800079b   Thumb Code    26  gd32f4xx_dac.o(i.dac_output_buffer_enable)
    dac_trigger_disable                      0x080007b5   Thumb Code    26  gd32f4xx_dac.o(i.dac_trigger_disable)
    dac_wave_mode_config                     0x080007cf   Thumb Code    40  gd32f4xx_dac.o(i.dac_wave_mode_config)
    delay_1ms                                0x080007f9   Thumb Code    16  systick.o(i.delay_1ms)
    delay_decrement                          0x0800080d   Thumb Code    18  systick.o(i.delay_decrement)
    fputc                                    0x08000825   Thumb Code    32  usart.o(i.fputc)
    gpio_af_set                              0x08000849   Thumb Code    94  gd32f4xx_gpio.o(i.gpio_af_set)
    gpio_bit_reset                           0x080008a7   Thumb Code     4  gd32f4xx_gpio.o(i.gpio_bit_reset)
    gpio_bit_set                             0x080008ab   Thumb Code     4  gd32f4xx_gpio.o(i.gpio_bit_set)
    gpio_mode_set                            0x080008af   Thumb Code    78  gd32f4xx_gpio.o(i.gpio_mode_set)
    gpio_output_options_set                  0x080008fd   Thumb Code    66  gd32f4xx_gpio.o(i.gpio_output_options_set)
    main                                     0x08000941   Thumb Code   110  main.o(i.main)
    nvic_vector_table_set                    0x080009e9   Thumb Code    16  gd32f4xx_misc.o(i.nvic_vector_table_set)
    rcu_clock_freq_get                       0x08000a01   Thumb Code   264  gd32f4xx_rcu.o(i.rcu_clock_freq_get)
    rcu_periph_clock_enable                  0x08000b25   Thumb Code    32  gd32f4xx_rcu.o(i.rcu_periph_clock_enable)
    rcu_periph_reset_disable                 0x08000b49   Thumb Code    32  gd32f4xx_rcu.o(i.rcu_periph_reset_disable)
    rcu_periph_reset_enable                  0x08000b6d   Thumb Code    32  gd32f4xx_rcu.o(i.rcu_periph_reset_enable)
    systick_config                           0x08000ca9   Thumb Code    74  systick.o(i.systick_config)
    usart_baudrate_set                       0x08000cf9   Thumb Code   224  gd32f4xx_usart.o(i.usart_baudrate_set)
    usart_data_transmit                      0x08000de1   Thumb Code     8  gd32f4xx_usart.o(i.usart_data_transmit)
    usart_debug_init                         0x08000de9   Thumb Code   130  usart.o(i.usart_debug_init)
    usart_deinit                             0x08000e75   Thumb Code   210  gd32f4xx_usart.o(i.usart_deinit)
    usart_enable                             0x08000f51   Thumb Code    10  gd32f4xx_usart.o(i.usart_enable)
    usart_flag_get                           0x08000f5b   Thumb Code    32  gd32f4xx_usart.o(i.usart_flag_get)
    usart_hardware_flow_coherence_config     0x08000f7b   Thumb Code    24  gd32f4xx_usart.o(i.usart_hardware_flow_coherence_config)
    usart_parity_config                      0x08000f93   Thumb Code    16  gd32f4xx_usart.o(i.usart_parity_config)
    usart_receive_config                     0x08000fa3   Thumb Code    16  gd32f4xx_usart.o(i.usart_receive_config)
    usart_stop_bit_set                       0x08000fb3   Thumb Code    16  gd32f4xx_usart.o(i.usart_stop_bit_set)
    usart_transmit_config                    0x08000fc3   Thumb Code    16  gd32f4xx_usart.o(i.usart_transmit_config)
    usart_word_length_set                    0x08000fd3   Thumb Code    16  gd32f4xx_usart.o(i.usart_word_length_set)
    Region$$Table$$Base                      0x08000fe4   Number         0  anon$$obj.o(Region$$Table)
    Region$$Table$$Limit                     0x08001004   Number         0  anon$$obj.o(Region$$Table)
    SystemCoreClock                          0x20000004   Data           4  system_gd32f4xx.o(.data)
    __stdout                                 0x20000008   Data           4  stdout.o(.data)
    __initial_sp                             0x20000410   Data           0  startup_gd32f450_470.o(STACK)



==============================================================================

Memory Map of the image

  Image Entry point : 0x080001c5

  Load Region LR_1 (Base: 0x08000000, Size: 0x00001010, Max: 0xffffffff, ABSOLUTE)

    Execution Region ER_RO (Exec base: 0x08000000, Load base: 0x08000000, Size: 0x00001004, Max: 0xffffffff, ABSOLUTE)

    Exec Addr    Load Addr    Size         Type   Attr      Idx    E Section Name        Object

    0x08000000   0x08000000   0x000001ac   Data   RO         1310    RESET               startup_gd32f450_470.o
    0x080001ac   0x080001ac   0x00000000   Code   RO         1368  * .ARM.Collect$$$$00000000  mc_w.l(entry.o)
    0x080001ac   0x080001ac   0x00000004   Code   RO         1632    .ARM.Collect$$$$00000001  mc_w.l(entry2.o)
    0x080001b0   0x080001b0   0x00000004   Code   RO         1635    .ARM.Collect$$$$00000004  mc_w.l(entry5.o)
    0x080001b4   0x080001b4   0x00000000   Code   RO         1637    .ARM.Collect$$$$00000008  mc_w.l(entry7b.o)
    0x080001b4   0x080001b4   0x00000000   Code   RO         1639    .ARM.Collect$$$$0000000A  mc_w.l(entry8b.o)
    0x080001b4   0x080001b4   0x00000008   Code   RO         1640    .ARM.Collect$$$$0000000B  mc_w.l(entry9a.o)
    0x080001bc   0x080001bc   0x00000004   Code   RO         1647    .ARM.Collect$$$$0000000E  mc_w.l(entry12b.o)
    0x080001c0   0x080001c0   0x00000000   Code   RO         1642    .ARM.Collect$$$$0000000F  mc_w.l(entry10a.o)
    0x080001c0   0x080001c0   0x00000000   Code   RO         1644    .ARM.Collect$$$$00000011  mc_w.l(entry11a.o)
    0x080001c0   0x080001c0   0x00000004   Code   RO         1633    .ARM.Collect$$$$00002712  mc_w.l(entry2.o)
    0x080001c4   0x080001c4   0x00000024   Code   RO         1311  * .text               startup_gd32f450_470.o
    0x080001e8   0x080001e8   0x0000002c   Code   RO         1649    .text               mc_w.l(uidiv.o)
    0x08000214   0x08000214   0x00000024   Code   RO         1664    .text               mc_w.l(init.o)
    0x08000238   0x08000238   0x00000004   Code   RO            3    i.BusFault_Handler  gd32f4xx_it.o
    0x0800023c   0x0800023c   0x00000004   Code   RO            4    i.DebugMon_Handler  gd32f4xx_it.o
    0x08000240   0x08000240   0x00000004   Code   RO            5    i.HardFault_Handler  gd32f4xx_it.o
    0x08000244   0x08000244   0x00000004   Code   RO            6    i.MemManage_Handler  gd32f4xx_it.o
    0x08000248   0x08000248   0x00000004   Code   RO            7    i.NMI_Handler       gd32f4xx_it.o
    0x0800024c   0x0800024c   0x00000028   Code   RO          229    i.NVIC_SetPriority  systick.o
    0x08000274   0x08000274   0x00000004   Code   RO            8    i.PendSV_Handler    gd32f4xx_it.o
    0x08000278   0x08000278   0x00000004   Code   RO            9    i.SVC_Handler       gd32f4xx_it.o
    0x0800027c   0x0800027c   0x00000008   Code   RO           10    i.SysTick_Handler   gd32f4xx_it.o
    0x08000284   0x08000284   0x00000188   Code   RO         1318    i.SystemInit        system_gd32f4xx.o
    0x0800040c   0x0800040c   0x00000004   Code   RO           11    i.UsageFault_Handler  gd32f4xx_it.o
    0x08000410   0x08000410   0x00000020   Code   RO         1416    i.__0printf$1       mc_w.l(printf1.o)
    0x08000430   0x08000430   0x0000000e   Code   RO         1676    i.__scatterload_copy  mc_w.l(handlers.o)
    0x0800043e   0x0800043e   0x00000002   Code   RO         1677    i.__scatterload_null  mc_w.l(handlers.o)
    0x08000440   0x08000440   0x0000000e   Code   RO         1678    i.__scatterload_zeroinit  mc_w.l(handlers.o)
    0x0800044e   0x0800044e   0x00000002   PAD
    0x08000450   0x08000450   0x00000154   Code   RO         1423    i._printf_core      mc_w.l(printf1.o)
    0x080005a4   0x080005a4   0x0000001c   Code   RO         1319    i._soft_delay_      system_gd32f4xx.o
    0x080005c0   0x080005c0   0x00000074   Code   RO          298    i.bsp_dac_init      bsp_dac.o
    0x08000634   0x08000634   0x000000e4   Code   RO          299    i.bsp_dac_set_voltage  bsp_dac.o
    0x08000718   0x08000718   0x00000040   Code   RO         1134    i.dac_data_set      gd32f4xx_dac.o
    0x08000758   0x08000758   0x00000028   Code   RO         1135    i.dac_deinit        gd32f4xx_dac.o
    0x08000780   0x08000780   0x0000001a   Code   RO         1139    i.dac_enable        gd32f4xx_dac.o
    0x0800079a   0x0800079a   0x0000001a   Code   RO         1148    i.dac_output_buffer_enable  gd32f4xx_dac.o
    0x080007b4   0x080007b4   0x0000001a   Code   RO         1152    i.dac_trigger_disable  gd32f4xx_dac.o
    0x080007ce   0x080007ce   0x00000028   Code   RO         1155    i.dac_wave_mode_config  gd32f4xx_dac.o
    0x080007f6   0x080007f6   0x00000002   PAD
    0x080007f8   0x080007f8   0x00000014   Code   RO          230    i.delay_1ms         systick.o
    0x0800080c   0x0800080c   0x00000018   Code   RO          231    i.delay_decrement   systick.o
    0x08000824   0x08000824   0x00000024   Code   RO          272    i.fputc             usart.o
    0x08000848   0x08000848   0x0000005e   Code   RO          324    i.gpio_af_set       gd32f4xx_gpio.o
    0x080008a6   0x080008a6   0x00000004   Code   RO          325    i.gpio_bit_reset    gd32f4xx_gpio.o
    0x080008aa   0x080008aa   0x00000004   Code   RO          326    i.gpio_bit_set      gd32f4xx_gpio.o
    0x080008ae   0x080008ae   0x0000004e   Code   RO          332    i.gpio_mode_set     gd32f4xx_gpio.o
    0x080008fc   0x080008fc   0x00000042   Code   RO          334    i.gpio_output_options_set  gd32f4xx_gpio.o
    0x0800093e   0x0800093e   0x00000002   PAD
    0x08000940   0x08000940   0x000000a8   Code   RO          199    i.main              main.o
    0x080009e8   0x080009e8   0x00000018   Code   RO          727    i.nvic_vector_table_set  gd32f4xx_misc.o
    0x08000a00   0x08000a00   0x00000124   Code   RO          437    i.rcu_clock_freq_get  gd32f4xx_rcu.o
    0x08000b24   0x08000b24   0x00000024   Code   RO          456    i.rcu_periph_clock_enable  gd32f4xx_rcu.o
    0x08000b48   0x08000b48   0x00000024   Code   RO          459    i.rcu_periph_reset_disable  gd32f4xx_rcu.o
    0x08000b6c   0x08000b6c   0x00000024   Code   RO          460    i.rcu_periph_reset_enable  gd32f4xx_rcu.o
    0x08000b90   0x08000b90   0x00000110   Code   RO         1321    i.system_clock_200m_25m_hxtal  system_gd32f4xx.o
    0x08000ca0   0x08000ca0   0x00000008   Code   RO         1322    i.system_clock_config  system_gd32f4xx.o
    0x08000ca8   0x08000ca8   0x00000050   Code   RO          232    i.systick_config    systick.o
    0x08000cf8   0x08000cf8   0x000000e8   Code   RO          785    i.usart_baudrate_set  gd32f4xx_usart.o
    0x08000de0   0x08000de0   0x00000008   Code   RO          790    i.usart_data_transmit  gd32f4xx_usart.o
    0x08000de8   0x08000de8   0x0000008c   Code   RO          273    i.usart_debug_init  usart.o
    0x08000e74   0x08000e74   0x000000dc   Code   RO          791    i.usart_deinit      gd32f4xx_usart.o
    0x08000f50   0x08000f50   0x0000000a   Code   RO          795    i.usart_enable      gd32f4xx_usart.o
    0x08000f5a   0x08000f5a   0x00000020   Code   RO          797    i.usart_flag_get    gd32f4xx_usart.o
    0x08000f7a   0x08000f7a   0x00000018   Code   RO          801    i.usart_hardware_flow_coherence_config  gd32f4xx_usart.o
    0x08000f92   0x08000f92   0x00000010   Code   RO          820    i.usart_parity_config  gd32f4xx_usart.o
    0x08000fa2   0x08000fa2   0x00000010   Code   RO          822    i.usart_receive_config  gd32f4xx_usart.o
    0x08000fb2   0x08000fb2   0x00000010   Code   RO          833    i.usart_stop_bit_set  gd32f4xx_usart.o
    0x08000fc2   0x08000fc2   0x00000010   Code   RO          837    i.usart_transmit_config  gd32f4xx_usart.o
    0x08000fd2   0x08000fd2   0x00000010   Code   RO          838    i.usart_word_length_set  gd32f4xx_usart.o
    0x08000fe2   0x08000fe2   0x00000002   PAD
    0x08000fe4   0x08000fe4   0x00000020   Data   RO         1674    Region$$Table       anon$$obj.o


    Execution Region ER_RW (Exec base: 0x20000000, Load base: 0x08001004, Size: 0x0000000c, Max: 0xffffffff, ABSOLUTE)

    Exec Addr    Load Addr    Size         Type   Attr      Idx    E Section Name        Object

    0x20000000   0x08001004   0x00000004   Data   RW          233    .data               systick.o
    0x20000004   0x08001008   0x00000004   Data   RW         1323    .data               system_gd32f4xx.o
    0x20000008   0x0800100c   0x00000004   Data   RW         1648    .data               mc_w.l(stdout.o)


    Execution Region ER_ZI (Exec base: 0x2000000c, Load base: 0x08001010, Size: 0x00000404, Max: 0xffffffff, ABSOLUTE)

    Exec Addr    Load Addr    Size         Type   Attr      Idx    E Section Name        Object

    0x2000000c   0x08001010   0x00000004   PAD
    0x20000010        -       0x00000400   Zero   RW         1308    STACK               startup_gd32f450_470.o


==============================================================================

Image component sizes


      Code (inc. data)   RO Data    RW Data    ZI Data      Debug   Object Name

       344         84          0          0          0       1301   bsp_dac.o
       222          6          0          0          0       3989   gd32f4xx_dac.o
       246          0          0          0          0       3752   gd32f4xx_gpio.o
        40          0          0          0          0      45422   gd32f4xx_it.o
        24          8          0          0          0        644   gd32f4xx_misc.o
       400         40          0          0          0       3628   gd32f4xx_rcu.o
       606         18          0          0          0       7535   gd32f4xx_usart.o
       168         58          0          0          0       1751   main.o
        36          8        428          0       1024        896   startup_gd32f450_470.o
       700         32          0          4          0       4051   system_gd32f4xx.o
       164         24          0          4          0      28950   systick.o
       176         14          0          0          0       1167   usart.o

    ----------------------------------------------------------------------
      3132        292        460          8       1024     103086   Object Totals
         0          0         32          0          0          0   (incl. Generated)
         6          0          0          0          0          0   (incl. Padding)

    ----------------------------------------------------------------------

      Code (inc. data)   RO Data    RW Data    ZI Data      Debug   Library Member Name

         0          0          0          0          0          0   entry.o
         0          0          0          0          0          0   entry10a.o
         0          0          0          0          0          0   entry11a.o
         4          0          0          0          0          0   entry12b.o
         8          4          0          0          0          0   entry2.o
         4          0          0          0          0          0   entry5.o
         0          0          0          0          0          0   entry7b.o
         0          0          0          0          0          0   entry8b.o
         8          4          0          0          0          0   entry9a.o
        30          0          0          0          0          0   handlers.o
        36          8          0          0          0         68   init.o
       372         14          0          0          0        184   printf1.o
         0          0          0          4          0          0   stdout.o
        44          0          0          0          0         80   uidiv.o

    ----------------------------------------------------------------------
       508         30          0          4          4        332   Library Totals
         2          0          0          0          4          0   (incl. Padding)

    ----------------------------------------------------------------------

      Code (inc. data)   RO Data    RW Data    ZI Data      Debug   Library Name

       506         30          0          4          0        332   mc_w.l

    ----------------------------------------------------------------------
       508         30          0          4          4        332   Library Totals

    ----------------------------------------------------------------------

==============================================================================


      Code (inc. data)   RO Data    RW Data    ZI Data      Debug   

      3640        322        460         12       1028      99170   Grand Totals
      3640        322        460         12       1028      99170   ELF Image Totals
      3640        322        460         12          0          0   ROM Totals

==============================================================================

    Total RO  Size (Code + RO Data)                 4100 (   4.00kB)
    Total RW  Size (RW Data + ZI Data)              1040 (   1.02kB)
    Total ROM Size (Code + RO Data + RW Data)       4112 (   4.02kB)

==============================================================================

